   Compiling harmonie-runtime v1.0.0-dev (/Users/snow/dev/Allfeat/Allfeat/runtime/harmonie)
error: failed to run custom build command for `harmonie-runtime v1.0.0-dev (/Users/snow/dev/Allfeat/Allfeat/runtime/harmonie)`

Caused by:
  process didn't exit successfully: `/Users/snow/dev/Allfeat/Allfeat/target/debug/build/harmonie-runtime-fd93ad4a16a52a8f/build-script-build` (exit status: 1)
  --- stdout
  Information that should be included in a bug report.
  Executing build command: env -u CARGO_ENCODED_RUSTFLAGS -u RUSTC CARGO_TARGET_DIR="/Users/snow/dev/Allfeat/Allfeat/target/debug/wbuild/harmonie-runtime/target" RUSTC_BOOTSTRAP="1" RUSTFLAGS="-C target-cpu=mvp -C target-feature=-sign-ext -C link-arg=--export-table -Clink-arg=--export=__heap_base -C link-arg=--import-memory  --cfg substrate_runtime " SKIP_WASM_BUILD="" "/Users/snow/.rustup/toolchains/1.77.0-aarch64-apple-darwin/bin/cargo" "rustc" "--target=wasm32-unknown-unknown" "--manifest-path=/Users/snow/dev/Allfeat/Allfeat/target/debug/wbuild/harmonie-runtime/Cargo.toml" "--color=always" "--profile" "release" "-Z" "build-std"
  Using rustc version: rustc 1.77.0 (aedd173a2 2024-03-17)


  --- stderr
  warning: unstable feature specified for `-Ctarget-feature`: `sign-ext`
    |
    = note: this feature is not stably supported; its behavior can change in the future

  warning: `pallet-artists-v2` (lib) generated 1 warning
  warning: `allfeat-primitives` (lib) generated 1 warning (1 duplicate)
  warning: `shared-runtime` (lib) generated 1 warning (1 duplicate)
  warning: `pallet-evm-precompile-artists` (lib) generated 1 warning (1 duplicate)
  warning: `pallet-evm-precompile-balances-erc20` (lib) generated 1 warning (1 duplicate)
     Compiling harmonie-runtime v1.0.0-dev (/Users/snow/dev/Allfeat/Allfeat/runtime/harmonie)
  error[E0277]: the trait bound `sp_runtime::generic::Block<sp_runtime::generic::Header<u32, sp_runtime::traits::BlakeTwo256>, fp_self_contained::UncheckedExtrinsic<fp_account::AccountId20, RuntimeCall, fp_account::EthereumSignature, (CheckNonZeroSender<Runtime>, CheckSpecVersion<Runtime>, CheckTxVersion<Runtime>, CheckGenesis<Runtime>, CheckEra<Runtime>, CheckNonce<Runtime>, CheckWeight<Runtime>, ChargeTransactionPayment<Runtime>, CheckMetadataHash<Runtime>)>>: parity_scale_codec::Encode` is not satisfied
      --> /Users/snow/dev/Allfeat/Allfeat/runtime/harmonie/src/lib.rs:84:1
       |
  84   | #[frame_support::runtime]
       | ^^^^^^^^^^^^^^^^^^^^^^^^^ the trait `parity_scale_codec::Encode` is not implemented for `Block<Header<u32, BlakeTwo256>, UncheckedExtrinsic<AccountId20, RuntimeCall, EthereumSignature, ...>>`, which is required by `<Runtime as GetRuntimeBlockType>::RuntimeBlock: BlockT`
       |
       = help: the trait `parity_scale_codec::Encode` is implemented for `sp_runtime::generic::Block<Header, Extrinsic>`
       = note: required for `<Runtime as GetRuntimeBlockType>::RuntimeBlock` to implement `parity_scale_codec::Codec`
       = note: required for `<Runtime as GetRuntimeBlockType>::RuntimeBlock` to implement `BlockT`
  note: required by a bound in `sp_runtime::traits::GetRuntimeBlockType::RuntimeBlock`
      --> /Users/snow/.cargo/git/checkouts/polkadot-sdk-cff69157b985ed76/c4314f7/substrate/primitives/runtime/src/traits.rs:1749:21
       |
  1749 |     type RuntimeBlock: self::Block;
       |                        ^^^^^^^^^^^ required by this bound in `GetRuntimeBlockType::RuntimeBlock`
       = note: this error originates in the attribute macro `frame_support::runtime` (in Nightly builds, run with -Z macro-backtrace for more info)

  error[E0277]: the trait bound `sp_runtime::generic::Block<sp_runtime::generic::Header<u32, sp_runtime::traits::BlakeTwo256>, fp_self_contained::UncheckedExtrinsic<fp_account::AccountId20, RuntimeCall, fp_account::EthereumSignature, (CheckNonZeroSender<Runtime>, CheckSpecVersion<Runtime>, CheckTxVersion<Runtime>, CheckGenesis<Runtime>, CheckEra<Runtime>, CheckNonce<Runtime>, CheckWeight<Runtime>, ChargeTransactionPayment<Runtime>, CheckMetadataHash<Runtime>)>>: parity_scale_codec::Decode` is not satisfied
      --> /Users/snow/dev/Allfeat/Allfeat/runtime/harmonie/src/lib.rs:84:1
       |
  84   | #[frame_support::runtime]
       | ^^^^^^^^^^^^^^^^^^^^^^^^^ the trait `parity_scale_codec::Decode` is not implemented for `Block<Header<u32, BlakeTwo256>, UncheckedExtrinsic<AccountId20, RuntimeCall, EthereumSignature, ...>>`, which is required by `<Runtime as GetRuntimeBlockType>::RuntimeBlock: BlockT`
       |
       = help: the trait `parity_scale_codec::Decode` is implemented for `sp_runtime::generic::Block<Header, Extrinsic>`
       = note: required for `<Runtime as GetRuntimeBlockType>::RuntimeBlock` to implement `parity_scale_codec::Codec`
       = note: required for `<Runtime as GetRuntimeBlockType>::RuntimeBlock` to implement `BlockT`
  note: required by a bound in `sp_runtime::traits::GetRuntimeBlockType::RuntimeBlock`
      --> /Users/snow/.cargo/git/checkouts/polkadot-sdk-cff69157b985ed76/c4314f7/substrate/primitives/runtime/src/traits.rs:1749:21
       |
  1749 |     type RuntimeBlock: self::Block;
       |                        ^^^^^^^^^^^ required by this bound in `GetRuntimeBlockType::RuntimeBlock`
       = note: this error originates in the attribute macro `frame_support::runtime` (in Nightly builds, run with -Z macro-backtrace for more info)

  error[E0277]: the trait bound `fp_self_contained::UncheckedExtrinsic<fp_account::AccountId20, RuntimeCall, fp_account::EthereumSignature, (CheckNonZeroSender<Runtime>, CheckSpecVersion<Runtime>, CheckTxVersion<Runtime>, CheckGenesis<Runtime>, CheckEra<Runtime>, CheckNonce<Runtime>, CheckWeight<Runtime>, ChargeTransactionPayment<Runtime>, CheckMetadataHash<Runtime>)>: parity_scale_codec::Decode` is not satisfied
    --> /Users/snow/dev/Allfeat/Allfeat/runtime/harmonie/src/lib.rs:84:1
     |
  84 | #[frame_support::runtime]
     | ^^^^^^^^^^^^^^^^^^^^^^^^^ the trait `parity_scale_codec::Decode` is not implemented for `UncheckedExtrinsic<AccountId20, RuntimeCall, EthereumSignature, (..., ..., ..., ..., ..., ..., ..., ..., ...)>`, which is required by `sp_runtime::generic::Block<sp_runtime::generic::Header<u32, sp_runtime::traits::BlakeTwo256>, fp_self_contained::UncheckedExtrinsic<fp_account::AccountId20, RuntimeCall, fp_account::EthereumSignature, (CheckNonZeroSender<Runtime>, CheckSpecVersion<Runtime>, CheckTxVersion<Runtime>, CheckGenesis<Runtime>, CheckEra<Runtime>, CheckNonce<Runtime>, CheckWeight<Runtime>, ChargeTransactionPayment<Runtime>, CheckMetadataHash<Runtime>)>>: BlockT`
     |
     = help: the trait `parity_scale_codec::Decode` is implemented for `fp_self_contained::UncheckedExtrinsic<Address, Call, Signature, Extra>`
     = note: required for `UncheckedExtrinsic<AccountId20, RuntimeCall, EthereumSignature, (..., ..., ..., ..., ..., ..., ..., ..., ...)>` to implement `parity_scale_codec::Codec`
     = note: the full type name has been written to '/Users/snow/dev/Allfeat/Allfeat/target/debug/wbuild/harmonie-runtime/target/wasm32-unknown-unknown/release/deps/harmonie_runtime-3a5cda8230ca0104.long-type-5157894769791864636.txt'
     = note: required for `Block<Header<u32, BlakeTwo256>, UncheckedExtrinsic<AccountId20, RuntimeCall, EthereumSignature, ...>>` to implement `BlockT`
     = note: the full type name has been written to '/Users/snow/dev/Allfeat/Allfeat/target/debug/wbuild/harmonie-runtime/target/wasm32-unknown-unknown/release/deps/harmonie_runtime-3a5cda8230ca0104.long-type-6691357689991133965.txt'
     = note: this error originates in the attribute macro `frame_support::runtime` (in Nightly builds, run with -Z macro-backtrace for more info)

  error[E0277]: the trait bound `fp_self_contained::UncheckedExtrinsic<fp_account::AccountId20, RuntimeCall, fp_account::EthereumSignature, (CheckNonZeroSender<Runtime>, CheckSpecVersion<Runtime>, CheckTxVersion<Runtime>, CheckGenesis<Runtime>, CheckEra<Runtime>, CheckNonce<Runtime>, CheckWeight<Runtime>, ChargeTransactionPayment<Runtime>, CheckMetadataHash<Runtime>)>: parity_scale_codec::Encode` is not satisfied
    --> /Users/snow/dev/Allfeat/Allfeat/runtime/harmonie/src/lib.rs:84:1
     |
  84 | #[frame_support::runtime]
     | ^^^^^^^^^^^^^^^^^^^^^^^^^ the trait `parity_scale_codec::Encode` is not implemented for `UncheckedExtrinsic<AccountId20, RuntimeCall, EthereumSignature, (..., ..., ..., ..., ..., ..., ..., ..., ...)>`, which is required by `sp_runtime::generic::Block<sp_runtime::generic::Header<u32, sp_runtime::traits::BlakeTwo256>, fp_self_contained::UncheckedExtrinsic<fp_account::AccountId20, RuntimeCall, fp_account::EthereumSignature, (CheckNonZeroSender<Runtime>, CheckSpecVersion<Runtime>, CheckTxVersion<Runtime>, CheckGenesis<Runtime>, CheckEra<Runtime>, CheckNonce<Runtime>, CheckWeight<Runtime>, ChargeTransactionPayment<Runtime>, CheckMetadataHash<Runtime>)>>: BlockT`
     |
     = help: the trait `parity_scale_codec::Encode` is implemented for `fp_self_contained::UncheckedExtrinsic<Address, Call, Signature, Extra>`
     = note: required for `UncheckedExtrinsic<AccountId20, RuntimeCall, EthereumSignature, (..., ..., ..., ..., ..., ..., ..., ..., ...)>` to implement `parity_scale_codec::Codec`
     = note: the full type name has been written to '/Users/snow/dev/Allfeat/Allfeat/target/debug/wbuild/harmonie-runtime/target/wasm32-unknown-unknown/release/deps/harmonie_runtime-3a5cda8230ca0104.long-type-5157894769791864636.txt'
     = note: required for `Block<Header<u32, BlakeTwo256>, UncheckedExtrinsic<AccountId20, RuntimeCall, EthereumSignature, ...>>` to implement `BlockT`
     = note: the full type name has been written to '/Users/snow/dev/Allfeat/Allfeat/target/debug/wbuild/harmonie-runtime/target/wasm32-unknown-unknown/release/deps/harmonie_runtime-3a5cda8230ca0104.long-type-6691357689991133965.txt'
     = note: this error originates in the attribute macro `frame_support::runtime` (in Nightly builds, run with -Z macro-backtrace for more info)

  error[E0277]: the trait bound `Runtime: pallet_session::historical::Config` is not satisfied
     --> /Users/snow/dev/Allfeat/Allfeat/runtime/harmonie/src/lib.rs:84:1
      |
  84  | #[frame_support::runtime]
      | ^^^^^^^^^^^^^^^^^^^^^^^^^ the trait `pallet_session::historical::Config` is not implemented for `Runtime`, which is required by `sp_runtime::generic::Block<sp_runtime::generic::Header<u32, sp_runtime::traits::BlakeTwo256>, fp_self_contained::UncheckedExtrinsic<fp_account::AccountId20, RuntimeCall, fp_account::EthereumSignature, (CheckNonZeroSender<Runtime>, CheckSpecVersion<Runtime>, CheckTxVersion<Runtime>, CheckGenesis<Runtime>, CheckEra<Runtime>, CheckNonce<Runtime>, CheckWeight<Runtime>, ChargeTransactionPayment<Runtime>, CheckMetadataHash<Runtime>)>>: BlockT`
      |
      = help: the trait `BlockT` is implemented for `sp_runtime::generic::Block<Header, Extrinsic>`
      = note: required for `pallet_session::historical::Pallet<Runtime>` to implement `KeyOwnerProofSystem<(KeyTypeId, sp_consensus_babe::app::Public)>`
  note: required because it appears within the type `pallet_babe::Call<Runtime>`
     --> /Users/snow/.cargo/git/checkouts/polkadot-sdk-cff69157b985ed76/c4314f7/substrate/frame/babe/src/lib.rs:399:12
      |
  399 |     #[pallet::call]
      |               ^^^^
  note: required because it appears within the type `RuntimeCall`
     --> /Users/snow/dev/Allfeat/Allfeat/runtime/harmonie/src/lib.rs:84:1
      |
  84  | #[frame_support::runtime]
      | ^^^^^^^^^^^^^^^^^^^^^^^^^
      = note: required for `UncheckedExtrinsic<AccountId20, RuntimeCall, EthereumSignature, (..., ..., ..., ..., ..., ..., ..., ..., ...)>` to implement `Extrinsic`
      = note: the full type name has been written to '/Users/snow/dev/Allfeat/Allfeat/target/debug/wbuild/harmonie-runtime/target/wasm32-unknown-unknown/release/deps/harmonie_runtime-3a5cda8230ca0104.long-type-5157894769791864636.txt'
      = note: required for `Block<Header<u32, BlakeTwo256>, UncheckedExtrinsic<AccountId20, RuntimeCall, EthereumSignature, ...>>` to implement `BlockT`
      = note: the full type name has been written to '/Users/snow/dev/Allfeat/Allfeat/target/debug/wbuild/harmonie-runtime/target/wasm32-unknown-unknown/release/deps/harmonie_runtime-3a5cda8230ca0104.long-type-6691357689991133965.txt'
      = note: this error originates in the attribute macro `frame_support::runtime` (in Nightly builds, run with -Z macro-backtrace for more info)

  error[E0277]: the trait bound `Runtime: pallet_session::historical::Config` is not satisfied
     --> /Users/snow/dev/Allfeat/Allfeat/runtime/harmonie/src/lib.rs:84:1
      |
  84  | #[frame_support::runtime]
      | ^^^^^^^^^^^^^^^^^^^^^^^^^ the trait `pallet_session::historical::Config` is not implemented for `Runtime`, which is required by `RuntimeCall: Sized`
      |
      = note: required for `pallet_session::historical::Pallet<Runtime>` to implement `KeyOwnerProofSystem<(KeyTypeId, sp_consensus_babe::app::Public)>`
  note: required because it appears within the type `pallet_babe::Call<Runtime>`
     --> /Users/snow/.cargo/git/checkouts/polkadot-sdk-cff69157b985ed76/c4314f7/substrate/frame/babe/src/lib.rs:399:12
      |
  399 |     #[pallet::call]
      |               ^^^^
  note: required because it appears within the type `RuntimeCall`
     --> /Users/snow/dev/Allfeat/Allfeat/runtime/harmonie/src/lib.rs:84:1
      |
  84  | #[frame_support::runtime]
      | ^^^^^^^^^^^^^^^^^^^^^^^^^
  note: required by a bound in `frame_support::traits::OriginTrait::Call`
     --> /Users/snow/.cargo/git/checkouts/polkadot-sdk-cff69157b985ed76/c4314f7/substrate/frame/support/src/traits/dispatch.rs:482:2
      |
  482 |     type Call;
      |     ^^^^^^^^^^ required by this bound in `OriginTrait::Call`
      = note: this error originates in the attribute macro `frame_support::runtime` (in Nightly builds, run with -Z macro-backtrace for more info)

  error[E0277]: the trait bound `Runtime: pallet_session::historical::Config` is not satisfied
     --> /Users/snow/dev/Allfeat/Allfeat/runtime/harmonie/src/lib.rs:84:1
      |
  84  | #[frame_support::runtime]
      | ^^^^^^^^^^^^^^^^^^^^^^^^^ the trait `pallet_session::historical::Config` is not implemented for `Runtime`, which is required by `pallet_babe::Call<Runtime>: Sized`
      |
      = note: required for `pallet_session::historical::Pallet<Runtime>` to implement `KeyOwnerProofSystem<(KeyTypeId, sp_consensus_babe::app::Public)>`
  note: required because it appears within the type `pallet_babe::Call<Runtime>`
     --> /Users/snow/.cargo/git/checkouts/polkadot-sdk-cff69157b985ed76/c4314f7/substrate/frame/babe/src/lib.rs:399:12
      |
  399 |     #[pallet::call]
      |               ^^^^
      = note: no field of an enum variant may have a dynamically sized type
      = help: change the field's type to have a statically known size
      = note: this error originates in the attribute macro `frame_support::runtime` (in Nightly builds, run with -Z macro-backtrace for more info)
  help: borrowed types always have a statically known size
      |
  84  | &#[frame_support::runtime]
      | +
  help: the `Box` type always has a statically known size and allocates its contents in the heap
      |
  84  | Box<#[frame_support::runtime]>
      | ++++                         +

  error[E0277]: the trait bound `Runtime: pallet_session::historical::Config` is not satisfied
     --> /Users/snow/dev/Allfeat/Allfeat/runtime/harmonie/src/lib.rs:84:1
      |
  84  | #[frame_support::runtime]
      | ^^^^^^^^^^^^^^^^^^^^^^^^^ the trait `pallet_session::historical::Config` is not implemented for `Runtime`, which is required by `RuntimeCall: Sized`
      |
      = note: required for `pallet_session::historical::Pallet<Runtime>` to implement `KeyOwnerProofSystem<(KeyTypeId, sp_consensus_babe::app::Public)>`
  note: required because it appears within the type `pallet_babe::Call<Runtime>`
     --> /Users/snow/.cargo/git/checkouts/polkadot-sdk-cff69157b985ed76/c4314f7/substrate/frame/babe/src/lib.rs:399:12
      |
  399 |     #[pallet::call]
      |               ^^^^
  note: required because it appears within the type `RuntimeCall`
     --> /Users/snow/dev/Allfeat/Allfeat/runtime/harmonie/src/lib.rs:84:1
      |
  84  | #[frame_support::runtime]
      | ^^^^^^^^^^^^^^^^^^^^^^^^^
  note: required by a bound in `core::clone::Clone`
     --> /Users/snow/.rustup/toolchains/1.77.0-aarch64-apple-darwin/lib/rustlib/src/rust/library/core/src/clone.rs:147:18
      |
  147 | pub trait Clone: Sized {
      |                  ^^^^^ required by this bound in `Clone`
      = note: this error originates in the derive macro `Clone` which comes from the expansion of the attribute macro `frame_support::runtime` (in Nightly builds, run with -Z macro-backtrace for more info)

  error[E0277]: the trait bound `Runtime: pallet_session::historical::Config` is not satisfied
     --> /Users/snow/dev/Allfeat/Allfeat/runtime/harmonie/src/lib.rs:84:1
      |
  84  | #[frame_support::runtime]
      | ^^^^^^^^^^^^^^^^^^^^^^^^^ the trait `pallet_session::historical::Config` is not implemented for `Runtime`, which is required by `RuntimeCall: Sized`
      |
      = note: required for `pallet_session::historical::Pallet<Runtime>` to implement `KeyOwnerProofSystem<(KeyTypeId, sp_consensus_babe::app::Public)>`
  note: required because it appears within the type `pallet_babe::Call<Runtime>`
     --> /Users/snow/.cargo/git/checkouts/polkadot-sdk-cff69157b985ed76/c4314f7/substrate/frame/babe/src/lib.rs:399:12
      |
  399 |     #[pallet::call]
      |               ^^^^
  note: required because it appears within the type `RuntimeCall`
     --> /Users/snow/dev/Allfeat/Allfeat/runtime/harmonie/src/lib.rs:84:1
      |
  84  | #[frame_support::runtime]
      | ^^^^^^^^^^^^^^^^^^^^^^^^^
  note: required by a bound in `EncodeLike`
     --> /Users/snow/.cargo/registry/src/index.crates.io-6f17d22bba15001f/parity-scale-codec-3.6.12/src/encode_like.rs:73:41
      |
  73  | pub trait EncodeLike<T: Encode = Self>: Sized + Encode {}
      |                                         ^^^^^ required by this bound in `EncodeLike`
      = note: this error originates in the attribute macro `frame_support::runtime` (in Nightly builds, run with -Z macro-backtrace for more info)

  error[E0277]: the trait bound `Runtime: pallet_session::historical::Config` is not satisfied
     --> /Users/snow/dev/Allfeat/Allfeat/runtime/harmonie/src/lib.rs:84:1
      |
  84  | #[frame_support::runtime]
      | ^^^^^^^^^^^^^^^^^^^^^^^^^ the trait `pallet_session::historical::Config` is not implemented for `Runtime`, which is required by `RuntimeCall: Sized`
      |
      = note: required for `pallet_session::historical::Pallet<Runtime>` to implement `KeyOwnerProofSystem<(KeyTypeId, sp_consensus_babe::app::Public)>`
  note: required because it appears within the type `pallet_babe::Call<Runtime>`
     --> /Users/snow/.cargo/git/checkouts/polkadot-sdk-cff69157b985ed76/c4314f7/substrate/frame/babe/src/lib.rs:399:12
      |
  399 |     #[pallet::call]
      |               ^^^^
  note: required because it appears within the type `RuntimeCall`
     --> /Users/snow/dev/Allfeat/Allfeat/runtime/harmonie/src/lib.rs:84:1
      |
  84  | #[frame_support::runtime]
      | ^^^^^^^^^^^^^^^^^^^^^^^^^
  note: required by a bound in `parity_scale_codec::Decode`
     --> /Users/snow/.cargo/registry/src/index.crates.io-6f17d22bba15001f/parity-scale-codec-3.6.12/src/codec.rs:289:19
      |
  289 | pub trait Decode: Sized {
      |                   ^^^^^ required by this bound in `Decode`
      = note: this error originates in the attribute macro `frame_support::runtime` (in Nightly builds, run with -Z macro-backtrace for more info)

  error[E0277]: the trait bound `Runtime: pallet_session::historical::Config` is not satisfied
      --> /Users/snow/dev/Allfeat/Allfeat/runtime/harmonie/src/lib.rs:84:1
       |
  84   | #[frame_support::runtime]
       | ^^^^^^^^^^^^^^^^^^^^^^^^^ the trait `pallet_session::historical::Config` is not implemented for `Runtime`, which is required by `RuntimeCall: Sized`
       |
       = note: required for `pallet_session::historical::Pallet<Runtime>` to implement `KeyOwnerProofSystem<(KeyTypeId, sp_consensus_babe::app::Public)>`
  note: required because it appears within the type `pallet_babe::Call<Runtime>`
      --> /Users/snow/.cargo/git/checkouts/polkadot-sdk-cff69157b985ed76/c4314f7/substrate/frame/babe/src/lib.rs:399:12
       |
  399  |     #[pallet::call]
       |               ^^^^
  note: required because it appears within the type `RuntimeCall`
      --> /Users/snow/dev/Allfeat/Allfeat/runtime/harmonie/src/lib.rs:84:1
       |
  84   | #[frame_support::runtime]
       | ^^^^^^^^^^^^^^^^^^^^^^^^^
  note: required by a bound in `sp_runtime::traits::Dispatchable::Config`
      --> /Users/snow/.cargo/git/checkouts/polkadot-sdk-cff69157b985ed76/c4314f7/substrate/primitives/runtime/src/traits.rs:1446:2
       |
  1446 |     type Config;
       |     ^^^^^^^^^^^^ required by this bound in `Dispatchable::Config`
       = note: this error originates in the attribute macro `frame_support::runtime` (in Nightly builds, run with -Z macro-backtrace for more info)

  error[E0277]: the trait bound `Runtime: pallet_session::historical::Config` is not satisfied
     --> /Users/snow/dev/Allfeat/Allfeat/runtime/harmonie/src/lib.rs:84:1
      |
  84  | #[frame_support::runtime]
      | ^^^^^^^^^^^^^^^^^^^^^^^^^ the trait `pallet_session::historical::Config` is not implemented for `Runtime`, which is required by `RuntimeCall: Sized`
      |
      = note: required for `pallet_session::historical::Pallet<Runtime>` to implement `KeyOwnerProofSystem<(KeyTypeId, sp_consensus_babe::app::Public)>`
  note: required because it appears within the type `pallet_babe::Call<Runtime>`
     --> /Users/snow/.cargo/git/checkouts/polkadot-sdk-cff69157b985ed76/c4314f7/substrate/frame/babe/src/lib.rs:399:12
      |
  399 |     #[pallet::call]
      |               ^^^^
  note: required because it appears within the type `RuntimeCall`
     --> /Users/snow/dev/Allfeat/Allfeat/runtime/harmonie/src/lib.rs:84:1
      |
  84  | #[frame_support::runtime]
      | ^^^^^^^^^^^^^^^^^^^^^^^^^
  note: required by a bound in `From`
     --> /Users/snow/.rustup/toolchains/1.77.0-aarch64-apple-darwin/lib/rustlib/src/rust/library/core/src/convert/mod.rs:579:20
      |
  579 | pub trait From<T>: Sized {
      |                    ^^^^^ required by this bound in `From`
      = note: this error originates in the attribute macro `frame_support::runtime` (in Nightly builds, run with -Z macro-backtrace for more info)

  error[E0277]: the trait bound `Runtime: pallet_session::historical::Config` is not satisfied
     --> /Users/snow/dev/Allfeat/Allfeat/runtime/harmonie/src/lib.rs:84:1
      |
  84  | #[frame_support::runtime]
      | ^^^^^^^^^^^^^^^^^^^^^^^^^ the trait `pallet_session::historical::Config` is not implemented for `Runtime`, which is required by `pallet_babe::Call<Runtime>: Sized`
      |
      = note: required for `pallet_session::historical::Pallet<Runtime>` to implement `KeyOwnerProofSystem<(KeyTypeId, sp_consensus_babe::app::Public)>`
  note: required because it appears within the type `pallet_babe::Call<Runtime>`
     --> /Users/snow/.cargo/git/checkouts/polkadot-sdk-cff69157b985ed76/c4314f7/substrate/frame/babe/src/lib.rs:399:12
      |
  399 |     #[pallet::call]
      |               ^^^^
  note: required by a bound in `IsSubType`
     --> /Users/snow/.cargo/git/checkouts/polkadot-sdk-cff69157b985ed76/c4314f7/substrate/frame/support/src/traits/misc.rs:817:21
      |
  817 | pub trait IsSubType<T> {
      |                     ^ required by this bound in `IsSubType`
      = note: this error originates in the attribute macro `frame_support::runtime` (in Nightly builds, run with -Z macro-backtrace for more info)

  error[E0277]: the trait bound `Runtime: pallet_session::historical::Config` is not satisfied
     --> /Users/snow/dev/Allfeat/Allfeat/runtime/harmonie/src/lib.rs:84:1
      |
  84  | #[frame_support::runtime]
      | ^^^^^^^^^^^^^^^^^^^^^^^^^ the trait `pallet_session::historical::Config` is not implemented for `Runtime`, which is required by `pallet_babe::Call<Runtime>: Sized`
      |
      = note: required for `pallet_session::historical::Pallet<Runtime>` to implement `KeyOwnerProofSystem<(KeyTypeId, sp_consensus_babe::app::Public)>`
  note: required because it appears within the type `pallet_babe::Call<Runtime>`
     --> /Users/snow/.cargo/git/checkouts/polkadot-sdk-cff69157b985ed76/c4314f7/substrate/frame/babe/src/lib.rs:399:12
      |
  399 |     #[pallet::call]
      |               ^^^^
  note: required by a bound in `From`
     --> /Users/snow/.rustup/toolchains/1.77.0-aarch64-apple-darwin/lib/rustlib/src/rust/library/core/src/convert/mod.rs:579:16
      |
  579 | pub trait From<T>: Sized {
      |                ^ required by this bound in `From`
      = note: this error originates in the attribute macro `frame_support::runtime` (in Nightly builds, run with -Z macro-backtrace for more info)

  error[E0277]: the trait bound `Runtime: pallet_session::historical::Config` is not satisfied
     --> /Users/snow/dev/Allfeat/Allfeat/runtime/harmonie/src/lib.rs:84:1
      |
  84  | #[frame_support::runtime]
      | ^^^^^^^^^^^^^^^^^^^^^^^^^ the trait `pallet_session::historical::Config` is not implemented for `Runtime`, which is required by `pallet_grandpa::Call<Runtime>: Sized`
      |
      = note: required for `pallet_session::historical::Pallet<Runtime>` to implement `KeyOwnerProofSystem<(KeyTypeId, fg_primitives::app::Public)>`
  note: required because it appears within the type `pallet_grandpa::Call<Runtime>`
     --> /Users/snow/.cargo/git/checkouts/polkadot-sdk-cff69157b985ed76/c4314f7/substrate/frame/grandpa/src/lib.rs:188:12
      |
  188 |     #[pallet::call]
      |               ^^^^
  note: required by a bound in `IsSubType`
     --> /Users/snow/.cargo/git/checkouts/polkadot-sdk-cff69157b985ed76/c4314f7/substrate/frame/support/src/traits/misc.rs:817:21
      |
  817 | pub trait IsSubType<T> {
      |                     ^ required by this bound in `IsSubType`
      = note: this error originates in the attribute macro `frame_support::runtime` (in Nightly builds, run with -Z macro-backtrace for more info)

  error[E0277]: the trait bound `Runtime: pallet_session::historical::Config` is not satisfied
     --> /Users/snow/dev/Allfeat/Allfeat/runtime/harmonie/src/lib.rs:84:1
      |
  84  | #[frame_support::runtime]
      | ^^^^^^^^^^^^^^^^^^^^^^^^^ the trait `pallet_session::historical::Config` is not implemented for `Runtime`, which is required by `pallet_grandpa::Call<Runtime>: Sized`
      |
      = note: required for `pallet_session::historical::Pallet<Runtime>` to implement `KeyOwnerProofSystem<(KeyTypeId, fg_primitives::app::Public)>`
  note: required because it appears within the type `pallet_grandpa::Call<Runtime>`
     --> /Users/snow/.cargo/git/checkouts/polkadot-sdk-cff69157b985ed76/c4314f7/substrate/frame/grandpa/src/lib.rs:188:12
      |
  188 |     #[pallet::call]
      |               ^^^^
  note: required by a bound in `From`
     --> /Users/snow/.rustup/toolchains/1.77.0-aarch64-apple-darwin/lib/rustlib/src/rust/library/core/src/convert/mod.rs:579:16
      |
  579 | pub trait From<T>: Sized {
      |                ^ required by this bound in `From`
      = note: this error originates in the attribute macro `frame_support::runtime` (in Nightly builds, run with -Z macro-backtrace for more info)

  error[E0277]: the trait bound `sp_runtime::generic::Block<sp_runtime::generic::Header<u32, sp_runtime::traits::BlakeTwo256>, fp_self_contained::UncheckedExtrinsic<fp_account::AccountId20, RuntimeCall, fp_account::EthereumSignature, (CheckNonZeroSender<Runtime>, CheckSpecVersion<Runtime>, CheckTxVersion<Runtime>, CheckGenesis<Runtime>, CheckEra<Runtime>, CheckNonce<Runtime>, CheckWeight<Runtime>, ChargeTransactionPayment<Runtime>, CheckMetadataHash<Runtime>)>>: parity_scale_codec::Encode` is not satisfied
     --> /Users/snow/dev/Allfeat/Allfeat/runtime/harmonie/src/lib.rs:84:1
      |
  84  | #[frame_support::runtime]
      | ^^^^^^^^^^^^^^^^^^^^^^^^^ the trait `parity_scale_codec::Encode` is not implemented for `Block<Header<u32, BlakeTwo256>, UncheckedExtrinsic<AccountId20, RuntimeCall, EthereumSignature, ...>>`, which is required by `sp_runtime::generic::Block<sp_runtime::generic::Header<u32, sp_runtime::traits::BlakeTwo256>, fp_self_contained::UncheckedExtrinsic<fp_account::AccountId20, RuntimeCall, fp_account::EthereumSignature, (CheckNonZeroSender<Runtime>, CheckSpecVersion<Runtime>, CheckTxVersion<Runtime>, CheckGenesis<Runtime>, CheckEra<Runtime>, CheckNonce<Runtime>, CheckWeight<Runtime>, ChargeTransactionPayment<Runtime>, CheckMetadataHash<Runtime>)>>: BlockT`
      |
      = help: the trait `parity_scale_codec::Encode` is implemented for `sp_runtime::generic::Block<Header, Extrinsic>`
      = note: required for `Block<Header<u32, BlakeTwo256>, UncheckedExtrinsic<AccountId20, RuntimeCall, EthereumSignature, ...>>` to implement `parity_scale_codec::Codec`
      = note: the full type name has been written to '/Users/snow/dev/Allfeat/Allfeat/target/debug/wbuild/harmonie-runtime/target/wasm32-unknown-unknown/release/deps/harmonie_runtime-3a5cda8230ca0104.long-type-6691357689991133965.txt'
      = note: required for `Block<Header<u32, BlakeTwo256>, UncheckedExtrinsic<AccountId20, RuntimeCall, EthereumSignature, ...>>` to implement `BlockT`
      = note: the full type name has been written to '/Users/snow/dev/Allfeat/Allfeat/target/debug/wbuild/harmonie-runtime/target/wasm32-unknown-unknown/release/deps/harmonie_runtime-3a5cda8230ca0104.long-type-6691357689991133965.txt'
  note: required by a bound in `EnsureInherentsAreFirst`
     --> /Users/snow/.cargo/git/checkouts/polkadot-sdk-cff69157b985ed76/c4314f7/substrate/frame/support/src/traits/misc.rs:900:42
      |
  900 | pub trait EnsureInherentsAreFirst<Block: sp_runtime::traits::Block>:
      |                                          ^^^^^^^^^^^^^^^^^^^^^^^^^ required by this bound in `EnsureInherentsAreFirst`
      = note: this error originates in the attribute macro `frame_support::runtime` (in Nightly builds, run with -Z macro-backtrace for more info)

  error[E0277]: the trait bound `sp_runtime::generic::Block<sp_runtime::generic::Header<u32, sp_runtime::traits::BlakeTwo256>, fp_self_contained::UncheckedExtrinsic<fp_account::AccountId20, RuntimeCall, fp_account::EthereumSignature, (CheckNonZeroSender<Runtime>, CheckSpecVersion<Runtime>, CheckTxVersion<Runtime>, CheckGenesis<Runtime>, CheckEra<Runtime>, CheckNonce<Runtime>, CheckWeight<Runtime>, ChargeTransactionPayment<Runtime>, CheckMetadataHash<Runtime>)>>: parity_scale_codec::Decode` is not satisfied
     --> /Users/snow/dev/Allfeat/Allfeat/runtime/harmonie/src/lib.rs:84:1
      |
  84  | #[frame_support::runtime]
      | ^^^^^^^^^^^^^^^^^^^^^^^^^ the trait `parity_scale_codec::Decode` is not implemented for `Block<Header<u32, BlakeTwo256>, UncheckedExtrinsic<AccountId20, RuntimeCall, EthereumSignature, ...>>`, which is required by `sp_runtime::generic::Block<sp_runtime::generic::Header<u32, sp_runtime::traits::BlakeTwo256>, fp_self_contained::UncheckedExtrinsic<fp_account::AccountId20, RuntimeCall, fp_account::EthereumSignature, (CheckNonZeroSender<Runtime>, CheckSpecVersion<Runtime>, CheckTxVersion<Runtime>, CheckGenesis<Runtime>, CheckEra<Runtime>, CheckNonce<Runtime>, CheckWeight<Runtime>, ChargeTransactionPayment<Runtime>, CheckMetadataHash<Runtime>)>>: BlockT`
      |
      = help: the trait `parity_scale_codec::Decode` is implemented for `sp_runtime::generic::Block<Header, Extrinsic>`
      = note: required for `Block<Header<u32, BlakeTwo256>, UncheckedExtrinsic<AccountId20, RuntimeCall, EthereumSignature, ...>>` to implement `parity_scale_codec::Codec`
      = note: the full type name has been written to '/Users/snow/dev/Allfeat/Allfeat/target/debug/wbuild/harmonie-runtime/target/wasm32-unknown-unknown/release/deps/harmonie_runtime-3a5cda8230ca0104.long-type-6691357689991133965.txt'
      = note: required for `Block<Header<u32, BlakeTwo256>, UncheckedExtrinsic<AccountId20, RuntimeCall, EthereumSignature, ...>>` to implement `BlockT`
      = note: the full type name has been written to '/Users/snow/dev/Allfeat/Allfeat/target/debug/wbuild/harmonie-runtime/target/wasm32-unknown-unknown/release/deps/harmonie_runtime-3a5cda8230ca0104.long-type-6691357689991133965.txt'
  note: required by a bound in `EnsureInherentsAreFirst`
     --> /Users/snow/.cargo/git/checkouts/polkadot-sdk-cff69157b985ed76/c4314f7/substrate/frame/support/src/traits/misc.rs:900:42
      |
  900 | pub trait EnsureInherentsAreFirst<Block: sp_runtime::traits::Block>:
      |                                          ^^^^^^^^^^^^^^^^^^^^^^^^^ required by this bound in `EnsureInherentsAreFirst`
      = note: this error originates in the attribute macro `frame_support::runtime` (in Nightly builds, run with -Z macro-backtrace for more info)

  error[E0277]: the trait bound `Runtime: pallet_session::historical::Config` is not satisfied
      --> /Users/snow/dev/Allfeat/Allfeat/runtime/harmonie/src/lib.rs:84:1
       |
  84   | #[frame_support::runtime]
       | ^^^^^^^^^^^^^^^^^^^^^^^^^ the trait `pallet_session::historical::Config` is not implemented for `Runtime`, which is required by `RuntimeCall: Sized`
       |
       = note: required for `pallet_session::historical::Pallet<Runtime>` to implement `KeyOwnerProofSystem<(KeyTypeId, sp_consensus_babe::app::Public)>`
  note: required because it appears within the type `pallet_babe::Call<Runtime>`
      --> /Users/snow/.cargo/git/checkouts/polkadot-sdk-cff69157b985ed76/c4314f7/substrate/frame/babe/src/lib.rs:399:12
       |
  399  |     #[pallet::call]
       |               ^^^^
  note: required because it appears within the type `RuntimeCall`
      --> /Users/snow/dev/Allfeat/Allfeat/runtime/harmonie/src/lib.rs:84:1
       |
  84   | #[frame_support::runtime]
       | ^^^^^^^^^^^^^^^^^^^^^^^^^
  note: required by a bound in `sp_runtime::traits::ValidateUnsigned::Call`
      --> /Users/snow/.cargo/git/checkouts/polkadot-sdk-cff69157b985ed76/c4314f7/substrate/primitives/runtime/src/traits.rs:1767:2
       |
  1767 |     type Call;
       |     ^^^^^^^^^^ required by this bound in `ValidateUnsigned::Call`
       = note: this error originates in the attribute macro `frame_support::runtime` (in Nightly builds, run with -Z macro-backtrace for more info)

  error[E0277]: the trait bound `Runtime: pallet_session::historical::Config` is not satisfied
     --> /Users/snow/dev/Allfeat/Allfeat/runtime/harmonie/src/lib.rs:265:1
      |
  265 | shared_runtime::impl_create_signed_transaction!();
      | ^^^^^^^^^^^^^^^^^^^^^^^^^^^^^^^^^^^^^^^^^^^^^^^^^ the trait `pallet_session::historical::Config` is not implemented for `Runtime`, which is required by `RuntimeCall: Sized`
      |
      = note: required for `pallet_session::historical::Pallet<Runtime>` to implement `KeyOwnerProofSystem<(KeyTypeId, sp_consensus_babe::app::Public)>`
  note: required because it appears within the type `pallet_babe::Call<Runtime>`
     --> /Users/snow/.cargo/git/checkouts/polkadot-sdk-cff69157b985ed76/c4314f7/substrate/frame/babe/src/lib.rs:399:12
      |
  399 |     #[pallet::call]
      |               ^^^^
  note: required because it appears within the type `RuntimeCall`
     --> /Users/snow/dev/Allfeat/Allfeat/runtime/harmonie/src/lib.rs:84:1
      |
  84  | #[frame_support::runtime]
      | ^^^^^^^^^^^^^^^^^^^^^^^^^
      = help: see issue #48214
      = help: add `#![feature(trivial_bounds)]` to the crate attributes to enable
      = note: this error originates in the macro `shared_runtime::impl_create_signed_transaction` which comes from the expansion of the attribute macro `frame_support::runtime` (in Nightly builds, run with -Z macro-backtrace for more info)

  error[E0277]: the trait bound `sp_runtime::generic::Block<sp_runtime::generic::Header<u32, sp_runtime::traits::BlakeTwo256>, fp_self_contained::UncheckedExtrinsic<fp_account::AccountId20, RuntimeCall, fp_account::EthereumSignature, (CheckNonZeroSender<Runtime>, CheckSpecVersion<Runtime>, CheckTxVersion<Runtime>, CheckGenesis<Runtime>, CheckEra<Runtime>, CheckNonce<Runtime>, CheckWeight<Runtime>, ChargeTransactionPayment<Runtime>, CheckMetadataHash<Runtime>)>>: parity_scale_codec::Encode` is not satisfied
     --> /Users/snow/dev/Allfeat/Allfeat/runtime/harmonie/src/lib.rs:269:7
      |
  269 |     impl sp_api::Core<Block> for Runtime {
      |          ^^^^^^^^^^^^^^^^^^^ the trait `parity_scale_codec::Encode` is not implemented for `Block<Header<u32, BlakeTwo256>, UncheckedExtrinsic<AccountId20, RuntimeCall, EthereumSignature, ...>>`, which is required by `sp_runtime::generic::Block<sp_runtime::generic::Header<u32, sp_runtime::traits::BlakeTwo256>, fp_self_contained::UncheckedExtrinsic<fp_account::AccountId20, RuntimeCall, fp_account::EthereumSignature, (CheckNonZeroSender<Runtime>, CheckSpecVersion<Runtime>, CheckTxVersion<Runtime>, CheckGenesis<Runtime>, CheckEra<Runtime>, CheckNonce<Runtime>, CheckWeight<Runtime>, ChargeTransactionPayment<Runtime>, CheckMetadataHash<Runtime>)>>: BlockT`
      |
      = help: the trait `parity_scale_codec::Encode` is implemented for `sp_runtime::generic::Block<Header, Extrinsic>`
      = note: required for `Block<Header<u32, BlakeTwo256>, UncheckedExtrinsic<AccountId20, RuntimeCall, EthereumSignature, ...>>` to implement `parity_scale_codec::Codec`
      = note: the full type name has been written to '/Users/snow/dev/Allfeat/Allfeat/target/debug/wbuild/harmonie-runtime/target/wasm32-unknown-unknown/release/deps/harmonie_runtime-3a5cda8230ca0104.long-type-6691357689991133965.txt'
      = note: required for `Block<Header<u32, BlakeTwo256>, UncheckedExtrinsic<AccountId20, RuntimeCall, EthereumSignature, ...>>` to implement `BlockT`
      = note: the full type name has been written to '/Users/snow/dev/Allfeat/Allfeat/target/debug/wbuild/harmonie-runtime/target/wasm32-unknown-unknown/release/deps/harmonie_runtime-3a5cda8230ca0104.long-type-6691357689991133965.txt'
  note: required by a bound in `Core`
     --> /Users/snow/.cargo/git/checkouts/polkadot-sdk-cff69157b985ed76/c4314f7/substrate/primitives/api/src/lib.rs:807:1
      |
  807 | / decl_runtime_apis! {
  808 | |     /// The `Core` runtime api that every Substrate runtime needs to implement.
  809 | |     #[core_trait]
  810 | |     #[api_version(5)]
  ...   |
  840 | |     }
  841 | | }
      | |_^ required by this bound in `CoreV5`
      = note: this error originates in the macro `decl_runtime_apis` (in Nightly builds, run with -Z macro-backtrace for more info)

  error[E0277]: the trait bound `sp_runtime::generic::Block<sp_runtime::generic::Header<u32, sp_runtime::traits::BlakeTwo256>, fp_self_contained::UncheckedExtrinsic<fp_account::AccountId20, RuntimeCall, fp_account::EthereumSignature, (CheckNonZeroSender<Runtime>, CheckSpecVersion<Runtime>, CheckTxVersion<Runtime>, CheckGenesis<Runtime>, CheckEra<Runtime>, CheckNonce<Runtime>, CheckWeight<Runtime>, ChargeTransactionPayment<Runtime>, CheckMetadataHash<Runtime>)>>: parity_scale_codec::Decode` is not satisfied
     --> /Users/snow/dev/Allfeat/Allfeat/runtime/harmonie/src/lib.rs:269:7
      |
  269 |     impl sp_api::Core<Block> for Runtime {
      |          ^^^^^^^^^^^^^^^^^^^ the trait `parity_scale_codec::Decode` is not implemented for `Block<Header<u32, BlakeTwo256>, UncheckedExtrinsic<AccountId20, RuntimeCall, EthereumSignature, ...>>`, which is required by `sp_runtime::generic::Block<sp_runtime::generic::Header<u32, sp_runtime::traits::BlakeTwo256>, fp_self_contained::UncheckedExtrinsic<fp_account::AccountId20, RuntimeCall, fp_account::EthereumSignature, (CheckNonZeroSender<Runtime>, CheckSpecVersion<Runtime>, CheckTxVersion<Runtime>, CheckGenesis<Runtime>, CheckEra<Runtime>, CheckNonce<Runtime>, CheckWeight<Runtime>, ChargeTransactionPayment<Runtime>, CheckMetadataHash<Runtime>)>>: BlockT`
      |
      = help: the trait `parity_scale_codec::Decode` is implemented for `sp_runtime::generic::Block<Header, Extrinsic>`
      = note: required for `Block<Header<u32, BlakeTwo256>, UncheckedExtrinsic<AccountId20, RuntimeCall, EthereumSignature, ...>>` to implement `parity_scale_codec::Codec`
      = note: the full type name has been written to '/Users/snow/dev/Allfeat/Allfeat/target/debug/wbuild/harmonie-runtime/target/wasm32-unknown-unknown/release/deps/harmonie_runtime-3a5cda8230ca0104.long-type-6691357689991133965.txt'
      = note: required for `Block<Header<u32, BlakeTwo256>, UncheckedExtrinsic<AccountId20, RuntimeCall, EthereumSignature, ...>>` to implement `BlockT`
      = note: the full type name has been written to '/Users/snow/dev/Allfeat/Allfeat/target/debug/wbuild/harmonie-runtime/target/wasm32-unknown-unknown/release/deps/harmonie_runtime-3a5cda8230ca0104.long-type-6691357689991133965.txt'
  note: required by a bound in `Core`
     --> /Users/snow/.cargo/git/checkouts/polkadot-sdk-cff69157b985ed76/c4314f7/substrate/primitives/api/src/lib.rs:807:1
      |
  807 | / decl_runtime_apis! {
  808 | |     /// The `Core` runtime api that every Substrate runtime needs to implement.
  809 | |     #[core_trait]
  810 | |     #[api_version(5)]
  ...   |
  840 | |     }
  841 | | }
      | |_^ required by this bound in `CoreV5`
      = note: this error originates in the macro `decl_runtime_apis` (in Nightly builds, run with -Z macro-backtrace for more info)

  error[E0277]: the trait bound `fp_self_contained::UncheckedExtrinsic<fp_account::AccountId20, RuntimeCall, fp_account::EthereumSignature, (CheckNonZeroSender<Runtime>, CheckSpecVersion<Runtime>, CheckTxVersion<Runtime>, CheckGenesis<Runtime>, CheckEra<Runtime>, CheckNonce<Runtime>, CheckWeight<Runtime>, ChargeTransactionPayment<Runtime>, CheckMetadataHash<Runtime>)>: parity_scale_codec::Decode` is not satisfied
     --> /Users/snow/dev/Allfeat/Allfeat/runtime/harmonie/src/lib.rs:269:7
      |
  269 |     impl sp_api::Core<Block> for Runtime {
      |          ^^^^^^^^^^^^^^^^^^^ the trait `parity_scale_codec::Decode` is not implemented for `UncheckedExtrinsic<AccountId20, RuntimeCall, EthereumSignature, (..., ..., ..., ..., ..., ..., ..., ..., ...)>`, which is required by `sp_runtime::generic::Block<sp_runtime::generic::Header<u32, sp_runtime::traits::BlakeTwo256>, fp_self_contained::UncheckedExtrinsic<fp_account::AccountId20, RuntimeCall, fp_account::EthereumSignature, (CheckNonZeroSender<Runtime>, CheckSpecVersion<Runtime>, CheckTxVersion<Runtime>, CheckGenesis<Runtime>, CheckEra<Runtime>, CheckNonce<Runtime>, CheckWeight<Runtime>, ChargeTransactionPayment<Runtime>, CheckMetadataHash<Runtime>)>>: BlockT`
      |
      = help: the trait `parity_scale_codec::Decode` is implemented for `fp_self_contained::UncheckedExtrinsic<Address, Call, Signature, Extra>`
      = note: required for `UncheckedExtrinsic<AccountId20, RuntimeCall, EthereumSignature, (..., ..., ..., ..., ..., ..., ..., ..., ...)>` to implement `parity_scale_codec::Codec`
      = note: the full type name has been written to '/Users/snow/dev/Allfeat/Allfeat/target/debug/wbuild/harmonie-runtime/target/wasm32-unknown-unknown/release/deps/harmonie_runtime-3a5cda8230ca0104.long-type-5157894769791864636.txt'
      = note: required for `Block<Header<u32, BlakeTwo256>, UncheckedExtrinsic<AccountId20, RuntimeCall, EthereumSignature, ...>>` to implement `BlockT`
      = note: the full type name has been written to '/Users/snow/dev/Allfeat/Allfeat/target/debug/wbuild/harmonie-runtime/target/wasm32-unknown-unknown/release/deps/harmonie_runtime-3a5cda8230ca0104.long-type-6691357689991133965.txt'

  error[E0277]: the trait bound `fp_self_contained::UncheckedExtrinsic<fp_account::AccountId20, RuntimeCall, fp_account::EthereumSignature, (CheckNonZeroSender<Runtime>, CheckSpecVersion<Runtime>, CheckTxVersion<Runtime>, CheckGenesis<Runtime>, CheckEra<Runtime>, CheckNonce<Runtime>, CheckWeight<Runtime>, ChargeTransactionPayment<Runtime>, CheckMetadataHash<Runtime>)>: parity_scale_codec::Encode` is not satisfied
     --> /Users/snow/dev/Allfeat/Allfeat/runtime/harmonie/src/lib.rs:269:7
      |
  269 |     impl sp_api::Core<Block> for Runtime {
      |          ^^^^^^^^^^^^^^^^^^^ the trait `parity_scale_codec::Encode` is not implemented for `UncheckedExtrinsic<AccountId20, RuntimeCall, EthereumSignature, (..., ..., ..., ..., ..., ..., ..., ..., ...)>`, which is required by `sp_runtime::generic::Block<sp_runtime::generic::Header<u32, sp_runtime::traits::BlakeTwo256>, fp_self_contained::UncheckedExtrinsic<fp_account::AccountId20, RuntimeCall, fp_account::EthereumSignature, (CheckNonZeroSender<Runtime>, CheckSpecVersion<Runtime>, CheckTxVersion<Runtime>, CheckGenesis<Runtime>, CheckEra<Runtime>, CheckNonce<Runtime>, CheckWeight<Runtime>, ChargeTransactionPayment<Runtime>, CheckMetadataHash<Runtime>)>>: BlockT`
      |
      = help: the trait `parity_scale_codec::Encode` is implemented for `fp_self_contained::UncheckedExtrinsic<Address, Call, Signature, Extra>`
      = note: required for `UncheckedExtrinsic<AccountId20, RuntimeCall, EthereumSignature, (..., ..., ..., ..., ..., ..., ..., ..., ...)>` to implement `parity_scale_codec::Codec`
      = note: the full type name has been written to '/Users/snow/dev/Allfeat/Allfeat/target/debug/wbuild/harmonie-runtime/target/wasm32-unknown-unknown/release/deps/harmonie_runtime-3a5cda8230ca0104.long-type-5157894769791864636.txt'
      = note: required for `Block<Header<u32, BlakeTwo256>, UncheckedExtrinsic<AccountId20, RuntimeCall, EthereumSignature, ...>>` to implement `BlockT`
      = note: the full type name has been written to '/Users/snow/dev/Allfeat/Allfeat/target/debug/wbuild/harmonie-runtime/target/wasm32-unknown-unknown/release/deps/harmonie_runtime-3a5cda8230ca0104.long-type-6691357689991133965.txt'

  error[E0277]: the trait bound `Runtime: pallet_session::historical::Config` is not satisfied
     --> /Users/snow/dev/Allfeat/Allfeat/runtime/harmonie/src/lib.rs:269:7
      |
  269 |     impl sp_api::Core<Block> for Runtime {
      |          ^^^^^^^^^^^^^^^^^^^ the trait `pallet_session::historical::Config` is not implemented for `Runtime`, which is required by `sp_runtime::generic::Block<sp_runtime::generic::Header<u32, sp_runtime::traits::BlakeTwo256>, fp_self_contained::UncheckedExtrinsic<fp_account::AccountId20, RuntimeCall, fp_account::EthereumSignature, (CheckNonZeroSender<Runtime>, CheckSpecVersion<Runtime>, CheckTxVersion<Runtime>, CheckGenesis<Runtime>, CheckEra<Runtime>, CheckNonce<Runtime>, CheckWeight<Runtime>, ChargeTransactionPayment<Runtime>, CheckMetadataHash<Runtime>)>>: BlockT`
      |
      = help: the trait `BlockT` is implemented for `sp_runtime::generic::Block<Header, Extrinsic>`
      = note: required for `pallet_session::historical::Pallet<Runtime>` to implement `KeyOwnerProofSystem<(KeyTypeId, sp_consensus_babe::app::Public)>`
  note: required because it appears within the type `pallet_babe::Call<Runtime>`
     --> /Users/snow/.cargo/git/checkouts/polkadot-sdk-cff69157b985ed76/c4314f7/substrate/frame/babe/src/lib.rs:399:12
      |
  399 |     #[pallet::call]
      |               ^^^^
  note: required because it appears within the type `RuntimeCall`
     --> /Users/snow/dev/Allfeat/Allfeat/runtime/harmonie/src/lib.rs:84:1
      |
  84  | #[frame_support::runtime]
      | ^^^^^^^^^^^^^^^^^^^^^^^^^
      = note: required for `UncheckedExtrinsic<AccountId20, RuntimeCall, EthereumSignature, (..., ..., ..., ..., ..., ..., ..., ..., ...)>` to implement `Extrinsic`
      = note: the full type name has been written to '/Users/snow/dev/Allfeat/Allfeat/target/debug/wbuild/harmonie-runtime/target/wasm32-unknown-unknown/release/deps/harmonie_runtime-3a5cda8230ca0104.long-type-5157894769791864636.txt'
      = note: required for `Block<Header<u32, BlakeTwo256>, UncheckedExtrinsic<AccountId20, RuntimeCall, EthereumSignature, ...>>` to implement `BlockT`
      = note: the full type name has been written to '/Users/snow/dev/Allfeat/Allfeat/target/debug/wbuild/harmonie-runtime/target/wasm32-unknown-unknown/release/deps/harmonie_runtime-3a5cda8230ca0104.long-type-6691357689991133965.txt'
      = note: this error originates in the attribute macro `frame_support::runtime` (in Nightly builds, run with -Z macro-backtrace for more info)

  error[E0277]: the trait bound `fp_self_contained::UncheckedExtrinsic<fp_account::AccountId20, RuntimeCall, fp_account::EthereumSignature, (CheckNonZeroSender<Runtime>, CheckSpecVersion<Runtime>, CheckTxVersion<Runtime>, CheckGenesis<Runtime>, CheckEra<Runtime>, CheckNonce<Runtime>, CheckWeight<Runtime>, ChargeTransactionPayment<Runtime>, CheckMetadataHash<Runtime>)>: parity_scale_codec::Decode` is not satisfied
     --> /Users/snow/dev/Allfeat/Allfeat/runtime/harmonie/src/lib.rs:278:3
      |
  278 |         fn initialize_block(header: &<Block as sp_runtime::traits::Block>::Header) -> sp_runtime::ExtrinsicInclusionMode {
      |         ^^^^^^^^^^^^^^^^^^^^^^^^^^^^^^^^^^^^^^^^^^^^^^^^^^^^^^^^^^^^^^^^^^^^^^^^^^^^^^^^^^^^^^^^^^^^^^^^^^^^^^^^^^^^^^^^ the trait `parity_scale_codec::Decode` is not implemented for `UncheckedExtrinsic<AccountId20, RuntimeCall, EthereumSignature, (..., ..., ..., ..., ..., ..., ..., ..., ...)>`, which is required by `sp_runtime::generic::Block<sp_runtime::generic::Header<u32, sp_runtime::traits::BlakeTwo256>, fp_self_contained::UncheckedExtrinsic<fp_account::AccountId20, RuntimeCall, fp_account::EthereumSignature, (CheckNonZeroSender<Runtime>, CheckSpecVersion<Runtime>, CheckTxVersion<Runtime>, CheckGenesis<Runtime>, CheckEra<Runtime>, CheckNonce<Runtime>, CheckWeight<Runtime>, ChargeTransactionPayment<Runtime>, CheckMetadataHash<Runtime>)>>: BlockT`
      |
      = help: the trait `parity_scale_codec::Decode` is implemented for `fp_self_contained::UncheckedExtrinsic<Address, Call, Signature, Extra>`
      = note: required for `UncheckedExtrinsic<AccountId20, RuntimeCall, EthereumSignature, (..., ..., ..., ..., ..., ..., ..., ..., ...)>` to implement `parity_scale_codec::Codec`
      = note: the full type name has been written to '/Users/snow/dev/Allfeat/Allfeat/target/debug/wbuild/harmonie-runtime/target/wasm32-unknown-unknown/release/deps/harmonie_runtime-3a5cda8230ca0104.long-type-5157894769791864636.txt'
      = note: required for `Block<Header<u32, BlakeTwo256>, UncheckedExtrinsic<AccountId20, RuntimeCall, EthereumSignature, ...>>` to implement `BlockT`
      = note: the full type name has been written to '/Users/snow/dev/Allfeat/Allfeat/target/debug/wbuild/harmonie-runtime/target/wasm32-unknown-unknown/release/deps/harmonie_runtime-3a5cda8230ca0104.long-type-6691357689991133965.txt'

  error[E0277]: the trait bound `fp_self_contained::UncheckedExtrinsic<fp_account::AccountId20, RuntimeCall, fp_account::EthereumSignature, (CheckNonZeroSender<Runtime>, CheckSpecVersion<Runtime>, CheckTxVersion<Runtime>, CheckGenesis<Runtime>, CheckEra<Runtime>, CheckNonce<Runtime>, CheckWeight<Runtime>, ChargeTransactionPayment<Runtime>, CheckMetadataHash<Runtime>)>: parity_scale_codec::Encode` is not satisfied
     --> /Users/snow/dev/Allfeat/Allfeat/runtime/harmonie/src/lib.rs:278:3
      |
  278 |         fn initialize_block(header: &<Block as sp_runtime::traits::Block>::Header) -> sp_runtime::ExtrinsicInclusionMode {
      |         ^^^^^^^^^^^^^^^^^^^^^^^^^^^^^^^^^^^^^^^^^^^^^^^^^^^^^^^^^^^^^^^^^^^^^^^^^^^^^^^^^^^^^^^^^^^^^^^^^^^^^^^^^^^^^^^^ the trait `parity_scale_codec::Encode` is not implemented for `UncheckedExtrinsic<AccountId20, RuntimeCall, EthereumSignature, (..., ..., ..., ..., ..., ..., ..., ..., ...)>`, which is required by `sp_runtime::generic::Block<sp_runtime::generic::Header<u32, sp_runtime::traits::BlakeTwo256>, fp_self_contained::UncheckedExtrinsic<fp_account::AccountId20, RuntimeCall, fp_account::EthereumSignature, (CheckNonZeroSender<Runtime>, CheckSpecVersion<Runtime>, CheckTxVersion<Runtime>, CheckGenesis<Runtime>, CheckEra<Runtime>, CheckNonce<Runtime>, CheckWeight<Runtime>, ChargeTransactionPayment<Runtime>, CheckMetadataHash<Runtime>)>>: BlockT`
      |
      = help: the trait `parity_scale_codec::Encode` is implemented for `fp_self_contained::UncheckedExtrinsic<Address, Call, Signature, Extra>`
      = note: required for `UncheckedExtrinsic<AccountId20, RuntimeCall, EthereumSignature, (..., ..., ..., ..., ..., ..., ..., ..., ...)>` to implement `parity_scale_codec::Codec`
      = note: the full type name has been written to '/Users/snow/dev/Allfeat/Allfeat/target/debug/wbuild/harmonie-runtime/target/wasm32-unknown-unknown/release/deps/harmonie_runtime-3a5cda8230ca0104.long-type-5157894769791864636.txt'
      = note: required for `Block<Header<u32, BlakeTwo256>, UncheckedExtrinsic<AccountId20, RuntimeCall, EthereumSignature, ...>>` to implement `BlockT`
      = note: the full type name has been written to '/Users/snow/dev/Allfeat/Allfeat/target/debug/wbuild/harmonie-runtime/target/wasm32-unknown-unknown/release/deps/harmonie_runtime-3a5cda8230ca0104.long-type-6691357689991133965.txt'

  error[E0277]: the trait bound `Runtime: pallet_session::historical::Config` is not satisfied
     --> /Users/snow/dev/Allfeat/Allfeat/runtime/harmonie/src/lib.rs:278:3
      |
  278 |         fn initialize_block(header: &<Block as sp_runtime::traits::Block>::Header) -> sp_runtime::ExtrinsicInclusionMode {
      |         ^^^^^^^^^^^^^^^^^^^^^^^^^^^^^^^^^^^^^^^^^^^^^^^^^^^^^^^^^^^^^^^^^^^^^^^^^^^^^^^^^^^^^^^^^^^^^^^^^^^^^^^^^^^^^^^^ the trait `pallet_session::historical::Config` is not implemented for `Runtime`, which is required by `sp_runtime::generic::Block<sp_runtime::generic::Header<u32, sp_runtime::traits::BlakeTwo256>, fp_self_contained::UncheckedExtrinsic<fp_account::AccountId20, RuntimeCall, fp_account::EthereumSignature, (CheckNonZeroSender<Runtime>, CheckSpecVersion<Runtime>, CheckTxVersion<Runtime>, CheckGenesis<Runtime>, CheckEra<Runtime>, CheckNonce<Runtime>, CheckWeight<Runtime>, ChargeTransactionPayment<Runtime>, CheckMetadataHash<Runtime>)>>: BlockT`
      |
      = help: the trait `BlockT` is implemented for `sp_runtime::generic::Block<Header, Extrinsic>`
      = note: required for `pallet_session::historical::Pallet<Runtime>` to implement `KeyOwnerProofSystem<(KeyTypeId, sp_consensus_babe::app::Public)>`
  note: required because it appears within the type `pallet_babe::Call<Runtime>`
     --> /Users/snow/.cargo/git/checkouts/polkadot-sdk-cff69157b985ed76/c4314f7/substrate/frame/babe/src/lib.rs:399:12
      |
  399 |     #[pallet::call]
      |               ^^^^
  note: required because it appears within the type `RuntimeCall`
     --> /Users/snow/dev/Allfeat/Allfeat/runtime/harmonie/src/lib.rs:84:1
      |
  84  | #[frame_support::runtime]
      | ^^^^^^^^^^^^^^^^^^^^^^^^^
      = note: required for `UncheckedExtrinsic<AccountId20, RuntimeCall, EthereumSignature, (..., ..., ..., ..., ..., ..., ..., ..., ...)>` to implement `Extrinsic`
      = note: the full type name has been written to '/Users/snow/dev/Allfeat/Allfeat/target/debug/wbuild/harmonie-runtime/target/wasm32-unknown-unknown/release/deps/harmonie_runtime-3a5cda8230ca0104.long-type-5157894769791864636.txt'
      = note: required for `Block<Header<u32, BlakeTwo256>, UncheckedExtrinsic<AccountId20, RuntimeCall, EthereumSignature, ...>>` to implement `BlockT`
      = note: the full type name has been written to '/Users/snow/dev/Allfeat/Allfeat/target/debug/wbuild/harmonie-runtime/target/wasm32-unknown-unknown/release/deps/harmonie_runtime-3a5cda8230ca0104.long-type-6691357689991133965.txt'
      = note: this error originates in the attribute macro `frame_support::runtime` (in Nightly builds, run with -Z macro-backtrace for more info)

  error[E0277]: the trait bound `sp_runtime::generic::Block<sp_runtime::generic::Header<u32, sp_runtime::traits::BlakeTwo256>, fp_self_contained::UncheckedExtrinsic<fp_account::AccountId20, RuntimeCall, fp_account::EthereumSignature, (CheckNonZeroSender<Runtime>, CheckSpecVersion<Runtime>, CheckTxVersion<Runtime>, CheckGenesis<Runtime>, CheckEra<Runtime>, CheckNonce<Runtime>, CheckWeight<Runtime>, ChargeTransactionPayment<Runtime>, CheckMetadataHash<Runtime>)>>: parity_scale_codec::Encode` is not satisfied
     --> /Users/snow/dev/Allfeat/Allfeat/runtime/harmonie/src/lib.rs:283:7
      |
  283 |     impl sp_api::Metadata<Block> for Runtime {
      |          ^^^^^^^^^^^^^^^^^^^^^^^ the trait `parity_scale_codec::Encode` is not implemented for `Block<Header<u32, BlakeTwo256>, UncheckedExtrinsic<AccountId20, RuntimeCall, EthereumSignature, ...>>`, which is required by `sp_runtime::generic::Block<sp_runtime::generic::Header<u32, sp_runtime::traits::BlakeTwo256>, fp_self_contained::UncheckedExtrinsic<fp_account::AccountId20, RuntimeCall, fp_account::EthereumSignature, (CheckNonZeroSender<Runtime>, CheckSpecVersion<Runtime>, CheckTxVersion<Runtime>, CheckGenesis<Runtime>, CheckEra<Runtime>, CheckNonce<Runtime>, CheckWeight<Runtime>, ChargeTransactionPayment<Runtime>, CheckMetadataHash<Runtime>)>>: BlockT`
      |
      = help: the trait `parity_scale_codec::Encode` is implemented for `sp_runtime::generic::Block<Header, Extrinsic>`
      = note: required for `Block<Header<u32, BlakeTwo256>, UncheckedExtrinsic<AccountId20, RuntimeCall, EthereumSignature, ...>>` to implement `parity_scale_codec::Codec`
      = note: the full type name has been written to '/Users/snow/dev/Allfeat/Allfeat/target/debug/wbuild/harmonie-runtime/target/wasm32-unknown-unknown/release/deps/harmonie_runtime-3a5cda8230ca0104.long-type-6691357689991133965.txt'
      = note: required for `Block<Header<u32, BlakeTwo256>, UncheckedExtrinsic<AccountId20, RuntimeCall, EthereumSignature, ...>>` to implement `BlockT`
      = note: the full type name has been written to '/Users/snow/dev/Allfeat/Allfeat/target/debug/wbuild/harmonie-runtime/target/wasm32-unknown-unknown/release/deps/harmonie_runtime-3a5cda8230ca0104.long-type-6691357689991133965.txt'
  note: required by a bound in `MetadataV2`
     --> /Users/snow/.cargo/git/checkouts/polkadot-sdk-cff69157b985ed76/c4314f7/substrate/primitives/api/src/lib.rs:807:1
      |
  807 | / decl_runtime_apis! {
  808 | |     /// The `Core` runtime api that every Substrate runtime needs to implement.
  809 | |     #[core_trait]
  810 | |     #[api_version(5)]
  ...   |
  840 | |     }
  841 | | }
      | |_^ required by this bound in `MetadataV2`
      = note: this error originates in the macro `decl_runtime_apis` (in Nightly builds, run with -Z macro-backtrace for more info)

  error[E0277]: the trait bound `sp_runtime::generic::Block<sp_runtime::generic::Header<u32, sp_runtime::traits::BlakeTwo256>, fp_self_contained::UncheckedExtrinsic<fp_account::AccountId20, RuntimeCall, fp_account::EthereumSignature, (CheckNonZeroSender<Runtime>, CheckSpecVersion<Runtime>, CheckTxVersion<Runtime>, CheckGenesis<Runtime>, CheckEra<Runtime>, CheckNonce<Runtime>, CheckWeight<Runtime>, ChargeTransactionPayment<Runtime>, CheckMetadataHash<Runtime>)>>: parity_scale_codec::Decode` is not satisfied
     --> /Users/snow/dev/Allfeat/Allfeat/runtime/harmonie/src/lib.rs:283:7
      |
  283 |     impl sp_api::Metadata<Block> for Runtime {
      |          ^^^^^^^^^^^^^^^^^^^^^^^ the trait `parity_scale_codec::Decode` is not implemented for `Block<Header<u32, BlakeTwo256>, UncheckedExtrinsic<AccountId20, RuntimeCall, EthereumSignature, ...>>`, which is required by `sp_runtime::generic::Block<sp_runtime::generic::Header<u32, sp_runtime::traits::BlakeTwo256>, fp_self_contained::UncheckedExtrinsic<fp_account::AccountId20, RuntimeCall, fp_account::EthereumSignature, (CheckNonZeroSender<Runtime>, CheckSpecVersion<Runtime>, CheckTxVersion<Runtime>, CheckGenesis<Runtime>, CheckEra<Runtime>, CheckNonce<Runtime>, CheckWeight<Runtime>, ChargeTransactionPayment<Runtime>, CheckMetadataHash<Runtime>)>>: BlockT`
      |
      = help: the trait `parity_scale_codec::Decode` is implemented for `sp_runtime::generic::Block<Header, Extrinsic>`
      = note: required for `Block<Header<u32, BlakeTwo256>, UncheckedExtrinsic<AccountId20, RuntimeCall, EthereumSignature, ...>>` to implement `parity_scale_codec::Codec`
      = note: the full type name has been written to '/Users/snow/dev/Allfeat/Allfeat/target/debug/wbuild/harmonie-runtime/target/wasm32-unknown-unknown/release/deps/harmonie_runtime-3a5cda8230ca0104.long-type-6691357689991133965.txt'
      = note: required for `Block<Header<u32, BlakeTwo256>, UncheckedExtrinsic<AccountId20, RuntimeCall, EthereumSignature, ...>>` to implement `BlockT`
      = note: the full type name has been written to '/Users/snow/dev/Allfeat/Allfeat/target/debug/wbuild/harmonie-runtime/target/wasm32-unknown-unknown/release/deps/harmonie_runtime-3a5cda8230ca0104.long-type-6691357689991133965.txt'
  note: required by a bound in `MetadataV2`
     --> /Users/snow/.cargo/git/checkouts/polkadot-sdk-cff69157b985ed76/c4314f7/substrate/primitives/api/src/lib.rs:807:1
      |
  807 | / decl_runtime_apis! {
  808 | |     /// The `Core` runtime api that every Substrate runtime needs to implement.
  809 | |     #[core_trait]
  810 | |     #[api_version(5)]
  ...   |
  840 | |     }
  841 | | }
      | |_^ required by this bound in `MetadataV2`
      = note: this error originates in the macro `decl_runtime_apis` (in Nightly builds, run with -Z macro-backtrace for more info)

  error[E0277]: the trait bound `fp_self_contained::UncheckedExtrinsic<fp_account::AccountId20, RuntimeCall, fp_account::EthereumSignature, (CheckNonZeroSender<Runtime>, CheckSpecVersion<Runtime>, CheckTxVersion<Runtime>, CheckGenesis<Runtime>, CheckEra<Runtime>, CheckNonce<Runtime>, CheckWeight<Runtime>, ChargeTransactionPayment<Runtime>, CheckMetadataHash<Runtime>)>: parity_scale_codec::Decode` is not satisfied
     --> /Users/snow/dev/Allfeat/Allfeat/runtime/harmonie/src/lib.rs:283:7
      |
  283 |     impl sp_api::Metadata<Block> for Runtime {
      |          ^^^^^^^^^^^^^^^^^^^^^^^ the trait `parity_scale_codec::Decode` is not implemented for `UncheckedExtrinsic<AccountId20, RuntimeCall, EthereumSignature, (..., ..., ..., ..., ..., ..., ..., ..., ...)>`, which is required by `sp_runtime::generic::Block<sp_runtime::generic::Header<u32, sp_runtime::traits::BlakeTwo256>, fp_self_contained::UncheckedExtrinsic<fp_account::AccountId20, RuntimeCall, fp_account::EthereumSignature, (CheckNonZeroSender<Runtime>, CheckSpecVersion<Runtime>, CheckTxVersion<Runtime>, CheckGenesis<Runtime>, CheckEra<Runtime>, CheckNonce<Runtime>, CheckWeight<Runtime>, ChargeTransactionPayment<Runtime>, CheckMetadataHash<Runtime>)>>: BlockT`
      |
      = help: the trait `parity_scale_codec::Decode` is implemented for `fp_self_contained::UncheckedExtrinsic<Address, Call, Signature, Extra>`
      = note: required for `UncheckedExtrinsic<AccountId20, RuntimeCall, EthereumSignature, (..., ..., ..., ..., ..., ..., ..., ..., ...)>` to implement `parity_scale_codec::Codec`
      = note: the full type name has been written to '/Users/snow/dev/Allfeat/Allfeat/target/debug/wbuild/harmonie-runtime/target/wasm32-unknown-unknown/release/deps/harmonie_runtime-3a5cda8230ca0104.long-type-5157894769791864636.txt'
      = note: required for `Block<Header<u32, BlakeTwo256>, UncheckedExtrinsic<AccountId20, RuntimeCall, EthereumSignature, ...>>` to implement `BlockT`
      = note: the full type name has been written to '/Users/snow/dev/Allfeat/Allfeat/target/debug/wbuild/harmonie-runtime/target/wasm32-unknown-unknown/release/deps/harmonie_runtime-3a5cda8230ca0104.long-type-6691357689991133965.txt'

  error[E0277]: the trait bound `fp_self_contained::UncheckedExtrinsic<fp_account::AccountId20, RuntimeCall, fp_account::EthereumSignature, (CheckNonZeroSender<Runtime>, CheckSpecVersion<Runtime>, CheckTxVersion<Runtime>, CheckGenesis<Runtime>, CheckEra<Runtime>, CheckNonce<Runtime>, CheckWeight<Runtime>, ChargeTransactionPayment<Runtime>, CheckMetadataHash<Runtime>)>: parity_scale_codec::Encode` is not satisfied
     --> /Users/snow/dev/Allfeat/Allfeat/runtime/harmonie/src/lib.rs:283:7
      |
  283 |     impl sp_api::Metadata<Block> for Runtime {
      |          ^^^^^^^^^^^^^^^^^^^^^^^ the trait `parity_scale_codec::Encode` is not implemented for `UncheckedExtrinsic<AccountId20, RuntimeCall, EthereumSignature, (..., ..., ..., ..., ..., ..., ..., ..., ...)>`, which is required by `sp_runtime::generic::Block<sp_runtime::generic::Header<u32, sp_runtime::traits::BlakeTwo256>, fp_self_contained::UncheckedExtrinsic<fp_account::AccountId20, RuntimeCall, fp_account::EthereumSignature, (CheckNonZeroSender<Runtime>, CheckSpecVersion<Runtime>, CheckTxVersion<Runtime>, CheckGenesis<Runtime>, CheckEra<Runtime>, CheckNonce<Runtime>, CheckWeight<Runtime>, ChargeTransactionPayment<Runtime>, CheckMetadataHash<Runtime>)>>: BlockT`
      |
      = help: the trait `parity_scale_codec::Encode` is implemented for `fp_self_contained::UncheckedExtrinsic<Address, Call, Signature, Extra>`
      = note: required for `UncheckedExtrinsic<AccountId20, RuntimeCall, EthereumSignature, (..., ..., ..., ..., ..., ..., ..., ..., ...)>` to implement `parity_scale_codec::Codec`
      = note: the full type name has been written to '/Users/snow/dev/Allfeat/Allfeat/target/debug/wbuild/harmonie-runtime/target/wasm32-unknown-unknown/release/deps/harmonie_runtime-3a5cda8230ca0104.long-type-5157894769791864636.txt'
      = note: required for `Block<Header<u32, BlakeTwo256>, UncheckedExtrinsic<AccountId20, RuntimeCall, EthereumSignature, ...>>` to implement `BlockT`
      = note: the full type name has been written to '/Users/snow/dev/Allfeat/Allfeat/target/debug/wbuild/harmonie-runtime/target/wasm32-unknown-unknown/release/deps/harmonie_runtime-3a5cda8230ca0104.long-type-6691357689991133965.txt'

  error[E0277]: the trait bound `Runtime: pallet_session::historical::Config` is not satisfied
     --> /Users/snow/dev/Allfeat/Allfeat/runtime/harmonie/src/lib.rs:283:7
      |
  283 |     impl sp_api::Metadata<Block> for Runtime {
      |          ^^^^^^^^^^^^^^^^^^^^^^^ the trait `pallet_session::historical::Config` is not implemented for `Runtime`, which is required by `sp_runtime::generic::Block<sp_runtime::generic::Header<u32, sp_runtime::traits::BlakeTwo256>, fp_self_contained::UncheckedExtrinsic<fp_account::AccountId20, RuntimeCall, fp_account::EthereumSignature, (CheckNonZeroSender<Runtime>, CheckSpecVersion<Runtime>, CheckTxVersion<Runtime>, CheckGenesis<Runtime>, CheckEra<Runtime>, CheckNonce<Runtime>, CheckWeight<Runtime>, ChargeTransactionPayment<Runtime>, CheckMetadataHash<Runtime>)>>: BlockT`
      |
      = help: the trait `BlockT` is implemented for `sp_runtime::generic::Block<Header, Extrinsic>`
      = note: required for `pallet_session::historical::Pallet<Runtime>` to implement `KeyOwnerProofSystem<(KeyTypeId, sp_consensus_babe::app::Public)>`
  note: required because it appears within the type `pallet_babe::Call<Runtime>`
     --> /Users/snow/.cargo/git/checkouts/polkadot-sdk-cff69157b985ed76/c4314f7/substrate/frame/babe/src/lib.rs:399:12
      |
  399 |     #[pallet::call]
      |               ^^^^
  note: required because it appears within the type `RuntimeCall`
     --> /Users/snow/dev/Allfeat/Allfeat/runtime/harmonie/src/lib.rs:84:1
      |
  84  | #[frame_support::runtime]
      | ^^^^^^^^^^^^^^^^^^^^^^^^^
      = note: required for `UncheckedExtrinsic<AccountId20, RuntimeCall, EthereumSignature, (..., ..., ..., ..., ..., ..., ..., ..., ...)>` to implement `Extrinsic`
      = note: the full type name has been written to '/Users/snow/dev/Allfeat/Allfeat/target/debug/wbuild/harmonie-runtime/target/wasm32-unknown-unknown/release/deps/harmonie_runtime-3a5cda8230ca0104.long-type-5157894769791864636.txt'
      = note: required for `Block<Header<u32, BlakeTwo256>, UncheckedExtrinsic<AccountId20, RuntimeCall, EthereumSignature, ...>>` to implement `BlockT`
      = note: the full type name has been written to '/Users/snow/dev/Allfeat/Allfeat/target/debug/wbuild/harmonie-runtime/target/wasm32-unknown-unknown/release/deps/harmonie_runtime-3a5cda8230ca0104.long-type-6691357689991133965.txt'
      = note: this error originates in the attribute macro `frame_support::runtime` (in Nightly builds, run with -Z macro-backtrace for more info)

  error[E0277]: the trait bound `sp_runtime::generic::Block<sp_runtime::generic::Header<u32, sp_runtime::traits::BlakeTwo256>, fp_self_contained::UncheckedExtrinsic<fp_account::AccountId20, RuntimeCall, fp_account::EthereumSignature, (CheckNonZeroSender<Runtime>, CheckSpecVersion<Runtime>, CheckTxVersion<Runtime>, CheckGenesis<Runtime>, CheckEra<Runtime>, CheckNonce<Runtime>, CheckWeight<Runtime>, ChargeTransactionPayment<Runtime>, CheckMetadataHash<Runtime>)>>: parity_scale_codec::Encode` is not satisfied
     --> /Users/snow/dev/Allfeat/Allfeat/runtime/harmonie/src/lib.rs:297:7
      |
  297 |     impl sp_block_builder::BlockBuilder<Block> for Runtime {
      |          ^^^^^^^^^^^^^^^^^^^^^^^^^^^^^^^^^^^^^ the trait `parity_scale_codec::Encode` is not implemented for `Block<Header<u32, BlakeTwo256>, UncheckedExtrinsic<AccountId20, RuntimeCall, EthereumSignature, ...>>`, which is required by `sp_runtime::generic::Block<sp_runtime::generic::Header<u32, sp_runtime::traits::BlakeTwo256>, fp_self_contained::UncheckedExtrinsic<fp_account::AccountId20, RuntimeCall, fp_account::EthereumSignature, (CheckNonZeroSender<Runtime>, CheckSpecVersion<Runtime>, CheckTxVersion<Runtime>, CheckGenesis<Runtime>, CheckEra<Runtime>, CheckNonce<Runtime>, CheckWeight<Runtime>, ChargeTransactionPayment<Runtime>, CheckMetadataHash<Runtime>)>>: BlockT`
      |
      = help: the trait `parity_scale_codec::Encode` is implemented for `sp_runtime::generic::Block<Header, Extrinsic>`
      = note: required for `Block<Header<u32, BlakeTwo256>, UncheckedExtrinsic<AccountId20, RuntimeCall, EthereumSignature, ...>>` to implement `parity_scale_codec::Codec`
      = note: the full type name has been written to '/Users/snow/dev/Allfeat/Allfeat/target/debug/wbuild/harmonie-runtime/target/wasm32-unknown-unknown/release/deps/harmonie_runtime-3a5cda8230ca0104.long-type-6691357689991133965.txt'
      = note: required for `Block<Header<u32, BlakeTwo256>, UncheckedExtrinsic<AccountId20, RuntimeCall, EthereumSignature, ...>>` to implement `BlockT`
      = note: the full type name has been written to '/Users/snow/dev/Allfeat/Allfeat/target/debug/wbuild/harmonie-runtime/target/wasm32-unknown-unknown/release/deps/harmonie_runtime-3a5cda8230ca0104.long-type-6691357689991133965.txt'
  note: required by a bound in `BlockBuilder`
     --> /Users/snow/.cargo/git/checkouts/polkadot-sdk-cff69157b985ed76/c4314f7/substrate/primitives/block-builder/src/lib.rs:27:1
      |
  27  | / sp_api::decl_runtime_apis! {
  28  | |     /// The `BlockBuilder` api trait that provides the required functionality for building a block.
  29  | |     #[api_version(6)]
  30  | |     pub trait BlockBuilder {
  ...   |
  53  | |     }
  54  | | }
      | |_^ required by this bound in `BlockBuilderV6`
      = note: this error originates in the macro `sp_api::decl_runtime_apis` (in Nightly builds, run with -Z macro-backtrace for more info)

  error[E0277]: the trait bound `sp_runtime::generic::Block<sp_runtime::generic::Header<u32, sp_runtime::traits::BlakeTwo256>, fp_self_contained::UncheckedExtrinsic<fp_account::AccountId20, RuntimeCall, fp_account::EthereumSignature, (CheckNonZeroSender<Runtime>, CheckSpecVersion<Runtime>, CheckTxVersion<Runtime>, CheckGenesis<Runtime>, CheckEra<Runtime>, CheckNonce<Runtime>, CheckWeight<Runtime>, ChargeTransactionPayment<Runtime>, CheckMetadataHash<Runtime>)>>: parity_scale_codec::Decode` is not satisfied
     --> /Users/snow/dev/Allfeat/Allfeat/runtime/harmonie/src/lib.rs:297:7
      |
  297 |     impl sp_block_builder::BlockBuilder<Block> for Runtime {
      |          ^^^^^^^^^^^^^^^^^^^^^^^^^^^^^^^^^^^^^ the trait `parity_scale_codec::Decode` is not implemented for `Block<Header<u32, BlakeTwo256>, UncheckedExtrinsic<AccountId20, RuntimeCall, EthereumSignature, ...>>`, which is required by `sp_runtime::generic::Block<sp_runtime::generic::Header<u32, sp_runtime::traits::BlakeTwo256>, fp_self_contained::UncheckedExtrinsic<fp_account::AccountId20, RuntimeCall, fp_account::EthereumSignature, (CheckNonZeroSender<Runtime>, CheckSpecVersion<Runtime>, CheckTxVersion<Runtime>, CheckGenesis<Runtime>, CheckEra<Runtime>, CheckNonce<Runtime>, CheckWeight<Runtime>, ChargeTransactionPayment<Runtime>, CheckMetadataHash<Runtime>)>>: BlockT`
      |
      = help: the trait `parity_scale_codec::Decode` is implemented for `sp_runtime::generic::Block<Header, Extrinsic>`
      = note: required for `Block<Header<u32, BlakeTwo256>, UncheckedExtrinsic<AccountId20, RuntimeCall, EthereumSignature, ...>>` to implement `parity_scale_codec::Codec`
      = note: the full type name has been written to '/Users/snow/dev/Allfeat/Allfeat/target/debug/wbuild/harmonie-runtime/target/wasm32-unknown-unknown/release/deps/harmonie_runtime-3a5cda8230ca0104.long-type-6691357689991133965.txt'
      = note: required for `Block<Header<u32, BlakeTwo256>, UncheckedExtrinsic<AccountId20, RuntimeCall, EthereumSignature, ...>>` to implement `BlockT`
      = note: the full type name has been written to '/Users/snow/dev/Allfeat/Allfeat/target/debug/wbuild/harmonie-runtime/target/wasm32-unknown-unknown/release/deps/harmonie_runtime-3a5cda8230ca0104.long-type-6691357689991133965.txt'
  note: required by a bound in `BlockBuilder`
     --> /Users/snow/.cargo/git/checkouts/polkadot-sdk-cff69157b985ed76/c4314f7/substrate/primitives/block-builder/src/lib.rs:27:1
      |
  27  | / sp_api::decl_runtime_apis! {
  28  | |     /// The `BlockBuilder` api trait that provides the required functionality for building a block.
  29  | |     #[api_version(6)]
  30  | |     pub trait BlockBuilder {
  ...   |
  53  | |     }
  54  | | }
      | |_^ required by this bound in `BlockBuilderV6`
      = note: this error originates in the macro `sp_api::decl_runtime_apis` (in Nightly builds, run with -Z macro-backtrace for more info)

  error[E0277]: the trait bound `fp_self_contained::UncheckedExtrinsic<fp_account::AccountId20, RuntimeCall, fp_account::EthereumSignature, (CheckNonZeroSender<Runtime>, CheckSpecVersion<Runtime>, CheckTxVersion<Runtime>, CheckGenesis<Runtime>, CheckEra<Runtime>, CheckNonce<Runtime>, CheckWeight<Runtime>, ChargeTransactionPayment<Runtime>, CheckMetadataHash<Runtime>)>: parity_scale_codec::Decode` is not satisfied
     --> /Users/snow/dev/Allfeat/Allfeat/runtime/harmonie/src/lib.rs:297:7
      |
  297 |     impl sp_block_builder::BlockBuilder<Block> for Runtime {
      |          ^^^^^^^^^^^^^^^^^^^^^^^^^^^^^^^^^^^^^ the trait `parity_scale_codec::Decode` is not implemented for `UncheckedExtrinsic<AccountId20, RuntimeCall, EthereumSignature, (..., ..., ..., ..., ..., ..., ..., ..., ...)>`, which is required by `sp_runtime::generic::Block<sp_runtime::generic::Header<u32, sp_runtime::traits::BlakeTwo256>, fp_self_contained::UncheckedExtrinsic<fp_account::AccountId20, RuntimeCall, fp_account::EthereumSignature, (CheckNonZeroSender<Runtime>, CheckSpecVersion<Runtime>, CheckTxVersion<Runtime>, CheckGenesis<Runtime>, CheckEra<Runtime>, CheckNonce<Runtime>, CheckWeight<Runtime>, ChargeTransactionPayment<Runtime>, CheckMetadataHash<Runtime>)>>: BlockT`
      |
      = help: the trait `parity_scale_codec::Decode` is implemented for `fp_self_contained::UncheckedExtrinsic<Address, Call, Signature, Extra>`
      = note: required for `UncheckedExtrinsic<AccountId20, RuntimeCall, EthereumSignature, (..., ..., ..., ..., ..., ..., ..., ..., ...)>` to implement `parity_scale_codec::Codec`
      = note: the full type name has been written to '/Users/snow/dev/Allfeat/Allfeat/target/debug/wbuild/harmonie-runtime/target/wasm32-unknown-unknown/release/deps/harmonie_runtime-3a5cda8230ca0104.long-type-5157894769791864636.txt'
      = note: required for `Block<Header<u32, BlakeTwo256>, UncheckedExtrinsic<AccountId20, RuntimeCall, EthereumSignature, ...>>` to implement `BlockT`
      = note: the full type name has been written to '/Users/snow/dev/Allfeat/Allfeat/target/debug/wbuild/harmonie-runtime/target/wasm32-unknown-unknown/release/deps/harmonie_runtime-3a5cda8230ca0104.long-type-6691357689991133965.txt'

  error[E0277]: the trait bound `fp_self_contained::UncheckedExtrinsic<fp_account::AccountId20, RuntimeCall, fp_account::EthereumSignature, (CheckNonZeroSender<Runtime>, CheckSpecVersion<Runtime>, CheckTxVersion<Runtime>, CheckGenesis<Runtime>, CheckEra<Runtime>, CheckNonce<Runtime>, CheckWeight<Runtime>, ChargeTransactionPayment<Runtime>, CheckMetadataHash<Runtime>)>: parity_scale_codec::Encode` is not satisfied
     --> /Users/snow/dev/Allfeat/Allfeat/runtime/harmonie/src/lib.rs:297:7
      |
  297 |     impl sp_block_builder::BlockBuilder<Block> for Runtime {
      |          ^^^^^^^^^^^^^^^^^^^^^^^^^^^^^^^^^^^^^ the trait `parity_scale_codec::Encode` is not implemented for `UncheckedExtrinsic<AccountId20, RuntimeCall, EthereumSignature, (..., ..., ..., ..., ..., ..., ..., ..., ...)>`, which is required by `sp_runtime::generic::Block<sp_runtime::generic::Header<u32, sp_runtime::traits::BlakeTwo256>, fp_self_contained::UncheckedExtrinsic<fp_account::AccountId20, RuntimeCall, fp_account::EthereumSignature, (CheckNonZeroSender<Runtime>, CheckSpecVersion<Runtime>, CheckTxVersion<Runtime>, CheckGenesis<Runtime>, CheckEra<Runtime>, CheckNonce<Runtime>, CheckWeight<Runtime>, ChargeTransactionPayment<Runtime>, CheckMetadataHash<Runtime>)>>: BlockT`
      |
      = help: the trait `parity_scale_codec::Encode` is implemented for `fp_self_contained::UncheckedExtrinsic<Address, Call, Signature, Extra>`
      = note: required for `UncheckedExtrinsic<AccountId20, RuntimeCall, EthereumSignature, (..., ..., ..., ..., ..., ..., ..., ..., ...)>` to implement `parity_scale_codec::Codec`
      = note: the full type name has been written to '/Users/snow/dev/Allfeat/Allfeat/target/debug/wbuild/harmonie-runtime/target/wasm32-unknown-unknown/release/deps/harmonie_runtime-3a5cda8230ca0104.long-type-5157894769791864636.txt'
      = note: required for `Block<Header<u32, BlakeTwo256>, UncheckedExtrinsic<AccountId20, RuntimeCall, EthereumSignature, ...>>` to implement `BlockT`
      = note: the full type name has been written to '/Users/snow/dev/Allfeat/Allfeat/target/debug/wbuild/harmonie-runtime/target/wasm32-unknown-unknown/release/deps/harmonie_runtime-3a5cda8230ca0104.long-type-6691357689991133965.txt'

  error[E0277]: the trait bound `Runtime: pallet_session::historical::Config` is not satisfied
     --> /Users/snow/dev/Allfeat/Allfeat/runtime/harmonie/src/lib.rs:297:7
      |
  297 |     impl sp_block_builder::BlockBuilder<Block> for Runtime {
      |          ^^^^^^^^^^^^^^^^^^^^^^^^^^^^^^^^^^^^^ the trait `pallet_session::historical::Config` is not implemented for `Runtime`, which is required by `sp_runtime::generic::Block<sp_runtime::generic::Header<u32, sp_runtime::traits::BlakeTwo256>, fp_self_contained::UncheckedExtrinsic<fp_account::AccountId20, RuntimeCall, fp_account::EthereumSignature, (CheckNonZeroSender<Runtime>, CheckSpecVersion<Runtime>, CheckTxVersion<Runtime>, CheckGenesis<Runtime>, CheckEra<Runtime>, CheckNonce<Runtime>, CheckWeight<Runtime>, ChargeTransactionPayment<Runtime>, CheckMetadataHash<Runtime>)>>: BlockT`
      |
      = help: the trait `BlockT` is implemented for `sp_runtime::generic::Block<Header, Extrinsic>`
      = note: required for `pallet_session::historical::Pallet<Runtime>` to implement `KeyOwnerProofSystem<(KeyTypeId, sp_consensus_babe::app::Public)>`
  note: required because it appears within the type `pallet_babe::Call<Runtime>`
     --> /Users/snow/.cargo/git/checkouts/polkadot-sdk-cff69157b985ed76/c4314f7/substrate/frame/babe/src/lib.rs:399:12
      |
  399 |     #[pallet::call]
      |               ^^^^
  note: required because it appears within the type `RuntimeCall`
     --> /Users/snow/dev/Allfeat/Allfeat/runtime/harmonie/src/lib.rs:84:1
      |
  84  | #[frame_support::runtime]
      | ^^^^^^^^^^^^^^^^^^^^^^^^^
      = note: required for `UncheckedExtrinsic<AccountId20, RuntimeCall, EthereumSignature, (..., ..., ..., ..., ..., ..., ..., ..., ...)>` to implement `Extrinsic`
      = note: the full type name has been written to '/Users/snow/dev/Allfeat/Allfeat/target/debug/wbuild/harmonie-runtime/target/wasm32-unknown-unknown/release/deps/harmonie_runtime-3a5cda8230ca0104.long-type-5157894769791864636.txt'
      = note: required for `Block<Header<u32, BlakeTwo256>, UncheckedExtrinsic<AccountId20, RuntimeCall, EthereumSignature, ...>>` to implement `BlockT`
      = note: the full type name has been written to '/Users/snow/dev/Allfeat/Allfeat/target/debug/wbuild/harmonie-runtime/target/wasm32-unknown-unknown/release/deps/harmonie_runtime-3a5cda8230ca0104.long-type-6691357689991133965.txt'
      = note: this error originates in the attribute macro `frame_support::runtime` (in Nightly builds, run with -Z macro-backtrace for more info)

  error[E0277]: the trait bound `fp_self_contained::UncheckedExtrinsic<fp_account::AccountId20, RuntimeCall, fp_account::EthereumSignature, (CheckNonZeroSender<Runtime>, CheckSpecVersion<Runtime>, CheckTxVersion<Runtime>, CheckGenesis<Runtime>, CheckEra<Runtime>, CheckNonce<Runtime>, CheckWeight<Runtime>, ChargeTransactionPayment<Runtime>, CheckMetadataHash<Runtime>)>: parity_scale_codec::Decode` is not satisfied
     --> /Users/snow/dev/Allfeat/Allfeat/runtime/harmonie/src/lib.rs:298:3
      |
  298 |         fn apply_extrinsic(extrinsic: <Block as sp_runtime::traits::Block>::Extrinsic) -> sp_runtime::ApplyExtrinsicResult {
      |         ^^^^^^^^^^^^^^^^^^^^^^^^^^^^^^^^^^^^^^^^^^^^^^^^^^^^^^^^^^^^^^^^^^^^^^^^^^^^^^^^^^^^^^^^^^^^^^^^^^^^^^^^^^^^^^^^^^ the trait `parity_scale_codec::Decode` is not implemented for `UncheckedExtrinsic<AccountId20, RuntimeCall, EthereumSignature, (..., ..., ..., ..., ..., ..., ..., ..., ...)>`, which is required by `sp_runtime::generic::Block<sp_runtime::generic::Header<u32, sp_runtime::traits::BlakeTwo256>, fp_self_contained::UncheckedExtrinsic<fp_account::AccountId20, RuntimeCall, fp_account::EthereumSignature, (CheckNonZeroSender<Runtime>, CheckSpecVersion<Runtime>, CheckTxVersion<Runtime>, CheckGenesis<Runtime>, CheckEra<Runtime>, CheckNonce<Runtime>, CheckWeight<Runtime>, ChargeTransactionPayment<Runtime>, CheckMetadataHash<Runtime>)>>: BlockT`
      |
      = help: the trait `parity_scale_codec::Decode` is implemented for `fp_self_contained::UncheckedExtrinsic<Address, Call, Signature, Extra>`
      = note: required for `UncheckedExtrinsic<AccountId20, RuntimeCall, EthereumSignature, (..., ..., ..., ..., ..., ..., ..., ..., ...)>` to implement `parity_scale_codec::Codec`
      = note: the full type name has been written to '/Users/snow/dev/Allfeat/Allfeat/target/debug/wbuild/harmonie-runtime/target/wasm32-unknown-unknown/release/deps/harmonie_runtime-3a5cda8230ca0104.long-type-5157894769791864636.txt'
      = note: required for `Block<Header<u32, BlakeTwo256>, UncheckedExtrinsic<AccountId20, RuntimeCall, EthereumSignature, ...>>` to implement `BlockT`
      = note: the full type name has been written to '/Users/snow/dev/Allfeat/Allfeat/target/debug/wbuild/harmonie-runtime/target/wasm32-unknown-unknown/release/deps/harmonie_runtime-3a5cda8230ca0104.long-type-6691357689991133965.txt'

  error[E0277]: the trait bound `fp_self_contained::UncheckedExtrinsic<fp_account::AccountId20, RuntimeCall, fp_account::EthereumSignature, (CheckNonZeroSender<Runtime>, CheckSpecVersion<Runtime>, CheckTxVersion<Runtime>, CheckGenesis<Runtime>, CheckEra<Runtime>, CheckNonce<Runtime>, CheckWeight<Runtime>, ChargeTransactionPayment<Runtime>, CheckMetadataHash<Runtime>)>: parity_scale_codec::Encode` is not satisfied
     --> /Users/snow/dev/Allfeat/Allfeat/runtime/harmonie/src/lib.rs:298:3
      |
  298 |         fn apply_extrinsic(extrinsic: <Block as sp_runtime::traits::Block>::Extrinsic) -> sp_runtime::ApplyExtrinsicResult {
      |         ^^^^^^^^^^^^^^^^^^^^^^^^^^^^^^^^^^^^^^^^^^^^^^^^^^^^^^^^^^^^^^^^^^^^^^^^^^^^^^^^^^^^^^^^^^^^^^^^^^^^^^^^^^^^^^^^^^ the trait `parity_scale_codec::Encode` is not implemented for `UncheckedExtrinsic<AccountId20, RuntimeCall, EthereumSignature, (..., ..., ..., ..., ..., ..., ..., ..., ...)>`, which is required by `sp_runtime::generic::Block<sp_runtime::generic::Header<u32, sp_runtime::traits::BlakeTwo256>, fp_self_contained::UncheckedExtrinsic<fp_account::AccountId20, RuntimeCall, fp_account::EthereumSignature, (CheckNonZeroSender<Runtime>, CheckSpecVersion<Runtime>, CheckTxVersion<Runtime>, CheckGenesis<Runtime>, CheckEra<Runtime>, CheckNonce<Runtime>, CheckWeight<Runtime>, ChargeTransactionPayment<Runtime>, CheckMetadataHash<Runtime>)>>: BlockT`
      |
      = help: the trait `parity_scale_codec::Encode` is implemented for `fp_self_contained::UncheckedExtrinsic<Address, Call, Signature, Extra>`
      = note: required for `UncheckedExtrinsic<AccountId20, RuntimeCall, EthereumSignature, (..., ..., ..., ..., ..., ..., ..., ..., ...)>` to implement `parity_scale_codec::Codec`
      = note: the full type name has been written to '/Users/snow/dev/Allfeat/Allfeat/target/debug/wbuild/harmonie-runtime/target/wasm32-unknown-unknown/release/deps/harmonie_runtime-3a5cda8230ca0104.long-type-5157894769791864636.txt'
      = note: required for `Block<Header<u32, BlakeTwo256>, UncheckedExtrinsic<AccountId20, RuntimeCall, EthereumSignature, ...>>` to implement `BlockT`
      = note: the full type name has been written to '/Users/snow/dev/Allfeat/Allfeat/target/debug/wbuild/harmonie-runtime/target/wasm32-unknown-unknown/release/deps/harmonie_runtime-3a5cda8230ca0104.long-type-6691357689991133965.txt'

  error[E0277]: the trait bound `Runtime: pallet_session::historical::Config` is not satisfied
     --> /Users/snow/dev/Allfeat/Allfeat/runtime/harmonie/src/lib.rs:298:3
      |
  298 |         fn apply_extrinsic(extrinsic: <Block as sp_runtime::traits::Block>::Extrinsic) -> sp_runtime::ApplyExtrinsicResult {
      |         ^^^^^^^^^^^^^^^^^^^^^^^^^^^^^^^^^^^^^^^^^^^^^^^^^^^^^^^^^^^^^^^^^^^^^^^^^^^^^^^^^^^^^^^^^^^^^^^^^^^^^^^^^^^^^^^^^^ the trait `pallet_session::historical::Config` is not implemented for `Runtime`, which is required by `sp_runtime::generic::Block<sp_runtime::generic::Header<u32, sp_runtime::traits::BlakeTwo256>, fp_self_contained::UncheckedExtrinsic<fp_account::AccountId20, RuntimeCall, fp_account::EthereumSignature, (CheckNonZeroSender<Runtime>, CheckSpecVersion<Runtime>, CheckTxVersion<Runtime>, CheckGenesis<Runtime>, CheckEra<Runtime>, CheckNonce<Runtime>, CheckWeight<Runtime>, ChargeTransactionPayment<Runtime>, CheckMetadataHash<Runtime>)>>: BlockT`
      |
      = help: the trait `BlockT` is implemented for `sp_runtime::generic::Block<Header, Extrinsic>`
      = note: required for `pallet_session::historical::Pallet<Runtime>` to implement `KeyOwnerProofSystem<(KeyTypeId, sp_consensus_babe::app::Public)>`
  note: required because it appears within the type `pallet_babe::Call<Runtime>`
     --> /Users/snow/.cargo/git/checkouts/polkadot-sdk-cff69157b985ed76/c4314f7/substrate/frame/babe/src/lib.rs:399:12
      |
  399 |     #[pallet::call]
      |               ^^^^
  note: required because it appears within the type `RuntimeCall`
     --> /Users/snow/dev/Allfeat/Allfeat/runtime/harmonie/src/lib.rs:84:1
      |
  84  | #[frame_support::runtime]
      | ^^^^^^^^^^^^^^^^^^^^^^^^^
      = note: required for `UncheckedExtrinsic<AccountId20, RuntimeCall, EthereumSignature, (..., ..., ..., ..., ..., ..., ..., ..., ...)>` to implement `Extrinsic`
      = note: the full type name has been written to '/Users/snow/dev/Allfeat/Allfeat/target/debug/wbuild/harmonie-runtime/target/wasm32-unknown-unknown/release/deps/harmonie_runtime-3a5cda8230ca0104.long-type-5157894769791864636.txt'
      = note: required for `Block<Header<u32, BlakeTwo256>, UncheckedExtrinsic<AccountId20, RuntimeCall, EthereumSignature, ...>>` to implement `BlockT`
      = note: the full type name has been written to '/Users/snow/dev/Allfeat/Allfeat/target/debug/wbuild/harmonie-runtime/target/wasm32-unknown-unknown/release/deps/harmonie_runtime-3a5cda8230ca0104.long-type-6691357689991133965.txt'
      = note: this error originates in the attribute macro `frame_support::runtime` (in Nightly builds, run with -Z macro-backtrace for more info)

  error[E0277]: the trait bound `fp_self_contained::UncheckedExtrinsic<fp_account::AccountId20, RuntimeCall, fp_account::EthereumSignature, (CheckNonZeroSender<Runtime>, CheckSpecVersion<Runtime>, CheckTxVersion<Runtime>, CheckGenesis<Runtime>, CheckEra<Runtime>, CheckNonce<Runtime>, CheckWeight<Runtime>, ChargeTransactionPayment<Runtime>, CheckMetadataHash<Runtime>)>: parity_scale_codec::Decode` is not satisfied
     --> /Users/snow/dev/Allfeat/Allfeat/runtime/harmonie/src/lib.rs:302:3
      |
  302 |         fn finalize_block() -> <Block as sp_runtime::traits::Block>::Header {
      |         ^^^^^^^^^^^^^^^^^^^^^^^^^^^^^^^^^^^^^^^^^^^^^^^^^^^^^^^^^^^^^^^^^^^ the trait `parity_scale_codec::Decode` is not implemented for `UncheckedExtrinsic<AccountId20, RuntimeCall, EthereumSignature, (..., ..., ..., ..., ..., ..., ..., ..., ...)>`, which is required by `sp_runtime::generic::Block<sp_runtime::generic::Header<u32, sp_runtime::traits::BlakeTwo256>, fp_self_contained::UncheckedExtrinsic<fp_account::AccountId20, RuntimeCall, fp_account::EthereumSignature, (CheckNonZeroSender<Runtime>, CheckSpecVersion<Runtime>, CheckTxVersion<Runtime>, CheckGenesis<Runtime>, CheckEra<Runtime>, CheckNonce<Runtime>, CheckWeight<Runtime>, ChargeTransactionPayment<Runtime>, CheckMetadataHash<Runtime>)>>: BlockT`
      |
      = help: the trait `parity_scale_codec::Decode` is implemented for `fp_self_contained::UncheckedExtrinsic<Address, Call, Signature, Extra>`
      = note: required for `UncheckedExtrinsic<AccountId20, RuntimeCall, EthereumSignature, (..., ..., ..., ..., ..., ..., ..., ..., ...)>` to implement `parity_scale_codec::Codec`
      = note: the full type name has been written to '/Users/snow/dev/Allfeat/Allfeat/target/debug/wbuild/harmonie-runtime/target/wasm32-unknown-unknown/release/deps/harmonie_runtime-3a5cda8230ca0104.long-type-5157894769791864636.txt'
      = note: required for `Block<Header<u32, BlakeTwo256>, UncheckedExtrinsic<AccountId20, RuntimeCall, EthereumSignature, ...>>` to implement `BlockT`
      = note: the full type name has been written to '/Users/snow/dev/Allfeat/Allfeat/target/debug/wbuild/harmonie-runtime/target/wasm32-unknown-unknown/release/deps/harmonie_runtime-3a5cda8230ca0104.long-type-6691357689991133965.txt'

  error[E0277]: the trait bound `fp_self_contained::UncheckedExtrinsic<fp_account::AccountId20, RuntimeCall, fp_account::EthereumSignature, (CheckNonZeroSender<Runtime>, CheckSpecVersion<Runtime>, CheckTxVersion<Runtime>, CheckGenesis<Runtime>, CheckEra<Runtime>, CheckNonce<Runtime>, CheckWeight<Runtime>, ChargeTransactionPayment<Runtime>, CheckMetadataHash<Runtime>)>: parity_scale_codec::Encode` is not satisfied
     --> /Users/snow/dev/Allfeat/Allfeat/runtime/harmonie/src/lib.rs:302:3
      |
  302 |         fn finalize_block() -> <Block as sp_runtime::traits::Block>::Header {
      |         ^^^^^^^^^^^^^^^^^^^^^^^^^^^^^^^^^^^^^^^^^^^^^^^^^^^^^^^^^^^^^^^^^^^ the trait `parity_scale_codec::Encode` is not implemented for `UncheckedExtrinsic<AccountId20, RuntimeCall, EthereumSignature, (..., ..., ..., ..., ..., ..., ..., ..., ...)>`, which is required by `sp_runtime::generic::Block<sp_runtime::generic::Header<u32, sp_runtime::traits::BlakeTwo256>, fp_self_contained::UncheckedExtrinsic<fp_account::AccountId20, RuntimeCall, fp_account::EthereumSignature, (CheckNonZeroSender<Runtime>, CheckSpecVersion<Runtime>, CheckTxVersion<Runtime>, CheckGenesis<Runtime>, CheckEra<Runtime>, CheckNonce<Runtime>, CheckWeight<Runtime>, ChargeTransactionPayment<Runtime>, CheckMetadataHash<Runtime>)>>: BlockT`
      |
      = help: the trait `parity_scale_codec::Encode` is implemented for `fp_self_contained::UncheckedExtrinsic<Address, Call, Signature, Extra>`
      = note: required for `UncheckedExtrinsic<AccountId20, RuntimeCall, EthereumSignature, (..., ..., ..., ..., ..., ..., ..., ..., ...)>` to implement `parity_scale_codec::Codec`
      = note: the full type name has been written to '/Users/snow/dev/Allfeat/Allfeat/target/debug/wbuild/harmonie-runtime/target/wasm32-unknown-unknown/release/deps/harmonie_runtime-3a5cda8230ca0104.long-type-5157894769791864636.txt'
      = note: required for `Block<Header<u32, BlakeTwo256>, UncheckedExtrinsic<AccountId20, RuntimeCall, EthereumSignature, ...>>` to implement `BlockT`
      = note: the full type name has been written to '/Users/snow/dev/Allfeat/Allfeat/target/debug/wbuild/harmonie-runtime/target/wasm32-unknown-unknown/release/deps/harmonie_runtime-3a5cda8230ca0104.long-type-6691357689991133965.txt'

  error[E0277]: the trait bound `Runtime: pallet_session::historical::Config` is not satisfied
     --> /Users/snow/dev/Allfeat/Allfeat/runtime/harmonie/src/lib.rs:302:3
      |
  302 |         fn finalize_block() -> <Block as sp_runtime::traits::Block>::Header {
      |         ^^^^^^^^^^^^^^^^^^^^^^^^^^^^^^^^^^^^^^^^^^^^^^^^^^^^^^^^^^^^^^^^^^^ the trait `pallet_session::historical::Config` is not implemented for `Runtime`, which is required by `sp_runtime::generic::Block<sp_runtime::generic::Header<u32, sp_runtime::traits::BlakeTwo256>, fp_self_contained::UncheckedExtrinsic<fp_account::AccountId20, RuntimeCall, fp_account::EthereumSignature, (CheckNonZeroSender<Runtime>, CheckSpecVersion<Runtime>, CheckTxVersion<Runtime>, CheckGenesis<Runtime>, CheckEra<Runtime>, CheckNonce<Runtime>, CheckWeight<Runtime>, ChargeTransactionPayment<Runtime>, CheckMetadataHash<Runtime>)>>: BlockT`
      |
      = help: the trait `BlockT` is implemented for `sp_runtime::generic::Block<Header, Extrinsic>`
      = note: required for `pallet_session::historical::Pallet<Runtime>` to implement `KeyOwnerProofSystem<(KeyTypeId, sp_consensus_babe::app::Public)>`
  note: required because it appears within the type `pallet_babe::Call<Runtime>`
     --> /Users/snow/.cargo/git/checkouts/polkadot-sdk-cff69157b985ed76/c4314f7/substrate/frame/babe/src/lib.rs:399:12
      |
  399 |     #[pallet::call]
      |               ^^^^
  note: required because it appears within the type `RuntimeCall`
     --> /Users/snow/dev/Allfeat/Allfeat/runtime/harmonie/src/lib.rs:84:1
      |
  84  | #[frame_support::runtime]
      | ^^^^^^^^^^^^^^^^^^^^^^^^^
      = note: required for `UncheckedExtrinsic<AccountId20, RuntimeCall, EthereumSignature, (..., ..., ..., ..., ..., ..., ..., ..., ...)>` to implement `Extrinsic`
      = note: the full type name has been written to '/Users/snow/dev/Allfeat/Allfeat/target/debug/wbuild/harmonie-runtime/target/wasm32-unknown-unknown/release/deps/harmonie_runtime-3a5cda8230ca0104.long-type-5157894769791864636.txt'
      = note: required for `Block<Header<u32, BlakeTwo256>, UncheckedExtrinsic<AccountId20, RuntimeCall, EthereumSignature, ...>>` to implement `BlockT`
      = note: the full type name has been written to '/Users/snow/dev/Allfeat/Allfeat/target/debug/wbuild/harmonie-runtime/target/wasm32-unknown-unknown/release/deps/harmonie_runtime-3a5cda8230ca0104.long-type-6691357689991133965.txt'
      = note: this error originates in the attribute macro `frame_support::runtime` (in Nightly builds, run with -Z macro-backtrace for more info)

  error[E0277]: the trait bound `fp_self_contained::UncheckedExtrinsic<fp_account::AccountId20, RuntimeCall, fp_account::EthereumSignature, (CheckNonZeroSender<Runtime>, CheckSpecVersion<Runtime>, CheckTxVersion<Runtime>, CheckGenesis<Runtime>, CheckEra<Runtime>, CheckNonce<Runtime>, CheckWeight<Runtime>, ChargeTransactionPayment<Runtime>, CheckMetadataHash<Runtime>)>: parity_scale_codec::Decode` is not satisfied
     --> /Users/snow/dev/Allfeat/Allfeat/runtime/harmonie/src/lib.rs:306:3
      |
  306 |         fn inherent_extrinsics(data: InherentData) -> Vec<<Block as sp_runtime::traits::Block>::Extrinsic> {
      |         ^^^^^^^^^^^^^^^^^^^^^^^^^^^^^^^^^^^^^^^^^^^^^^^^^^^^^^^^^^^^^^^^^^^^^^^^^^^^^^^^^^^^^^^^^^^^^^^^^^ the trait `parity_scale_codec::Decode` is not implemented for `UncheckedExtrinsic<AccountId20, RuntimeCall, EthereumSignature, (..., ..., ..., ..., ..., ..., ..., ..., ...)>`, which is required by `sp_runtime::generic::Block<sp_runtime::generic::Header<u32, sp_runtime::traits::BlakeTwo256>, fp_self_contained::UncheckedExtrinsic<fp_account::AccountId20, RuntimeCall, fp_account::EthereumSignature, (CheckNonZeroSender<Runtime>, CheckSpecVersion<Runtime>, CheckTxVersion<Runtime>, CheckGenesis<Runtime>, CheckEra<Runtime>, CheckNonce<Runtime>, CheckWeight<Runtime>, ChargeTransactionPayment<Runtime>, CheckMetadataHash<Runtime>)>>: BlockT`
      |
      = help: the trait `parity_scale_codec::Decode` is implemented for `fp_self_contained::UncheckedExtrinsic<Address, Call, Signature, Extra>`
      = note: required for `UncheckedExtrinsic<AccountId20, RuntimeCall, EthereumSignature, (..., ..., ..., ..., ..., ..., ..., ..., ...)>` to implement `parity_scale_codec::Codec`
      = note: the full type name has been written to '/Users/snow/dev/Allfeat/Allfeat/target/debug/wbuild/harmonie-runtime/target/wasm32-unknown-unknown/release/deps/harmonie_runtime-3a5cda8230ca0104.long-type-5157894769791864636.txt'
      = note: required for `Block<Header<u32, BlakeTwo256>, UncheckedExtrinsic<AccountId20, RuntimeCall, EthereumSignature, ...>>` to implement `BlockT`
      = note: the full type name has been written to '/Users/snow/dev/Allfeat/Allfeat/target/debug/wbuild/harmonie-runtime/target/wasm32-unknown-unknown/release/deps/harmonie_runtime-3a5cda8230ca0104.long-type-6691357689991133965.txt'

  error[E0277]: the trait bound `fp_self_contained::UncheckedExtrinsic<fp_account::AccountId20, RuntimeCall, fp_account::EthereumSignature, (CheckNonZeroSender<Runtime>, CheckSpecVersion<Runtime>, CheckTxVersion<Runtime>, CheckGenesis<Runtime>, CheckEra<Runtime>, CheckNonce<Runtime>, CheckWeight<Runtime>, ChargeTransactionPayment<Runtime>, CheckMetadataHash<Runtime>)>: parity_scale_codec::Encode` is not satisfied
     --> /Users/snow/dev/Allfeat/Allfeat/runtime/harmonie/src/lib.rs:306:3
      |
  306 |         fn inherent_extrinsics(data: InherentData) -> Vec<<Block as sp_runtime::traits::Block>::Extrinsic> {
      |         ^^^^^^^^^^^^^^^^^^^^^^^^^^^^^^^^^^^^^^^^^^^^^^^^^^^^^^^^^^^^^^^^^^^^^^^^^^^^^^^^^^^^^^^^^^^^^^^^^^ the trait `parity_scale_codec::Encode` is not implemented for `UncheckedExtrinsic<AccountId20, RuntimeCall, EthereumSignature, (..., ..., ..., ..., ..., ..., ..., ..., ...)>`, which is required by `sp_runtime::generic::Block<sp_runtime::generic::Header<u32, sp_runtime::traits::BlakeTwo256>, fp_self_contained::UncheckedExtrinsic<fp_account::AccountId20, RuntimeCall, fp_account::EthereumSignature, (CheckNonZeroSender<Runtime>, CheckSpecVersion<Runtime>, CheckTxVersion<Runtime>, CheckGenesis<Runtime>, CheckEra<Runtime>, CheckNonce<Runtime>, CheckWeight<Runtime>, ChargeTransactionPayment<Runtime>, CheckMetadataHash<Runtime>)>>: BlockT`
      |
      = help: the trait `parity_scale_codec::Encode` is implemented for `fp_self_contained::UncheckedExtrinsic<Address, Call, Signature, Extra>`
      = note: required for `UncheckedExtrinsic<AccountId20, RuntimeCall, EthereumSignature, (..., ..., ..., ..., ..., ..., ..., ..., ...)>` to implement `parity_scale_codec::Codec`
      = note: the full type name has been written to '/Users/snow/dev/Allfeat/Allfeat/target/debug/wbuild/harmonie-runtime/target/wasm32-unknown-unknown/release/deps/harmonie_runtime-3a5cda8230ca0104.long-type-5157894769791864636.txt'
      = note: required for `Block<Header<u32, BlakeTwo256>, UncheckedExtrinsic<AccountId20, RuntimeCall, EthereumSignature, ...>>` to implement `BlockT`
      = note: the full type name has been written to '/Users/snow/dev/Allfeat/Allfeat/target/debug/wbuild/harmonie-runtime/target/wasm32-unknown-unknown/release/deps/harmonie_runtime-3a5cda8230ca0104.long-type-6691357689991133965.txt'

  error[E0277]: the trait bound `Runtime: pallet_session::historical::Config` is not satisfied
     --> /Users/snow/dev/Allfeat/Allfeat/runtime/harmonie/src/lib.rs:306:3
      |
  306 |         fn inherent_extrinsics(data: InherentData) -> Vec<<Block as sp_runtime::traits::Block>::Extrinsic> {
      |         ^^^^^^^^^^^^^^^^^^^^^^^^^^^^^^^^^^^^^^^^^^^^^^^^^^^^^^^^^^^^^^^^^^^^^^^^^^^^^^^^^^^^^^^^^^^^^^^^^^ the trait `pallet_session::historical::Config` is not implemented for `Runtime`, which is required by `sp_runtime::generic::Block<sp_runtime::generic::Header<u32, sp_runtime::traits::BlakeTwo256>, fp_self_contained::UncheckedExtrinsic<fp_account::AccountId20, RuntimeCall, fp_account::EthereumSignature, (CheckNonZeroSender<Runtime>, CheckSpecVersion<Runtime>, CheckTxVersion<Runtime>, CheckGenesis<Runtime>, CheckEra<Runtime>, CheckNonce<Runtime>, CheckWeight<Runtime>, ChargeTransactionPayment<Runtime>, CheckMetadataHash<Runtime>)>>: BlockT`
      |
      = help: the trait `BlockT` is implemented for `sp_runtime::generic::Block<Header, Extrinsic>`
      = note: required for `pallet_session::historical::Pallet<Runtime>` to implement `KeyOwnerProofSystem<(KeyTypeId, sp_consensus_babe::app::Public)>`
  note: required because it appears within the type `pallet_babe::Call<Runtime>`
     --> /Users/snow/.cargo/git/checkouts/polkadot-sdk-cff69157b985ed76/c4314f7/substrate/frame/babe/src/lib.rs:399:12
      |
  399 |     #[pallet::call]
      |               ^^^^
  note: required because it appears within the type `RuntimeCall`
     --> /Users/snow/dev/Allfeat/Allfeat/runtime/harmonie/src/lib.rs:84:1
      |
  84  | #[frame_support::runtime]
      | ^^^^^^^^^^^^^^^^^^^^^^^^^
      = note: required for `UncheckedExtrinsic<AccountId20, RuntimeCall, EthereumSignature, (..., ..., ..., ..., ..., ..., ..., ..., ...)>` to implement `Extrinsic`
      = note: the full type name has been written to '/Users/snow/dev/Allfeat/Allfeat/target/debug/wbuild/harmonie-runtime/target/wasm32-unknown-unknown/release/deps/harmonie_runtime-3a5cda8230ca0104.long-type-5157894769791864636.txt'
      = note: required for `Block<Header<u32, BlakeTwo256>, UncheckedExtrinsic<AccountId20, RuntimeCall, EthereumSignature, ...>>` to implement `BlockT`
      = note: the full type name has been written to '/Users/snow/dev/Allfeat/Allfeat/target/debug/wbuild/harmonie-runtime/target/wasm32-unknown-unknown/release/deps/harmonie_runtime-3a5cda8230ca0104.long-type-6691357689991133965.txt'
      = note: this error originates in the attribute macro `frame_support::runtime` (in Nightly builds, run with -Z macro-backtrace for more info)

  error[E0277]: the trait bound `sp_runtime::generic::Block<sp_runtime::generic::Header<u32, sp_runtime::traits::BlakeTwo256>, fp_self_contained::UncheckedExtrinsic<fp_account::AccountId20, RuntimeCall, fp_account::EthereumSignature, (CheckNonZeroSender<Runtime>, CheckSpecVersion<Runtime>, CheckTxVersion<Runtime>, CheckGenesis<Runtime>, CheckEra<Runtime>, CheckNonce<Runtime>, CheckWeight<Runtime>, ChargeTransactionPayment<Runtime>, CheckMetadataHash<Runtime>)>>: parity_scale_codec::Encode` is not satisfied
     --> /Users/snow/dev/Allfeat/Allfeat/runtime/harmonie/src/lib.rs:315:7
      |
  315 |     impl sp_transaction_pool::runtime_api::TaggedTransactionQueue<Block> for Runtime {
      |          ^^^^^^^^^^^^^^^^^^^^^^^^^^^^^^^^^^^^^^^^^^^^^^^^^^^^^^^^^^^^^^^ the trait `parity_scale_codec::Encode` is not implemented for `Block<Header<u32, BlakeTwo256>, UncheckedExtrinsic<AccountId20, RuntimeCall, EthereumSignature, ...>>`, which is required by `sp_runtime::generic::Block<sp_runtime::generic::Header<u32, sp_runtime::traits::BlakeTwo256>, fp_self_contained::UncheckedExtrinsic<fp_account::AccountId20, RuntimeCall, fp_account::EthereumSignature, (CheckNonZeroSender<Runtime>, CheckSpecVersion<Runtime>, CheckTxVersion<Runtime>, CheckGenesis<Runtime>, CheckEra<Runtime>, CheckNonce<Runtime>, CheckWeight<Runtime>, ChargeTransactionPayment<Runtime>, CheckMetadataHash<Runtime>)>>: BlockT`
      |
      = help: the trait `parity_scale_codec::Encode` is implemented for `sp_runtime::generic::Block<Header, Extrinsic>`
      = note: required for `Block<Header<u32, BlakeTwo256>, UncheckedExtrinsic<AccountId20, RuntimeCall, EthereumSignature, ...>>` to implement `parity_scale_codec::Codec`
      = note: the full type name has been written to '/Users/snow/dev/Allfeat/Allfeat/target/debug/wbuild/harmonie-runtime/target/wasm32-unknown-unknown/release/deps/harmonie_runtime-3a5cda8230ca0104.long-type-6691357689991133965.txt'
      = note: required for `Block<Header<u32, BlakeTwo256>, UncheckedExtrinsic<AccountId20, RuntimeCall, EthereumSignature, ...>>` to implement `BlockT`
      = note: the full type name has been written to '/Users/snow/dev/Allfeat/Allfeat/target/debug/wbuild/harmonie-runtime/target/wasm32-unknown-unknown/release/deps/harmonie_runtime-3a5cda8230ca0104.long-type-6691357689991133965.txt'
  note: required by a bound in `TaggedTransactionQueue`
     --> /Users/snow/.cargo/git/checkouts/polkadot-sdk-cff69157b985ed76/c4314f7/substrate/primitives/transaction-pool/src/runtime_api.rs:25:1
      |
  25  | / sp_api::decl_runtime_apis! {
  26  | |     /// The `TaggedTransactionQueue` api trait for interfering with the transaction queue.
  27  | |     #[api_version(3)]
  28  | |     pub trait TaggedTransactionQueue {
  ...   |
  54  | |     }
  55  | | }
      | |_^ required by this bound in `TaggedTransactionQueueV3`
      = note: this error originates in the macro `sp_api::decl_runtime_apis` (in Nightly builds, run with -Z macro-backtrace for more info)

  error[E0277]: the trait bound `sp_runtime::generic::Block<sp_runtime::generic::Header<u32, sp_runtime::traits::BlakeTwo256>, fp_self_contained::UncheckedExtrinsic<fp_account::AccountId20, RuntimeCall, fp_account::EthereumSignature, (CheckNonZeroSender<Runtime>, CheckSpecVersion<Runtime>, CheckTxVersion<Runtime>, CheckGenesis<Runtime>, CheckEra<Runtime>, CheckNonce<Runtime>, CheckWeight<Runtime>, ChargeTransactionPayment<Runtime>, CheckMetadataHash<Runtime>)>>: parity_scale_codec::Decode` is not satisfied
     --> /Users/snow/dev/Allfeat/Allfeat/runtime/harmonie/src/lib.rs:315:7
      |
  315 |     impl sp_transaction_pool::runtime_api::TaggedTransactionQueue<Block> for Runtime {
      |          ^^^^^^^^^^^^^^^^^^^^^^^^^^^^^^^^^^^^^^^^^^^^^^^^^^^^^^^^^^^^^^^ the trait `parity_scale_codec::Decode` is not implemented for `Block<Header<u32, BlakeTwo256>, UncheckedExtrinsic<AccountId20, RuntimeCall, EthereumSignature, ...>>`, which is required by `sp_runtime::generic::Block<sp_runtime::generic::Header<u32, sp_runtime::traits::BlakeTwo256>, fp_self_contained::UncheckedExtrinsic<fp_account::AccountId20, RuntimeCall, fp_account::EthereumSignature, (CheckNonZeroSender<Runtime>, CheckSpecVersion<Runtime>, CheckTxVersion<Runtime>, CheckGenesis<Runtime>, CheckEra<Runtime>, CheckNonce<Runtime>, CheckWeight<Runtime>, ChargeTransactionPayment<Runtime>, CheckMetadataHash<Runtime>)>>: BlockT`
      |
      = help: the trait `parity_scale_codec::Decode` is implemented for `sp_runtime::generic::Block<Header, Extrinsic>`
      = note: required for `Block<Header<u32, BlakeTwo256>, UncheckedExtrinsic<AccountId20, RuntimeCall, EthereumSignature, ...>>` to implement `parity_scale_codec::Codec`
      = note: the full type name has been written to '/Users/snow/dev/Allfeat/Allfeat/target/debug/wbuild/harmonie-runtime/target/wasm32-unknown-unknown/release/deps/harmonie_runtime-3a5cda8230ca0104.long-type-6691357689991133965.txt'
      = note: required for `Block<Header<u32, BlakeTwo256>, UncheckedExtrinsic<AccountId20, RuntimeCall, EthereumSignature, ...>>` to implement `BlockT`
      = note: the full type name has been written to '/Users/snow/dev/Allfeat/Allfeat/target/debug/wbuild/harmonie-runtime/target/wasm32-unknown-unknown/release/deps/harmonie_runtime-3a5cda8230ca0104.long-type-6691357689991133965.txt'
  note: required by a bound in `TaggedTransactionQueue`
     --> /Users/snow/.cargo/git/checkouts/polkadot-sdk-cff69157b985ed76/c4314f7/substrate/primitives/transaction-pool/src/runtime_api.rs:25:1
      |
  25  | / sp_api::decl_runtime_apis! {
  26  | |     /// The `TaggedTransactionQueue` api trait for interfering with the transaction queue.
  27  | |     #[api_version(3)]
  28  | |     pub trait TaggedTransactionQueue {
  ...   |
  54  | |     }
  55  | | }
      | |_^ required by this bound in `TaggedTransactionQueueV3`
      = note: this error originates in the macro `sp_api::decl_runtime_apis` (in Nightly builds, run with -Z macro-backtrace for more info)

  error[E0277]: the trait bound `fp_self_contained::UncheckedExtrinsic<fp_account::AccountId20, RuntimeCall, fp_account::EthereumSignature, (CheckNonZeroSender<Runtime>, CheckSpecVersion<Runtime>, CheckTxVersion<Runtime>, CheckGenesis<Runtime>, CheckEra<Runtime>, CheckNonce<Runtime>, CheckWeight<Runtime>, ChargeTransactionPayment<Runtime>, CheckMetadataHash<Runtime>)>: parity_scale_codec::Decode` is not satisfied
     --> /Users/snow/dev/Allfeat/Allfeat/runtime/harmonie/src/lib.rs:315:7
      |
  315 |     impl sp_transaction_pool::runtime_api::TaggedTransactionQueue<Block> for Runtime {
      |          ^^^^^^^^^^^^^^^^^^^^^^^^^^^^^^^^^^^^^^^^^^^^^^^^^^^^^^^^^^^^^^^ the trait `parity_scale_codec::Decode` is not implemented for `UncheckedExtrinsic<AccountId20, RuntimeCall, EthereumSignature, (..., ..., ..., ..., ..., ..., ..., ..., ...)>`, which is required by `sp_runtime::generic::Block<sp_runtime::generic::Header<u32, sp_runtime::traits::BlakeTwo256>, fp_self_contained::UncheckedExtrinsic<fp_account::AccountId20, RuntimeCall, fp_account::EthereumSignature, (CheckNonZeroSender<Runtime>, CheckSpecVersion<Runtime>, CheckTxVersion<Runtime>, CheckGenesis<Runtime>, CheckEra<Runtime>, CheckNonce<Runtime>, CheckWeight<Runtime>, ChargeTransactionPayment<Runtime>, CheckMetadataHash<Runtime>)>>: BlockT`
      |
      = help: the trait `parity_scale_codec::Decode` is implemented for `fp_self_contained::UncheckedExtrinsic<Address, Call, Signature, Extra>`
      = note: required for `UncheckedExtrinsic<AccountId20, RuntimeCall, EthereumSignature, (..., ..., ..., ..., ..., ..., ..., ..., ...)>` to implement `parity_scale_codec::Codec`
      = note: the full type name has been written to '/Users/snow/dev/Allfeat/Allfeat/target/debug/wbuild/harmonie-runtime/target/wasm32-unknown-unknown/release/deps/harmonie_runtime-3a5cda8230ca0104.long-type-5157894769791864636.txt'
      = note: required for `Block<Header<u32, BlakeTwo256>, UncheckedExtrinsic<AccountId20, RuntimeCall, EthereumSignature, ...>>` to implement `BlockT`
      = note: the full type name has been written to '/Users/snow/dev/Allfeat/Allfeat/target/debug/wbuild/harmonie-runtime/target/wasm32-unknown-unknown/release/deps/harmonie_runtime-3a5cda8230ca0104.long-type-6691357689991133965.txt'

  error[E0277]: the trait bound `fp_self_contained::UncheckedExtrinsic<fp_account::AccountId20, RuntimeCall, fp_account::EthereumSignature, (CheckNonZeroSender<Runtime>, CheckSpecVersion<Runtime>, CheckTxVersion<Runtime>, CheckGenesis<Runtime>, CheckEra<Runtime>, CheckNonce<Runtime>, CheckWeight<Runtime>, ChargeTransactionPayment<Runtime>, CheckMetadataHash<Runtime>)>: parity_scale_codec::Encode` is not satisfied
     --> /Users/snow/dev/Allfeat/Allfeat/runtime/harmonie/src/lib.rs:315:7
      |
  315 |     impl sp_transaction_pool::runtime_api::TaggedTransactionQueue<Block> for Runtime {
      |          ^^^^^^^^^^^^^^^^^^^^^^^^^^^^^^^^^^^^^^^^^^^^^^^^^^^^^^^^^^^^^^^ the trait `parity_scale_codec::Encode` is not implemented for `UncheckedExtrinsic<AccountId20, RuntimeCall, EthereumSignature, (..., ..., ..., ..., ..., ..., ..., ..., ...)>`, which is required by `sp_runtime::generic::Block<sp_runtime::generic::Header<u32, sp_runtime::traits::BlakeTwo256>, fp_self_contained::UncheckedExtrinsic<fp_account::AccountId20, RuntimeCall, fp_account::EthereumSignature, (CheckNonZeroSender<Runtime>, CheckSpecVersion<Runtime>, CheckTxVersion<Runtime>, CheckGenesis<Runtime>, CheckEra<Runtime>, CheckNonce<Runtime>, CheckWeight<Runtime>, ChargeTransactionPayment<Runtime>, CheckMetadataHash<Runtime>)>>: BlockT`
      |
      = help: the trait `parity_scale_codec::Encode` is implemented for `fp_self_contained::UncheckedExtrinsic<Address, Call, Signature, Extra>`
      = note: required for `UncheckedExtrinsic<AccountId20, RuntimeCall, EthereumSignature, (..., ..., ..., ..., ..., ..., ..., ..., ...)>` to implement `parity_scale_codec::Codec`
      = note: the full type name has been written to '/Users/snow/dev/Allfeat/Allfeat/target/debug/wbuild/harmonie-runtime/target/wasm32-unknown-unknown/release/deps/harmonie_runtime-3a5cda8230ca0104.long-type-5157894769791864636.txt'
      = note: required for `Block<Header<u32, BlakeTwo256>, UncheckedExtrinsic<AccountId20, RuntimeCall, EthereumSignature, ...>>` to implement `BlockT`
      = note: the full type name has been written to '/Users/snow/dev/Allfeat/Allfeat/target/debug/wbuild/harmonie-runtime/target/wasm32-unknown-unknown/release/deps/harmonie_runtime-3a5cda8230ca0104.long-type-6691357689991133965.txt'

  error[E0277]: the trait bound `Runtime: pallet_session::historical::Config` is not satisfied
     --> /Users/snow/dev/Allfeat/Allfeat/runtime/harmonie/src/lib.rs:315:7
      |
  315 |     impl sp_transaction_pool::runtime_api::TaggedTransactionQueue<Block> for Runtime {
      |          ^^^^^^^^^^^^^^^^^^^^^^^^^^^^^^^^^^^^^^^^^^^^^^^^^^^^^^^^^^^^^^^ the trait `pallet_session::historical::Config` is not implemented for `Runtime`, which is required by `sp_runtime::generic::Block<sp_runtime::generic::Header<u32, sp_runtime::traits::BlakeTwo256>, fp_self_contained::UncheckedExtrinsic<fp_account::AccountId20, RuntimeCall, fp_account::EthereumSignature, (CheckNonZeroSender<Runtime>, CheckSpecVersion<Runtime>, CheckTxVersion<Runtime>, CheckGenesis<Runtime>, CheckEra<Runtime>, CheckNonce<Runtime>, CheckWeight<Runtime>, ChargeTransactionPayment<Runtime>, CheckMetadataHash<Runtime>)>>: BlockT`
      |
      = help: the trait `BlockT` is implemented for `sp_runtime::generic::Block<Header, Extrinsic>`
      = note: required for `pallet_session::historical::Pallet<Runtime>` to implement `KeyOwnerProofSystem<(KeyTypeId, sp_consensus_babe::app::Public)>`
  note: required because it appears within the type `pallet_babe::Call<Runtime>`
     --> /Users/snow/.cargo/git/checkouts/polkadot-sdk-cff69157b985ed76/c4314f7/substrate/frame/babe/src/lib.rs:399:12
      |
  399 |     #[pallet::call]
      |               ^^^^
  note: required because it appears within the type `RuntimeCall`
     --> /Users/snow/dev/Allfeat/Allfeat/runtime/harmonie/src/lib.rs:84:1
      |
  84  | #[frame_support::runtime]
      | ^^^^^^^^^^^^^^^^^^^^^^^^^
      = note: required for `UncheckedExtrinsic<AccountId20, RuntimeCall, EthereumSignature, (..., ..., ..., ..., ..., ..., ..., ..., ...)>` to implement `Extrinsic`
      = note: the full type name has been written to '/Users/snow/dev/Allfeat/Allfeat/target/debug/wbuild/harmonie-runtime/target/wasm32-unknown-unknown/release/deps/harmonie_runtime-3a5cda8230ca0104.long-type-5157894769791864636.txt'
      = note: required for `Block<Header<u32, BlakeTwo256>, UncheckedExtrinsic<AccountId20, RuntimeCall, EthereumSignature, ...>>` to implement `BlockT`
      = note: the full type name has been written to '/Users/snow/dev/Allfeat/Allfeat/target/debug/wbuild/harmonie-runtime/target/wasm32-unknown-unknown/release/deps/harmonie_runtime-3a5cda8230ca0104.long-type-6691357689991133965.txt'
      = note: this error originates in the attribute macro `frame_support::runtime` (in Nightly builds, run with -Z macro-backtrace for more info)

  error[E0277]: the trait bound `fp_self_contained::UncheckedExtrinsic<fp_account::AccountId20, RuntimeCall, fp_account::EthereumSignature, (CheckNonZeroSender<Runtime>, CheckSpecVersion<Runtime>, CheckTxVersion<Runtime>, CheckGenesis<Runtime>, CheckEra<Runtime>, CheckNonce<Runtime>, CheckWeight<Runtime>, ChargeTransactionPayment<Runtime>, CheckMetadataHash<Runtime>)>: parity_scale_codec::Decode` is not satisfied
     --> /Users/snow/dev/Allfeat/Allfeat/runtime/harmonie/src/lib.rs:316:3
      |
  316 | /         fn validate_transaction(
  317 | |             source: TransactionSource,
  318 | |             tx: <Block as sp_runtime::traits::Block>::Extrinsic,
  319 | |             block_hash: <Block as sp_runtime::traits::Block>::Hash,
  320 | |         ) -> TransactionValidity {
      | |________________________________^ the trait `parity_scale_codec::Decode` is not implemented for `UncheckedExtrinsic<AccountId20, RuntimeCall, EthereumSignature, (..., ..., ..., ..., ..., ..., ..., ..., ...)>`, which is required by `sp_runtime::generic::Block<sp_runtime::generic::Header<u32, sp_runtime::traits::BlakeTwo256>, fp_self_contained::UncheckedExtrinsic<fp_account::AccountId20, RuntimeCall, fp_account::EthereumSignature, (CheckNonZeroSender<Runtime>, CheckSpecVersion<Runtime>, CheckTxVersion<Runtime>, CheckGenesis<Runtime>, CheckEra<Runtime>, CheckNonce<Runtime>, CheckWeight<Runtime>, ChargeTransactionPayment<Runtime>, CheckMetadataHash<Runtime>)>>: BlockT`
      |
      = help: the trait `parity_scale_codec::Decode` is implemented for `fp_self_contained::UncheckedExtrinsic<Address, Call, Signature, Extra>`
      = note: required for `UncheckedExtrinsic<AccountId20, RuntimeCall, EthereumSignature, (..., ..., ..., ..., ..., ..., ..., ..., ...)>` to implement `parity_scale_codec::Codec`
      = note: the full type name has been written to '/Users/snow/dev/Allfeat/Allfeat/target/debug/wbuild/harmonie-runtime/target/wasm32-unknown-unknown/release/deps/harmonie_runtime-3a5cda8230ca0104.long-type-5157894769791864636.txt'
      = note: required for `Block<Header<u32, BlakeTwo256>, UncheckedExtrinsic<AccountId20, RuntimeCall, EthereumSignature, ...>>` to implement `BlockT`
      = note: the full type name has been written to '/Users/snow/dev/Allfeat/Allfeat/target/debug/wbuild/harmonie-runtime/target/wasm32-unknown-unknown/release/deps/harmonie_runtime-3a5cda8230ca0104.long-type-6691357689991133965.txt'

  error[E0277]: the trait bound `fp_self_contained::UncheckedExtrinsic<fp_account::AccountId20, RuntimeCall, fp_account::EthereumSignature, (CheckNonZeroSender<Runtime>, CheckSpecVersion<Runtime>, CheckTxVersion<Runtime>, CheckGenesis<Runtime>, CheckEra<Runtime>, CheckNonce<Runtime>, CheckWeight<Runtime>, ChargeTransactionPayment<Runtime>, CheckMetadataHash<Runtime>)>: parity_scale_codec::Encode` is not satisfied
     --> /Users/snow/dev/Allfeat/Allfeat/runtime/harmonie/src/lib.rs:316:3
      |
  316 | /         fn validate_transaction(
  317 | |             source: TransactionSource,
  318 | |             tx: <Block as sp_runtime::traits::Block>::Extrinsic,
  319 | |             block_hash: <Block as sp_runtime::traits::Block>::Hash,
  320 | |         ) -> TransactionValidity {
      | |________________________________^ the trait `parity_scale_codec::Encode` is not implemented for `UncheckedExtrinsic<AccountId20, RuntimeCall, EthereumSignature, (..., ..., ..., ..., ..., ..., ..., ..., ...)>`, which is required by `sp_runtime::generic::Block<sp_runtime::generic::Header<u32, sp_runtime::traits::BlakeTwo256>, fp_self_contained::UncheckedExtrinsic<fp_account::AccountId20, RuntimeCall, fp_account::EthereumSignature, (CheckNonZeroSender<Runtime>, CheckSpecVersion<Runtime>, CheckTxVersion<Runtime>, CheckGenesis<Runtime>, CheckEra<Runtime>, CheckNonce<Runtime>, CheckWeight<Runtime>, ChargeTransactionPayment<Runtime>, CheckMetadataHash<Runtime>)>>: BlockT`
      |
      = help: the trait `parity_scale_codec::Encode` is implemented for `fp_self_contained::UncheckedExtrinsic<Address, Call, Signature, Extra>`
      = note: required for `UncheckedExtrinsic<AccountId20, RuntimeCall, EthereumSignature, (..., ..., ..., ..., ..., ..., ..., ..., ...)>` to implement `parity_scale_codec::Codec`
      = note: the full type name has been written to '/Users/snow/dev/Allfeat/Allfeat/target/debug/wbuild/harmonie-runtime/target/wasm32-unknown-unknown/release/deps/harmonie_runtime-3a5cda8230ca0104.long-type-5157894769791864636.txt'
      = note: required for `Block<Header<u32, BlakeTwo256>, UncheckedExtrinsic<AccountId20, RuntimeCall, EthereumSignature, ...>>` to implement `BlockT`
      = note: the full type name has been written to '/Users/snow/dev/Allfeat/Allfeat/target/debug/wbuild/harmonie-runtime/target/wasm32-unknown-unknown/release/deps/harmonie_runtime-3a5cda8230ca0104.long-type-6691357689991133965.txt'

  error[E0277]: the trait bound `Runtime: pallet_session::historical::Config` is not satisfied
     --> /Users/snow/dev/Allfeat/Allfeat/runtime/harmonie/src/lib.rs:316:3
      |
  316 | /         fn validate_transaction(
  317 | |             source: TransactionSource,
  318 | |             tx: <Block as sp_runtime::traits::Block>::Extrinsic,
  319 | |             block_hash: <Block as sp_runtime::traits::Block>::Hash,
  320 | |         ) -> TransactionValidity {
      | |________________________________^ the trait `pallet_session::historical::Config` is not implemented for `Runtime`, which is required by `sp_runtime::generic::Block<sp_runtime::generic::Header<u32, sp_runtime::traits::BlakeTwo256>, fp_self_contained::UncheckedExtrinsic<fp_account::AccountId20, RuntimeCall, fp_account::EthereumSignature, (CheckNonZeroSender<Runtime>, CheckSpecVersion<Runtime>, CheckTxVersion<Runtime>, CheckGenesis<Runtime>, CheckEra<Runtime>, CheckNonce<Runtime>, CheckWeight<Runtime>, ChargeTransactionPayment<Runtime>, CheckMetadataHash<Runtime>)>>: BlockT`
      |
      = help: the trait `BlockT` is implemented for `sp_runtime::generic::Block<Header, Extrinsic>`
      = note: required for `pallet_session::historical::Pallet<Runtime>` to implement `KeyOwnerProofSystem<(KeyTypeId, sp_consensus_babe::app::Public)>`
  note: required because it appears within the type `pallet_babe::Call<Runtime>`
     --> /Users/snow/.cargo/git/checkouts/polkadot-sdk-cff69157b985ed76/c4314f7/substrate/frame/babe/src/lib.rs:399:12
      |
  399 |     #[pallet::call]
      |               ^^^^
  note: required because it appears within the type `RuntimeCall`
     --> /Users/snow/dev/Allfeat/Allfeat/runtime/harmonie/src/lib.rs:84:1
      |
  84  | #[frame_support::runtime]
      | ^^^^^^^^^^^^^^^^^^^^^^^^^
      = note: required for `UncheckedExtrinsic<AccountId20, RuntimeCall, EthereumSignature, (..., ..., ..., ..., ..., ..., ..., ..., ...)>` to implement `Extrinsic`
      = note: the full type name has been written to '/Users/snow/dev/Allfeat/Allfeat/target/debug/wbuild/harmonie-runtime/target/wasm32-unknown-unknown/release/deps/harmonie_runtime-3a5cda8230ca0104.long-type-5157894769791864636.txt'
      = note: required for `Block<Header<u32, BlakeTwo256>, UncheckedExtrinsic<AccountId20, RuntimeCall, EthereumSignature, ...>>` to implement `BlockT`
      = note: the full type name has been written to '/Users/snow/dev/Allfeat/Allfeat/target/debug/wbuild/harmonie-runtime/target/wasm32-unknown-unknown/release/deps/harmonie_runtime-3a5cda8230ca0104.long-type-6691357689991133965.txt'
      = note: this error originates in the attribute macro `frame_support::runtime` (in Nightly builds, run with -Z macro-backtrace for more info)

  error[E0277]: the trait bound `sp_runtime::generic::Block<sp_runtime::generic::Header<u32, sp_runtime::traits::BlakeTwo256>, fp_self_contained::UncheckedExtrinsic<fp_account::AccountId20, RuntimeCall, fp_account::EthereumSignature, (CheckNonZeroSender<Runtime>, CheckSpecVersion<Runtime>, CheckTxVersion<Runtime>, CheckGenesis<Runtime>, CheckEra<Runtime>, CheckNonce<Runtime>, CheckWeight<Runtime>, ChargeTransactionPayment<Runtime>, CheckMetadataHash<Runtime>)>>: parity_scale_codec::Encode` is not satisfied
     --> /Users/snow/dev/Allfeat/Allfeat/runtime/harmonie/src/lib.rs:325:7
      |
  325 |     impl sp_offchain::OffchainWorkerApi<Block> for Runtime {
      |          ^^^^^^^^^^^^^^^^^^^^^^^^^^^^^^^^^^^^^ the trait `parity_scale_codec::Encode` is not implemented for `Block<Header<u32, BlakeTwo256>, UncheckedExtrinsic<AccountId20, RuntimeCall, EthereumSignature, ...>>`, which is required by `sp_runtime::generic::Block<sp_runtime::generic::Header<u32, sp_runtime::traits::BlakeTwo256>, fp_self_contained::UncheckedExtrinsic<fp_account::AccountId20, RuntimeCall, fp_account::EthereumSignature, (CheckNonZeroSender<Runtime>, CheckSpecVersion<Runtime>, CheckTxVersion<Runtime>, CheckGenesis<Runtime>, CheckEra<Runtime>, CheckNonce<Runtime>, CheckWeight<Runtime>, ChargeTransactionPayment<Runtime>, CheckMetadataHash<Runtime>)>>: BlockT`
      |
      = help: the trait `parity_scale_codec::Encode` is implemented for `sp_runtime::generic::Block<Header, Extrinsic>`
      = note: required for `Block<Header<u32, BlakeTwo256>, UncheckedExtrinsic<AccountId20, RuntimeCall, EthereumSignature, ...>>` to implement `parity_scale_codec::Codec`
      = note: the full type name has been written to '/Users/snow/dev/Allfeat/Allfeat/target/debug/wbuild/harmonie-runtime/target/wasm32-unknown-unknown/release/deps/harmonie_runtime-3a5cda8230ca0104.long-type-6691357689991133965.txt'
      = note: required for `Block<Header<u32, BlakeTwo256>, UncheckedExtrinsic<AccountId20, RuntimeCall, EthereumSignature, ...>>` to implement `BlockT`
      = note: the full type name has been written to '/Users/snow/dev/Allfeat/Allfeat/target/debug/wbuild/harmonie-runtime/target/wasm32-unknown-unknown/release/deps/harmonie_runtime-3a5cda8230ca0104.long-type-6691357689991133965.txt'
  note: required by a bound in `OffchainWorkerApi`
     --> /Users/snow/.cargo/git/checkouts/polkadot-sdk-cff69157b985ed76/c4314f7/substrate/primitives/offchain/src/lib.rs:26:1
      |
  26  | / sp_api::decl_runtime_apis! {
  27  | |     /// The offchain worker api.
  28  | |     #[api_version(2)]
  29  | |     pub trait OffchainWorkerApi {
  ...   |
  36  | |     }
  37  | | }
      | |_^ required by this bound in `OffchainWorkerApiV2`
      = note: this error originates in the macro `sp_api::decl_runtime_apis` (in Nightly builds, run with -Z macro-backtrace for more info)

  error[E0277]: the trait bound `sp_runtime::generic::Block<sp_runtime::generic::Header<u32, sp_runtime::traits::BlakeTwo256>, fp_self_contained::UncheckedExtrinsic<fp_account::AccountId20, RuntimeCall, fp_account::EthereumSignature, (CheckNonZeroSender<Runtime>, CheckSpecVersion<Runtime>, CheckTxVersion<Runtime>, CheckGenesis<Runtime>, CheckEra<Runtime>, CheckNonce<Runtime>, CheckWeight<Runtime>, ChargeTransactionPayment<Runtime>, CheckMetadataHash<Runtime>)>>: parity_scale_codec::Decode` is not satisfied
     --> /Users/snow/dev/Allfeat/Allfeat/runtime/harmonie/src/lib.rs:325:7
      |
  325 |     impl sp_offchain::OffchainWorkerApi<Block> for Runtime {
      |          ^^^^^^^^^^^^^^^^^^^^^^^^^^^^^^^^^^^^^ the trait `parity_scale_codec::Decode` is not implemented for `Block<Header<u32, BlakeTwo256>, UncheckedExtrinsic<AccountId20, RuntimeCall, EthereumSignature, ...>>`, which is required by `sp_runtime::generic::Block<sp_runtime::generic::Header<u32, sp_runtime::traits::BlakeTwo256>, fp_self_contained::UncheckedExtrinsic<fp_account::AccountId20, RuntimeCall, fp_account::EthereumSignature, (CheckNonZeroSender<Runtime>, CheckSpecVersion<Runtime>, CheckTxVersion<Runtime>, CheckGenesis<Runtime>, CheckEra<Runtime>, CheckNonce<Runtime>, CheckWeight<Runtime>, ChargeTransactionPayment<Runtime>, CheckMetadataHash<Runtime>)>>: BlockT`
      |
      = help: the trait `parity_scale_codec::Decode` is implemented for `sp_runtime::generic::Block<Header, Extrinsic>`
      = note: required for `Block<Header<u32, BlakeTwo256>, UncheckedExtrinsic<AccountId20, RuntimeCall, EthereumSignature, ...>>` to implement `parity_scale_codec::Codec`
      = note: the full type name has been written to '/Users/snow/dev/Allfeat/Allfeat/target/debug/wbuild/harmonie-runtime/target/wasm32-unknown-unknown/release/deps/harmonie_runtime-3a5cda8230ca0104.long-type-6691357689991133965.txt'
      = note: required for `Block<Header<u32, BlakeTwo256>, UncheckedExtrinsic<AccountId20, RuntimeCall, EthereumSignature, ...>>` to implement `BlockT`
      = note: the full type name has been written to '/Users/snow/dev/Allfeat/Allfeat/target/debug/wbuild/harmonie-runtime/target/wasm32-unknown-unknown/release/deps/harmonie_runtime-3a5cda8230ca0104.long-type-6691357689991133965.txt'
  note: required by a bound in `OffchainWorkerApi`
     --> /Users/snow/.cargo/git/checkouts/polkadot-sdk-cff69157b985ed76/c4314f7/substrate/primitives/offchain/src/lib.rs:26:1
      |
  26  | / sp_api::decl_runtime_apis! {
  27  | |     /// The offchain worker api.
  28  | |     #[api_version(2)]
  29  | |     pub trait OffchainWorkerApi {
  ...   |
  36  | |     }
  37  | | }
      | |_^ required by this bound in `OffchainWorkerApiV2`
      = note: this error originates in the macro `sp_api::decl_runtime_apis` (in Nightly builds, run with -Z macro-backtrace for more info)

  error[E0277]: the trait bound `fp_self_contained::UncheckedExtrinsic<fp_account::AccountId20, RuntimeCall, fp_account::EthereumSignature, (CheckNonZeroSender<Runtime>, CheckSpecVersion<Runtime>, CheckTxVersion<Runtime>, CheckGenesis<Runtime>, CheckEra<Runtime>, CheckNonce<Runtime>, CheckWeight<Runtime>, ChargeTransactionPayment<Runtime>, CheckMetadataHash<Runtime>)>: parity_scale_codec::Decode` is not satisfied
     --> /Users/snow/dev/Allfeat/Allfeat/runtime/harmonie/src/lib.rs:325:7
      |
  325 |     impl sp_offchain::OffchainWorkerApi<Block> for Runtime {
      |          ^^^^^^^^^^^^^^^^^^^^^^^^^^^^^^^^^^^^^ the trait `parity_scale_codec::Decode` is not implemented for `UncheckedExtrinsic<AccountId20, RuntimeCall, EthereumSignature, (..., ..., ..., ..., ..., ..., ..., ..., ...)>`, which is required by `sp_runtime::generic::Block<sp_runtime::generic::Header<u32, sp_runtime::traits::BlakeTwo256>, fp_self_contained::UncheckedExtrinsic<fp_account::AccountId20, RuntimeCall, fp_account::EthereumSignature, (CheckNonZeroSender<Runtime>, CheckSpecVersion<Runtime>, CheckTxVersion<Runtime>, CheckGenesis<Runtime>, CheckEra<Runtime>, CheckNonce<Runtime>, CheckWeight<Runtime>, ChargeTransactionPayment<Runtime>, CheckMetadataHash<Runtime>)>>: BlockT`
      |
      = help: the trait `parity_scale_codec::Decode` is implemented for `fp_self_contained::UncheckedExtrinsic<Address, Call, Signature, Extra>`
      = note: required for `UncheckedExtrinsic<AccountId20, RuntimeCall, EthereumSignature, (..., ..., ..., ..., ..., ..., ..., ..., ...)>` to implement `parity_scale_codec::Codec`
      = note: the full type name has been written to '/Users/snow/dev/Allfeat/Allfeat/target/debug/wbuild/harmonie-runtime/target/wasm32-unknown-unknown/release/deps/harmonie_runtime-3a5cda8230ca0104.long-type-5157894769791864636.txt'
      = note: required for `Block<Header<u32, BlakeTwo256>, UncheckedExtrinsic<AccountId20, RuntimeCall, EthereumSignature, ...>>` to implement `BlockT`
      = note: the full type name has been written to '/Users/snow/dev/Allfeat/Allfeat/target/debug/wbuild/harmonie-runtime/target/wasm32-unknown-unknown/release/deps/harmonie_runtime-3a5cda8230ca0104.long-type-6691357689991133965.txt'

  error[E0277]: the trait bound `fp_self_contained::UncheckedExtrinsic<fp_account::AccountId20, RuntimeCall, fp_account::EthereumSignature, (CheckNonZeroSender<Runtime>, CheckSpecVersion<Runtime>, CheckTxVersion<Runtime>, CheckGenesis<Runtime>, CheckEra<Runtime>, CheckNonce<Runtime>, CheckWeight<Runtime>, ChargeTransactionPayment<Runtime>, CheckMetadataHash<Runtime>)>: parity_scale_codec::Encode` is not satisfied
     --> /Users/snow/dev/Allfeat/Allfeat/runtime/harmonie/src/lib.rs:325:7
      |
  325 |     impl sp_offchain::OffchainWorkerApi<Block> for Runtime {
      |          ^^^^^^^^^^^^^^^^^^^^^^^^^^^^^^^^^^^^^ the trait `parity_scale_codec::Encode` is not implemented for `UncheckedExtrinsic<AccountId20, RuntimeCall, EthereumSignature, (..., ..., ..., ..., ..., ..., ..., ..., ...)>`, which is required by `sp_runtime::generic::Block<sp_runtime::generic::Header<u32, sp_runtime::traits::BlakeTwo256>, fp_self_contained::UncheckedExtrinsic<fp_account::AccountId20, RuntimeCall, fp_account::EthereumSignature, (CheckNonZeroSender<Runtime>, CheckSpecVersion<Runtime>, CheckTxVersion<Runtime>, CheckGenesis<Runtime>, CheckEra<Runtime>, CheckNonce<Runtime>, CheckWeight<Runtime>, ChargeTransactionPayment<Runtime>, CheckMetadataHash<Runtime>)>>: BlockT`
      |
      = help: the trait `parity_scale_codec::Encode` is implemented for `fp_self_contained::UncheckedExtrinsic<Address, Call, Signature, Extra>`
      = note: required for `UncheckedExtrinsic<AccountId20, RuntimeCall, EthereumSignature, (..., ..., ..., ..., ..., ..., ..., ..., ...)>` to implement `parity_scale_codec::Codec`
      = note: the full type name has been written to '/Users/snow/dev/Allfeat/Allfeat/target/debug/wbuild/harmonie-runtime/target/wasm32-unknown-unknown/release/deps/harmonie_runtime-3a5cda8230ca0104.long-type-5157894769791864636.txt'
      = note: required for `Block<Header<u32, BlakeTwo256>, UncheckedExtrinsic<AccountId20, RuntimeCall, EthereumSignature, ...>>` to implement `BlockT`
      = note: the full type name has been written to '/Users/snow/dev/Allfeat/Allfeat/target/debug/wbuild/harmonie-runtime/target/wasm32-unknown-unknown/release/deps/harmonie_runtime-3a5cda8230ca0104.long-type-6691357689991133965.txt'

  error[E0277]: the trait bound `Runtime: pallet_session::historical::Config` is not satisfied
     --> /Users/snow/dev/Allfeat/Allfeat/runtime/harmonie/src/lib.rs:325:7
      |
  325 |     impl sp_offchain::OffchainWorkerApi<Block> for Runtime {
      |          ^^^^^^^^^^^^^^^^^^^^^^^^^^^^^^^^^^^^^ the trait `pallet_session::historical::Config` is not implemented for `Runtime`, which is required by `sp_runtime::generic::Block<sp_runtime::generic::Header<u32, sp_runtime::traits::BlakeTwo256>, fp_self_contained::UncheckedExtrinsic<fp_account::AccountId20, RuntimeCall, fp_account::EthereumSignature, (CheckNonZeroSender<Runtime>, CheckSpecVersion<Runtime>, CheckTxVersion<Runtime>, CheckGenesis<Runtime>, CheckEra<Runtime>, CheckNonce<Runtime>, CheckWeight<Runtime>, ChargeTransactionPayment<Runtime>, CheckMetadataHash<Runtime>)>>: BlockT`
      |
      = help: the trait `BlockT` is implemented for `sp_runtime::generic::Block<Header, Extrinsic>`
      = note: required for `pallet_session::historical::Pallet<Runtime>` to implement `KeyOwnerProofSystem<(KeyTypeId, sp_consensus_babe::app::Public)>`
  note: required because it appears within the type `pallet_babe::Call<Runtime>`
     --> /Users/snow/.cargo/git/checkouts/polkadot-sdk-cff69157b985ed76/c4314f7/substrate/frame/babe/src/lib.rs:399:12
      |
  399 |     #[pallet::call]
      |               ^^^^
  note: required because it appears within the type `RuntimeCall`
     --> /Users/snow/dev/Allfeat/Allfeat/runtime/harmonie/src/lib.rs:84:1
      |
  84  | #[frame_support::runtime]
      | ^^^^^^^^^^^^^^^^^^^^^^^^^
      = note: required for `UncheckedExtrinsic<AccountId20, RuntimeCall, EthereumSignature, (..., ..., ..., ..., ..., ..., ..., ..., ...)>` to implement `Extrinsic`
      = note: the full type name has been written to '/Users/snow/dev/Allfeat/Allfeat/target/debug/wbuild/harmonie-runtime/target/wasm32-unknown-unknown/release/deps/harmonie_runtime-3a5cda8230ca0104.long-type-5157894769791864636.txt'
      = note: required for `Block<Header<u32, BlakeTwo256>, UncheckedExtrinsic<AccountId20, RuntimeCall, EthereumSignature, ...>>` to implement `BlockT`
      = note: the full type name has been written to '/Users/snow/dev/Allfeat/Allfeat/target/debug/wbuild/harmonie-runtime/target/wasm32-unknown-unknown/release/deps/harmonie_runtime-3a5cda8230ca0104.long-type-6691357689991133965.txt'
      = note: this error originates in the attribute macro `frame_support::runtime` (in Nightly builds, run with -Z macro-backtrace for more info)

  error[E0277]: the trait bound `fp_self_contained::UncheckedExtrinsic<fp_account::AccountId20, RuntimeCall, fp_account::EthereumSignature, (CheckNonZeroSender<Runtime>, CheckSpecVersion<Runtime>, CheckTxVersion<Runtime>, CheckGenesis<Runtime>, CheckEra<Runtime>, CheckNonce<Runtime>, CheckWeight<Runtime>, ChargeTransactionPayment<Runtime>, CheckMetadataHash<Runtime>)>: parity_scale_codec::Decode` is not satisfied
     --> /Users/snow/dev/Allfeat/Allfeat/runtime/harmonie/src/lib.rs:326:3
      |
  326 |         fn offchain_worker(header: &<Block as sp_runtime::traits::Block>::Header) {
      |         ^^^^^^^^^^^^^^^^^^^^^^^^^^^^^^^^^^^^^^^^^^^^^^^^^^^^^^^^^^^^^^^^^^^^^^^^^ the trait `parity_scale_codec::Decode` is not implemented for `UncheckedExtrinsic<AccountId20, RuntimeCall, EthereumSignature, (..., ..., ..., ..., ..., ..., ..., ..., ...)>`, which is required by `sp_runtime::generic::Block<sp_runtime::generic::Header<u32, sp_runtime::traits::BlakeTwo256>, fp_self_contained::UncheckedExtrinsic<fp_account::AccountId20, RuntimeCall, fp_account::EthereumSignature, (CheckNonZeroSender<Runtime>, CheckSpecVersion<Runtime>, CheckTxVersion<Runtime>, CheckGenesis<Runtime>, CheckEra<Runtime>, CheckNonce<Runtime>, CheckWeight<Runtime>, ChargeTransactionPayment<Runtime>, CheckMetadataHash<Runtime>)>>: BlockT`
      |
      = help: the trait `parity_scale_codec::Decode` is implemented for `fp_self_contained::UncheckedExtrinsic<Address, Call, Signature, Extra>`
      = note: required for `UncheckedExtrinsic<AccountId20, RuntimeCall, EthereumSignature, (..., ..., ..., ..., ..., ..., ..., ..., ...)>` to implement `parity_scale_codec::Codec`
      = note: the full type name has been written to '/Users/snow/dev/Allfeat/Allfeat/target/debug/wbuild/harmonie-runtime/target/wasm32-unknown-unknown/release/deps/harmonie_runtime-3a5cda8230ca0104.long-type-5157894769791864636.txt'
      = note: required for `Block<Header<u32, BlakeTwo256>, UncheckedExtrinsic<AccountId20, RuntimeCall, EthereumSignature, ...>>` to implement `BlockT`
      = note: the full type name has been written to '/Users/snow/dev/Allfeat/Allfeat/target/debug/wbuild/harmonie-runtime/target/wasm32-unknown-unknown/release/deps/harmonie_runtime-3a5cda8230ca0104.long-type-6691357689991133965.txt'

  error[E0277]: the trait bound `fp_self_contained::UncheckedExtrinsic<fp_account::AccountId20, RuntimeCall, fp_account::EthereumSignature, (CheckNonZeroSender<Runtime>, CheckSpecVersion<Runtime>, CheckTxVersion<Runtime>, CheckGenesis<Runtime>, CheckEra<Runtime>, CheckNonce<Runtime>, CheckWeight<Runtime>, ChargeTransactionPayment<Runtime>, CheckMetadataHash<Runtime>)>: parity_scale_codec::Encode` is not satisfied
     --> /Users/snow/dev/Allfeat/Allfeat/runtime/harmonie/src/lib.rs:326:3
      |
  326 |         fn offchain_worker(header: &<Block as sp_runtime::traits::Block>::Header) {
      |         ^^^^^^^^^^^^^^^^^^^^^^^^^^^^^^^^^^^^^^^^^^^^^^^^^^^^^^^^^^^^^^^^^^^^^^^^^ the trait `parity_scale_codec::Encode` is not implemented for `UncheckedExtrinsic<AccountId20, RuntimeCall, EthereumSignature, (..., ..., ..., ..., ..., ..., ..., ..., ...)>`, which is required by `sp_runtime::generic::Block<sp_runtime::generic::Header<u32, sp_runtime::traits::BlakeTwo256>, fp_self_contained::UncheckedExtrinsic<fp_account::AccountId20, RuntimeCall, fp_account::EthereumSignature, (CheckNonZeroSender<Runtime>, CheckSpecVersion<Runtime>, CheckTxVersion<Runtime>, CheckGenesis<Runtime>, CheckEra<Runtime>, CheckNonce<Runtime>, CheckWeight<Runtime>, ChargeTransactionPayment<Runtime>, CheckMetadataHash<Runtime>)>>: BlockT`
      |
      = help: the trait `parity_scale_codec::Encode` is implemented for `fp_self_contained::UncheckedExtrinsic<Address, Call, Signature, Extra>`
      = note: required for `UncheckedExtrinsic<AccountId20, RuntimeCall, EthereumSignature, (..., ..., ..., ..., ..., ..., ..., ..., ...)>` to implement `parity_scale_codec::Codec`
      = note: the full type name has been written to '/Users/snow/dev/Allfeat/Allfeat/target/debug/wbuild/harmonie-runtime/target/wasm32-unknown-unknown/release/deps/harmonie_runtime-3a5cda8230ca0104.long-type-5157894769791864636.txt'
      = note: required for `Block<Header<u32, BlakeTwo256>, UncheckedExtrinsic<AccountId20, RuntimeCall, EthereumSignature, ...>>` to implement `BlockT`
      = note: the full type name has been written to '/Users/snow/dev/Allfeat/Allfeat/target/debug/wbuild/harmonie-runtime/target/wasm32-unknown-unknown/release/deps/harmonie_runtime-3a5cda8230ca0104.long-type-6691357689991133965.txt'

  error[E0277]: the trait bound `Runtime: pallet_session::historical::Config` is not satisfied
     --> /Users/snow/dev/Allfeat/Allfeat/runtime/harmonie/src/lib.rs:326:3
      |
  326 |         fn offchain_worker(header: &<Block as sp_runtime::traits::Block>::Header) {
      |         ^^^^^^^^^^^^^^^^^^^^^^^^^^^^^^^^^^^^^^^^^^^^^^^^^^^^^^^^^^^^^^^^^^^^^^^^^ the trait `pallet_session::historical::Config` is not implemented for `Runtime`, which is required by `sp_runtime::generic::Block<sp_runtime::generic::Header<u32, sp_runtime::traits::BlakeTwo256>, fp_self_contained::UncheckedExtrinsic<fp_account::AccountId20, RuntimeCall, fp_account::EthereumSignature, (CheckNonZeroSender<Runtime>, CheckSpecVersion<Runtime>, CheckTxVersion<Runtime>, CheckGenesis<Runtime>, CheckEra<Runtime>, CheckNonce<Runtime>, CheckWeight<Runtime>, ChargeTransactionPayment<Runtime>, CheckMetadataHash<Runtime>)>>: BlockT`
      |
      = help: the trait `BlockT` is implemented for `sp_runtime::generic::Block<Header, Extrinsic>`
      = note: required for `pallet_session::historical::Pallet<Runtime>` to implement `KeyOwnerProofSystem<(KeyTypeId, sp_consensus_babe::app::Public)>`
  note: required because it appears within the type `pallet_babe::Call<Runtime>`
     --> /Users/snow/.cargo/git/checkouts/polkadot-sdk-cff69157b985ed76/c4314f7/substrate/frame/babe/src/lib.rs:399:12
      |
  399 |     #[pallet::call]
      |               ^^^^
  note: required because it appears within the type `RuntimeCall`
     --> /Users/snow/dev/Allfeat/Allfeat/runtime/harmonie/src/lib.rs:84:1
      |
  84  | #[frame_support::runtime]
      | ^^^^^^^^^^^^^^^^^^^^^^^^^
      = note: required for `UncheckedExtrinsic<AccountId20, RuntimeCall, EthereumSignature, (..., ..., ..., ..., ..., ..., ..., ..., ...)>` to implement `Extrinsic`
      = note: the full type name has been written to '/Users/snow/dev/Allfeat/Allfeat/target/debug/wbuild/harmonie-runtime/target/wasm32-unknown-unknown/release/deps/harmonie_runtime-3a5cda8230ca0104.long-type-5157894769791864636.txt'
      = note: required for `Block<Header<u32, BlakeTwo256>, UncheckedExtrinsic<AccountId20, RuntimeCall, EthereumSignature, ...>>` to implement `BlockT`
      = note: the full type name has been written to '/Users/snow/dev/Allfeat/Allfeat/target/debug/wbuild/harmonie-runtime/target/wasm32-unknown-unknown/release/deps/harmonie_runtime-3a5cda8230ca0104.long-type-6691357689991133965.txt'
      = note: this error originates in the attribute macro `frame_support::runtime` (in Nightly builds, run with -Z macro-backtrace for more info)

  error[E0277]: the trait bound `sp_runtime::generic::Block<sp_runtime::generic::Header<u32, sp_runtime::traits::BlakeTwo256>, fp_self_contained::UncheckedExtrinsic<fp_account::AccountId20, RuntimeCall, fp_account::EthereumSignature, (CheckNonZeroSender<Runtime>, CheckSpecVersion<Runtime>, CheckTxVersion<Runtime>, CheckGenesis<Runtime>, CheckEra<Runtime>, CheckNonce<Runtime>, CheckWeight<Runtime>, ChargeTransactionPayment<Runtime>, CheckMetadataHash<Runtime>)>>: parity_scale_codec::Encode` is not satisfied
     --> /Users/snow/dev/Allfeat/Allfeat/runtime/harmonie/src/lib.rs:331:7
      |
  331 |     impl sp_consensus_grandpa::GrandpaApi<Block> for Runtime {
      |          ^^^^^^^^^^^^^^^^^^^^^^^^^^^^^^^^^^^^^^^ the trait `parity_scale_codec::Encode` is not implemented for `Block<Header<u32, BlakeTwo256>, UncheckedExtrinsic<AccountId20, RuntimeCall, EthereumSignature, ...>>`, which is required by `sp_runtime::generic::Block<sp_runtime::generic::Header<u32, sp_runtime::traits::BlakeTwo256>, fp_self_contained::UncheckedExtrinsic<fp_account::AccountId20, RuntimeCall, fp_account::EthereumSignature, (CheckNonZeroSender<Runtime>, CheckSpecVersion<Runtime>, CheckTxVersion<Runtime>, CheckGenesis<Runtime>, CheckEra<Runtime>, CheckNonce<Runtime>, CheckWeight<Runtime>, ChargeTransactionPayment<Runtime>, CheckMetadataHash<Runtime>)>>: BlockT`
      |
      = help: the trait `parity_scale_codec::Encode` is implemented for `sp_runtime::generic::Block<Header, Extrinsic>`
      = note: required for `Block<Header<u32, BlakeTwo256>, UncheckedExtrinsic<AccountId20, RuntimeCall, EthereumSignature, ...>>` to implement `parity_scale_codec::Codec`
      = note: the full type name has been written to '/Users/snow/dev/Allfeat/Allfeat/target/debug/wbuild/harmonie-runtime/target/wasm32-unknown-unknown/release/deps/harmonie_runtime-3a5cda8230ca0104.long-type-6691357689991133965.txt'
      = note: required for `Block<Header<u32, BlakeTwo256>, UncheckedExtrinsic<AccountId20, RuntimeCall, EthereumSignature, ...>>` to implement `BlockT`
      = note: the full type name has been written to '/Users/snow/dev/Allfeat/Allfeat/target/debug/wbuild/harmonie-runtime/target/wasm32-unknown-unknown/release/deps/harmonie_runtime-3a5cda8230ca0104.long-type-6691357689991133965.txt'
  note: required by a bound in `GrandpaApi`
     --> /Users/snow/.cargo/git/checkouts/polkadot-sdk-cff69157b985ed76/c4314f7/substrate/primitives/consensus/grandpa/src/lib.rs:496:1
      |
  496 | / sp_api::decl_runtime_apis! {
  497 | |     /// APIs for integrating the GRANDPA finality gadget into runtimes.
  498 | |     /// This should be implemented on the runtime side.
  499 | |     ///
  ...   |
  547 | |     }
  548 | | }
      | |_^ required by this bound in `GrandpaApiV3`
      = note: this error originates in the macro `sp_api::decl_runtime_apis` (in Nightly builds, run with -Z macro-backtrace for more info)

  error[E0277]: the trait bound `sp_runtime::generic::Block<sp_runtime::generic::Header<u32, sp_runtime::traits::BlakeTwo256>, fp_self_contained::UncheckedExtrinsic<fp_account::AccountId20, RuntimeCall, fp_account::EthereumSignature, (CheckNonZeroSender<Runtime>, CheckSpecVersion<Runtime>, CheckTxVersion<Runtime>, CheckGenesis<Runtime>, CheckEra<Runtime>, CheckNonce<Runtime>, CheckWeight<Runtime>, ChargeTransactionPayment<Runtime>, CheckMetadataHash<Runtime>)>>: parity_scale_codec::Decode` is not satisfied
     --> /Users/snow/dev/Allfeat/Allfeat/runtime/harmonie/src/lib.rs:331:7
      |
  331 |     impl sp_consensus_grandpa::GrandpaApi<Block> for Runtime {
      |          ^^^^^^^^^^^^^^^^^^^^^^^^^^^^^^^^^^^^^^^ the trait `parity_scale_codec::Decode` is not implemented for `Block<Header<u32, BlakeTwo256>, UncheckedExtrinsic<AccountId20, RuntimeCall, EthereumSignature, ...>>`, which is required by `sp_runtime::generic::Block<sp_runtime::generic::Header<u32, sp_runtime::traits::BlakeTwo256>, fp_self_contained::UncheckedExtrinsic<fp_account::AccountId20, RuntimeCall, fp_account::EthereumSignature, (CheckNonZeroSender<Runtime>, CheckSpecVersion<Runtime>, CheckTxVersion<Runtime>, CheckGenesis<Runtime>, CheckEra<Runtime>, CheckNonce<Runtime>, CheckWeight<Runtime>, ChargeTransactionPayment<Runtime>, CheckMetadataHash<Runtime>)>>: BlockT`
      |
      = help: the trait `parity_scale_codec::Decode` is implemented for `sp_runtime::generic::Block<Header, Extrinsic>`
      = note: required for `Block<Header<u32, BlakeTwo256>, UncheckedExtrinsic<AccountId20, RuntimeCall, EthereumSignature, ...>>` to implement `parity_scale_codec::Codec`
      = note: the full type name has been written to '/Users/snow/dev/Allfeat/Allfeat/target/debug/wbuild/harmonie-runtime/target/wasm32-unknown-unknown/release/deps/harmonie_runtime-3a5cda8230ca0104.long-type-6691357689991133965.txt'
      = note: required for `Block<Header<u32, BlakeTwo256>, UncheckedExtrinsic<AccountId20, RuntimeCall, EthereumSignature, ...>>` to implement `BlockT`
      = note: the full type name has been written to '/Users/snow/dev/Allfeat/Allfeat/target/debug/wbuild/harmonie-runtime/target/wasm32-unknown-unknown/release/deps/harmonie_runtime-3a5cda8230ca0104.long-type-6691357689991133965.txt'
  note: required by a bound in `GrandpaApi`
     --> /Users/snow/.cargo/git/checkouts/polkadot-sdk-cff69157b985ed76/c4314f7/substrate/primitives/consensus/grandpa/src/lib.rs:496:1
      |
  496 | / sp_api::decl_runtime_apis! {
  497 | |     /// APIs for integrating the GRANDPA finality gadget into runtimes.
  498 | |     /// This should be implemented on the runtime side.
  499 | |     ///
  ...   |
  547 | |     }
  548 | | }
      | |_^ required by this bound in `GrandpaApiV3`
      = note: this error originates in the macro `sp_api::decl_runtime_apis` (in Nightly builds, run with -Z macro-backtrace for more info)

  error[E0277]: the trait bound `fp_self_contained::UncheckedExtrinsic<fp_account::AccountId20, RuntimeCall, fp_account::EthereumSignature, (CheckNonZeroSender<Runtime>, CheckSpecVersion<Runtime>, CheckTxVersion<Runtime>, CheckGenesis<Runtime>, CheckEra<Runtime>, CheckNonce<Runtime>, CheckWeight<Runtime>, ChargeTransactionPayment<Runtime>, CheckMetadataHash<Runtime>)>: parity_scale_codec::Decode` is not satisfied
     --> /Users/snow/dev/Allfeat/Allfeat/runtime/harmonie/src/lib.rs:331:7
      |
  331 |     impl sp_consensus_grandpa::GrandpaApi<Block> for Runtime {
      |          ^^^^^^^^^^^^^^^^^^^^^^^^^^^^^^^^^^^^^^^ the trait `parity_scale_codec::Decode` is not implemented for `UncheckedExtrinsic<AccountId20, RuntimeCall, EthereumSignature, (..., ..., ..., ..., ..., ..., ..., ..., ...)>`, which is required by `sp_runtime::generic::Block<sp_runtime::generic::Header<u32, sp_runtime::traits::BlakeTwo256>, fp_self_contained::UncheckedExtrinsic<fp_account::AccountId20, RuntimeCall, fp_account::EthereumSignature, (CheckNonZeroSender<Runtime>, CheckSpecVersion<Runtime>, CheckTxVersion<Runtime>, CheckGenesis<Runtime>, CheckEra<Runtime>, CheckNonce<Runtime>, CheckWeight<Runtime>, ChargeTransactionPayment<Runtime>, CheckMetadataHash<Runtime>)>>: BlockT`
      |
      = help: the trait `parity_scale_codec::Decode` is implemented for `fp_self_contained::UncheckedExtrinsic<Address, Call, Signature, Extra>`
      = note: required for `UncheckedExtrinsic<AccountId20, RuntimeCall, EthereumSignature, (..., ..., ..., ..., ..., ..., ..., ..., ...)>` to implement `parity_scale_codec::Codec`
      = note: the full type name has been written to '/Users/snow/dev/Allfeat/Allfeat/target/debug/wbuild/harmonie-runtime/target/wasm32-unknown-unknown/release/deps/harmonie_runtime-3a5cda8230ca0104.long-type-5157894769791864636.txt'
      = note: required for `Block<Header<u32, BlakeTwo256>, UncheckedExtrinsic<AccountId20, RuntimeCall, EthereumSignature, ...>>` to implement `BlockT`
      = note: the full type name has been written to '/Users/snow/dev/Allfeat/Allfeat/target/debug/wbuild/harmonie-runtime/target/wasm32-unknown-unknown/release/deps/harmonie_runtime-3a5cda8230ca0104.long-type-6691357689991133965.txt'

  error[E0277]: the trait bound `fp_self_contained::UncheckedExtrinsic<fp_account::AccountId20, RuntimeCall, fp_account::EthereumSignature, (CheckNonZeroSender<Runtime>, CheckSpecVersion<Runtime>, CheckTxVersion<Runtime>, CheckGenesis<Runtime>, CheckEra<Runtime>, CheckNonce<Runtime>, CheckWeight<Runtime>, ChargeTransactionPayment<Runtime>, CheckMetadataHash<Runtime>)>: parity_scale_codec::Encode` is not satisfied
     --> /Users/snow/dev/Allfeat/Allfeat/runtime/harmonie/src/lib.rs:331:7
      |
  331 |     impl sp_consensus_grandpa::GrandpaApi<Block> for Runtime {
      |          ^^^^^^^^^^^^^^^^^^^^^^^^^^^^^^^^^^^^^^^ the trait `parity_scale_codec::Encode` is not implemented for `UncheckedExtrinsic<AccountId20, RuntimeCall, EthereumSignature, (..., ..., ..., ..., ..., ..., ..., ..., ...)>`, which is required by `sp_runtime::generic::Block<sp_runtime::generic::Header<u32, sp_runtime::traits::BlakeTwo256>, fp_self_contained::UncheckedExtrinsic<fp_account::AccountId20, RuntimeCall, fp_account::EthereumSignature, (CheckNonZeroSender<Runtime>, CheckSpecVersion<Runtime>, CheckTxVersion<Runtime>, CheckGenesis<Runtime>, CheckEra<Runtime>, CheckNonce<Runtime>, CheckWeight<Runtime>, ChargeTransactionPayment<Runtime>, CheckMetadataHash<Runtime>)>>: BlockT`
      |
      = help: the trait `parity_scale_codec::Encode` is implemented for `fp_self_contained::UncheckedExtrinsic<Address, Call, Signature, Extra>`
      = note: required for `UncheckedExtrinsic<AccountId20, RuntimeCall, EthereumSignature, (..., ..., ..., ..., ..., ..., ..., ..., ...)>` to implement `parity_scale_codec::Codec`
      = note: the full type name has been written to '/Users/snow/dev/Allfeat/Allfeat/target/debug/wbuild/harmonie-runtime/target/wasm32-unknown-unknown/release/deps/harmonie_runtime-3a5cda8230ca0104.long-type-5157894769791864636.txt'
      = note: required for `Block<Header<u32, BlakeTwo256>, UncheckedExtrinsic<AccountId20, RuntimeCall, EthereumSignature, ...>>` to implement `BlockT`
      = note: the full type name has been written to '/Users/snow/dev/Allfeat/Allfeat/target/debug/wbuild/harmonie-runtime/target/wasm32-unknown-unknown/release/deps/harmonie_runtime-3a5cda8230ca0104.long-type-6691357689991133965.txt'

  error[E0277]: the trait bound `Runtime: pallet_session::historical::Config` is not satisfied
     --> /Users/snow/dev/Allfeat/Allfeat/runtime/harmonie/src/lib.rs:331:7
      |
  331 |     impl sp_consensus_grandpa::GrandpaApi<Block> for Runtime {
      |          ^^^^^^^^^^^^^^^^^^^^^^^^^^^^^^^^^^^^^^^ the trait `pallet_session::historical::Config` is not implemented for `Runtime`, which is required by `sp_runtime::generic::Block<sp_runtime::generic::Header<u32, sp_runtime::traits::BlakeTwo256>, fp_self_contained::UncheckedExtrinsic<fp_account::AccountId20, RuntimeCall, fp_account::EthereumSignature, (CheckNonZeroSender<Runtime>, CheckSpecVersion<Runtime>, CheckTxVersion<Runtime>, CheckGenesis<Runtime>, CheckEra<Runtime>, CheckNonce<Runtime>, CheckWeight<Runtime>, ChargeTransactionPayment<Runtime>, CheckMetadataHash<Runtime>)>>: BlockT`
      |
      = help: the trait `BlockT` is implemented for `sp_runtime::generic::Block<Header, Extrinsic>`
      = note: required for `pallet_session::historical::Pallet<Runtime>` to implement `KeyOwnerProofSystem<(KeyTypeId, sp_consensus_babe::app::Public)>`
  note: required because it appears within the type `pallet_babe::Call<Runtime>`
     --> /Users/snow/.cargo/git/checkouts/polkadot-sdk-cff69157b985ed76/c4314f7/substrate/frame/babe/src/lib.rs:399:12
      |
  399 |     #[pallet::call]
      |               ^^^^
  note: required because it appears within the type `RuntimeCall`
     --> /Users/snow/dev/Allfeat/Allfeat/runtime/harmonie/src/lib.rs:84:1
      |
  84  | #[frame_support::runtime]
      | ^^^^^^^^^^^^^^^^^^^^^^^^^
      = note: required for `UncheckedExtrinsic<AccountId20, RuntimeCall, EthereumSignature, (..., ..., ..., ..., ..., ..., ..., ..., ...)>` to implement `Extrinsic`
      = note: the full type name has been written to '/Users/snow/dev/Allfeat/Allfeat/target/debug/wbuild/harmonie-runtime/target/wasm32-unknown-unknown/release/deps/harmonie_runtime-3a5cda8230ca0104.long-type-5157894769791864636.txt'
      = note: required for `Block<Header<u32, BlakeTwo256>, UncheckedExtrinsic<AccountId20, RuntimeCall, EthereumSignature, ...>>` to implement `BlockT`
      = note: the full type name has been written to '/Users/snow/dev/Allfeat/Allfeat/target/debug/wbuild/harmonie-runtime/target/wasm32-unknown-unknown/release/deps/harmonie_runtime-3a5cda8230ca0104.long-type-6691357689991133965.txt'
      = note: this error originates in the attribute macro `frame_support::runtime` (in Nightly builds, run with -Z macro-backtrace for more info)

  error[E0277]: the trait bound `fp_self_contained::UncheckedExtrinsic<fp_account::AccountId20, RuntimeCall, fp_account::EthereumSignature, (CheckNonZeroSender<Runtime>, CheckSpecVersion<Runtime>, CheckTxVersion<Runtime>, CheckGenesis<Runtime>, CheckEra<Runtime>, CheckNonce<Runtime>, CheckWeight<Runtime>, ChargeTransactionPayment<Runtime>, CheckMetadataHash<Runtime>)>: parity_scale_codec::Decode` is not satisfied
     --> /Users/snow/dev/Allfeat/Allfeat/runtime/harmonie/src/lib.rs:340:3
      |
  340 | /         fn submit_report_equivocation_unsigned_extrinsic(
  341 | |             equivocation_proof: sp_consensus_grandpa::EquivocationProof<
  342 | |                 <Block as sp_runtime::traits::Block>::Hash,
  343 | |                 sp_runtime::traits::NumberFor<Block>,
  344 | |             >,
  345 | |             key_owner_proof: sp_consensus_grandpa::OpaqueKeyOwnershipProof,
  346 | |         ) -> Option<()> {
      | |_______________________^ the trait `parity_scale_codec::Decode` is not implemented for `UncheckedExtrinsic<AccountId20, RuntimeCall, EthereumSignature, (..., ..., ..., ..., ..., ..., ..., ..., ...)>`, which is required by `sp_runtime::generic::Block<sp_runtime::generic::Header<u32, sp_runtime::traits::BlakeTwo256>, fp_self_contained::UncheckedExtrinsic<fp_account::AccountId20, RuntimeCall, fp_account::EthereumSignature, (CheckNonZeroSender<Runtime>, CheckSpecVersion<Runtime>, CheckTxVersion<Runtime>, CheckGenesis<Runtime>, CheckEra<Runtime>, CheckNonce<Runtime>, CheckWeight<Runtime>, ChargeTransactionPayment<Runtime>, CheckMetadataHash<Runtime>)>>: BlockT`
      |
      = help: the trait `parity_scale_codec::Decode` is implemented for `fp_self_contained::UncheckedExtrinsic<Address, Call, Signature, Extra>`
      = note: required for `UncheckedExtrinsic<AccountId20, RuntimeCall, EthereumSignature, (..., ..., ..., ..., ..., ..., ..., ..., ...)>` to implement `parity_scale_codec::Codec`
      = note: the full type name has been written to '/Users/snow/dev/Allfeat/Allfeat/target/debug/wbuild/harmonie-runtime/target/wasm32-unknown-unknown/release/deps/harmonie_runtime-3a5cda8230ca0104.long-type-5157894769791864636.txt'
      = note: required for `Block<Header<u32, BlakeTwo256>, UncheckedExtrinsic<AccountId20, RuntimeCall, EthereumSignature, ...>>` to implement `BlockT`
      = note: the full type name has been written to '/Users/snow/dev/Allfeat/Allfeat/target/debug/wbuild/harmonie-runtime/target/wasm32-unknown-unknown/release/deps/harmonie_runtime-3a5cda8230ca0104.long-type-6691357689991133965.txt'

  error[E0277]: the trait bound `fp_self_contained::UncheckedExtrinsic<fp_account::AccountId20, RuntimeCall, fp_account::EthereumSignature, (CheckNonZeroSender<Runtime>, CheckSpecVersion<Runtime>, CheckTxVersion<Runtime>, CheckGenesis<Runtime>, CheckEra<Runtime>, CheckNonce<Runtime>, CheckWeight<Runtime>, ChargeTransactionPayment<Runtime>, CheckMetadataHash<Runtime>)>: parity_scale_codec::Encode` is not satisfied
     --> /Users/snow/dev/Allfeat/Allfeat/runtime/harmonie/src/lib.rs:340:3
      |
  340 | /         fn submit_report_equivocation_unsigned_extrinsic(
  341 | |             equivocation_proof: sp_consensus_grandpa::EquivocationProof<
  342 | |                 <Block as sp_runtime::traits::Block>::Hash,
  343 | |                 sp_runtime::traits::NumberFor<Block>,
  344 | |             >,
  345 | |             key_owner_proof: sp_consensus_grandpa::OpaqueKeyOwnershipProof,
  346 | |         ) -> Option<()> {
      | |_______________________^ the trait `parity_scale_codec::Encode` is not implemented for `UncheckedExtrinsic<AccountId20, RuntimeCall, EthereumSignature, (..., ..., ..., ..., ..., ..., ..., ..., ...)>`, which is required by `sp_runtime::generic::Block<sp_runtime::generic::Header<u32, sp_runtime::traits::BlakeTwo256>, fp_self_contained::UncheckedExtrinsic<fp_account::AccountId20, RuntimeCall, fp_account::EthereumSignature, (CheckNonZeroSender<Runtime>, CheckSpecVersion<Runtime>, CheckTxVersion<Runtime>, CheckGenesis<Runtime>, CheckEra<Runtime>, CheckNonce<Runtime>, CheckWeight<Runtime>, ChargeTransactionPayment<Runtime>, CheckMetadataHash<Runtime>)>>: BlockT`
      |
      = help: the trait `parity_scale_codec::Encode` is implemented for `fp_self_contained::UncheckedExtrinsic<Address, Call, Signature, Extra>`
      = note: required for `UncheckedExtrinsic<AccountId20, RuntimeCall, EthereumSignature, (..., ..., ..., ..., ..., ..., ..., ..., ...)>` to implement `parity_scale_codec::Codec`
      = note: the full type name has been written to '/Users/snow/dev/Allfeat/Allfeat/target/debug/wbuild/harmonie-runtime/target/wasm32-unknown-unknown/release/deps/harmonie_runtime-3a5cda8230ca0104.long-type-5157894769791864636.txt'
      = note: required for `Block<Header<u32, BlakeTwo256>, UncheckedExtrinsic<AccountId20, RuntimeCall, EthereumSignature, ...>>` to implement `BlockT`
      = note: the full type name has been written to '/Users/snow/dev/Allfeat/Allfeat/target/debug/wbuild/harmonie-runtime/target/wasm32-unknown-unknown/release/deps/harmonie_runtime-3a5cda8230ca0104.long-type-6691357689991133965.txt'

  error[E0277]: the trait bound `Runtime: pallet_session::historical::Config` is not satisfied
     --> /Users/snow/dev/Allfeat/Allfeat/runtime/harmonie/src/lib.rs:340:3
      |
  340 | /         fn submit_report_equivocation_unsigned_extrinsic(
  341 | |             equivocation_proof: sp_consensus_grandpa::EquivocationProof<
  342 | |                 <Block as sp_runtime::traits::Block>::Hash,
  343 | |                 sp_runtime::traits::NumberFor<Block>,
  344 | |             >,
  345 | |             key_owner_proof: sp_consensus_grandpa::OpaqueKeyOwnershipProof,
  346 | |         ) -> Option<()> {
      | |_______________________^ the trait `pallet_session::historical::Config` is not implemented for `Runtime`, which is required by `sp_runtime::generic::Block<sp_runtime::generic::Header<u32, sp_runtime::traits::BlakeTwo256>, fp_self_contained::UncheckedExtrinsic<fp_account::AccountId20, RuntimeCall, fp_account::EthereumSignature, (CheckNonZeroSender<Runtime>, CheckSpecVersion<Runtime>, CheckTxVersion<Runtime>, CheckGenesis<Runtime>, CheckEra<Runtime>, CheckNonce<Runtime>, CheckWeight<Runtime>, ChargeTransactionPayment<Runtime>, CheckMetadataHash<Runtime>)>>: BlockT`
      |
      = help: the trait `BlockT` is implemented for `sp_runtime::generic::Block<Header, Extrinsic>`
      = note: required for `pallet_session::historical::Pallet<Runtime>` to implement `KeyOwnerProofSystem<(KeyTypeId, sp_consensus_babe::app::Public)>`
  note: required because it appears within the type `pallet_babe::Call<Runtime>`
     --> /Users/snow/.cargo/git/checkouts/polkadot-sdk-cff69157b985ed76/c4314f7/substrate/frame/babe/src/lib.rs:399:12
      |
  399 |     #[pallet::call]
      |               ^^^^
  note: required because it appears within the type `RuntimeCall`
     --> /Users/snow/dev/Allfeat/Allfeat/runtime/harmonie/src/lib.rs:84:1
      |
  84  | #[frame_support::runtime]
      | ^^^^^^^^^^^^^^^^^^^^^^^^^
      = note: required for `UncheckedExtrinsic<AccountId20, RuntimeCall, EthereumSignature, (..., ..., ..., ..., ..., ..., ..., ..., ...)>` to implement `Extrinsic`
      = note: the full type name has been written to '/Users/snow/dev/Allfeat/Allfeat/target/debug/wbuild/harmonie-runtime/target/wasm32-unknown-unknown/release/deps/harmonie_runtime-3a5cda8230ca0104.long-type-5157894769791864636.txt'
      = note: required for `Block<Header<u32, BlakeTwo256>, UncheckedExtrinsic<AccountId20, RuntimeCall, EthereumSignature, ...>>` to implement `BlockT`
      = note: the full type name has been written to '/Users/snow/dev/Allfeat/Allfeat/target/debug/wbuild/harmonie-runtime/target/wasm32-unknown-unknown/release/deps/harmonie_runtime-3a5cda8230ca0104.long-type-6691357689991133965.txt'
      = note: this error originates in the attribute macro `frame_support::runtime` (in Nightly builds, run with -Z macro-backtrace for more info)

  error[E0277]: the trait bound `sp_runtime::generic::Block<sp_runtime::generic::Header<u32, sp_runtime::traits::BlakeTwo256>, fp_self_contained::UncheckedExtrinsic<fp_account::AccountId20, RuntimeCall, fp_account::EthereumSignature, (CheckNonZeroSender<Runtime>, CheckSpecVersion<Runtime>, CheckTxVersion<Runtime>, CheckGenesis<Runtime>, CheckEra<Runtime>, CheckNonce<Runtime>, CheckWeight<Runtime>, ChargeTransactionPayment<Runtime>, CheckMetadataHash<Runtime>)>>: parity_scale_codec::Encode` is not satisfied
     --> /Users/snow/dev/Allfeat/Allfeat/runtime/harmonie/src/lib.rs:367:7
      |
  367 |     impl sp_consensus_babe::BabeApi<Block> for Runtime {
      |          ^^^^^^^^^^^^^^^^^^^^^^^^^^^^^^^^^ the trait `parity_scale_codec::Encode` is not implemented for `Block<Header<u32, BlakeTwo256>, UncheckedExtrinsic<AccountId20, RuntimeCall, EthereumSignature, ...>>`, which is required by `sp_runtime::generic::Block<sp_runtime::generic::Header<u32, sp_runtime::traits::BlakeTwo256>, fp_self_contained::UncheckedExtrinsic<fp_account::AccountId20, RuntimeCall, fp_account::EthereumSignature, (CheckNonZeroSender<Runtime>, CheckSpecVersion<Runtime>, CheckTxVersion<Runtime>, CheckGenesis<Runtime>, CheckEra<Runtime>, CheckNonce<Runtime>, CheckWeight<Runtime>, ChargeTransactionPayment<Runtime>, CheckMetadataHash<Runtime>)>>: BlockT`
      |
      = help: the trait `parity_scale_codec::Encode` is implemented for `sp_runtime::generic::Block<Header, Extrinsic>`
      = note: required for `Block<Header<u32, BlakeTwo256>, UncheckedExtrinsic<AccountId20, RuntimeCall, EthereumSignature, ...>>` to implement `parity_scale_codec::Codec`
      = note: the full type name has been written to '/Users/snow/dev/Allfeat/Allfeat/target/debug/wbuild/harmonie-runtime/target/wasm32-unknown-unknown/release/deps/harmonie_runtime-3a5cda8230ca0104.long-type-6691357689991133965.txt'
      = note: required for `Block<Header<u32, BlakeTwo256>, UncheckedExtrinsic<AccountId20, RuntimeCall, EthereumSignature, ...>>` to implement `BlockT`
      = note: the full type name has been written to '/Users/snow/dev/Allfeat/Allfeat/target/debug/wbuild/harmonie-runtime/target/wasm32-unknown-unknown/release/deps/harmonie_runtime-3a5cda8230ca0104.long-type-6691357689991133965.txt'
  note: required by a bound in `BabeApi`
     --> /Users/snow/.cargo/git/checkouts/polkadot-sdk-cff69157b985ed76/c4314f7/substrate/primitives/consensus/babe/src/lib.rs:386:1
      |
  386 | / sp_api::decl_runtime_apis! {
  387 | |     /// API necessary for block authorship with BABE.
  388 | |     #[api_version(2)]
  389 | |     pub trait BabeApi {
  ...   |
  435 | |     }
  436 | | }
      | |_^ required by this bound in `BabeApiV2`
      = note: this error originates in the macro `sp_api::decl_runtime_apis` (in Nightly builds, run with -Z macro-backtrace for more info)

  error[E0277]: the trait bound `sp_runtime::generic::Block<sp_runtime::generic::Header<u32, sp_runtime::traits::BlakeTwo256>, fp_self_contained::UncheckedExtrinsic<fp_account::AccountId20, RuntimeCall, fp_account::EthereumSignature, (CheckNonZeroSender<Runtime>, CheckSpecVersion<Runtime>, CheckTxVersion<Runtime>, CheckGenesis<Runtime>, CheckEra<Runtime>, CheckNonce<Runtime>, CheckWeight<Runtime>, ChargeTransactionPayment<Runtime>, CheckMetadataHash<Runtime>)>>: parity_scale_codec::Decode` is not satisfied
     --> /Users/snow/dev/Allfeat/Allfeat/runtime/harmonie/src/lib.rs:367:7
      |
  367 |     impl sp_consensus_babe::BabeApi<Block> for Runtime {
      |          ^^^^^^^^^^^^^^^^^^^^^^^^^^^^^^^^^ the trait `parity_scale_codec::Decode` is not implemented for `Block<Header<u32, BlakeTwo256>, UncheckedExtrinsic<AccountId20, RuntimeCall, EthereumSignature, ...>>`, which is required by `sp_runtime::generic::Block<sp_runtime::generic::Header<u32, sp_runtime::traits::BlakeTwo256>, fp_self_contained::UncheckedExtrinsic<fp_account::AccountId20, RuntimeCall, fp_account::EthereumSignature, (CheckNonZeroSender<Runtime>, CheckSpecVersion<Runtime>, CheckTxVersion<Runtime>, CheckGenesis<Runtime>, CheckEra<Runtime>, CheckNonce<Runtime>, CheckWeight<Runtime>, ChargeTransactionPayment<Runtime>, CheckMetadataHash<Runtime>)>>: BlockT`
      |
      = help: the trait `parity_scale_codec::Decode` is implemented for `sp_runtime::generic::Block<Header, Extrinsic>`
      = note: required for `Block<Header<u32, BlakeTwo256>, UncheckedExtrinsic<AccountId20, RuntimeCall, EthereumSignature, ...>>` to implement `parity_scale_codec::Codec`
      = note: the full type name has been written to '/Users/snow/dev/Allfeat/Allfeat/target/debug/wbuild/harmonie-runtime/target/wasm32-unknown-unknown/release/deps/harmonie_runtime-3a5cda8230ca0104.long-type-6691357689991133965.txt'
      = note: required for `Block<Header<u32, BlakeTwo256>, UncheckedExtrinsic<AccountId20, RuntimeCall, EthereumSignature, ...>>` to implement `BlockT`
      = note: the full type name has been written to '/Users/snow/dev/Allfeat/Allfeat/target/debug/wbuild/harmonie-runtime/target/wasm32-unknown-unknown/release/deps/harmonie_runtime-3a5cda8230ca0104.long-type-6691357689991133965.txt'
  note: required by a bound in `BabeApi`
     --> /Users/snow/.cargo/git/checkouts/polkadot-sdk-cff69157b985ed76/c4314f7/substrate/primitives/consensus/babe/src/lib.rs:386:1
      |
  386 | / sp_api::decl_runtime_apis! {
  387 | |     /// API necessary for block authorship with BABE.
  388 | |     #[api_version(2)]
  389 | |     pub trait BabeApi {
  ...   |
  435 | |     }
  436 | | }
      | |_^ required by this bound in `BabeApiV2`
      = note: this error originates in the macro `sp_api::decl_runtime_apis` (in Nightly builds, run with -Z macro-backtrace for more info)

  error[E0277]: the trait bound `fp_self_contained::UncheckedExtrinsic<fp_account::AccountId20, RuntimeCall, fp_account::EthereumSignature, (CheckNonZeroSender<Runtime>, CheckSpecVersion<Runtime>, CheckTxVersion<Runtime>, CheckGenesis<Runtime>, CheckEra<Runtime>, CheckNonce<Runtime>, CheckWeight<Runtime>, ChargeTransactionPayment<Runtime>, CheckMetadataHash<Runtime>)>: parity_scale_codec::Decode` is not satisfied
     --> /Users/snow/dev/Allfeat/Allfeat/runtime/harmonie/src/lib.rs:367:7
      |
  367 |     impl sp_consensus_babe::BabeApi<Block> for Runtime {
      |          ^^^^^^^^^^^^^^^^^^^^^^^^^^^^^^^^^ the trait `parity_scale_codec::Decode` is not implemented for `UncheckedExtrinsic<AccountId20, RuntimeCall, EthereumSignature, (..., ..., ..., ..., ..., ..., ..., ..., ...)>`, which is required by `sp_runtime::generic::Block<sp_runtime::generic::Header<u32, sp_runtime::traits::BlakeTwo256>, fp_self_contained::UncheckedExtrinsic<fp_account::AccountId20, RuntimeCall, fp_account::EthereumSignature, (CheckNonZeroSender<Runtime>, CheckSpecVersion<Runtime>, CheckTxVersion<Runtime>, CheckGenesis<Runtime>, CheckEra<Runtime>, CheckNonce<Runtime>, CheckWeight<Runtime>, ChargeTransactionPayment<Runtime>, CheckMetadataHash<Runtime>)>>: BlockT`
      |
      = help: the trait `parity_scale_codec::Decode` is implemented for `fp_self_contained::UncheckedExtrinsic<Address, Call, Signature, Extra>`
      = note: required for `UncheckedExtrinsic<AccountId20, RuntimeCall, EthereumSignature, (..., ..., ..., ..., ..., ..., ..., ..., ...)>` to implement `parity_scale_codec::Codec`
      = note: the full type name has been written to '/Users/snow/dev/Allfeat/Allfeat/target/debug/wbuild/harmonie-runtime/target/wasm32-unknown-unknown/release/deps/harmonie_runtime-3a5cda8230ca0104.long-type-5157894769791864636.txt'
      = note: required for `Block<Header<u32, BlakeTwo256>, UncheckedExtrinsic<AccountId20, RuntimeCall, EthereumSignature, ...>>` to implement `BlockT`
      = note: the full type name has been written to '/Users/snow/dev/Allfeat/Allfeat/target/debug/wbuild/harmonie-runtime/target/wasm32-unknown-unknown/release/deps/harmonie_runtime-3a5cda8230ca0104.long-type-6691357689991133965.txt'

  error[E0277]: the trait bound `fp_self_contained::UncheckedExtrinsic<fp_account::AccountId20, RuntimeCall, fp_account::EthereumSignature, (CheckNonZeroSender<Runtime>, CheckSpecVersion<Runtime>, CheckTxVersion<Runtime>, CheckGenesis<Runtime>, CheckEra<Runtime>, CheckNonce<Runtime>, CheckWeight<Runtime>, ChargeTransactionPayment<Runtime>, CheckMetadataHash<Runtime>)>: parity_scale_codec::Encode` is not satisfied
     --> /Users/snow/dev/Allfeat/Allfeat/runtime/harmonie/src/lib.rs:367:7
      |
  367 |     impl sp_consensus_babe::BabeApi<Block> for Runtime {
      |          ^^^^^^^^^^^^^^^^^^^^^^^^^^^^^^^^^ the trait `parity_scale_codec::Encode` is not implemented for `UncheckedExtrinsic<AccountId20, RuntimeCall, EthereumSignature, (..., ..., ..., ..., ..., ..., ..., ..., ...)>`, which is required by `sp_runtime::generic::Block<sp_runtime::generic::Header<u32, sp_runtime::traits::BlakeTwo256>, fp_self_contained::UncheckedExtrinsic<fp_account::AccountId20, RuntimeCall, fp_account::EthereumSignature, (CheckNonZeroSender<Runtime>, CheckSpecVersion<Runtime>, CheckTxVersion<Runtime>, CheckGenesis<Runtime>, CheckEra<Runtime>, CheckNonce<Runtime>, CheckWeight<Runtime>, ChargeTransactionPayment<Runtime>, CheckMetadataHash<Runtime>)>>: BlockT`
      |
      = help: the trait `parity_scale_codec::Encode` is implemented for `fp_self_contained::UncheckedExtrinsic<Address, Call, Signature, Extra>`
      = note: required for `UncheckedExtrinsic<AccountId20, RuntimeCall, EthereumSignature, (..., ..., ..., ..., ..., ..., ..., ..., ...)>` to implement `parity_scale_codec::Codec`
      = note: the full type name has been written to '/Users/snow/dev/Allfeat/Allfeat/target/debug/wbuild/harmonie-runtime/target/wasm32-unknown-unknown/release/deps/harmonie_runtime-3a5cda8230ca0104.long-type-5157894769791864636.txt'
      = note: required for `Block<Header<u32, BlakeTwo256>, UncheckedExtrinsic<AccountId20, RuntimeCall, EthereumSignature, ...>>` to implement `BlockT`
      = note: the full type name has been written to '/Users/snow/dev/Allfeat/Allfeat/target/debug/wbuild/harmonie-runtime/target/wasm32-unknown-unknown/release/deps/harmonie_runtime-3a5cda8230ca0104.long-type-6691357689991133965.txt'

  error[E0277]: the trait bound `Runtime: pallet_session::historical::Config` is not satisfied
     --> /Users/snow/dev/Allfeat/Allfeat/runtime/harmonie/src/lib.rs:367:7
      |
  367 |     impl sp_consensus_babe::BabeApi<Block> for Runtime {
      |          ^^^^^^^^^^^^^^^^^^^^^^^^^^^^^^^^^ the trait `pallet_session::historical::Config` is not implemented for `Runtime`, which is required by `sp_runtime::generic::Block<sp_runtime::generic::Header<u32, sp_runtime::traits::BlakeTwo256>, fp_self_contained::UncheckedExtrinsic<fp_account::AccountId20, RuntimeCall, fp_account::EthereumSignature, (CheckNonZeroSender<Runtime>, CheckSpecVersion<Runtime>, CheckTxVersion<Runtime>, CheckGenesis<Runtime>, CheckEra<Runtime>, CheckNonce<Runtime>, CheckWeight<Runtime>, ChargeTransactionPayment<Runtime>, CheckMetadataHash<Runtime>)>>: BlockT`
      |
      = help: the trait `BlockT` is implemented for `sp_runtime::generic::Block<Header, Extrinsic>`
      = note: required for `pallet_session::historical::Pallet<Runtime>` to implement `KeyOwnerProofSystem<(KeyTypeId, sp_consensus_babe::app::Public)>`
  note: required because it appears within the type `pallet_babe::Call<Runtime>`
     --> /Users/snow/.cargo/git/checkouts/polkadot-sdk-cff69157b985ed76/c4314f7/substrate/frame/babe/src/lib.rs:399:12
      |
  399 |     #[pallet::call]
      |               ^^^^
  note: required because it appears within the type `RuntimeCall`
     --> /Users/snow/dev/Allfeat/Allfeat/runtime/harmonie/src/lib.rs:84:1
      |
  84  | #[frame_support::runtime]
      | ^^^^^^^^^^^^^^^^^^^^^^^^^
      = note: required for `UncheckedExtrinsic<AccountId20, RuntimeCall, EthereumSignature, (..., ..., ..., ..., ..., ..., ..., ..., ...)>` to implement `Extrinsic`
      = note: the full type name has been written to '/Users/snow/dev/Allfeat/Allfeat/target/debug/wbuild/harmonie-runtime/target/wasm32-unknown-unknown/release/deps/harmonie_runtime-3a5cda8230ca0104.long-type-5157894769791864636.txt'
      = note: required for `Block<Header<u32, BlakeTwo256>, UncheckedExtrinsic<AccountId20, RuntimeCall, EthereumSignature, ...>>` to implement `BlockT`
      = note: the full type name has been written to '/Users/snow/dev/Allfeat/Allfeat/target/debug/wbuild/harmonie-runtime/target/wasm32-unknown-unknown/release/deps/harmonie_runtime-3a5cda8230ca0104.long-type-6691357689991133965.txt'
      = note: this error originates in the attribute macro `frame_support::runtime` (in Nightly builds, run with -Z macro-backtrace for more info)

  error[E0277]: the trait bound `fp_self_contained::UncheckedExtrinsic<fp_account::AccountId20, RuntimeCall, fp_account::EthereumSignature, (CheckNonZeroSender<Runtime>, CheckSpecVersion<Runtime>, CheckTxVersion<Runtime>, CheckGenesis<Runtime>, CheckEra<Runtime>, CheckNonce<Runtime>, CheckWeight<Runtime>, ChargeTransactionPayment<Runtime>, CheckMetadataHash<Runtime>)>: parity_scale_codec::Decode` is not satisfied
     --> /Users/snow/dev/Allfeat/Allfeat/runtime/harmonie/src/lib.rs:408:3
      |
  408 | /         fn submit_report_equivocation_unsigned_extrinsic(
  409 | |             equivocation_proof: sp_consensus_babe::EquivocationProof<<Block as sp_runtime::traits::Block>::Header>,
  410 | |             key_owner_proof: sp_consensus_babe::OpaqueKeyOwnershipProof,
  411 | |         ) -> Option<()> {
      | |_______________________^ the trait `parity_scale_codec::Decode` is not implemented for `UncheckedExtrinsic<AccountId20, RuntimeCall, EthereumSignature, (..., ..., ..., ..., ..., ..., ..., ..., ...)>`, which is required by `sp_runtime::generic::Block<sp_runtime::generic::Header<u32, sp_runtime::traits::BlakeTwo256>, fp_self_contained::UncheckedExtrinsic<fp_account::AccountId20, RuntimeCall, fp_account::EthereumSignature, (CheckNonZeroSender<Runtime>, CheckSpecVersion<Runtime>, CheckTxVersion<Runtime>, CheckGenesis<Runtime>, CheckEra<Runtime>, CheckNonce<Runtime>, CheckWeight<Runtime>, ChargeTransactionPayment<Runtime>, CheckMetadataHash<Runtime>)>>: BlockT`
      |
      = help: the trait `parity_scale_codec::Decode` is implemented for `fp_self_contained::UncheckedExtrinsic<Address, Call, Signature, Extra>`
      = note: required for `UncheckedExtrinsic<AccountId20, RuntimeCall, EthereumSignature, (..., ..., ..., ..., ..., ..., ..., ..., ...)>` to implement `parity_scale_codec::Codec`
      = note: the full type name has been written to '/Users/snow/dev/Allfeat/Allfeat/target/debug/wbuild/harmonie-runtime/target/wasm32-unknown-unknown/release/deps/harmonie_runtime-3a5cda8230ca0104.long-type-5157894769791864636.txt'
      = note: required for `Block<Header<u32, BlakeTwo256>, UncheckedExtrinsic<AccountId20, RuntimeCall, EthereumSignature, ...>>` to implement `BlockT`
      = note: the full type name has been written to '/Users/snow/dev/Allfeat/Allfeat/target/debug/wbuild/harmonie-runtime/target/wasm32-unknown-unknown/release/deps/harmonie_runtime-3a5cda8230ca0104.long-type-6691357689991133965.txt'

  error[E0277]: the trait bound `fp_self_contained::UncheckedExtrinsic<fp_account::AccountId20, RuntimeCall, fp_account::EthereumSignature, (CheckNonZeroSender<Runtime>, CheckSpecVersion<Runtime>, CheckTxVersion<Runtime>, CheckGenesis<Runtime>, CheckEra<Runtime>, CheckNonce<Runtime>, CheckWeight<Runtime>, ChargeTransactionPayment<Runtime>, CheckMetadataHash<Runtime>)>: parity_scale_codec::Encode` is not satisfied
     --> /Users/snow/dev/Allfeat/Allfeat/runtime/harmonie/src/lib.rs:408:3
      |
  408 | /         fn submit_report_equivocation_unsigned_extrinsic(
  409 | |             equivocation_proof: sp_consensus_babe::EquivocationProof<<Block as sp_runtime::traits::Block>::Header>,
  410 | |             key_owner_proof: sp_consensus_babe::OpaqueKeyOwnershipProof,
  411 | |         ) -> Option<()> {
      | |_______________________^ the trait `parity_scale_codec::Encode` is not implemented for `UncheckedExtrinsic<AccountId20, RuntimeCall, EthereumSignature, (..., ..., ..., ..., ..., ..., ..., ..., ...)>`, which is required by `sp_runtime::generic::Block<sp_runtime::generic::Header<u32, sp_runtime::traits::BlakeTwo256>, fp_self_contained::UncheckedExtrinsic<fp_account::AccountId20, RuntimeCall, fp_account::EthereumSignature, (CheckNonZeroSender<Runtime>, CheckSpecVersion<Runtime>, CheckTxVersion<Runtime>, CheckGenesis<Runtime>, CheckEra<Runtime>, CheckNonce<Runtime>, CheckWeight<Runtime>, ChargeTransactionPayment<Runtime>, CheckMetadataHash<Runtime>)>>: BlockT`
      |
      = help: the trait `parity_scale_codec::Encode` is implemented for `fp_self_contained::UncheckedExtrinsic<Address, Call, Signature, Extra>`
      = note: required for `UncheckedExtrinsic<AccountId20, RuntimeCall, EthereumSignature, (..., ..., ..., ..., ..., ..., ..., ..., ...)>` to implement `parity_scale_codec::Codec`
      = note: the full type name has been written to '/Users/snow/dev/Allfeat/Allfeat/target/debug/wbuild/harmonie-runtime/target/wasm32-unknown-unknown/release/deps/harmonie_runtime-3a5cda8230ca0104.long-type-5157894769791864636.txt'
      = note: required for `Block<Header<u32, BlakeTwo256>, UncheckedExtrinsic<AccountId20, RuntimeCall, EthereumSignature, ...>>` to implement `BlockT`
      = note: the full type name has been written to '/Users/snow/dev/Allfeat/Allfeat/target/debug/wbuild/harmonie-runtime/target/wasm32-unknown-unknown/release/deps/harmonie_runtime-3a5cda8230ca0104.long-type-6691357689991133965.txt'

  error[E0277]: the trait bound `Runtime: pallet_session::historical::Config` is not satisfied
     --> /Users/snow/dev/Allfeat/Allfeat/runtime/harmonie/src/lib.rs:408:3
      |
  408 | /         fn submit_report_equivocation_unsigned_extrinsic(
  409 | |             equivocation_proof: sp_consensus_babe::EquivocationProof<<Block as sp_runtime::traits::Block>::Header>,
  410 | |             key_owner_proof: sp_consensus_babe::OpaqueKeyOwnershipProof,
  411 | |         ) -> Option<()> {
      | |_______________________^ the trait `pallet_session::historical::Config` is not implemented for `Runtime`, which is required by `sp_runtime::generic::Block<sp_runtime::generic::Header<u32, sp_runtime::traits::BlakeTwo256>, fp_self_contained::UncheckedExtrinsic<fp_account::AccountId20, RuntimeCall, fp_account::EthereumSignature, (CheckNonZeroSender<Runtime>, CheckSpecVersion<Runtime>, CheckTxVersion<Runtime>, CheckGenesis<Runtime>, CheckEra<Runtime>, CheckNonce<Runtime>, CheckWeight<Runtime>, ChargeTransactionPayment<Runtime>, CheckMetadataHash<Runtime>)>>: BlockT`
      |
      = help: the trait `BlockT` is implemented for `sp_runtime::generic::Block<Header, Extrinsic>`
      = note: required for `pallet_session::historical::Pallet<Runtime>` to implement `KeyOwnerProofSystem<(KeyTypeId, sp_consensus_babe::app::Public)>`
  note: required because it appears within the type `pallet_babe::Call<Runtime>`
     --> /Users/snow/.cargo/git/checkouts/polkadot-sdk-cff69157b985ed76/c4314f7/substrate/frame/babe/src/lib.rs:399:12
      |
  399 |     #[pallet::call]
      |               ^^^^
  note: required because it appears within the type `RuntimeCall`
     --> /Users/snow/dev/Allfeat/Allfeat/runtime/harmonie/src/lib.rs:84:1
      |
  84  | #[frame_support::runtime]
      | ^^^^^^^^^^^^^^^^^^^^^^^^^
      = note: required for `UncheckedExtrinsic<AccountId20, RuntimeCall, EthereumSignature, (..., ..., ..., ..., ..., ..., ..., ..., ...)>` to implement `Extrinsic`
      = note: the full type name has been written to '/Users/snow/dev/Allfeat/Allfeat/target/debug/wbuild/harmonie-runtime/target/wasm32-unknown-unknown/release/deps/harmonie_runtime-3a5cda8230ca0104.long-type-5157894769791864636.txt'
      = note: required for `Block<Header<u32, BlakeTwo256>, UncheckedExtrinsic<AccountId20, RuntimeCall, EthereumSignature, ...>>` to implement `BlockT`
      = note: the full type name has been written to '/Users/snow/dev/Allfeat/Allfeat/target/debug/wbuild/harmonie-runtime/target/wasm32-unknown-unknown/release/deps/harmonie_runtime-3a5cda8230ca0104.long-type-6691357689991133965.txt'
      = note: this error originates in the attribute macro `frame_support::runtime` (in Nightly builds, run with -Z macro-backtrace for more info)

  error[E0277]: the trait bound `sp_runtime::generic::Block<sp_runtime::generic::Header<u32, sp_runtime::traits::BlakeTwo256>, fp_self_contained::UncheckedExtrinsic<fp_account::AccountId20, RuntimeCall, fp_account::EthereumSignature, (CheckNonZeroSender<Runtime>, CheckSpecVersion<Runtime>, CheckTxVersion<Runtime>, CheckGenesis<Runtime>, CheckEra<Runtime>, CheckNonce<Runtime>, CheckWeight<Runtime>, ChargeTransactionPayment<Runtime>, CheckMetadataHash<Runtime>)>>: parity_scale_codec::Encode` is not satisfied
     --> /Users/snow/dev/Allfeat/Allfeat/runtime/harmonie/src/lib.rs:421:7
      |
  421 |     impl sp_authority_discovery::AuthorityDiscoveryApi<Block> for Runtime {
      |          ^^^^^^^^^^^^^^^^^^^^^^^^^^^^^^^^^^^^^^^^^^^^^^^^^^^^ the trait `parity_scale_codec::Encode` is not implemented for `Block<Header<u32, BlakeTwo256>, UncheckedExtrinsic<AccountId20, RuntimeCall, EthereumSignature, ...>>`, which is required by `sp_runtime::generic::Block<sp_runtime::generic::Header<u32, sp_runtime::traits::BlakeTwo256>, fp_self_contained::UncheckedExtrinsic<fp_account::AccountId20, RuntimeCall, fp_account::EthereumSignature, (CheckNonZeroSender<Runtime>, CheckSpecVersion<Runtime>, CheckTxVersion<Runtime>, CheckGenesis<Runtime>, CheckEra<Runtime>, CheckNonce<Runtime>, CheckWeight<Runtime>, ChargeTransactionPayment<Runtime>, CheckMetadataHash<Runtime>)>>: BlockT`
      |
      = help: the trait `parity_scale_codec::Encode` is implemented for `sp_runtime::generic::Block<Header, Extrinsic>`
      = note: required for `Block<Header<u32, BlakeTwo256>, UncheckedExtrinsic<AccountId20, RuntimeCall, EthereumSignature, ...>>` to implement `parity_scale_codec::Codec`
      = note: the full type name has been written to '/Users/snow/dev/Allfeat/Allfeat/target/debug/wbuild/harmonie-runtime/target/wasm32-unknown-unknown/release/deps/harmonie_runtime-3a5cda8230ca0104.long-type-6691357689991133965.txt'
      = note: required for `Block<Header<u32, BlakeTwo256>, UncheckedExtrinsic<AccountId20, RuntimeCall, EthereumSignature, ...>>` to implement `BlockT`
      = note: the full type name has been written to '/Users/snow/dev/Allfeat/Allfeat/target/debug/wbuild/harmonie-runtime/target/wasm32-unknown-unknown/release/deps/harmonie_runtime-3a5cda8230ca0104.long-type-6691357689991133965.txt'
  note: required by a bound in `AuthorityDiscoveryApi`
     --> /Users/snow/.cargo/git/checkouts/polkadot-sdk-cff69157b985ed76/c4314f7/substrate/primitives/authority-discovery/src/lib.rs:42:1
      |
  42  | / sp_api::decl_runtime_apis! {
  43  | |     /// The authority discovery api.
  44  | |     ///
  45  | |     /// This api is used by the `client/authority-discovery` module to retrieve identifiers
  ...   |
  50  | |     }
  51  | | }
      | |_^ required by this bound in `AuthorityDiscoveryApiV1`
      = note: this error originates in the macro `sp_api::decl_runtime_apis` (in Nightly builds, run with -Z macro-backtrace for more info)

  error[E0277]: the trait bound `sp_runtime::generic::Block<sp_runtime::generic::Header<u32, sp_runtime::traits::BlakeTwo256>, fp_self_contained::UncheckedExtrinsic<fp_account::AccountId20, RuntimeCall, fp_account::EthereumSignature, (CheckNonZeroSender<Runtime>, CheckSpecVersion<Runtime>, CheckTxVersion<Runtime>, CheckGenesis<Runtime>, CheckEra<Runtime>, CheckNonce<Runtime>, CheckWeight<Runtime>, ChargeTransactionPayment<Runtime>, CheckMetadataHash<Runtime>)>>: parity_scale_codec::Decode` is not satisfied
     --> /Users/snow/dev/Allfeat/Allfeat/runtime/harmonie/src/lib.rs:421:7
      |
  421 |     impl sp_authority_discovery::AuthorityDiscoveryApi<Block> for Runtime {
      |          ^^^^^^^^^^^^^^^^^^^^^^^^^^^^^^^^^^^^^^^^^^^^^^^^^^^^ the trait `parity_scale_codec::Decode` is not implemented for `Block<Header<u32, BlakeTwo256>, UncheckedExtrinsic<AccountId20, RuntimeCall, EthereumSignature, ...>>`, which is required by `sp_runtime::generic::Block<sp_runtime::generic::Header<u32, sp_runtime::traits::BlakeTwo256>, fp_self_contained::UncheckedExtrinsic<fp_account::AccountId20, RuntimeCall, fp_account::EthereumSignature, (CheckNonZeroSender<Runtime>, CheckSpecVersion<Runtime>, CheckTxVersion<Runtime>, CheckGenesis<Runtime>, CheckEra<Runtime>, CheckNonce<Runtime>, CheckWeight<Runtime>, ChargeTransactionPayment<Runtime>, CheckMetadataHash<Runtime>)>>: BlockT`
      |
      = help: the trait `parity_scale_codec::Decode` is implemented for `sp_runtime::generic::Block<Header, Extrinsic>`
      = note: required for `Block<Header<u32, BlakeTwo256>, UncheckedExtrinsic<AccountId20, RuntimeCall, EthereumSignature, ...>>` to implement `parity_scale_codec::Codec`
      = note: the full type name has been written to '/Users/snow/dev/Allfeat/Allfeat/target/debug/wbuild/harmonie-runtime/target/wasm32-unknown-unknown/release/deps/harmonie_runtime-3a5cda8230ca0104.long-type-6691357689991133965.txt'
      = note: required for `Block<Header<u32, BlakeTwo256>, UncheckedExtrinsic<AccountId20, RuntimeCall, EthereumSignature, ...>>` to implement `BlockT`
      = note: the full type name has been written to '/Users/snow/dev/Allfeat/Allfeat/target/debug/wbuild/harmonie-runtime/target/wasm32-unknown-unknown/release/deps/harmonie_runtime-3a5cda8230ca0104.long-type-6691357689991133965.txt'
  note: required by a bound in `AuthorityDiscoveryApi`
     --> /Users/snow/.cargo/git/checkouts/polkadot-sdk-cff69157b985ed76/c4314f7/substrate/primitives/authority-discovery/src/lib.rs:42:1
      |
  42  | / sp_api::decl_runtime_apis! {
  43  | |     /// The authority discovery api.
  44  | |     ///
  45  | |     /// This api is used by the `client/authority-discovery` module to retrieve identifiers
  ...   |
  50  | |     }
  51  | | }
      | |_^ required by this bound in `AuthorityDiscoveryApiV1`
      = note: this error originates in the macro `sp_api::decl_runtime_apis` (in Nightly builds, run with -Z macro-backtrace for more info)

  error[E0277]: the trait bound `fp_self_contained::UncheckedExtrinsic<fp_account::AccountId20, RuntimeCall, fp_account::EthereumSignature, (CheckNonZeroSender<Runtime>, CheckSpecVersion<Runtime>, CheckTxVersion<Runtime>, CheckGenesis<Runtime>, CheckEra<Runtime>, CheckNonce<Runtime>, CheckWeight<Runtime>, ChargeTransactionPayment<Runtime>, CheckMetadataHash<Runtime>)>: parity_scale_codec::Decode` is not satisfied
     --> /Users/snow/dev/Allfeat/Allfeat/runtime/harmonie/src/lib.rs:421:7
      |
  421 |     impl sp_authority_discovery::AuthorityDiscoveryApi<Block> for Runtime {
      |          ^^^^^^^^^^^^^^^^^^^^^^^^^^^^^^^^^^^^^^^^^^^^^^^^^^^^ the trait `parity_scale_codec::Decode` is not implemented for `UncheckedExtrinsic<AccountId20, RuntimeCall, EthereumSignature, (..., ..., ..., ..., ..., ..., ..., ..., ...)>`, which is required by `sp_runtime::generic::Block<sp_runtime::generic::Header<u32, sp_runtime::traits::BlakeTwo256>, fp_self_contained::UncheckedExtrinsic<fp_account::AccountId20, RuntimeCall, fp_account::EthereumSignature, (CheckNonZeroSender<Runtime>, CheckSpecVersion<Runtime>, CheckTxVersion<Runtime>, CheckGenesis<Runtime>, CheckEra<Runtime>, CheckNonce<Runtime>, CheckWeight<Runtime>, ChargeTransactionPayment<Runtime>, CheckMetadataHash<Runtime>)>>: BlockT`
      |
      = help: the trait `parity_scale_codec::Decode` is implemented for `fp_self_contained::UncheckedExtrinsic<Address, Call, Signature, Extra>`
      = note: required for `UncheckedExtrinsic<AccountId20, RuntimeCall, EthereumSignature, (..., ..., ..., ..., ..., ..., ..., ..., ...)>` to implement `parity_scale_codec::Codec`
      = note: the full type name has been written to '/Users/snow/dev/Allfeat/Allfeat/target/debug/wbuild/harmonie-runtime/target/wasm32-unknown-unknown/release/deps/harmonie_runtime-3a5cda8230ca0104.long-type-5157894769791864636.txt'
      = note: required for `Block<Header<u32, BlakeTwo256>, UncheckedExtrinsic<AccountId20, RuntimeCall, EthereumSignature, ...>>` to implement `BlockT`
      = note: the full type name has been written to '/Users/snow/dev/Allfeat/Allfeat/target/debug/wbuild/harmonie-runtime/target/wasm32-unknown-unknown/release/deps/harmonie_runtime-3a5cda8230ca0104.long-type-6691357689991133965.txt'

  error[E0277]: the trait bound `fp_self_contained::UncheckedExtrinsic<fp_account::AccountId20, RuntimeCall, fp_account::EthereumSignature, (CheckNonZeroSender<Runtime>, CheckSpecVersion<Runtime>, CheckTxVersion<Runtime>, CheckGenesis<Runtime>, CheckEra<Runtime>, CheckNonce<Runtime>, CheckWeight<Runtime>, ChargeTransactionPayment<Runtime>, CheckMetadataHash<Runtime>)>: parity_scale_codec::Encode` is not satisfied
     --> /Users/snow/dev/Allfeat/Allfeat/runtime/harmonie/src/lib.rs:421:7
      |
  421 |     impl sp_authority_discovery::AuthorityDiscoveryApi<Block> for Runtime {
      |          ^^^^^^^^^^^^^^^^^^^^^^^^^^^^^^^^^^^^^^^^^^^^^^^^^^^^ the trait `parity_scale_codec::Encode` is not implemented for `UncheckedExtrinsic<AccountId20, RuntimeCall, EthereumSignature, (..., ..., ..., ..., ..., ..., ..., ..., ...)>`, which is required by `sp_runtime::generic::Block<sp_runtime::generic::Header<u32, sp_runtime::traits::BlakeTwo256>, fp_self_contained::UncheckedExtrinsic<fp_account::AccountId20, RuntimeCall, fp_account::EthereumSignature, (CheckNonZeroSender<Runtime>, CheckSpecVersion<Runtime>, CheckTxVersion<Runtime>, CheckGenesis<Runtime>, CheckEra<Runtime>, CheckNonce<Runtime>, CheckWeight<Runtime>, ChargeTransactionPayment<Runtime>, CheckMetadataHash<Runtime>)>>: BlockT`
      |
      = help: the trait `parity_scale_codec::Encode` is implemented for `fp_self_contained::UncheckedExtrinsic<Address, Call, Signature, Extra>`
      = note: required for `UncheckedExtrinsic<AccountId20, RuntimeCall, EthereumSignature, (..., ..., ..., ..., ..., ..., ..., ..., ...)>` to implement `parity_scale_codec::Codec`
      = note: the full type name has been written to '/Users/snow/dev/Allfeat/Allfeat/target/debug/wbuild/harmonie-runtime/target/wasm32-unknown-unknown/release/deps/harmonie_runtime-3a5cda8230ca0104.long-type-5157894769791864636.txt'
      = note: required for `Block<Header<u32, BlakeTwo256>, UncheckedExtrinsic<AccountId20, RuntimeCall, EthereumSignature, ...>>` to implement `BlockT`
      = note: the full type name has been written to '/Users/snow/dev/Allfeat/Allfeat/target/debug/wbuild/harmonie-runtime/target/wasm32-unknown-unknown/release/deps/harmonie_runtime-3a5cda8230ca0104.long-type-6691357689991133965.txt'

  error[E0277]: the trait bound `Runtime: pallet_session::historical::Config` is not satisfied
     --> /Users/snow/dev/Allfeat/Allfeat/runtime/harmonie/src/lib.rs:421:7
      |
  421 |     impl sp_authority_discovery::AuthorityDiscoveryApi<Block> for Runtime {
      |          ^^^^^^^^^^^^^^^^^^^^^^^^^^^^^^^^^^^^^^^^^^^^^^^^^^^^ the trait `pallet_session::historical::Config` is not implemented for `Runtime`, which is required by `sp_runtime::generic::Block<sp_runtime::generic::Header<u32, sp_runtime::traits::BlakeTwo256>, fp_self_contained::UncheckedExtrinsic<fp_account::AccountId20, RuntimeCall, fp_account::EthereumSignature, (CheckNonZeroSender<Runtime>, CheckSpecVersion<Runtime>, CheckTxVersion<Runtime>, CheckGenesis<Runtime>, CheckEra<Runtime>, CheckNonce<Runtime>, CheckWeight<Runtime>, ChargeTransactionPayment<Runtime>, CheckMetadataHash<Runtime>)>>: BlockT`
      |
      = help: the trait `BlockT` is implemented for `sp_runtime::generic::Block<Header, Extrinsic>`
      = note: required for `pallet_session::historical::Pallet<Runtime>` to implement `KeyOwnerProofSystem<(KeyTypeId, sp_consensus_babe::app::Public)>`
  note: required because it appears within the type `pallet_babe::Call<Runtime>`
     --> /Users/snow/.cargo/git/checkouts/polkadot-sdk-cff69157b985ed76/c4314f7/substrate/frame/babe/src/lib.rs:399:12
      |
  399 |     #[pallet::call]
      |               ^^^^
  note: required because it appears within the type `RuntimeCall`
     --> /Users/snow/dev/Allfeat/Allfeat/runtime/harmonie/src/lib.rs:84:1
      |
  84  | #[frame_support::runtime]
      | ^^^^^^^^^^^^^^^^^^^^^^^^^
      = note: required for `UncheckedExtrinsic<AccountId20, RuntimeCall, EthereumSignature, (..., ..., ..., ..., ..., ..., ..., ..., ...)>` to implement `Extrinsic`
      = note: the full type name has been written to '/Users/snow/dev/Allfeat/Allfeat/target/debug/wbuild/harmonie-runtime/target/wasm32-unknown-unknown/release/deps/harmonie_runtime-3a5cda8230ca0104.long-type-5157894769791864636.txt'
      = note: required for `Block<Header<u32, BlakeTwo256>, UncheckedExtrinsic<AccountId20, RuntimeCall, EthereumSignature, ...>>` to implement `BlockT`
      = note: the full type name has been written to '/Users/snow/dev/Allfeat/Allfeat/target/debug/wbuild/harmonie-runtime/target/wasm32-unknown-unknown/release/deps/harmonie_runtime-3a5cda8230ca0104.long-type-6691357689991133965.txt'
      = note: this error originates in the attribute macro `frame_support::runtime` (in Nightly builds, run with -Z macro-backtrace for more info)

  error[E0277]: the trait bound `sp_runtime::generic::Block<sp_runtime::generic::Header<u32, sp_runtime::traits::BlakeTwo256>, fp_self_contained::UncheckedExtrinsic<fp_account::AccountId20, RuntimeCall, fp_account::EthereumSignature, (CheckNonZeroSender<Runtime>, CheckSpecVersion<Runtime>, CheckTxVersion<Runtime>, CheckGenesis<Runtime>, CheckEra<Runtime>, CheckNonce<Runtime>, CheckWeight<Runtime>, ChargeTransactionPayment<Runtime>, CheckMetadataHash<Runtime>)>>: parity_scale_codec::Encode` is not satisfied
     --> /Users/snow/dev/Allfeat/Allfeat/runtime/harmonie/src/lib.rs:427:7
      |
  427 |     impl frame_system_rpc_runtime_api::AccountNonceApi<Block, AccountId, Nonce> for Runtime {
      |          ^^^^^^^^^^^^^^^^^^^^^^^^^^^^^^^^^^^^^^^^^^^^^^^^^^^^^^^^^^^^^^^^^^^^^^ the trait `parity_scale_codec::Encode` is not implemented for `Block<Header<u32, BlakeTwo256>, UncheckedExtrinsic<AccountId20, RuntimeCall, EthereumSignature, ...>>`, which is required by `sp_runtime::generic::Block<sp_runtime::generic::Header<u32, sp_runtime::traits::BlakeTwo256>, fp_self_contained::UncheckedExtrinsic<fp_account::AccountId20, RuntimeCall, fp_account::EthereumSignature, (CheckNonZeroSender<Runtime>, CheckSpecVersion<Runtime>, CheckTxVersion<Runtime>, CheckGenesis<Runtime>, CheckEra<Runtime>, CheckNonce<Runtime>, CheckWeight<Runtime>, ChargeTransactionPayment<Runtime>, CheckMetadataHash<Runtime>)>>: BlockT`
      |
      = help: the trait `parity_scale_codec::Encode` is implemented for `sp_runtime::generic::Block<Header, Extrinsic>`
      = note: required for `Block<Header<u32, BlakeTwo256>, UncheckedExtrinsic<AccountId20, RuntimeCall, EthereumSignature, ...>>` to implement `parity_scale_codec::Codec`
      = note: the full type name has been written to '/Users/snow/dev/Allfeat/Allfeat/target/debug/wbuild/harmonie-runtime/target/wasm32-unknown-unknown/release/deps/harmonie_runtime-3a5cda8230ca0104.long-type-6691357689991133965.txt'
      = note: required for `Block<Header<u32, BlakeTwo256>, UncheckedExtrinsic<AccountId20, RuntimeCall, EthereumSignature, ...>>` to implement `BlockT`
      = note: the full type name has been written to '/Users/snow/dev/Allfeat/Allfeat/target/debug/wbuild/harmonie-runtime/target/wasm32-unknown-unknown/release/deps/harmonie_runtime-3a5cda8230ca0104.long-type-6691357689991133965.txt'
  note: required by a bound in `AccountNonceApi`
     --> /Users/snow/.cargo/git/checkouts/polkadot-sdk-cff69157b985ed76/c4314f7/substrate/frame/system/rpc/runtime-api/src/lib.rs:27:1
      |
  27  | / sp_api::decl_runtime_apis! {
  28  | |     /// The API to query account nonce.
  29  | |     pub trait AccountNonceApi<AccountId, Nonce> where
  30  | |         AccountId: codec::Codec,
  ...   |
  35  | |     }
  36  | | }
      | |_^ required by this bound in `AccountNonceApiV1`
      = note: this error originates in the macro `sp_api::decl_runtime_apis` (in Nightly builds, run with -Z macro-backtrace for more info)

  error[E0277]: the trait bound `sp_runtime::generic::Block<sp_runtime::generic::Header<u32, sp_runtime::traits::BlakeTwo256>, fp_self_contained::UncheckedExtrinsic<fp_account::AccountId20, RuntimeCall, fp_account::EthereumSignature, (CheckNonZeroSender<Runtime>, CheckSpecVersion<Runtime>, CheckTxVersion<Runtime>, CheckGenesis<Runtime>, CheckEra<Runtime>, CheckNonce<Runtime>, CheckWeight<Runtime>, ChargeTransactionPayment<Runtime>, CheckMetadataHash<Runtime>)>>: parity_scale_codec::Decode` is not satisfied
     --> /Users/snow/dev/Allfeat/Allfeat/runtime/harmonie/src/lib.rs:427:7
      |
  427 |     impl frame_system_rpc_runtime_api::AccountNonceApi<Block, AccountId, Nonce> for Runtime {
      |          ^^^^^^^^^^^^^^^^^^^^^^^^^^^^^^^^^^^^^^^^^^^^^^^^^^^^^^^^^^^^^^^^^^^^^^ the trait `parity_scale_codec::Decode` is not implemented for `Block<Header<u32, BlakeTwo256>, UncheckedExtrinsic<AccountId20, RuntimeCall, EthereumSignature, ...>>`, which is required by `sp_runtime::generic::Block<sp_runtime::generic::Header<u32, sp_runtime::traits::BlakeTwo256>, fp_self_contained::UncheckedExtrinsic<fp_account::AccountId20, RuntimeCall, fp_account::EthereumSignature, (CheckNonZeroSender<Runtime>, CheckSpecVersion<Runtime>, CheckTxVersion<Runtime>, CheckGenesis<Runtime>, CheckEra<Runtime>, CheckNonce<Runtime>, CheckWeight<Runtime>, ChargeTransactionPayment<Runtime>, CheckMetadataHash<Runtime>)>>: BlockT`
      |
      = help: the trait `parity_scale_codec::Decode` is implemented for `sp_runtime::generic::Block<Header, Extrinsic>`
      = note: required for `Block<Header<u32, BlakeTwo256>, UncheckedExtrinsic<AccountId20, RuntimeCall, EthereumSignature, ...>>` to implement `parity_scale_codec::Codec`
      = note: the full type name has been written to '/Users/snow/dev/Allfeat/Allfeat/target/debug/wbuild/harmonie-runtime/target/wasm32-unknown-unknown/release/deps/harmonie_runtime-3a5cda8230ca0104.long-type-6691357689991133965.txt'
      = note: required for `Block<Header<u32, BlakeTwo256>, UncheckedExtrinsic<AccountId20, RuntimeCall, EthereumSignature, ...>>` to implement `BlockT`
      = note: the full type name has been written to '/Users/snow/dev/Allfeat/Allfeat/target/debug/wbuild/harmonie-runtime/target/wasm32-unknown-unknown/release/deps/harmonie_runtime-3a5cda8230ca0104.long-type-6691357689991133965.txt'
  note: required by a bound in `AccountNonceApi`
     --> /Users/snow/.cargo/git/checkouts/polkadot-sdk-cff69157b985ed76/c4314f7/substrate/frame/system/rpc/runtime-api/src/lib.rs:27:1
      |
  27  | / sp_api::decl_runtime_apis! {
  28  | |     /// The API to query account nonce.
  29  | |     pub trait AccountNonceApi<AccountId, Nonce> where
  30  | |         AccountId: codec::Codec,
  ...   |
  35  | |     }
  36  | | }
      | |_^ required by this bound in `AccountNonceApiV1`
      = note: this error originates in the macro `sp_api::decl_runtime_apis` (in Nightly builds, run with -Z macro-backtrace for more info)

  error[E0277]: the trait bound `fp_self_contained::UncheckedExtrinsic<fp_account::AccountId20, RuntimeCall, fp_account::EthereumSignature, (CheckNonZeroSender<Runtime>, CheckSpecVersion<Runtime>, CheckTxVersion<Runtime>, CheckGenesis<Runtime>, CheckEra<Runtime>, CheckNonce<Runtime>, CheckWeight<Runtime>, ChargeTransactionPayment<Runtime>, CheckMetadataHash<Runtime>)>: parity_scale_codec::Decode` is not satisfied
     --> /Users/snow/dev/Allfeat/Allfeat/runtime/harmonie/src/lib.rs:427:7
      |
  427 |     impl frame_system_rpc_runtime_api::AccountNonceApi<Block, AccountId, Nonce> for Runtime {
      |          ^^^^^^^^^^^^^^^^^^^^^^^^^^^^^^^^^^^^^^^^^^^^^^^^^^^^^^^^^^^^^^^^^^^^^^ the trait `parity_scale_codec::Decode` is not implemented for `UncheckedExtrinsic<AccountId20, RuntimeCall, EthereumSignature, (..., ..., ..., ..., ..., ..., ..., ..., ...)>`, which is required by `sp_runtime::generic::Block<sp_runtime::generic::Header<u32, sp_runtime::traits::BlakeTwo256>, fp_self_contained::UncheckedExtrinsic<fp_account::AccountId20, RuntimeCall, fp_account::EthereumSignature, (CheckNonZeroSender<Runtime>, CheckSpecVersion<Runtime>, CheckTxVersion<Runtime>, CheckGenesis<Runtime>, CheckEra<Runtime>, CheckNonce<Runtime>, CheckWeight<Runtime>, ChargeTransactionPayment<Runtime>, CheckMetadataHash<Runtime>)>>: BlockT`
      |
      = help: the trait `parity_scale_codec::Decode` is implemented for `fp_self_contained::UncheckedExtrinsic<Address, Call, Signature, Extra>`
      = note: required for `UncheckedExtrinsic<AccountId20, RuntimeCall, EthereumSignature, (..., ..., ..., ..., ..., ..., ..., ..., ...)>` to implement `parity_scale_codec::Codec`
      = note: the full type name has been written to '/Users/snow/dev/Allfeat/Allfeat/target/debug/wbuild/harmonie-runtime/target/wasm32-unknown-unknown/release/deps/harmonie_runtime-3a5cda8230ca0104.long-type-5157894769791864636.txt'
      = note: required for `Block<Header<u32, BlakeTwo256>, UncheckedExtrinsic<AccountId20, RuntimeCall, EthereumSignature, ...>>` to implement `BlockT`
      = note: the full type name has been written to '/Users/snow/dev/Allfeat/Allfeat/target/debug/wbuild/harmonie-runtime/target/wasm32-unknown-unknown/release/deps/harmonie_runtime-3a5cda8230ca0104.long-type-6691357689991133965.txt'

  error[E0277]: the trait bound `fp_self_contained::UncheckedExtrinsic<fp_account::AccountId20, RuntimeCall, fp_account::EthereumSignature, (CheckNonZeroSender<Runtime>, CheckSpecVersion<Runtime>, CheckTxVersion<Runtime>, CheckGenesis<Runtime>, CheckEra<Runtime>, CheckNonce<Runtime>, CheckWeight<Runtime>, ChargeTransactionPayment<Runtime>, CheckMetadataHash<Runtime>)>: parity_scale_codec::Encode` is not satisfied
     --> /Users/snow/dev/Allfeat/Allfeat/runtime/harmonie/src/lib.rs:427:7
      |
  427 |     impl frame_system_rpc_runtime_api::AccountNonceApi<Block, AccountId, Nonce> for Runtime {
      |          ^^^^^^^^^^^^^^^^^^^^^^^^^^^^^^^^^^^^^^^^^^^^^^^^^^^^^^^^^^^^^^^^^^^^^^ the trait `parity_scale_codec::Encode` is not implemented for `UncheckedExtrinsic<AccountId20, RuntimeCall, EthereumSignature, (..., ..., ..., ..., ..., ..., ..., ..., ...)>`, which is required by `sp_runtime::generic::Block<sp_runtime::generic::Header<u32, sp_runtime::traits::BlakeTwo256>, fp_self_contained::UncheckedExtrinsic<fp_account::AccountId20, RuntimeCall, fp_account::EthereumSignature, (CheckNonZeroSender<Runtime>, CheckSpecVersion<Runtime>, CheckTxVersion<Runtime>, CheckGenesis<Runtime>, CheckEra<Runtime>, CheckNonce<Runtime>, CheckWeight<Runtime>, ChargeTransactionPayment<Runtime>, CheckMetadataHash<Runtime>)>>: BlockT`
      |
      = help: the trait `parity_scale_codec::Encode` is implemented for `fp_self_contained::UncheckedExtrinsic<Address, Call, Signature, Extra>`
      = note: required for `UncheckedExtrinsic<AccountId20, RuntimeCall, EthereumSignature, (..., ..., ..., ..., ..., ..., ..., ..., ...)>` to implement `parity_scale_codec::Codec`
      = note: the full type name has been written to '/Users/snow/dev/Allfeat/Allfeat/target/debug/wbuild/harmonie-runtime/target/wasm32-unknown-unknown/release/deps/harmonie_runtime-3a5cda8230ca0104.long-type-5157894769791864636.txt'
      = note: required for `Block<Header<u32, BlakeTwo256>, UncheckedExtrinsic<AccountId20, RuntimeCall, EthereumSignature, ...>>` to implement `BlockT`
      = note: the full type name has been written to '/Users/snow/dev/Allfeat/Allfeat/target/debug/wbuild/harmonie-runtime/target/wasm32-unknown-unknown/release/deps/harmonie_runtime-3a5cda8230ca0104.long-type-6691357689991133965.txt'

  error[E0277]: the trait bound `Runtime: pallet_session::historical::Config` is not satisfied
     --> /Users/snow/dev/Allfeat/Allfeat/runtime/harmonie/src/lib.rs:427:7
      |
  427 |     impl frame_system_rpc_runtime_api::AccountNonceApi<Block, AccountId, Nonce> for Runtime {
      |          ^^^^^^^^^^^^^^^^^^^^^^^^^^^^^^^^^^^^^^^^^^^^^^^^^^^^^^^^^^^^^^^^^^^^^^ the trait `pallet_session::historical::Config` is not implemented for `Runtime`, which is required by `sp_runtime::generic::Block<sp_runtime::generic::Header<u32, sp_runtime::traits::BlakeTwo256>, fp_self_contained::UncheckedExtrinsic<fp_account::AccountId20, RuntimeCall, fp_account::EthereumSignature, (CheckNonZeroSender<Runtime>, CheckSpecVersion<Runtime>, CheckTxVersion<Runtime>, CheckGenesis<Runtime>, CheckEra<Runtime>, CheckNonce<Runtime>, CheckWeight<Runtime>, ChargeTransactionPayment<Runtime>, CheckMetadataHash<Runtime>)>>: BlockT`
      |
      = help: the trait `BlockT` is implemented for `sp_runtime::generic::Block<Header, Extrinsic>`
      = note: required for `pallet_session::historical::Pallet<Runtime>` to implement `KeyOwnerProofSystem<(KeyTypeId, sp_consensus_babe::app::Public)>`
  note: required because it appears within the type `pallet_babe::Call<Runtime>`
     --> /Users/snow/.cargo/git/checkouts/polkadot-sdk-cff69157b985ed76/c4314f7/substrate/frame/babe/src/lib.rs:399:12
      |
  399 |     #[pallet::call]
      |               ^^^^
  note: required because it appears within the type `RuntimeCall`
     --> /Users/snow/dev/Allfeat/Allfeat/runtime/harmonie/src/lib.rs:84:1
      |
  84  | #[frame_support::runtime]
      | ^^^^^^^^^^^^^^^^^^^^^^^^^
      = note: required for `UncheckedExtrinsic<AccountId20, RuntimeCall, EthereumSignature, (..., ..., ..., ..., ..., ..., ..., ..., ...)>` to implement `Extrinsic`
      = note: the full type name has been written to '/Users/snow/dev/Allfeat/Allfeat/target/debug/wbuild/harmonie-runtime/target/wasm32-unknown-unknown/release/deps/harmonie_runtime-3a5cda8230ca0104.long-type-5157894769791864636.txt'
      = note: required for `Block<Header<u32, BlakeTwo256>, UncheckedExtrinsic<AccountId20, RuntimeCall, EthereumSignature, ...>>` to implement `BlockT`
      = note: the full type name has been written to '/Users/snow/dev/Allfeat/Allfeat/target/debug/wbuild/harmonie-runtime/target/wasm32-unknown-unknown/release/deps/harmonie_runtime-3a5cda8230ca0104.long-type-6691357689991133965.txt'
      = note: this error originates in the attribute macro `frame_support::runtime` (in Nightly builds, run with -Z macro-backtrace for more info)

  error[E0277]: the trait bound `sp_runtime::generic::Block<sp_runtime::generic::Header<u32, sp_runtime::traits::BlakeTwo256>, fp_self_contained::UncheckedExtrinsic<fp_account::AccountId20, RuntimeCall, fp_account::EthereumSignature, (CheckNonZeroSender<Runtime>, CheckSpecVersion<Runtime>, CheckTxVersion<Runtime>, CheckGenesis<Runtime>, CheckEra<Runtime>, CheckNonce<Runtime>, CheckWeight<Runtime>, ChargeTransactionPayment<Runtime>, CheckMetadataHash<Runtime>)>>: parity_scale_codec::Encode` is not satisfied
     --> /Users/snow/dev/Allfeat/Allfeat/runtime/harmonie/src/lib.rs:433:7
      |
  433 |       impl pallet_transaction_payment_rpc_runtime_api::TransactionPaymentApi<
      |  __________^
  434 | |         Block,
  435 | |         Balance,
  436 | |     > for Runtime {
      | |_____^ the trait `parity_scale_codec::Encode` is not implemented for `Block<Header<u32, BlakeTwo256>, UncheckedExtrinsic<AccountId20, RuntimeCall, EthereumSignature, ...>>`, which is required by `sp_runtime::generic::Block<sp_runtime::generic::Header<u32, sp_runtime::traits::BlakeTwo256>, fp_self_contained::UncheckedExtrinsic<fp_account::AccountId20, RuntimeCall, fp_account::EthereumSignature, (CheckNonZeroSender<Runtime>, CheckSpecVersion<Runtime>, CheckTxVersion<Runtime>, CheckGenesis<Runtime>, CheckEra<Runtime>, CheckNonce<Runtime>, CheckWeight<Runtime>, ChargeTransactionPayment<Runtime>, CheckMetadataHash<Runtime>)>>: BlockT`
      |
      = help: the trait `parity_scale_codec::Encode` is implemented for `sp_runtime::generic::Block<Header, Extrinsic>`
      = note: required for `Block<Header<u32, BlakeTwo256>, UncheckedExtrinsic<AccountId20, RuntimeCall, EthereumSignature, ...>>` to implement `parity_scale_codec::Codec`
      = note: the full type name has been written to '/Users/snow/dev/Allfeat/Allfeat/target/debug/wbuild/harmonie-runtime/target/wasm32-unknown-unknown/release/deps/harmonie_runtime-3a5cda8230ca0104.long-type-6691357689991133965.txt'
      = note: required for `Block<Header<u32, BlakeTwo256>, UncheckedExtrinsic<AccountId20, RuntimeCall, EthereumSignature, ...>>` to implement `BlockT`
      = note: the full type name has been written to '/Users/snow/dev/Allfeat/Allfeat/target/debug/wbuild/harmonie-runtime/target/wasm32-unknown-unknown/release/deps/harmonie_runtime-3a5cda8230ca0104.long-type-6691357689991133965.txt'
  note: required by a bound in `TransactionPaymentApi`
     --> /Users/snow/.cargo/git/checkouts/polkadot-sdk-cff69157b985ed76/c4314f7/substrate/frame/transaction-payment/rpc/runtime-api/src/lib.rs:27:1
      |
  27  | / sp_api::decl_runtime_apis! {
  28  | |     #[api_version(4)]
  29  | |     pub trait TransactionPaymentApi<Balance> where
  30  | |         Balance: Codec + MaybeDisplay,
  ...   |
  55  | |     }
  56  | | }
      | |_^ required by this bound in `TransactionPaymentApiV4`
      = note: this error originates in the macro `sp_api::decl_runtime_apis` (in Nightly builds, run with -Z macro-backtrace for more info)

  error[E0277]: the trait bound `sp_runtime::generic::Block<sp_runtime::generic::Header<u32, sp_runtime::traits::BlakeTwo256>, fp_self_contained::UncheckedExtrinsic<fp_account::AccountId20, RuntimeCall, fp_account::EthereumSignature, (CheckNonZeroSender<Runtime>, CheckSpecVersion<Runtime>, CheckTxVersion<Runtime>, CheckGenesis<Runtime>, CheckEra<Runtime>, CheckNonce<Runtime>, CheckWeight<Runtime>, ChargeTransactionPayment<Runtime>, CheckMetadataHash<Runtime>)>>: parity_scale_codec::Decode` is not satisfied
     --> /Users/snow/dev/Allfeat/Allfeat/runtime/harmonie/src/lib.rs:433:7
      |
  433 |       impl pallet_transaction_payment_rpc_runtime_api::TransactionPaymentApi<
      |  __________^
  434 | |         Block,
  435 | |         Balance,
  436 | |     > for Runtime {
      | |_____^ the trait `parity_scale_codec::Decode` is not implemented for `Block<Header<u32, BlakeTwo256>, UncheckedExtrinsic<AccountId20, RuntimeCall, EthereumSignature, ...>>`, which is required by `sp_runtime::generic::Block<sp_runtime::generic::Header<u32, sp_runtime::traits::BlakeTwo256>, fp_self_contained::UncheckedExtrinsic<fp_account::AccountId20, RuntimeCall, fp_account::EthereumSignature, (CheckNonZeroSender<Runtime>, CheckSpecVersion<Runtime>, CheckTxVersion<Runtime>, CheckGenesis<Runtime>, CheckEra<Runtime>, CheckNonce<Runtime>, CheckWeight<Runtime>, ChargeTransactionPayment<Runtime>, CheckMetadataHash<Runtime>)>>: BlockT`
      |
      = help: the trait `parity_scale_codec::Decode` is implemented for `sp_runtime::generic::Block<Header, Extrinsic>`
      = note: required for `Block<Header<u32, BlakeTwo256>, UncheckedExtrinsic<AccountId20, RuntimeCall, EthereumSignature, ...>>` to implement `parity_scale_codec::Codec`
      = note: the full type name has been written to '/Users/snow/dev/Allfeat/Allfeat/target/debug/wbuild/harmonie-runtime/target/wasm32-unknown-unknown/release/deps/harmonie_runtime-3a5cda8230ca0104.long-type-6691357689991133965.txt'
      = note: required for `Block<Header<u32, BlakeTwo256>, UncheckedExtrinsic<AccountId20, RuntimeCall, EthereumSignature, ...>>` to implement `BlockT`
      = note: the full type name has been written to '/Users/snow/dev/Allfeat/Allfeat/target/debug/wbuild/harmonie-runtime/target/wasm32-unknown-unknown/release/deps/harmonie_runtime-3a5cda8230ca0104.long-type-6691357689991133965.txt'
  note: required by a bound in `TransactionPaymentApi`
     --> /Users/snow/.cargo/git/checkouts/polkadot-sdk-cff69157b985ed76/c4314f7/substrate/frame/transaction-payment/rpc/runtime-api/src/lib.rs:27:1
      |
  27  | / sp_api::decl_runtime_apis! {
  28  | |     #[api_version(4)]
  29  | |     pub trait TransactionPaymentApi<Balance> where
  30  | |         Balance: Codec + MaybeDisplay,
  ...   |
  55  | |     }
  56  | | }
      | |_^ required by this bound in `TransactionPaymentApiV4`
      = note: this error originates in the macro `sp_api::decl_runtime_apis` (in Nightly builds, run with -Z macro-backtrace for more info)

  error[E0277]: the trait bound `fp_self_contained::UncheckedExtrinsic<fp_account::AccountId20, RuntimeCall, fp_account::EthereumSignature, (CheckNonZeroSender<Runtime>, CheckSpecVersion<Runtime>, CheckTxVersion<Runtime>, CheckGenesis<Runtime>, CheckEra<Runtime>, CheckNonce<Runtime>, CheckWeight<Runtime>, ChargeTransactionPayment<Runtime>, CheckMetadataHash<Runtime>)>: parity_scale_codec::Decode` is not satisfied
     --> /Users/snow/dev/Allfeat/Allfeat/runtime/harmonie/src/lib.rs:433:7
      |
  433 |       impl pallet_transaction_payment_rpc_runtime_api::TransactionPaymentApi<
      |  __________^
  434 | |         Block,
  435 | |         Balance,
  436 | |     > for Runtime {
      | |_____^ the trait `parity_scale_codec::Decode` is not implemented for `UncheckedExtrinsic<AccountId20, RuntimeCall, EthereumSignature, (..., ..., ..., ..., ..., ..., ..., ..., ...)>`, which is required by `sp_runtime::generic::Block<sp_runtime::generic::Header<u32, sp_runtime::traits::BlakeTwo256>, fp_self_contained::UncheckedExtrinsic<fp_account::AccountId20, RuntimeCall, fp_account::EthereumSignature, (CheckNonZeroSender<Runtime>, CheckSpecVersion<Runtime>, CheckTxVersion<Runtime>, CheckGenesis<Runtime>, CheckEra<Runtime>, CheckNonce<Runtime>, CheckWeight<Runtime>, ChargeTransactionPayment<Runtime>, CheckMetadataHash<Runtime>)>>: BlockT`
      |
      = help: the trait `parity_scale_codec::Decode` is implemented for `fp_self_contained::UncheckedExtrinsic<Address, Call, Signature, Extra>`
      = note: required for `UncheckedExtrinsic<AccountId20, RuntimeCall, EthereumSignature, (..., ..., ..., ..., ..., ..., ..., ..., ...)>` to implement `parity_scale_codec::Codec`
      = note: the full type name has been written to '/Users/snow/dev/Allfeat/Allfeat/target/debug/wbuild/harmonie-runtime/target/wasm32-unknown-unknown/release/deps/harmonie_runtime-3a5cda8230ca0104.long-type-5157894769791864636.txt'
      = note: required for `Block<Header<u32, BlakeTwo256>, UncheckedExtrinsic<AccountId20, RuntimeCall, EthereumSignature, ...>>` to implement `BlockT`
      = note: the full type name has been written to '/Users/snow/dev/Allfeat/Allfeat/target/debug/wbuild/harmonie-runtime/target/wasm32-unknown-unknown/release/deps/harmonie_runtime-3a5cda8230ca0104.long-type-6691357689991133965.txt'

  error[E0277]: the trait bound `fp_self_contained::UncheckedExtrinsic<fp_account::AccountId20, RuntimeCall, fp_account::EthereumSignature, (CheckNonZeroSender<Runtime>, CheckSpecVersion<Runtime>, CheckTxVersion<Runtime>, CheckGenesis<Runtime>, CheckEra<Runtime>, CheckNonce<Runtime>, CheckWeight<Runtime>, ChargeTransactionPayment<Runtime>, CheckMetadataHash<Runtime>)>: parity_scale_codec::Encode` is not satisfied
     --> /Users/snow/dev/Allfeat/Allfeat/runtime/harmonie/src/lib.rs:433:7
      |
  433 |       impl pallet_transaction_payment_rpc_runtime_api::TransactionPaymentApi<
      |  __________^
  434 | |         Block,
  435 | |         Balance,
  436 | |     > for Runtime {
      | |_____^ the trait `parity_scale_codec::Encode` is not implemented for `UncheckedExtrinsic<AccountId20, RuntimeCall, EthereumSignature, (..., ..., ..., ..., ..., ..., ..., ..., ...)>`, which is required by `sp_runtime::generic::Block<sp_runtime::generic::Header<u32, sp_runtime::traits::BlakeTwo256>, fp_self_contained::UncheckedExtrinsic<fp_account::AccountId20, RuntimeCall, fp_account::EthereumSignature, (CheckNonZeroSender<Runtime>, CheckSpecVersion<Runtime>, CheckTxVersion<Runtime>, CheckGenesis<Runtime>, CheckEra<Runtime>, CheckNonce<Runtime>, CheckWeight<Runtime>, ChargeTransactionPayment<Runtime>, CheckMetadataHash<Runtime>)>>: BlockT`
      |
      = help: the trait `parity_scale_codec::Encode` is implemented for `fp_self_contained::UncheckedExtrinsic<Address, Call, Signature, Extra>`
      = note: required for `UncheckedExtrinsic<AccountId20, RuntimeCall, EthereumSignature, (..., ..., ..., ..., ..., ..., ..., ..., ...)>` to implement `parity_scale_codec::Codec`
      = note: the full type name has been written to '/Users/snow/dev/Allfeat/Allfeat/target/debug/wbuild/harmonie-runtime/target/wasm32-unknown-unknown/release/deps/harmonie_runtime-3a5cda8230ca0104.long-type-5157894769791864636.txt'
      = note: required for `Block<Header<u32, BlakeTwo256>, UncheckedExtrinsic<AccountId20, RuntimeCall, EthereumSignature, ...>>` to implement `BlockT`
      = note: the full type name has been written to '/Users/snow/dev/Allfeat/Allfeat/target/debug/wbuild/harmonie-runtime/target/wasm32-unknown-unknown/release/deps/harmonie_runtime-3a5cda8230ca0104.long-type-6691357689991133965.txt'

  error[E0277]: the trait bound `Runtime: pallet_session::historical::Config` is not satisfied
     --> /Users/snow/dev/Allfeat/Allfeat/runtime/harmonie/src/lib.rs:433:7
      |
  433 |       impl pallet_transaction_payment_rpc_runtime_api::TransactionPaymentApi<
      |  __________^
  434 | |         Block,
  435 | |         Balance,
  436 | |     > for Runtime {
      | |_____^ the trait `pallet_session::historical::Config` is not implemented for `Runtime`, which is required by `sp_runtime::generic::Block<sp_runtime::generic::Header<u32, sp_runtime::traits::BlakeTwo256>, fp_self_contained::UncheckedExtrinsic<fp_account::AccountId20, RuntimeCall, fp_account::EthereumSignature, (CheckNonZeroSender<Runtime>, CheckSpecVersion<Runtime>, CheckTxVersion<Runtime>, CheckGenesis<Runtime>, CheckEra<Runtime>, CheckNonce<Runtime>, CheckWeight<Runtime>, ChargeTransactionPayment<Runtime>, CheckMetadataHash<Runtime>)>>: BlockT`
      |
      = help: the trait `BlockT` is implemented for `sp_runtime::generic::Block<Header, Extrinsic>`
      = note: required for `pallet_session::historical::Pallet<Runtime>` to implement `KeyOwnerProofSystem<(KeyTypeId, sp_consensus_babe::app::Public)>`
  note: required because it appears within the type `pallet_babe::Call<Runtime>`
     --> /Users/snow/.cargo/git/checkouts/polkadot-sdk-cff69157b985ed76/c4314f7/substrate/frame/babe/src/lib.rs:399:12
      |
  399 |     #[pallet::call]
      |               ^^^^
  note: required because it appears within the type `RuntimeCall`
     --> /Users/snow/dev/Allfeat/Allfeat/runtime/harmonie/src/lib.rs:84:1
      |
  84  | #[frame_support::runtime]
      | ^^^^^^^^^^^^^^^^^^^^^^^^^
      = note: required for `UncheckedExtrinsic<AccountId20, RuntimeCall, EthereumSignature, (..., ..., ..., ..., ..., ..., ..., ..., ...)>` to implement `Extrinsic`
      = note: the full type name has been written to '/Users/snow/dev/Allfeat/Allfeat/target/debug/wbuild/harmonie-runtime/target/wasm32-unknown-unknown/release/deps/harmonie_runtime-3a5cda8230ca0104.long-type-5157894769791864636.txt'
      = note: required for `Block<Header<u32, BlakeTwo256>, UncheckedExtrinsic<AccountId20, RuntimeCall, EthereumSignature, ...>>` to implement `BlockT`
      = note: the full type name has been written to '/Users/snow/dev/Allfeat/Allfeat/target/debug/wbuild/harmonie-runtime/target/wasm32-unknown-unknown/release/deps/harmonie_runtime-3a5cda8230ca0104.long-type-6691357689991133965.txt'
      = note: this error originates in the attribute macro `frame_support::runtime` (in Nightly builds, run with -Z macro-backtrace for more info)

  error[E0277]: the trait bound `fp_self_contained::UncheckedExtrinsic<fp_account::AccountId20, RuntimeCall, fp_account::EthereumSignature, (CheckNonZeroSender<Runtime>, CheckSpecVersion<Runtime>, CheckTxVersion<Runtime>, CheckGenesis<Runtime>, CheckEra<Runtime>, CheckNonce<Runtime>, CheckWeight<Runtime>, ChargeTransactionPayment<Runtime>, CheckMetadataHash<Runtime>)>: parity_scale_codec::Decode` is not satisfied
     --> /Users/snow/dev/Allfeat/Allfeat/runtime/harmonie/src/lib.rs:437:3
      |
  437 | ...   fn query_info(uxt: <Block as sp_runtime::traits::Block>::Extrinsic, len: u32) -> pallet_transaction_payment::RuntimeDispatchInfo<Balance...
      |       ^^^^^^^^^^^^^^^^^^^^^^^^^^^^^^^^^^^^^^^^^^^^^^^^^^^^^^^^^^^^^^^^^^^^^^^^^^^^^^^^^^^^^^^^^^^^^^^^^^^^^^^^^^^^^^^^^^^^^^^^^^^^^^^^^^^^^^^^^ the trait `parity_scale_codec::Decode` is not implemented for `UncheckedExtrinsic<AccountId20, RuntimeCall, EthereumSignature, (..., ..., ..., ..., ..., ..., ..., ..., ...)>`, which is required by `sp_runtime::generic::Block<sp_runtime::generic::Header<u32, sp_runtime::traits::BlakeTwo256>, fp_self_contained::UncheckedExtrinsic<fp_account::AccountId20, RuntimeCall, fp_account::EthereumSignature, (CheckNonZeroSender<Runtime>, CheckSpecVersion<Runtime>, CheckTxVersion<Runtime>, CheckGenesis<Runtime>, CheckEra<Runtime>, CheckNonce<Runtime>, CheckWeight<Runtime>, ChargeTransactionPayment<Runtime>, CheckMetadataHash<Runtime>)>>: BlockT`
      |
      = help: the trait `parity_scale_codec::Decode` is implemented for `fp_self_contained::UncheckedExtrinsic<Address, Call, Signature, Extra>`
      = note: required for `UncheckedExtrinsic<AccountId20, RuntimeCall, EthereumSignature, (..., ..., ..., ..., ..., ..., ..., ..., ...)>` to implement `parity_scale_codec::Codec`
      = note: the full type name has been written to '/Users/snow/dev/Allfeat/Allfeat/target/debug/wbuild/harmonie-runtime/target/wasm32-unknown-unknown/release/deps/harmonie_runtime-3a5cda8230ca0104.long-type-5157894769791864636.txt'
      = note: required for `Block<Header<u32, BlakeTwo256>, UncheckedExtrinsic<AccountId20, RuntimeCall, EthereumSignature, ...>>` to implement `BlockT`
      = note: the full type name has been written to '/Users/snow/dev/Allfeat/Allfeat/target/debug/wbuild/harmonie-runtime/target/wasm32-unknown-unknown/release/deps/harmonie_runtime-3a5cda8230ca0104.long-type-6691357689991133965.txt'

  error[E0277]: the trait bound `fp_self_contained::UncheckedExtrinsic<fp_account::AccountId20, RuntimeCall, fp_account::EthereumSignature, (CheckNonZeroSender<Runtime>, CheckSpecVersion<Runtime>, CheckTxVersion<Runtime>, CheckGenesis<Runtime>, CheckEra<Runtime>, CheckNonce<Runtime>, CheckWeight<Runtime>, ChargeTransactionPayment<Runtime>, CheckMetadataHash<Runtime>)>: parity_scale_codec::Encode` is not satisfied
     --> /Users/snow/dev/Allfeat/Allfeat/runtime/harmonie/src/lib.rs:437:3
      |
  437 | ...   fn query_info(uxt: <Block as sp_runtime::traits::Block>::Extrinsic, len: u32) -> pallet_transaction_payment::RuntimeDispatchInfo<Balance...
      |       ^^^^^^^^^^^^^^^^^^^^^^^^^^^^^^^^^^^^^^^^^^^^^^^^^^^^^^^^^^^^^^^^^^^^^^^^^^^^^^^^^^^^^^^^^^^^^^^^^^^^^^^^^^^^^^^^^^^^^^^^^^^^^^^^^^^^^^^^^ the trait `parity_scale_codec::Encode` is not implemented for `UncheckedExtrinsic<AccountId20, RuntimeCall, EthereumSignature, (..., ..., ..., ..., ..., ..., ..., ..., ...)>`, which is required by `sp_runtime::generic::Block<sp_runtime::generic::Header<u32, sp_runtime::traits::BlakeTwo256>, fp_self_contained::UncheckedExtrinsic<fp_account::AccountId20, RuntimeCall, fp_account::EthereumSignature, (CheckNonZeroSender<Runtime>, CheckSpecVersion<Runtime>, CheckTxVersion<Runtime>, CheckGenesis<Runtime>, CheckEra<Runtime>, CheckNonce<Runtime>, CheckWeight<Runtime>, ChargeTransactionPayment<Runtime>, CheckMetadataHash<Runtime>)>>: BlockT`
      |
      = help: the trait `parity_scale_codec::Encode` is implemented for `fp_self_contained::UncheckedExtrinsic<Address, Call, Signature, Extra>`
      = note: required for `UncheckedExtrinsic<AccountId20, RuntimeCall, EthereumSignature, (..., ..., ..., ..., ..., ..., ..., ..., ...)>` to implement `parity_scale_codec::Codec`
      = note: the full type name has been written to '/Users/snow/dev/Allfeat/Allfeat/target/debug/wbuild/harmonie-runtime/target/wasm32-unknown-unknown/release/deps/harmonie_runtime-3a5cda8230ca0104.long-type-5157894769791864636.txt'
      = note: required for `Block<Header<u32, BlakeTwo256>, UncheckedExtrinsic<AccountId20, RuntimeCall, EthereumSignature, ...>>` to implement `BlockT`
      = note: the full type name has been written to '/Users/snow/dev/Allfeat/Allfeat/target/debug/wbuild/harmonie-runtime/target/wasm32-unknown-unknown/release/deps/harmonie_runtime-3a5cda8230ca0104.long-type-6691357689991133965.txt'

  error[E0277]: the trait bound `Runtime: pallet_session::historical::Config` is not satisfied
     --> /Users/snow/dev/Allfeat/Allfeat/runtime/harmonie/src/lib.rs:437:3
      |
  437 | ...   fn query_info(uxt: <Block as sp_runtime::traits::Block>::Extrinsic, len: u32) -> pallet_transaction_payment::RuntimeDispatchInfo<Balance...
      |       ^^^^^^^^^^^^^^^^^^^^^^^^^^^^^^^^^^^^^^^^^^^^^^^^^^^^^^^^^^^^^^^^^^^^^^^^^^^^^^^^^^^^^^^^^^^^^^^^^^^^^^^^^^^^^^^^^^^^^^^^^^^^^^^^^^^^^^^^^ the trait `pallet_session::historical::Config` is not implemented for `Runtime`, which is required by `sp_runtime::generic::Block<sp_runtime::generic::Header<u32, sp_runtime::traits::BlakeTwo256>, fp_self_contained::UncheckedExtrinsic<fp_account::AccountId20, RuntimeCall, fp_account::EthereumSignature, (CheckNonZeroSender<Runtime>, CheckSpecVersion<Runtime>, CheckTxVersion<Runtime>, CheckGenesis<Runtime>, CheckEra<Runtime>, CheckNonce<Runtime>, CheckWeight<Runtime>, ChargeTransactionPayment<Runtime>, CheckMetadataHash<Runtime>)>>: BlockT`
      |
      = help: the trait `BlockT` is implemented for `sp_runtime::generic::Block<Header, Extrinsic>`
      = note: required for `pallet_session::historical::Pallet<Runtime>` to implement `KeyOwnerProofSystem<(KeyTypeId, sp_consensus_babe::app::Public)>`
  note: required because it appears within the type `pallet_babe::Call<Runtime>`
     --> /Users/snow/.cargo/git/checkouts/polkadot-sdk-cff69157b985ed76/c4314f7/substrate/frame/babe/src/lib.rs:399:12
      |
  399 |     #[pallet::call]
      |               ^^^^
  note: required because it appears within the type `RuntimeCall`
     --> /Users/snow/dev/Allfeat/Allfeat/runtime/harmonie/src/lib.rs:84:1
      |
  84  | #[frame_support::runtime]
      | ^^^^^^^^^^^^^^^^^^^^^^^^^
      = note: required for `UncheckedExtrinsic<AccountId20, RuntimeCall, EthereumSignature, (..., ..., ..., ..., ..., ..., ..., ..., ...)>` to implement `Extrinsic`
      = note: the full type name has been written to '/Users/snow/dev/Allfeat/Allfeat/target/debug/wbuild/harmonie-runtime/target/wasm32-unknown-unknown/release/deps/harmonie_runtime-3a5cda8230ca0104.long-type-5157894769791864636.txt'
      = note: required for `Block<Header<u32, BlakeTwo256>, UncheckedExtrinsic<AccountId20, RuntimeCall, EthereumSignature, ...>>` to implement `BlockT`
      = note: the full type name has been written to '/Users/snow/dev/Allfeat/Allfeat/target/debug/wbuild/harmonie-runtime/target/wasm32-unknown-unknown/release/deps/harmonie_runtime-3a5cda8230ca0104.long-type-6691357689991133965.txt'
      = note: this error originates in the attribute macro `frame_support::runtime` (in Nightly builds, run with -Z macro-backtrace for more info)

  error[E0277]: the trait bound `fp_self_contained::UncheckedExtrinsic<fp_account::AccountId20, RuntimeCall, fp_account::EthereumSignature, (CheckNonZeroSender<Runtime>, CheckSpecVersion<Runtime>, CheckTxVersion<Runtime>, CheckGenesis<Runtime>, CheckEra<Runtime>, CheckNonce<Runtime>, CheckWeight<Runtime>, ChargeTransactionPayment<Runtime>, CheckMetadataHash<Runtime>)>: parity_scale_codec::Decode` is not satisfied
     --> /Users/snow/dev/Allfeat/Allfeat/runtime/harmonie/src/lib.rs:440:3
      |
  440 |         fn query_fee_details(uxt: <Block as sp_runtime::traits::Block>::Extrinsic, len: u32) -> pallet_transaction_payment::FeeDetails<B...
      |         ^^^^^^^^^^^^^^^^^^^^^^^^^^^^^^^^^^^^^^^^^^^^^^^^^^^^^^^^^^^^^^^^^^^^^^^^^^^^^^^^^^^^^^^^^^^^^^^^^^^^^^^^^^^^^^^^^^^^^^^^^^^^^^^^^^^^^^^ the trait `parity_scale_codec::Decode` is not implemented for `UncheckedExtrinsic<AccountId20, RuntimeCall, EthereumSignature, (..., ..., ..., ..., ..., ..., ..., ..., ...)>`, which is required by `sp_runtime::generic::Block<sp_runtime::generic::Header<u32, sp_runtime::traits::BlakeTwo256>, fp_self_contained::UncheckedExtrinsic<fp_account::AccountId20, RuntimeCall, fp_account::EthereumSignature, (CheckNonZeroSender<Runtime>, CheckSpecVersion<Runtime>, CheckTxVersion<Runtime>, CheckGenesis<Runtime>, CheckEra<Runtime>, CheckNonce<Runtime>, CheckWeight<Runtime>, ChargeTransactionPayment<Runtime>, CheckMetadataHash<Runtime>)>>: BlockT`
      |
      = help: the trait `parity_scale_codec::Decode` is implemented for `fp_self_contained::UncheckedExtrinsic<Address, Call, Signature, Extra>`
      = note: required for `UncheckedExtrinsic<AccountId20, RuntimeCall, EthereumSignature, (..., ..., ..., ..., ..., ..., ..., ..., ...)>` to implement `parity_scale_codec::Codec`
      = note: the full type name has been written to '/Users/snow/dev/Allfeat/Allfeat/target/debug/wbuild/harmonie-runtime/target/wasm32-unknown-unknown/release/deps/harmonie_runtime-3a5cda8230ca0104.long-type-5157894769791864636.txt'
      = note: required for `Block<Header<u32, BlakeTwo256>, UncheckedExtrinsic<AccountId20, RuntimeCall, EthereumSignature, ...>>` to implement `BlockT`
      = note: the full type name has been written to '/Users/snow/dev/Allfeat/Allfeat/target/debug/wbuild/harmonie-runtime/target/wasm32-unknown-unknown/release/deps/harmonie_runtime-3a5cda8230ca0104.long-type-6691357689991133965.txt'

  error[E0277]: the trait bound `fp_self_contained::UncheckedExtrinsic<fp_account::AccountId20, RuntimeCall, fp_account::EthereumSignature, (CheckNonZeroSender<Runtime>, CheckSpecVersion<Runtime>, CheckTxVersion<Runtime>, CheckGenesis<Runtime>, CheckEra<Runtime>, CheckNonce<Runtime>, CheckWeight<Runtime>, ChargeTransactionPayment<Runtime>, CheckMetadataHash<Runtime>)>: parity_scale_codec::Encode` is not satisfied
     --> /Users/snow/dev/Allfeat/Allfeat/runtime/harmonie/src/lib.rs:440:3
      |
  440 |         fn query_fee_details(uxt: <Block as sp_runtime::traits::Block>::Extrinsic, len: u32) -> pallet_transaction_payment::FeeDetails<B...
      |         ^^^^^^^^^^^^^^^^^^^^^^^^^^^^^^^^^^^^^^^^^^^^^^^^^^^^^^^^^^^^^^^^^^^^^^^^^^^^^^^^^^^^^^^^^^^^^^^^^^^^^^^^^^^^^^^^^^^^^^^^^^^^^^^^^^^^^^^ the trait `parity_scale_codec::Encode` is not implemented for `UncheckedExtrinsic<AccountId20, RuntimeCall, EthereumSignature, (..., ..., ..., ..., ..., ..., ..., ..., ...)>`, which is required by `sp_runtime::generic::Block<sp_runtime::generic::Header<u32, sp_runtime::traits::BlakeTwo256>, fp_self_contained::UncheckedExtrinsic<fp_account::AccountId20, RuntimeCall, fp_account::EthereumSignature, (CheckNonZeroSender<Runtime>, CheckSpecVersion<Runtime>, CheckTxVersion<Runtime>, CheckGenesis<Runtime>, CheckEra<Runtime>, CheckNonce<Runtime>, CheckWeight<Runtime>, ChargeTransactionPayment<Runtime>, CheckMetadataHash<Runtime>)>>: BlockT`
      |
      = help: the trait `parity_scale_codec::Encode` is implemented for `fp_self_contained::UncheckedExtrinsic<Address, Call, Signature, Extra>`
      = note: required for `UncheckedExtrinsic<AccountId20, RuntimeCall, EthereumSignature, (..., ..., ..., ..., ..., ..., ..., ..., ...)>` to implement `parity_scale_codec::Codec`
      = note: the full type name has been written to '/Users/snow/dev/Allfeat/Allfeat/target/debug/wbuild/harmonie-runtime/target/wasm32-unknown-unknown/release/deps/harmonie_runtime-3a5cda8230ca0104.long-type-5157894769791864636.txt'
      = note: required for `Block<Header<u32, BlakeTwo256>, UncheckedExtrinsic<AccountId20, RuntimeCall, EthereumSignature, ...>>` to implement `BlockT`
      = note: the full type name has been written to '/Users/snow/dev/Allfeat/Allfeat/target/debug/wbuild/harmonie-runtime/target/wasm32-unknown-unknown/release/deps/harmonie_runtime-3a5cda8230ca0104.long-type-6691357689991133965.txt'

  error[E0277]: the trait bound `Runtime: pallet_session::historical::Config` is not satisfied
     --> /Users/snow/dev/Allfeat/Allfeat/runtime/harmonie/src/lib.rs:440:3
      |
  440 |         fn query_fee_details(uxt: <Block as sp_runtime::traits::Block>::Extrinsic, len: u32) -> pallet_transaction_payment::FeeDetails<B...
      |         ^^^^^^^^^^^^^^^^^^^^^^^^^^^^^^^^^^^^^^^^^^^^^^^^^^^^^^^^^^^^^^^^^^^^^^^^^^^^^^^^^^^^^^^^^^^^^^^^^^^^^^^^^^^^^^^^^^^^^^^^^^^^^^^^^^^^^^^ the trait `pallet_session::historical::Config` is not implemented for `Runtime`, which is required by `sp_runtime::generic::Block<sp_runtime::generic::Header<u32, sp_runtime::traits::BlakeTwo256>, fp_self_contained::UncheckedExtrinsic<fp_account::AccountId20, RuntimeCall, fp_account::EthereumSignature, (CheckNonZeroSender<Runtime>, CheckSpecVersion<Runtime>, CheckTxVersion<Runtime>, CheckGenesis<Runtime>, CheckEra<Runtime>, CheckNonce<Runtime>, CheckWeight<Runtime>, ChargeTransactionPayment<Runtime>, CheckMetadataHash<Runtime>)>>: BlockT`
      |
      = help: the trait `BlockT` is implemented for `sp_runtime::generic::Block<Header, Extrinsic>`
      = note: required for `pallet_session::historical::Pallet<Runtime>` to implement `KeyOwnerProofSystem<(KeyTypeId, sp_consensus_babe::app::Public)>`
  note: required because it appears within the type `pallet_babe::Call<Runtime>`
     --> /Users/snow/.cargo/git/checkouts/polkadot-sdk-cff69157b985ed76/c4314f7/substrate/frame/babe/src/lib.rs:399:12
      |
  399 |     #[pallet::call]
      |               ^^^^
  note: required because it appears within the type `RuntimeCall`
     --> /Users/snow/dev/Allfeat/Allfeat/runtime/harmonie/src/lib.rs:84:1
      |
  84  | #[frame_support::runtime]
      | ^^^^^^^^^^^^^^^^^^^^^^^^^
      = note: required for `UncheckedExtrinsic<AccountId20, RuntimeCall, EthereumSignature, (..., ..., ..., ..., ..., ..., ..., ..., ...)>` to implement `Extrinsic`
      = note: the full type name has been written to '/Users/snow/dev/Allfeat/Allfeat/target/debug/wbuild/harmonie-runtime/target/wasm32-unknown-unknown/release/deps/harmonie_runtime-3a5cda8230ca0104.long-type-5157894769791864636.txt'
      = note: required for `Block<Header<u32, BlakeTwo256>, UncheckedExtrinsic<AccountId20, RuntimeCall, EthereumSignature, ...>>` to implement `BlockT`
      = note: the full type name has been written to '/Users/snow/dev/Allfeat/Allfeat/target/debug/wbuild/harmonie-runtime/target/wasm32-unknown-unknown/release/deps/harmonie_runtime-3a5cda8230ca0104.long-type-6691357689991133965.txt'
      = note: this error originates in the attribute macro `frame_support::runtime` (in Nightly builds, run with -Z macro-backtrace for more info)

  error[E0277]: the trait bound `sp_runtime::generic::Block<sp_runtime::generic::Header<u32, sp_runtime::traits::BlakeTwo256>, fp_self_contained::UncheckedExtrinsic<fp_account::AccountId20, RuntimeCall, fp_account::EthereumSignature, (CheckNonZeroSender<Runtime>, CheckSpecVersion<Runtime>, CheckTxVersion<Runtime>, CheckGenesis<Runtime>, CheckEra<Runtime>, CheckNonce<Runtime>, CheckWeight<Runtime>, ChargeTransactionPayment<Runtime>, CheckMetadataHash<Runtime>)>>: parity_scale_codec::Encode` is not satisfied
     --> /Users/snow/dev/Allfeat/Allfeat/runtime/harmonie/src/lib.rs:451:7
      |
  451 |     impl pallet_transaction_payment_rpc_runtime_api::TransactionPaymentCallApi<Block, Balance, RuntimeCall>
      |          ^^^^^^^^^^^^^^^^^^^^^^^^^^^^^^^^^^^^^^^^^^^^^^^^^^^^^^^^^^^^^^^^^^^^^^^^^^^^^^^^^^^^^^^^^^^^^^^^^^ the trait `parity_scale_codec::Encode` is not implemented for `Block<Header<u32, BlakeTwo256>, UncheckedExtrinsic<AccountId20, RuntimeCall, EthereumSignature, ...>>`, which is required by `sp_runtime::generic::Block<sp_runtime::generic::Header<u32, sp_runtime::traits::BlakeTwo256>, fp_self_contained::UncheckedExtrinsic<fp_account::AccountId20, RuntimeCall, fp_account::EthereumSignature, (CheckNonZeroSender<Runtime>, CheckSpecVersion<Runtime>, CheckTxVersion<Runtime>, CheckGenesis<Runtime>, CheckEra<Runtime>, CheckNonce<Runtime>, CheckWeight<Runtime>, ChargeTransactionPayment<Runtime>, CheckMetadataHash<Runtime>)>>: BlockT`
      |
      = help: the trait `parity_scale_codec::Encode` is implemented for `sp_runtime::generic::Block<Header, Extrinsic>`
      = note: required for `Block<Header<u32, BlakeTwo256>, UncheckedExtrinsic<AccountId20, RuntimeCall, EthereumSignature, ...>>` to implement `parity_scale_codec::Codec`
      = note: the full type name has been written to '/Users/snow/dev/Allfeat/Allfeat/target/debug/wbuild/harmonie-runtime/target/wasm32-unknown-unknown/release/deps/harmonie_runtime-3a5cda8230ca0104.long-type-6691357689991133965.txt'
      = note: required for `Block<Header<u32, BlakeTwo256>, UncheckedExtrinsic<AccountId20, RuntimeCall, EthereumSignature, ...>>` to implement `BlockT`
      = note: the full type name has been written to '/Users/snow/dev/Allfeat/Allfeat/target/debug/wbuild/harmonie-runtime/target/wasm32-unknown-unknown/release/deps/harmonie_runtime-3a5cda8230ca0104.long-type-6691357689991133965.txt'
  note: required by a bound in `TransactionPaymentCallApi`
     --> /Users/snow/.cargo/git/checkouts/polkadot-sdk-cff69157b985ed76/c4314f7/substrate/frame/transaction-payment/rpc/runtime-api/src/lib.rs:27:1
      |
  27  | / sp_api::decl_runtime_apis! {
  28  | |     #[api_version(4)]
  29  | |     pub trait TransactionPaymentApi<Balance> where
  30  | |         Balance: Codec + MaybeDisplay,
  ...   |
  55  | |     }
  56  | | }
      | |_^ required by this bound in `TransactionPaymentCallApiV3`
      = note: this error originates in the macro `sp_api::decl_runtime_apis` (in Nightly builds, run with -Z macro-backtrace for more info)

  error[E0277]: the trait bound `sp_runtime::generic::Block<sp_runtime::generic::Header<u32, sp_runtime::traits::BlakeTwo256>, fp_self_contained::UncheckedExtrinsic<fp_account::AccountId20, RuntimeCall, fp_account::EthereumSignature, (CheckNonZeroSender<Runtime>, CheckSpecVersion<Runtime>, CheckTxVersion<Runtime>, CheckGenesis<Runtime>, CheckEra<Runtime>, CheckNonce<Runtime>, CheckWeight<Runtime>, ChargeTransactionPayment<Runtime>, CheckMetadataHash<Runtime>)>>: parity_scale_codec::Decode` is not satisfied
     --> /Users/snow/dev/Allfeat/Allfeat/runtime/harmonie/src/lib.rs:451:7
      |
  451 |     impl pallet_transaction_payment_rpc_runtime_api::TransactionPaymentCallApi<Block, Balance, RuntimeCall>
      |          ^^^^^^^^^^^^^^^^^^^^^^^^^^^^^^^^^^^^^^^^^^^^^^^^^^^^^^^^^^^^^^^^^^^^^^^^^^^^^^^^^^^^^^^^^^^^^^^^^^ the trait `parity_scale_codec::Decode` is not implemented for `Block<Header<u32, BlakeTwo256>, UncheckedExtrinsic<AccountId20, RuntimeCall, EthereumSignature, ...>>`, which is required by `sp_runtime::generic::Block<sp_runtime::generic::Header<u32, sp_runtime::traits::BlakeTwo256>, fp_self_contained::UncheckedExtrinsic<fp_account::AccountId20, RuntimeCall, fp_account::EthereumSignature, (CheckNonZeroSender<Runtime>, CheckSpecVersion<Runtime>, CheckTxVersion<Runtime>, CheckGenesis<Runtime>, CheckEra<Runtime>, CheckNonce<Runtime>, CheckWeight<Runtime>, ChargeTransactionPayment<Runtime>, CheckMetadataHash<Runtime>)>>: BlockT`
      |
      = help: the trait `parity_scale_codec::Decode` is implemented for `sp_runtime::generic::Block<Header, Extrinsic>`
      = note: required for `Block<Header<u32, BlakeTwo256>, UncheckedExtrinsic<AccountId20, RuntimeCall, EthereumSignature, ...>>` to implement `parity_scale_codec::Codec`
      = note: the full type name has been written to '/Users/snow/dev/Allfeat/Allfeat/target/debug/wbuild/harmonie-runtime/target/wasm32-unknown-unknown/release/deps/harmonie_runtime-3a5cda8230ca0104.long-type-6691357689991133965.txt'
      = note: required for `Block<Header<u32, BlakeTwo256>, UncheckedExtrinsic<AccountId20, RuntimeCall, EthereumSignature, ...>>` to implement `BlockT`
      = note: the full type name has been written to '/Users/snow/dev/Allfeat/Allfeat/target/debug/wbuild/harmonie-runtime/target/wasm32-unknown-unknown/release/deps/harmonie_runtime-3a5cda8230ca0104.long-type-6691357689991133965.txt'
  note: required by a bound in `TransactionPaymentCallApi`
     --> /Users/snow/.cargo/git/checkouts/polkadot-sdk-cff69157b985ed76/c4314f7/substrate/frame/transaction-payment/rpc/runtime-api/src/lib.rs:27:1
      |
  27  | / sp_api::decl_runtime_apis! {
  28  | |     #[api_version(4)]
  29  | |     pub trait TransactionPaymentApi<Balance> where
  30  | |         Balance: Codec + MaybeDisplay,
  ...   |
  55  | |     }
  56  | | }
      | |_^ required by this bound in `TransactionPaymentCallApiV3`
      = note: this error originates in the macro `sp_api::decl_runtime_apis` (in Nightly builds, run with -Z macro-backtrace for more info)

  error[E0277]: the trait bound `fp_self_contained::UncheckedExtrinsic<fp_account::AccountId20, RuntimeCall, fp_account::EthereumSignature, (CheckNonZeroSender<Runtime>, CheckSpecVersion<Runtime>, CheckTxVersion<Runtime>, CheckGenesis<Runtime>, CheckEra<Runtime>, CheckNonce<Runtime>, CheckWeight<Runtime>, ChargeTransactionPayment<Runtime>, CheckMetadataHash<Runtime>)>: parity_scale_codec::Decode` is not satisfied
     --> /Users/snow/dev/Allfeat/Allfeat/runtime/harmonie/src/lib.rs:451:7
      |
  451 |     impl pallet_transaction_payment_rpc_runtime_api::TransactionPaymentCallApi<Block, Balance, RuntimeCall>
      |          ^^^^^^^^^^^^^^^^^^^^^^^^^^^^^^^^^^^^^^^^^^^^^^^^^^^^^^^^^^^^^^^^^^^^^^^^^^^^^^^^^^^^^^^^^^^^^^^^^^ the trait `parity_scale_codec::Decode` is not implemented for `UncheckedExtrinsic<AccountId20, RuntimeCall, EthereumSignature, (..., ..., ..., ..., ..., ..., ..., ..., ...)>`, which is required by `sp_runtime::generic::Block<sp_runtime::generic::Header<u32, sp_runtime::traits::BlakeTwo256>, fp_self_contained::UncheckedExtrinsic<fp_account::AccountId20, RuntimeCall, fp_account::EthereumSignature, (CheckNonZeroSender<Runtime>, CheckSpecVersion<Runtime>, CheckTxVersion<Runtime>, CheckGenesis<Runtime>, CheckEra<Runtime>, CheckNonce<Runtime>, CheckWeight<Runtime>, ChargeTransactionPayment<Runtime>, CheckMetadataHash<Runtime>)>>: BlockT`
      |
      = help: the trait `parity_scale_codec::Decode` is implemented for `fp_self_contained::UncheckedExtrinsic<Address, Call, Signature, Extra>`
      = note: required for `UncheckedExtrinsic<AccountId20, RuntimeCall, EthereumSignature, (..., ..., ..., ..., ..., ..., ..., ..., ...)>` to implement `parity_scale_codec::Codec`
      = note: the full type name has been written to '/Users/snow/dev/Allfeat/Allfeat/target/debug/wbuild/harmonie-runtime/target/wasm32-unknown-unknown/release/deps/harmonie_runtime-3a5cda8230ca0104.long-type-5157894769791864636.txt'
      = note: required for `Block<Header<u32, BlakeTwo256>, UncheckedExtrinsic<AccountId20, RuntimeCall, EthereumSignature, ...>>` to implement `BlockT`
      = note: the full type name has been written to '/Users/snow/dev/Allfeat/Allfeat/target/debug/wbuild/harmonie-runtime/target/wasm32-unknown-unknown/release/deps/harmonie_runtime-3a5cda8230ca0104.long-type-6691357689991133965.txt'

  error[E0277]: the trait bound `fp_self_contained::UncheckedExtrinsic<fp_account::AccountId20, RuntimeCall, fp_account::EthereumSignature, (CheckNonZeroSender<Runtime>, CheckSpecVersion<Runtime>, CheckTxVersion<Runtime>, CheckGenesis<Runtime>, CheckEra<Runtime>, CheckNonce<Runtime>, CheckWeight<Runtime>, ChargeTransactionPayment<Runtime>, CheckMetadataHash<Runtime>)>: parity_scale_codec::Encode` is not satisfied
     --> /Users/snow/dev/Allfeat/Allfeat/runtime/harmonie/src/lib.rs:451:7
      |
  451 |     impl pallet_transaction_payment_rpc_runtime_api::TransactionPaymentCallApi<Block, Balance, RuntimeCall>
      |          ^^^^^^^^^^^^^^^^^^^^^^^^^^^^^^^^^^^^^^^^^^^^^^^^^^^^^^^^^^^^^^^^^^^^^^^^^^^^^^^^^^^^^^^^^^^^^^^^^^ the trait `parity_scale_codec::Encode` is not implemented for `UncheckedExtrinsic<AccountId20, RuntimeCall, EthereumSignature, (..., ..., ..., ..., ..., ..., ..., ..., ...)>`, which is required by `sp_runtime::generic::Block<sp_runtime::generic::Header<u32, sp_runtime::traits::BlakeTwo256>, fp_self_contained::UncheckedExtrinsic<fp_account::AccountId20, RuntimeCall, fp_account::EthereumSignature, (CheckNonZeroSender<Runtime>, CheckSpecVersion<Runtime>, CheckTxVersion<Runtime>, CheckGenesis<Runtime>, CheckEra<Runtime>, CheckNonce<Runtime>, CheckWeight<Runtime>, ChargeTransactionPayment<Runtime>, CheckMetadataHash<Runtime>)>>: BlockT`
      |
      = help: the trait `parity_scale_codec::Encode` is implemented for `fp_self_contained::UncheckedExtrinsic<Address, Call, Signature, Extra>`
      = note: required for `UncheckedExtrinsic<AccountId20, RuntimeCall, EthereumSignature, (..., ..., ..., ..., ..., ..., ..., ..., ...)>` to implement `parity_scale_codec::Codec`
      = note: the full type name has been written to '/Users/snow/dev/Allfeat/Allfeat/target/debug/wbuild/harmonie-runtime/target/wasm32-unknown-unknown/release/deps/harmonie_runtime-3a5cda8230ca0104.long-type-5157894769791864636.txt'
      = note: required for `Block<Header<u32, BlakeTwo256>, UncheckedExtrinsic<AccountId20, RuntimeCall, EthereumSignature, ...>>` to implement `BlockT`
      = note: the full type name has been written to '/Users/snow/dev/Allfeat/Allfeat/target/debug/wbuild/harmonie-runtime/target/wasm32-unknown-unknown/release/deps/harmonie_runtime-3a5cda8230ca0104.long-type-6691357689991133965.txt'

  error[E0277]: the trait bound `Runtime: pallet_session::historical::Config` is not satisfied
     --> /Users/snow/dev/Allfeat/Allfeat/runtime/harmonie/src/lib.rs:451:7
      |
  451 |     impl pallet_transaction_payment_rpc_runtime_api::TransactionPaymentCallApi<Block, Balance, RuntimeCall>
      |          ^^^^^^^^^^^^^^^^^^^^^^^^^^^^^^^^^^^^^^^^^^^^^^^^^^^^^^^^^^^^^^^^^^^^^^^^^^^^^^^^^^^^^^^^^^^^^^^^^^ the trait `pallet_session::historical::Config` is not implemented for `Runtime`, which is required by `RuntimeCall: Sized`
      |
      = note: required for `pallet_session::historical::Pallet<Runtime>` to implement `KeyOwnerProofSystem<(KeyTypeId, sp_consensus_babe::app::Public)>`
  note: required because it appears within the type `pallet_babe::Call<Runtime>`
     --> /Users/snow/.cargo/git/checkouts/polkadot-sdk-cff69157b985ed76/c4314f7/substrate/frame/babe/src/lib.rs:399:12
      |
  399 |     #[pallet::call]
      |               ^^^^
  note: required because it appears within the type `RuntimeCall`
     --> /Users/snow/dev/Allfeat/Allfeat/runtime/harmonie/src/lib.rs:84:1
      |
  84  | #[frame_support::runtime]
      | ^^^^^^^^^^^^^^^^^^^^^^^^^
  note: required by a bound in `TransactionPaymentCallApi`
     --> /Users/snow/.cargo/git/checkouts/polkadot-sdk-cff69157b985ed76/c4314f7/substrate/frame/transaction-payment/rpc/runtime-api/src/lib.rs:39:47
      |
  39  |     pub trait TransactionPaymentCallApi<Balance, Call>
      |                                                  ^^^^ required by this bound in `TransactionPaymentCallApiV3`
      = note: this error originates in the attribute macro `frame_support::runtime` (in Nightly builds, run with -Z macro-backtrace for more info)

  error[E0277]: the trait bound `sp_runtime::generic::Block<sp_runtime::generic::Header<u32, sp_runtime::traits::BlakeTwo256>, fp_self_contained::UncheckedExtrinsic<fp_account::AccountId20, RuntimeCall, fp_account::EthereumSignature, (CheckNonZeroSender<Runtime>, CheckSpecVersion<Runtime>, CheckTxVersion<Runtime>, CheckGenesis<Runtime>, CheckEra<Runtime>, CheckNonce<Runtime>, CheckWeight<Runtime>, ChargeTransactionPayment<Runtime>, CheckMetadataHash<Runtime>)>>: parity_scale_codec::Encode` is not satisfied
     --> /Users/snow/dev/Allfeat/Allfeat/runtime/harmonie/src/lib.rs:474:7
      |
  474 |     impl sp_session::SessionKeys<Block> for Runtime {
      |          ^^^^^^^^^^^^^^^^^^^^^^^^^^^^^^ the trait `parity_scale_codec::Encode` is not implemented for `Block<Header<u32, BlakeTwo256>, UncheckedExtrinsic<AccountId20, RuntimeCall, EthereumSignature, ...>>`, which is required by `sp_runtime::generic::Block<sp_runtime::generic::Header<u32, sp_runtime::traits::BlakeTwo256>, fp_self_contained::UncheckedExtrinsic<fp_account::AccountId20, RuntimeCall, fp_account::EthereumSignature, (CheckNonZeroSender<Runtime>, CheckSpecVersion<Runtime>, CheckTxVersion<Runtime>, CheckGenesis<Runtime>, CheckEra<Runtime>, CheckNonce<Runtime>, CheckWeight<Runtime>, ChargeTransactionPayment<Runtime>, CheckMetadataHash<Runtime>)>>: BlockT`
      |
      = help: the trait `parity_scale_codec::Encode` is implemented for `sp_runtime::generic::Block<Header, Extrinsic>`
      = note: required for `Block<Header<u32, BlakeTwo256>, UncheckedExtrinsic<AccountId20, RuntimeCall, EthereumSignature, ...>>` to implement `parity_scale_codec::Codec`
      = note: the full type name has been written to '/Users/snow/dev/Allfeat/Allfeat/target/debug/wbuild/harmonie-runtime/target/wasm32-unknown-unknown/release/deps/harmonie_runtime-3a5cda8230ca0104.long-type-6691357689991133965.txt'
      = note: required for `Block<Header<u32, BlakeTwo256>, UncheckedExtrinsic<AccountId20, RuntimeCall, EthereumSignature, ...>>` to implement `BlockT`
      = note: the full type name has been written to '/Users/snow/dev/Allfeat/Allfeat/target/debug/wbuild/harmonie-runtime/target/wasm32-unknown-unknown/release/deps/harmonie_runtime-3a5cda8230ca0104.long-type-6691357689991133965.txt'
  note: required by a bound in `SessionKeysV1`
     --> /Users/snow/.cargo/git/checkouts/polkadot-sdk-cff69157b985ed76/c4314f7/substrate/primitives/session/src/runtime_api.rs:21:1
      |
  21  | / sp_api::decl_runtime_apis! {
  22  | |     /// Session keys runtime api.
  23  | |     pub trait SessionKeys {
  24  | |         /// Generate a set of session keys with optionally using the given seed.
  ...   |
  37  | |     }
  38  | | }
      | |_^ required by this bound in `SessionKeysV1`
      = note: this error originates in the macro `sp_api::decl_runtime_apis` (in Nightly builds, run with -Z macro-backtrace for more info)

  error[E0277]: the trait bound `sp_runtime::generic::Block<sp_runtime::generic::Header<u32, sp_runtime::traits::BlakeTwo256>, fp_self_contained::UncheckedExtrinsic<fp_account::AccountId20, RuntimeCall, fp_account::EthereumSignature, (CheckNonZeroSender<Runtime>, CheckSpecVersion<Runtime>, CheckTxVersion<Runtime>, CheckGenesis<Runtime>, CheckEra<Runtime>, CheckNonce<Runtime>, CheckWeight<Runtime>, ChargeTransactionPayment<Runtime>, CheckMetadataHash<Runtime>)>>: parity_scale_codec::Decode` is not satisfied
     --> /Users/snow/dev/Allfeat/Allfeat/runtime/harmonie/src/lib.rs:474:7
      |
  474 |     impl sp_session::SessionKeys<Block> for Runtime {
      |          ^^^^^^^^^^^^^^^^^^^^^^^^^^^^^^ the trait `parity_scale_codec::Decode` is not implemented for `Block<Header<u32, BlakeTwo256>, UncheckedExtrinsic<AccountId20, RuntimeCall, EthereumSignature, ...>>`, which is required by `sp_runtime::generic::Block<sp_runtime::generic::Header<u32, sp_runtime::traits::BlakeTwo256>, fp_self_contained::UncheckedExtrinsic<fp_account::AccountId20, RuntimeCall, fp_account::EthereumSignature, (CheckNonZeroSender<Runtime>, CheckSpecVersion<Runtime>, CheckTxVersion<Runtime>, CheckGenesis<Runtime>, CheckEra<Runtime>, CheckNonce<Runtime>, CheckWeight<Runtime>, ChargeTransactionPayment<Runtime>, CheckMetadataHash<Runtime>)>>: BlockT`
      |
      = help: the trait `parity_scale_codec::Decode` is implemented for `sp_runtime::generic::Block<Header, Extrinsic>`
      = note: required for `Block<Header<u32, BlakeTwo256>, UncheckedExtrinsic<AccountId20, RuntimeCall, EthereumSignature, ...>>` to implement `parity_scale_codec::Codec`
      = note: the full type name has been written to '/Users/snow/dev/Allfeat/Allfeat/target/debug/wbuild/harmonie-runtime/target/wasm32-unknown-unknown/release/deps/harmonie_runtime-3a5cda8230ca0104.long-type-6691357689991133965.txt'
      = note: required for `Block<Header<u32, BlakeTwo256>, UncheckedExtrinsic<AccountId20, RuntimeCall, EthereumSignature, ...>>` to implement `BlockT`
      = note: the full type name has been written to '/Users/snow/dev/Allfeat/Allfeat/target/debug/wbuild/harmonie-runtime/target/wasm32-unknown-unknown/release/deps/harmonie_runtime-3a5cda8230ca0104.long-type-6691357689991133965.txt'
  note: required by a bound in `SessionKeysV1`
     --> /Users/snow/.cargo/git/checkouts/polkadot-sdk-cff69157b985ed76/c4314f7/substrate/primitives/session/src/runtime_api.rs:21:1
      |
  21  | / sp_api::decl_runtime_apis! {
  22  | |     /// Session keys runtime api.
  23  | |     pub trait SessionKeys {
  24  | |         /// Generate a set of session keys with optionally using the given seed.
  ...   |
  37  | |     }
  38  | | }
      | |_^ required by this bound in `SessionKeysV1`
      = note: this error originates in the macro `sp_api::decl_runtime_apis` (in Nightly builds, run with -Z macro-backtrace for more info)

  error[E0277]: the trait bound `fp_self_contained::UncheckedExtrinsic<fp_account::AccountId20, RuntimeCall, fp_account::EthereumSignature, (CheckNonZeroSender<Runtime>, CheckSpecVersion<Runtime>, CheckTxVersion<Runtime>, CheckGenesis<Runtime>, CheckEra<Runtime>, CheckNonce<Runtime>, CheckWeight<Runtime>, ChargeTransactionPayment<Runtime>, CheckMetadataHash<Runtime>)>: parity_scale_codec::Decode` is not satisfied
     --> /Users/snow/dev/Allfeat/Allfeat/runtime/harmonie/src/lib.rs:474:7
      |
  474 |     impl sp_session::SessionKeys<Block> for Runtime {
      |          ^^^^^^^^^^^^^^^^^^^^^^^^^^^^^^ the trait `parity_scale_codec::Decode` is not implemented for `UncheckedExtrinsic<AccountId20, RuntimeCall, EthereumSignature, (..., ..., ..., ..., ..., ..., ..., ..., ...)>`, which is required by `sp_runtime::generic::Block<sp_runtime::generic::Header<u32, sp_runtime::traits::BlakeTwo256>, fp_self_contained::UncheckedExtrinsic<fp_account::AccountId20, RuntimeCall, fp_account::EthereumSignature, (CheckNonZeroSender<Runtime>, CheckSpecVersion<Runtime>, CheckTxVersion<Runtime>, CheckGenesis<Runtime>, CheckEra<Runtime>, CheckNonce<Runtime>, CheckWeight<Runtime>, ChargeTransactionPayment<Runtime>, CheckMetadataHash<Runtime>)>>: BlockT`
      |
      = help: the trait `parity_scale_codec::Decode` is implemented for `fp_self_contained::UncheckedExtrinsic<Address, Call, Signature, Extra>`
      = note: required for `UncheckedExtrinsic<AccountId20, RuntimeCall, EthereumSignature, (..., ..., ..., ..., ..., ..., ..., ..., ...)>` to implement `parity_scale_codec::Codec`
      = note: the full type name has been written to '/Users/snow/dev/Allfeat/Allfeat/target/debug/wbuild/harmonie-runtime/target/wasm32-unknown-unknown/release/deps/harmonie_runtime-3a5cda8230ca0104.long-type-5157894769791864636.txt'
      = note: required for `Block<Header<u32, BlakeTwo256>, UncheckedExtrinsic<AccountId20, RuntimeCall, EthereumSignature, ...>>` to implement `BlockT`
      = note: the full type name has been written to '/Users/snow/dev/Allfeat/Allfeat/target/debug/wbuild/harmonie-runtime/target/wasm32-unknown-unknown/release/deps/harmonie_runtime-3a5cda8230ca0104.long-type-6691357689991133965.txt'

  error[E0277]: the trait bound `fp_self_contained::UncheckedExtrinsic<fp_account::AccountId20, RuntimeCall, fp_account::EthereumSignature, (CheckNonZeroSender<Runtime>, CheckSpecVersion<Runtime>, CheckTxVersion<Runtime>, CheckGenesis<Runtime>, CheckEra<Runtime>, CheckNonce<Runtime>, CheckWeight<Runtime>, ChargeTransactionPayment<Runtime>, CheckMetadataHash<Runtime>)>: parity_scale_codec::Encode` is not satisfied
     --> /Users/snow/dev/Allfeat/Allfeat/runtime/harmonie/src/lib.rs:474:7
      |
  474 |     impl sp_session::SessionKeys<Block> for Runtime {
      |          ^^^^^^^^^^^^^^^^^^^^^^^^^^^^^^ the trait `parity_scale_codec::Encode` is not implemented for `UncheckedExtrinsic<AccountId20, RuntimeCall, EthereumSignature, (..., ..., ..., ..., ..., ..., ..., ..., ...)>`, which is required by `sp_runtime::generic::Block<sp_runtime::generic::Header<u32, sp_runtime::traits::BlakeTwo256>, fp_self_contained::UncheckedExtrinsic<fp_account::AccountId20, RuntimeCall, fp_account::EthereumSignature, (CheckNonZeroSender<Runtime>, CheckSpecVersion<Runtime>, CheckTxVersion<Runtime>, CheckGenesis<Runtime>, CheckEra<Runtime>, CheckNonce<Runtime>, CheckWeight<Runtime>, ChargeTransactionPayment<Runtime>, CheckMetadataHash<Runtime>)>>: BlockT`
      |
      = help: the trait `parity_scale_codec::Encode` is implemented for `fp_self_contained::UncheckedExtrinsic<Address, Call, Signature, Extra>`
      = note: required for `UncheckedExtrinsic<AccountId20, RuntimeCall, EthereumSignature, (..., ..., ..., ..., ..., ..., ..., ..., ...)>` to implement `parity_scale_codec::Codec`
      = note: the full type name has been written to '/Users/snow/dev/Allfeat/Allfeat/target/debug/wbuild/harmonie-runtime/target/wasm32-unknown-unknown/release/deps/harmonie_runtime-3a5cda8230ca0104.long-type-5157894769791864636.txt'
      = note: required for `Block<Header<u32, BlakeTwo256>, UncheckedExtrinsic<AccountId20, RuntimeCall, EthereumSignature, ...>>` to implement `BlockT`
      = note: the full type name has been written to '/Users/snow/dev/Allfeat/Allfeat/target/debug/wbuild/harmonie-runtime/target/wasm32-unknown-unknown/release/deps/harmonie_runtime-3a5cda8230ca0104.long-type-6691357689991133965.txt'

  error[E0277]: the trait bound `Runtime: pallet_session::historical::Config` is not satisfied
     --> /Users/snow/dev/Allfeat/Allfeat/runtime/harmonie/src/lib.rs:474:7
      |
  474 |     impl sp_session::SessionKeys<Block> for Runtime {
      |          ^^^^^^^^^^^^^^^^^^^^^^^^^^^^^^ the trait `pallet_session::historical::Config` is not implemented for `Runtime`, which is required by `sp_runtime::generic::Block<sp_runtime::generic::Header<u32, sp_runtime::traits::BlakeTwo256>, fp_self_contained::UncheckedExtrinsic<fp_account::AccountId20, RuntimeCall, fp_account::EthereumSignature, (CheckNonZeroSender<Runtime>, CheckSpecVersion<Runtime>, CheckTxVersion<Runtime>, CheckGenesis<Runtime>, CheckEra<Runtime>, CheckNonce<Runtime>, CheckWeight<Runtime>, ChargeTransactionPayment<Runtime>, CheckMetadataHash<Runtime>)>>: BlockT`
      |
      = help: the trait `BlockT` is implemented for `sp_runtime::generic::Block<Header, Extrinsic>`
      = note: required for `pallet_session::historical::Pallet<Runtime>` to implement `KeyOwnerProofSystem<(KeyTypeId, sp_consensus_babe::app::Public)>`
  note: required because it appears within the type `pallet_babe::Call<Runtime>`
     --> /Users/snow/.cargo/git/checkouts/polkadot-sdk-cff69157b985ed76/c4314f7/substrate/frame/babe/src/lib.rs:399:12
      |
  399 |     #[pallet::call]
      |               ^^^^
  note: required because it appears within the type `RuntimeCall`
     --> /Users/snow/dev/Allfeat/Allfeat/runtime/harmonie/src/lib.rs:84:1
      |
  84  | #[frame_support::runtime]
      | ^^^^^^^^^^^^^^^^^^^^^^^^^
      = note: required for `UncheckedExtrinsic<AccountId20, RuntimeCall, EthereumSignature, (..., ..., ..., ..., ..., ..., ..., ..., ...)>` to implement `Extrinsic`
      = note: the full type name has been written to '/Users/snow/dev/Allfeat/Allfeat/target/debug/wbuild/harmonie-runtime/target/wasm32-unknown-unknown/release/deps/harmonie_runtime-3a5cda8230ca0104.long-type-5157894769791864636.txt'
      = note: required for `Block<Header<u32, BlakeTwo256>, UncheckedExtrinsic<AccountId20, RuntimeCall, EthereumSignature, ...>>` to implement `BlockT`
      = note: the full type name has been written to '/Users/snow/dev/Allfeat/Allfeat/target/debug/wbuild/harmonie-runtime/target/wasm32-unknown-unknown/release/deps/harmonie_runtime-3a5cda8230ca0104.long-type-6691357689991133965.txt'
      = note: this error originates in the attribute macro `frame_support::runtime` (in Nightly builds, run with -Z macro-backtrace for more info)

  error[E0277]: the trait bound `sp_runtime::generic::Block<sp_runtime::generic::Header<u32, sp_runtime::traits::BlakeTwo256>, fp_self_contained::UncheckedExtrinsic<fp_account::AccountId20, RuntimeCall, fp_account::EthereumSignature, (CheckNonZeroSender<Runtime>, CheckSpecVersion<Runtime>, CheckTxVersion<Runtime>, CheckGenesis<Runtime>, CheckEra<Runtime>, CheckNonce<Runtime>, CheckWeight<Runtime>, ChargeTransactionPayment<Runtime>, CheckMetadataHash<Runtime>)>>: parity_scale_codec::Encode` is not satisfied
     --> /Users/snow/dev/Allfeat/Allfeat/runtime/harmonie/src/lib.rs:486:7
      |
  486 |     impl sp_genesis_builder::GenesisBuilder<Block> for Runtime {
      |          ^^^^^^^^^^^^^^^^^^^^^^^^^^^^^^^^^^^^^^^^^ the trait `parity_scale_codec::Encode` is not implemented for `Block<Header<u32, BlakeTwo256>, UncheckedExtrinsic<AccountId20, RuntimeCall, EthereumSignature, ...>>`, which is required by `sp_runtime::generic::Block<sp_runtime::generic::Header<u32, sp_runtime::traits::BlakeTwo256>, fp_self_contained::UncheckedExtrinsic<fp_account::AccountId20, RuntimeCall, fp_account::EthereumSignature, (CheckNonZeroSender<Runtime>, CheckSpecVersion<Runtime>, CheckTxVersion<Runtime>, CheckGenesis<Runtime>, CheckEra<Runtime>, CheckNonce<Runtime>, CheckWeight<Runtime>, ChargeTransactionPayment<Runtime>, CheckMetadataHash<Runtime>)>>: BlockT`
      |
      = help: the trait `parity_scale_codec::Encode` is implemented for `sp_runtime::generic::Block<Header, Extrinsic>`
      = note: required for `Block<Header<u32, BlakeTwo256>, UncheckedExtrinsic<AccountId20, RuntimeCall, EthereumSignature, ...>>` to implement `parity_scale_codec::Codec`
      = note: the full type name has been written to '/Users/snow/dev/Allfeat/Allfeat/target/debug/wbuild/harmonie-runtime/target/wasm32-unknown-unknown/release/deps/harmonie_runtime-3a5cda8230ca0104.long-type-6691357689991133965.txt'
      = note: required for `Block<Header<u32, BlakeTwo256>, UncheckedExtrinsic<AccountId20, RuntimeCall, EthereumSignature, ...>>` to implement `BlockT`
      = note: the full type name has been written to '/Users/snow/dev/Allfeat/Allfeat/target/debug/wbuild/harmonie-runtime/target/wasm32-unknown-unknown/release/deps/harmonie_runtime-3a5cda8230ca0104.long-type-6691357689991133965.txt'
  note: required by a bound in `GenesisBuilder`
     --> /Users/snow/.cargo/git/checkouts/polkadot-sdk-cff69157b985ed76/c4314f7/substrate/primitives/genesis-builder/src/lib.rs:65:1
      |
  65  | / sp_api::decl_runtime_apis! {
  66  | |     /// API to interact with RuntimeGenesisConfig for the runtime
  67  | |     pub trait GenesisBuilder {
  68  | |         /// Build `RuntimeGenesisConfig` from a JSON blob not using any defaults and store it in the
  ...   |
  100 | |     }
  101 | | }
      | |_^ required by this bound in `GenesisBuilderV1`
      = note: this error originates in the macro `sp_api::decl_runtime_apis` (in Nightly builds, run with -Z macro-backtrace for more info)

  error[E0277]: the trait bound `sp_runtime::generic::Block<sp_runtime::generic::Header<u32, sp_runtime::traits::BlakeTwo256>, fp_self_contained::UncheckedExtrinsic<fp_account::AccountId20, RuntimeCall, fp_account::EthereumSignature, (CheckNonZeroSender<Runtime>, CheckSpecVersion<Runtime>, CheckTxVersion<Runtime>, CheckGenesis<Runtime>, CheckEra<Runtime>, CheckNonce<Runtime>, CheckWeight<Runtime>, ChargeTransactionPayment<Runtime>, CheckMetadataHash<Runtime>)>>: parity_scale_codec::Decode` is not satisfied
     --> /Users/snow/dev/Allfeat/Allfeat/runtime/harmonie/src/lib.rs:486:7
      |
  486 |     impl sp_genesis_builder::GenesisBuilder<Block> for Runtime {
      |          ^^^^^^^^^^^^^^^^^^^^^^^^^^^^^^^^^^^^^^^^^ the trait `parity_scale_codec::Decode` is not implemented for `Block<Header<u32, BlakeTwo256>, UncheckedExtrinsic<AccountId20, RuntimeCall, EthereumSignature, ...>>`, which is required by `sp_runtime::generic::Block<sp_runtime::generic::Header<u32, sp_runtime::traits::BlakeTwo256>, fp_self_contained::UncheckedExtrinsic<fp_account::AccountId20, RuntimeCall, fp_account::EthereumSignature, (CheckNonZeroSender<Runtime>, CheckSpecVersion<Runtime>, CheckTxVersion<Runtime>, CheckGenesis<Runtime>, CheckEra<Runtime>, CheckNonce<Runtime>, CheckWeight<Runtime>, ChargeTransactionPayment<Runtime>, CheckMetadataHash<Runtime>)>>: BlockT`
      |
      = help: the trait `parity_scale_codec::Decode` is implemented for `sp_runtime::generic::Block<Header, Extrinsic>`
      = note: required for `Block<Header<u32, BlakeTwo256>, UncheckedExtrinsic<AccountId20, RuntimeCall, EthereumSignature, ...>>` to implement `parity_scale_codec::Codec`
      = note: the full type name has been written to '/Users/snow/dev/Allfeat/Allfeat/target/debug/wbuild/harmonie-runtime/target/wasm32-unknown-unknown/release/deps/harmonie_runtime-3a5cda8230ca0104.long-type-6691357689991133965.txt'
      = note: required for `Block<Header<u32, BlakeTwo256>, UncheckedExtrinsic<AccountId20, RuntimeCall, EthereumSignature, ...>>` to implement `BlockT`
      = note: the full type name has been written to '/Users/snow/dev/Allfeat/Allfeat/target/debug/wbuild/harmonie-runtime/target/wasm32-unknown-unknown/release/deps/harmonie_runtime-3a5cda8230ca0104.long-type-6691357689991133965.txt'
  note: required by a bound in `GenesisBuilder`
     --> /Users/snow/.cargo/git/checkouts/polkadot-sdk-cff69157b985ed76/c4314f7/substrate/primitives/genesis-builder/src/lib.rs:65:1
      |
  65  | / sp_api::decl_runtime_apis! {
  66  | |     /// API to interact with RuntimeGenesisConfig for the runtime
  67  | |     pub trait GenesisBuilder {
  68  | |         /// Build `RuntimeGenesisConfig` from a JSON blob not using any defaults and store it in the
  ...   |
  100 | |     }
  101 | | }
      | |_^ required by this bound in `GenesisBuilderV1`
      = note: this error originates in the macro `sp_api::decl_runtime_apis` (in Nightly builds, run with -Z macro-backtrace for more info)

  error[E0277]: the trait bound `fp_self_contained::UncheckedExtrinsic<fp_account::AccountId20, RuntimeCall, fp_account::EthereumSignature, (CheckNonZeroSender<Runtime>, CheckSpecVersion<Runtime>, CheckTxVersion<Runtime>, CheckGenesis<Runtime>, CheckEra<Runtime>, CheckNonce<Runtime>, CheckWeight<Runtime>, ChargeTransactionPayment<Runtime>, CheckMetadataHash<Runtime>)>: parity_scale_codec::Decode` is not satisfied
     --> /Users/snow/dev/Allfeat/Allfeat/runtime/harmonie/src/lib.rs:486:7
      |
  486 |     impl sp_genesis_builder::GenesisBuilder<Block> for Runtime {
      |          ^^^^^^^^^^^^^^^^^^^^^^^^^^^^^^^^^^^^^^^^^ the trait `parity_scale_codec::Decode` is not implemented for `UncheckedExtrinsic<AccountId20, RuntimeCall, EthereumSignature, (..., ..., ..., ..., ..., ..., ..., ..., ...)>`, which is required by `sp_runtime::generic::Block<sp_runtime::generic::Header<u32, sp_runtime::traits::BlakeTwo256>, fp_self_contained::UncheckedExtrinsic<fp_account::AccountId20, RuntimeCall, fp_account::EthereumSignature, (CheckNonZeroSender<Runtime>, CheckSpecVersion<Runtime>, CheckTxVersion<Runtime>, CheckGenesis<Runtime>, CheckEra<Runtime>, CheckNonce<Runtime>, CheckWeight<Runtime>, ChargeTransactionPayment<Runtime>, CheckMetadataHash<Runtime>)>>: BlockT`
      |
      = help: the trait `parity_scale_codec::Decode` is implemented for `fp_self_contained::UncheckedExtrinsic<Address, Call, Signature, Extra>`
      = note: required for `UncheckedExtrinsic<AccountId20, RuntimeCall, EthereumSignature, (..., ..., ..., ..., ..., ..., ..., ..., ...)>` to implement `parity_scale_codec::Codec`
      = note: the full type name has been written to '/Users/snow/dev/Allfeat/Allfeat/target/debug/wbuild/harmonie-runtime/target/wasm32-unknown-unknown/release/deps/harmonie_runtime-3a5cda8230ca0104.long-type-5157894769791864636.txt'
      = note: required for `Block<Header<u32, BlakeTwo256>, UncheckedExtrinsic<AccountId20, RuntimeCall, EthereumSignature, ...>>` to implement `BlockT`
      = note: the full type name has been written to '/Users/snow/dev/Allfeat/Allfeat/target/debug/wbuild/harmonie-runtime/target/wasm32-unknown-unknown/release/deps/harmonie_runtime-3a5cda8230ca0104.long-type-6691357689991133965.txt'

  error[E0277]: the trait bound `fp_self_contained::UncheckedExtrinsic<fp_account::AccountId20, RuntimeCall, fp_account::EthereumSignature, (CheckNonZeroSender<Runtime>, CheckSpecVersion<Runtime>, CheckTxVersion<Runtime>, CheckGenesis<Runtime>, CheckEra<Runtime>, CheckNonce<Runtime>, CheckWeight<Runtime>, ChargeTransactionPayment<Runtime>, CheckMetadataHash<Runtime>)>: parity_scale_codec::Encode` is not satisfied
     --> /Users/snow/dev/Allfeat/Allfeat/runtime/harmonie/src/lib.rs:486:7
      |
  486 |     impl sp_genesis_builder::GenesisBuilder<Block> for Runtime {
      |          ^^^^^^^^^^^^^^^^^^^^^^^^^^^^^^^^^^^^^^^^^ the trait `parity_scale_codec::Encode` is not implemented for `UncheckedExtrinsic<AccountId20, RuntimeCall, EthereumSignature, (..., ..., ..., ..., ..., ..., ..., ..., ...)>`, which is required by `sp_runtime::generic::Block<sp_runtime::generic::Header<u32, sp_runtime::traits::BlakeTwo256>, fp_self_contained::UncheckedExtrinsic<fp_account::AccountId20, RuntimeCall, fp_account::EthereumSignature, (CheckNonZeroSender<Runtime>, CheckSpecVersion<Runtime>, CheckTxVersion<Runtime>, CheckGenesis<Runtime>, CheckEra<Runtime>, CheckNonce<Runtime>, CheckWeight<Runtime>, ChargeTransactionPayment<Runtime>, CheckMetadataHash<Runtime>)>>: BlockT`
      |
      = help: the trait `parity_scale_codec::Encode` is implemented for `fp_self_contained::UncheckedExtrinsic<Address, Call, Signature, Extra>`
      = note: required for `UncheckedExtrinsic<AccountId20, RuntimeCall, EthereumSignature, (..., ..., ..., ..., ..., ..., ..., ..., ...)>` to implement `parity_scale_codec::Codec`
      = note: the full type name has been written to '/Users/snow/dev/Allfeat/Allfeat/target/debug/wbuild/harmonie-runtime/target/wasm32-unknown-unknown/release/deps/harmonie_runtime-3a5cda8230ca0104.long-type-5157894769791864636.txt'
      = note: required for `Block<Header<u32, BlakeTwo256>, UncheckedExtrinsic<AccountId20, RuntimeCall, EthereumSignature, ...>>` to implement `BlockT`
      = note: the full type name has been written to '/Users/snow/dev/Allfeat/Allfeat/target/debug/wbuild/harmonie-runtime/target/wasm32-unknown-unknown/release/deps/harmonie_runtime-3a5cda8230ca0104.long-type-6691357689991133965.txt'

  error[E0277]: the trait bound `Runtime: pallet_session::historical::Config` is not satisfied
     --> /Users/snow/dev/Allfeat/Allfeat/runtime/harmonie/src/lib.rs:486:7
      |
  486 |     impl sp_genesis_builder::GenesisBuilder<Block> for Runtime {
      |          ^^^^^^^^^^^^^^^^^^^^^^^^^^^^^^^^^^^^^^^^^ the trait `pallet_session::historical::Config` is not implemented for `Runtime`, which is required by `sp_runtime::generic::Block<sp_runtime::generic::Header<u32, sp_runtime::traits::BlakeTwo256>, fp_self_contained::UncheckedExtrinsic<fp_account::AccountId20, RuntimeCall, fp_account::EthereumSignature, (CheckNonZeroSender<Runtime>, CheckSpecVersion<Runtime>, CheckTxVersion<Runtime>, CheckGenesis<Runtime>, CheckEra<Runtime>, CheckNonce<Runtime>, CheckWeight<Runtime>, ChargeTransactionPayment<Runtime>, CheckMetadataHash<Runtime>)>>: BlockT`
      |
      = help: the trait `BlockT` is implemented for `sp_runtime::generic::Block<Header, Extrinsic>`
      = note: required for `pallet_session::historical::Pallet<Runtime>` to implement `KeyOwnerProofSystem<(KeyTypeId, sp_consensus_babe::app::Public)>`
  note: required because it appears within the type `pallet_babe::Call<Runtime>`
     --> /Users/snow/.cargo/git/checkouts/polkadot-sdk-cff69157b985ed76/c4314f7/substrate/frame/babe/src/lib.rs:399:12
      |
  399 |     #[pallet::call]
      |               ^^^^
  note: required because it appears within the type `RuntimeCall`
     --> /Users/snow/dev/Allfeat/Allfeat/runtime/harmonie/src/lib.rs:84:1
      |
  84  | #[frame_support::runtime]
      | ^^^^^^^^^^^^^^^^^^^^^^^^^
      = note: required for `UncheckedExtrinsic<AccountId20, RuntimeCall, EthereumSignature, (..., ..., ..., ..., ..., ..., ..., ..., ...)>` to implement `Extrinsic`
      = note: the full type name has been written to '/Users/snow/dev/Allfeat/Allfeat/target/debug/wbuild/harmonie-runtime/target/wasm32-unknown-unknown/release/deps/harmonie_runtime-3a5cda8230ca0104.long-type-5157894769791864636.txt'
      = note: required for `Block<Header<u32, BlakeTwo256>, UncheckedExtrinsic<AccountId20, RuntimeCall, EthereumSignature, ...>>` to implement `BlockT`
      = note: the full type name has been written to '/Users/snow/dev/Allfeat/Allfeat/target/debug/wbuild/harmonie-runtime/target/wasm32-unknown-unknown/release/deps/harmonie_runtime-3a5cda8230ca0104.long-type-6691357689991133965.txt'
      = note: this error originates in the attribute macro `frame_support::runtime` (in Nightly builds, run with -Z macro-backtrace for more info)

  error[E0277]: the trait bound `sp_runtime::generic::Block<sp_runtime::generic::Header<u32, sp_runtime::traits::BlakeTwo256>, fp_self_contained::UncheckedExtrinsic<fp_account::AccountId20, RuntimeCall, fp_account::EthereumSignature, (CheckNonZeroSender<Runtime>, CheckSpecVersion<Runtime>, CheckTxVersion<Runtime>, CheckGenesis<Runtime>, CheckEra<Runtime>, CheckNonce<Runtime>, CheckWeight<Runtime>, ChargeTransactionPayment<Runtime>, CheckMetadataHash<Runtime>)>>: parity_scale_codec::Encode` is not satisfied
     --> /Users/snow/dev/Allfeat/Allfeat/runtime/harmonie/src/lib.rs:504:7
      |
  504 |     impl fp_rpc::EthereumRuntimeRPCApi<Block> for Runtime {
      |          ^^^^^^^^^^^^^^^^^^^^^^^^^^^^^^^^^^^^ the trait `parity_scale_codec::Encode` is not implemented for `Block<Header<u32, BlakeTwo256>, UncheckedExtrinsic<AccountId20, RuntimeCall, EthereumSignature, ...>>`, which is required by `sp_runtime::generic::Block<sp_runtime::generic::Header<u32, sp_runtime::traits::BlakeTwo256>, fp_self_contained::UncheckedExtrinsic<fp_account::AccountId20, RuntimeCall, fp_account::EthereumSignature, (CheckNonZeroSender<Runtime>, CheckSpecVersion<Runtime>, CheckTxVersion<Runtime>, CheckGenesis<Runtime>, CheckEra<Runtime>, CheckNonce<Runtime>, CheckWeight<Runtime>, ChargeTransactionPayment<Runtime>, CheckMetadataHash<Runtime>)>>: BlockT`
      |
      = help: the trait `parity_scale_codec::Encode` is implemented for `sp_runtime::generic::Block<Header, Extrinsic>`
      = note: required for `Block<Header<u32, BlakeTwo256>, UncheckedExtrinsic<AccountId20, RuntimeCall, EthereumSignature, ...>>` to implement `parity_scale_codec::Codec`
      = note: the full type name has been written to '/Users/snow/dev/Allfeat/Allfeat/target/debug/wbuild/harmonie-runtime/target/wasm32-unknown-unknown/release/deps/harmonie_runtime-3a5cda8230ca0104.long-type-6691357689991133965.txt'
      = note: required for `Block<Header<u32, BlakeTwo256>, UncheckedExtrinsic<AccountId20, RuntimeCall, EthereumSignature, ...>>` to implement `BlockT`
      = note: the full type name has been written to '/Users/snow/dev/Allfeat/Allfeat/target/debug/wbuild/harmonie-runtime/target/wasm32-unknown-unknown/release/deps/harmonie_runtime-3a5cda8230ca0104.long-type-6691357689991133965.txt'
  note: required by a bound in `EthereumRuntimeRPCApi`
     --> /Users/snow/.cargo/git/checkouts/frontier-b4643f17507d3282/2e219e1/primitives/rpc/src/lib.rs:85:1
      |
  85  | / sp_api::decl_runtime_apis! {
  86  | |     /// API necessary for Ethereum-compatibility layer.
  87  | |     #[api_version(5)]
  88  | |     pub trait EthereumRuntimeRPCApi {
  ...   |
  272 | |     }
  273 | | }
      | |_^ required by this bound in `EthereumRuntimeRPCApiV5`
      = note: this error originates in the macro `sp_api::decl_runtime_apis` (in Nightly builds, run with -Z macro-backtrace for more info)

  error[E0277]: the trait bound `sp_runtime::generic::Block<sp_runtime::generic::Header<u32, sp_runtime::traits::BlakeTwo256>, fp_self_contained::UncheckedExtrinsic<fp_account::AccountId20, RuntimeCall, fp_account::EthereumSignature, (CheckNonZeroSender<Runtime>, CheckSpecVersion<Runtime>, CheckTxVersion<Runtime>, CheckGenesis<Runtime>, CheckEra<Runtime>, CheckNonce<Runtime>, CheckWeight<Runtime>, ChargeTransactionPayment<Runtime>, CheckMetadataHash<Runtime>)>>: parity_scale_codec::Decode` is not satisfied
     --> /Users/snow/dev/Allfeat/Allfeat/runtime/harmonie/src/lib.rs:504:7
      |
  504 |     impl fp_rpc::EthereumRuntimeRPCApi<Block> for Runtime {
      |          ^^^^^^^^^^^^^^^^^^^^^^^^^^^^^^^^^^^^ the trait `parity_scale_codec::Decode` is not implemented for `Block<Header<u32, BlakeTwo256>, UncheckedExtrinsic<AccountId20, RuntimeCall, EthereumSignature, ...>>`, which is required by `sp_runtime::generic::Block<sp_runtime::generic::Header<u32, sp_runtime::traits::BlakeTwo256>, fp_self_contained::UncheckedExtrinsic<fp_account::AccountId20, RuntimeCall, fp_account::EthereumSignature, (CheckNonZeroSender<Runtime>, CheckSpecVersion<Runtime>, CheckTxVersion<Runtime>, CheckGenesis<Runtime>, CheckEra<Runtime>, CheckNonce<Runtime>, CheckWeight<Runtime>, ChargeTransactionPayment<Runtime>, CheckMetadataHash<Runtime>)>>: BlockT`
      |
      = help: the trait `parity_scale_codec::Decode` is implemented for `sp_runtime::generic::Block<Header, Extrinsic>`
      = note: required for `Block<Header<u32, BlakeTwo256>, UncheckedExtrinsic<AccountId20, RuntimeCall, EthereumSignature, ...>>` to implement `parity_scale_codec::Codec`
      = note: the full type name has been written to '/Users/snow/dev/Allfeat/Allfeat/target/debug/wbuild/harmonie-runtime/target/wasm32-unknown-unknown/release/deps/harmonie_runtime-3a5cda8230ca0104.long-type-6691357689991133965.txt'
      = note: required for `Block<Header<u32, BlakeTwo256>, UncheckedExtrinsic<AccountId20, RuntimeCall, EthereumSignature, ...>>` to implement `BlockT`
      = note: the full type name has been written to '/Users/snow/dev/Allfeat/Allfeat/target/debug/wbuild/harmonie-runtime/target/wasm32-unknown-unknown/release/deps/harmonie_runtime-3a5cda8230ca0104.long-type-6691357689991133965.txt'
  note: required by a bound in `EthereumRuntimeRPCApi`
     --> /Users/snow/.cargo/git/checkouts/frontier-b4643f17507d3282/2e219e1/primitives/rpc/src/lib.rs:85:1
      |
  85  | / sp_api::decl_runtime_apis! {
  86  | |     /// API necessary for Ethereum-compatibility layer.
  87  | |     #[api_version(5)]
  88  | |     pub trait EthereumRuntimeRPCApi {
  ...   |
  272 | |     }
  273 | | }
      | |_^ required by this bound in `EthereumRuntimeRPCApiV5`
      = note: this error originates in the macro `sp_api::decl_runtime_apis` (in Nightly builds, run with -Z macro-backtrace for more info)

  error[E0277]: the trait bound `fp_self_contained::UncheckedExtrinsic<fp_account::AccountId20, RuntimeCall, fp_account::EthereumSignature, (CheckNonZeroSender<Runtime>, CheckSpecVersion<Runtime>, CheckTxVersion<Runtime>, CheckGenesis<Runtime>, CheckEra<Runtime>, CheckNonce<Runtime>, CheckWeight<Runtime>, ChargeTransactionPayment<Runtime>, CheckMetadataHash<Runtime>)>: parity_scale_codec::Decode` is not satisfied
     --> /Users/snow/dev/Allfeat/Allfeat/runtime/harmonie/src/lib.rs:504:7
      |
  504 |     impl fp_rpc::EthereumRuntimeRPCApi<Block> for Runtime {
      |          ^^^^^^^^^^^^^^^^^^^^^^^^^^^^^^^^^^^^ the trait `parity_scale_codec::Decode` is not implemented for `UncheckedExtrinsic<AccountId20, RuntimeCall, EthereumSignature, (..., ..., ..., ..., ..., ..., ..., ..., ...)>`, which is required by `sp_runtime::generic::Block<sp_runtime::generic::Header<u32, sp_runtime::traits::BlakeTwo256>, fp_self_contained::UncheckedExtrinsic<fp_account::AccountId20, RuntimeCall, fp_account::EthereumSignature, (CheckNonZeroSender<Runtime>, CheckSpecVersion<Runtime>, CheckTxVersion<Runtime>, CheckGenesis<Runtime>, CheckEra<Runtime>, CheckNonce<Runtime>, CheckWeight<Runtime>, ChargeTransactionPayment<Runtime>, CheckMetadataHash<Runtime>)>>: BlockT`
      |
      = help: the trait `parity_scale_codec::Decode` is implemented for `fp_self_contained::UncheckedExtrinsic<Address, Call, Signature, Extra>`
      = note: required for `UncheckedExtrinsic<AccountId20, RuntimeCall, EthereumSignature, (..., ..., ..., ..., ..., ..., ..., ..., ...)>` to implement `parity_scale_codec::Codec`
      = note: the full type name has been written to '/Users/snow/dev/Allfeat/Allfeat/target/debug/wbuild/harmonie-runtime/target/wasm32-unknown-unknown/release/deps/harmonie_runtime-3a5cda8230ca0104.long-type-5157894769791864636.txt'
      = note: required for `Block<Header<u32, BlakeTwo256>, UncheckedExtrinsic<AccountId20, RuntimeCall, EthereumSignature, ...>>` to implement `BlockT`
      = note: the full type name has been written to '/Users/snow/dev/Allfeat/Allfeat/target/debug/wbuild/harmonie-runtime/target/wasm32-unknown-unknown/release/deps/harmonie_runtime-3a5cda8230ca0104.long-type-6691357689991133965.txt'

  error[E0277]: the trait bound `fp_self_contained::UncheckedExtrinsic<fp_account::AccountId20, RuntimeCall, fp_account::EthereumSignature, (CheckNonZeroSender<Runtime>, CheckSpecVersion<Runtime>, CheckTxVersion<Runtime>, CheckGenesis<Runtime>, CheckEra<Runtime>, CheckNonce<Runtime>, CheckWeight<Runtime>, ChargeTransactionPayment<Runtime>, CheckMetadataHash<Runtime>)>: parity_scale_codec::Encode` is not satisfied
     --> /Users/snow/dev/Allfeat/Allfeat/runtime/harmonie/src/lib.rs:504:7
      |
  504 |     impl fp_rpc::EthereumRuntimeRPCApi<Block> for Runtime {
      |          ^^^^^^^^^^^^^^^^^^^^^^^^^^^^^^^^^^^^ the trait `parity_scale_codec::Encode` is not implemented for `UncheckedExtrinsic<AccountId20, RuntimeCall, EthereumSignature, (..., ..., ..., ..., ..., ..., ..., ..., ...)>`, which is required by `sp_runtime::generic::Block<sp_runtime::generic::Header<u32, sp_runtime::traits::BlakeTwo256>, fp_self_contained::UncheckedExtrinsic<fp_account::AccountId20, RuntimeCall, fp_account::EthereumSignature, (CheckNonZeroSender<Runtime>, CheckSpecVersion<Runtime>, CheckTxVersion<Runtime>, CheckGenesis<Runtime>, CheckEra<Runtime>, CheckNonce<Runtime>, CheckWeight<Runtime>, ChargeTransactionPayment<Runtime>, CheckMetadataHash<Runtime>)>>: BlockT`
      |
      = help: the trait `parity_scale_codec::Encode` is implemented for `fp_self_contained::UncheckedExtrinsic<Address, Call, Signature, Extra>`
      = note: required for `UncheckedExtrinsic<AccountId20, RuntimeCall, EthereumSignature, (..., ..., ..., ..., ..., ..., ..., ..., ...)>` to implement `parity_scale_codec::Codec`
      = note: the full type name has been written to '/Users/snow/dev/Allfeat/Allfeat/target/debug/wbuild/harmonie-runtime/target/wasm32-unknown-unknown/release/deps/harmonie_runtime-3a5cda8230ca0104.long-type-5157894769791864636.txt'
      = note: required for `Block<Header<u32, BlakeTwo256>, UncheckedExtrinsic<AccountId20, RuntimeCall, EthereumSignature, ...>>` to implement `BlockT`
      = note: the full type name has been written to '/Users/snow/dev/Allfeat/Allfeat/target/debug/wbuild/harmonie-runtime/target/wasm32-unknown-unknown/release/deps/harmonie_runtime-3a5cda8230ca0104.long-type-6691357689991133965.txt'

  error[E0277]: the trait bound `Runtime: pallet_session::historical::Config` is not satisfied
     --> /Users/snow/dev/Allfeat/Allfeat/runtime/harmonie/src/lib.rs:504:7
      |
  504 |     impl fp_rpc::EthereumRuntimeRPCApi<Block> for Runtime {
      |          ^^^^^^^^^^^^^^^^^^^^^^^^^^^^^^^^^^^^ the trait `pallet_session::historical::Config` is not implemented for `Runtime`, which is required by `sp_runtime::generic::Block<sp_runtime::generic::Header<u32, sp_runtime::traits::BlakeTwo256>, fp_self_contained::UncheckedExtrinsic<fp_account::AccountId20, RuntimeCall, fp_account::EthereumSignature, (CheckNonZeroSender<Runtime>, CheckSpecVersion<Runtime>, CheckTxVersion<Runtime>, CheckGenesis<Runtime>, CheckEra<Runtime>, CheckNonce<Runtime>, CheckWeight<Runtime>, ChargeTransactionPayment<Runtime>, CheckMetadataHash<Runtime>)>>: BlockT`
      |
      = help: the trait `BlockT` is implemented for `sp_runtime::generic::Block<Header, Extrinsic>`
      = note: required for `pallet_session::historical::Pallet<Runtime>` to implement `KeyOwnerProofSystem<(KeyTypeId, sp_consensus_babe::app::Public)>`
  note: required because it appears within the type `pallet_babe::Call<Runtime>`
     --> /Users/snow/.cargo/git/checkouts/polkadot-sdk-cff69157b985ed76/c4314f7/substrate/frame/babe/src/lib.rs:399:12
      |
  399 |     #[pallet::call]
      |               ^^^^
  note: required because it appears within the type `RuntimeCall`
     --> /Users/snow/dev/Allfeat/Allfeat/runtime/harmonie/src/lib.rs:84:1
      |
  84  | #[frame_support::runtime]
      | ^^^^^^^^^^^^^^^^^^^^^^^^^
      = note: required for `UncheckedExtrinsic<AccountId20, RuntimeCall, EthereumSignature, (..., ..., ..., ..., ..., ..., ..., ..., ...)>` to implement `Extrinsic`
      = note: the full type name has been written to '/Users/snow/dev/Allfeat/Allfeat/target/debug/wbuild/harmonie-runtime/target/wasm32-unknown-unknown/release/deps/harmonie_runtime-3a5cda8230ca0104.long-type-5157894769791864636.txt'
      = note: required for `Block<Header<u32, BlakeTwo256>, UncheckedExtrinsic<AccountId20, RuntimeCall, EthereumSignature, ...>>` to implement `BlockT`
      = note: the full type name has been written to '/Users/snow/dev/Allfeat/Allfeat/target/debug/wbuild/harmonie-runtime/target/wasm32-unknown-unknown/release/deps/harmonie_runtime-3a5cda8230ca0104.long-type-6691357689991133965.txt'
      = note: this error originates in the attribute macro `frame_support::runtime` (in Nightly builds, run with -Z macro-backtrace for more info)

  error[E0277]: the trait bound `fp_self_contained::UncheckedExtrinsic<fp_account::AccountId20, RuntimeCall, fp_account::EthereumSignature, (CheckNonZeroSender<Runtime>, CheckSpecVersion<Runtime>, CheckTxVersion<Runtime>, CheckGenesis<Runtime>, CheckEra<Runtime>, CheckNonce<Runtime>, CheckWeight<Runtime>, ChargeTransactionPayment<Runtime>, CheckMetadataHash<Runtime>)>: parity_scale_codec::Decode` is not satisfied
     --> /Users/snow/dev/Allfeat/Allfeat/runtime/harmonie/src/lib.rs:675:3
      |
  675 | /         fn extrinsic_filter(
  676 | |             xts: Vec<<Block as sp_runtime::traits::Block>::Extrinsic>,
  677 | |         ) -> Vec<pallet_ethereum::Transaction> {
      | |______________________________________________^ the trait `parity_scale_codec::Decode` is not implemented for `UncheckedExtrinsic<AccountId20, RuntimeCall, EthereumSignature, (..., ..., ..., ..., ..., ..., ..., ..., ...)>`, which is required by `sp_runtime::generic::Block<sp_runtime::generic::Header<u32, sp_runtime::traits::BlakeTwo256>, fp_self_contained::UncheckedExtrinsic<fp_account::AccountId20, RuntimeCall, fp_account::EthereumSignature, (CheckNonZeroSender<Runtime>, CheckSpecVersion<Runtime>, CheckTxVersion<Runtime>, CheckGenesis<Runtime>, CheckEra<Runtime>, CheckNonce<Runtime>, CheckWeight<Runtime>, ChargeTransactionPayment<Runtime>, CheckMetadataHash<Runtime>)>>: BlockT`
      |
      = help: the trait `parity_scale_codec::Decode` is implemented for `fp_self_contained::UncheckedExtrinsic<Address, Call, Signature, Extra>`
      = note: required for `UncheckedExtrinsic<AccountId20, RuntimeCall, EthereumSignature, (..., ..., ..., ..., ..., ..., ..., ..., ...)>` to implement `parity_scale_codec::Codec`
      = note: the full type name has been written to '/Users/snow/dev/Allfeat/Allfeat/target/debug/wbuild/harmonie-runtime/target/wasm32-unknown-unknown/release/deps/harmonie_runtime-3a5cda8230ca0104.long-type-5157894769791864636.txt'
      = note: required for `Block<Header<u32, BlakeTwo256>, UncheckedExtrinsic<AccountId20, RuntimeCall, EthereumSignature, ...>>` to implement `BlockT`
      = note: the full type name has been written to '/Users/snow/dev/Allfeat/Allfeat/target/debug/wbuild/harmonie-runtime/target/wasm32-unknown-unknown/release/deps/harmonie_runtime-3a5cda8230ca0104.long-type-6691357689991133965.txt'

  error[E0277]: the trait bound `fp_self_contained::UncheckedExtrinsic<fp_account::AccountId20, RuntimeCall, fp_account::EthereumSignature, (CheckNonZeroSender<Runtime>, CheckSpecVersion<Runtime>, CheckTxVersion<Runtime>, CheckGenesis<Runtime>, CheckEra<Runtime>, CheckNonce<Runtime>, CheckWeight<Runtime>, ChargeTransactionPayment<Runtime>, CheckMetadataHash<Runtime>)>: parity_scale_codec::Encode` is not satisfied
     --> /Users/snow/dev/Allfeat/Allfeat/runtime/harmonie/src/lib.rs:675:3
      |
  675 | /         fn extrinsic_filter(
  676 | |             xts: Vec<<Block as sp_runtime::traits::Block>::Extrinsic>,
  677 | |         ) -> Vec<pallet_ethereum::Transaction> {
      | |______________________________________________^ the trait `parity_scale_codec::Encode` is not implemented for `UncheckedExtrinsic<AccountId20, RuntimeCall, EthereumSignature, (..., ..., ..., ..., ..., ..., ..., ..., ...)>`, which is required by `sp_runtime::generic::Block<sp_runtime::generic::Header<u32, sp_runtime::traits::BlakeTwo256>, fp_self_contained::UncheckedExtrinsic<fp_account::AccountId20, RuntimeCall, fp_account::EthereumSignature, (CheckNonZeroSender<Runtime>, CheckSpecVersion<Runtime>, CheckTxVersion<Runtime>, CheckGenesis<Runtime>, CheckEra<Runtime>, CheckNonce<Runtime>, CheckWeight<Runtime>, ChargeTransactionPayment<Runtime>, CheckMetadataHash<Runtime>)>>: BlockT`
      |
      = help: the trait `parity_scale_codec::Encode` is implemented for `fp_self_contained::UncheckedExtrinsic<Address, Call, Signature, Extra>`
      = note: required for `UncheckedExtrinsic<AccountId20, RuntimeCall, EthereumSignature, (..., ..., ..., ..., ..., ..., ..., ..., ...)>` to implement `parity_scale_codec::Codec`
      = note: the full type name has been written to '/Users/snow/dev/Allfeat/Allfeat/target/debug/wbuild/harmonie-runtime/target/wasm32-unknown-unknown/release/deps/harmonie_runtime-3a5cda8230ca0104.long-type-5157894769791864636.txt'
      = note: required for `Block<Header<u32, BlakeTwo256>, UncheckedExtrinsic<AccountId20, RuntimeCall, EthereumSignature, ...>>` to implement `BlockT`
      = note: the full type name has been written to '/Users/snow/dev/Allfeat/Allfeat/target/debug/wbuild/harmonie-runtime/target/wasm32-unknown-unknown/release/deps/harmonie_runtime-3a5cda8230ca0104.long-type-6691357689991133965.txt'

  error[E0277]: the trait bound `Runtime: pallet_session::historical::Config` is not satisfied
     --> /Users/snow/dev/Allfeat/Allfeat/runtime/harmonie/src/lib.rs:675:3
      |
  675 | /         fn extrinsic_filter(
  676 | |             xts: Vec<<Block as sp_runtime::traits::Block>::Extrinsic>,
  677 | |         ) -> Vec<pallet_ethereum::Transaction> {
      | |______________________________________________^ the trait `pallet_session::historical::Config` is not implemented for `Runtime`, which is required by `sp_runtime::generic::Block<sp_runtime::generic::Header<u32, sp_runtime::traits::BlakeTwo256>, fp_self_contained::UncheckedExtrinsic<fp_account::AccountId20, RuntimeCall, fp_account::EthereumSignature, (CheckNonZeroSender<Runtime>, CheckSpecVersion<Runtime>, CheckTxVersion<Runtime>, CheckGenesis<Runtime>, CheckEra<Runtime>, CheckNonce<Runtime>, CheckWeight<Runtime>, ChargeTransactionPayment<Runtime>, CheckMetadataHash<Runtime>)>>: BlockT`
      |
      = help: the trait `BlockT` is implemented for `sp_runtime::generic::Block<Header, Extrinsic>`
      = note: required for `pallet_session::historical::Pallet<Runtime>` to implement `KeyOwnerProofSystem<(KeyTypeId, sp_consensus_babe::app::Public)>`
  note: required because it appears within the type `pallet_babe::Call<Runtime>`
     --> /Users/snow/.cargo/git/checkouts/polkadot-sdk-cff69157b985ed76/c4314f7/substrate/frame/babe/src/lib.rs:399:12
      |
  399 |     #[pallet::call]
      |               ^^^^
  note: required because it appears within the type `RuntimeCall`
     --> /Users/snow/dev/Allfeat/Allfeat/runtime/harmonie/src/lib.rs:84:1
      |
  84  | #[frame_support::runtime]
      | ^^^^^^^^^^^^^^^^^^^^^^^^^
      = note: required for `UncheckedExtrinsic<AccountId20, RuntimeCall, EthereumSignature, (..., ..., ..., ..., ..., ..., ..., ..., ...)>` to implement `Extrinsic`
      = note: the full type name has been written to '/Users/snow/dev/Allfeat/Allfeat/target/debug/wbuild/harmonie-runtime/target/wasm32-unknown-unknown/release/deps/harmonie_runtime-3a5cda8230ca0104.long-type-5157894769791864636.txt'
      = note: required for `Block<Header<u32, BlakeTwo256>, UncheckedExtrinsic<AccountId20, RuntimeCall, EthereumSignature, ...>>` to implement `BlockT`
      = note: the full type name has been written to '/Users/snow/dev/Allfeat/Allfeat/target/debug/wbuild/harmonie-runtime/target/wasm32-unknown-unknown/release/deps/harmonie_runtime-3a5cda8230ca0104.long-type-6691357689991133965.txt'
      = note: this error originates in the attribute macro `frame_support::runtime` (in Nightly builds, run with -Z macro-backtrace for more info)

  error[E0277]: the trait bound `fp_self_contained::UncheckedExtrinsic<fp_account::AccountId20, RuntimeCall, fp_account::EthereumSignature, (CheckNonZeroSender<Runtime>, CheckSpecVersion<Runtime>, CheckTxVersion<Runtime>, CheckGenesis<Runtime>, CheckEra<Runtime>, CheckNonce<Runtime>, CheckWeight<Runtime>, ChargeTransactionPayment<Runtime>, CheckMetadataHash<Runtime>)>: parity_scale_codec::Decode` is not satisfied
     --> /Users/snow/dev/Allfeat/Allfeat/runtime/harmonie/src/lib.rs:690:3
      |
  690 | /         fn pending_block(
  691 | |             xts: Vec<<Block as sp_runtime::traits::Block>::Extrinsic>,
  692 | |         ) -> (Option<pallet_ethereum::Block>, Option<Vec<fp_rpc::TransactionStatus>>) {
      | |_____________________________________________________________________________________^ the trait `parity_scale_codec::Decode` is not implemented for `UncheckedExtrinsic<AccountId20, RuntimeCall, EthereumSignature, (..., ..., ..., ..., ..., ..., ..., ..., ...)>`, which is required by `sp_runtime::generic::Block<sp_runtime::generic::Header<u32, sp_runtime::traits::BlakeTwo256>, fp_self_contained::UncheckedExtrinsic<fp_account::AccountId20, RuntimeCall, fp_account::EthereumSignature, (CheckNonZeroSender<Runtime>, CheckSpecVersion<Runtime>, CheckTxVersion<Runtime>, CheckGenesis<Runtime>, CheckEra<Runtime>, CheckNonce<Runtime>, CheckWeight<Runtime>, ChargeTransactionPayment<Runtime>, CheckMetadataHash<Runtime>)>>: BlockT`
      |
      = help: the trait `parity_scale_codec::Decode` is implemented for `fp_self_contained::UncheckedExtrinsic<Address, Call, Signature, Extra>`
      = note: required for `UncheckedExtrinsic<AccountId20, RuntimeCall, EthereumSignature, (..., ..., ..., ..., ..., ..., ..., ..., ...)>` to implement `parity_scale_codec::Codec`
      = note: the full type name has been written to '/Users/snow/dev/Allfeat/Allfeat/target/debug/wbuild/harmonie-runtime/target/wasm32-unknown-unknown/release/deps/harmonie_runtime-3a5cda8230ca0104.long-type-5157894769791864636.txt'
      = note: required for `Block<Header<u32, BlakeTwo256>, UncheckedExtrinsic<AccountId20, RuntimeCall, EthereumSignature, ...>>` to implement `BlockT`
      = note: the full type name has been written to '/Users/snow/dev/Allfeat/Allfeat/target/debug/wbuild/harmonie-runtime/target/wasm32-unknown-unknown/release/deps/harmonie_runtime-3a5cda8230ca0104.long-type-6691357689991133965.txt'

  error[E0277]: the trait bound `fp_self_contained::UncheckedExtrinsic<fp_account::AccountId20, RuntimeCall, fp_account::EthereumSignature, (CheckNonZeroSender<Runtime>, CheckSpecVersion<Runtime>, CheckTxVersion<Runtime>, CheckGenesis<Runtime>, CheckEra<Runtime>, CheckNonce<Runtime>, CheckWeight<Runtime>, ChargeTransactionPayment<Runtime>, CheckMetadataHash<Runtime>)>: parity_scale_codec::Encode` is not satisfied
     --> /Users/snow/dev/Allfeat/Allfeat/runtime/harmonie/src/lib.rs:690:3
      |
  690 | /         fn pending_block(
  691 | |             xts: Vec<<Block as sp_runtime::traits::Block>::Extrinsic>,
  692 | |         ) -> (Option<pallet_ethereum::Block>, Option<Vec<fp_rpc::TransactionStatus>>) {
      | |_____________________________________________________________________________________^ the trait `parity_scale_codec::Encode` is not implemented for `UncheckedExtrinsic<AccountId20, RuntimeCall, EthereumSignature, (..., ..., ..., ..., ..., ..., ..., ..., ...)>`, which is required by `sp_runtime::generic::Block<sp_runtime::generic::Header<u32, sp_runtime::traits::BlakeTwo256>, fp_self_contained::UncheckedExtrinsic<fp_account::AccountId20, RuntimeCall, fp_account::EthereumSignature, (CheckNonZeroSender<Runtime>, CheckSpecVersion<Runtime>, CheckTxVersion<Runtime>, CheckGenesis<Runtime>, CheckEra<Runtime>, CheckNonce<Runtime>, CheckWeight<Runtime>, ChargeTransactionPayment<Runtime>, CheckMetadataHash<Runtime>)>>: BlockT`
      |
      = help: the trait `parity_scale_codec::Encode` is implemented for `fp_self_contained::UncheckedExtrinsic<Address, Call, Signature, Extra>`
      = note: required for `UncheckedExtrinsic<AccountId20, RuntimeCall, EthereumSignature, (..., ..., ..., ..., ..., ..., ..., ..., ...)>` to implement `parity_scale_codec::Codec`
      = note: the full type name has been written to '/Users/snow/dev/Allfeat/Allfeat/target/debug/wbuild/harmonie-runtime/target/wasm32-unknown-unknown/release/deps/harmonie_runtime-3a5cda8230ca0104.long-type-5157894769791864636.txt'
      = note: required for `Block<Header<u32, BlakeTwo256>, UncheckedExtrinsic<AccountId20, RuntimeCall, EthereumSignature, ...>>` to implement `BlockT`
      = note: the full type name has been written to '/Users/snow/dev/Allfeat/Allfeat/target/debug/wbuild/harmonie-runtime/target/wasm32-unknown-unknown/release/deps/harmonie_runtime-3a5cda8230ca0104.long-type-6691357689991133965.txt'

  error[E0277]: the trait bound `Runtime: pallet_session::historical::Config` is not satisfied
     --> /Users/snow/dev/Allfeat/Allfeat/runtime/harmonie/src/lib.rs:690:3
      |
  690 | /         fn pending_block(
  691 | |             xts: Vec<<Block as sp_runtime::traits::Block>::Extrinsic>,
  692 | |         ) -> (Option<pallet_ethereum::Block>, Option<Vec<fp_rpc::TransactionStatus>>) {
      | |_____________________________________________________________________________________^ the trait `pallet_session::historical::Config` is not implemented for `Runtime`, which is required by `sp_runtime::generic::Block<sp_runtime::generic::Header<u32, sp_runtime::traits::BlakeTwo256>, fp_self_contained::UncheckedExtrinsic<fp_account::AccountId20, RuntimeCall, fp_account::EthereumSignature, (CheckNonZeroSender<Runtime>, CheckSpecVersion<Runtime>, CheckTxVersion<Runtime>, CheckGenesis<Runtime>, CheckEra<Runtime>, CheckNonce<Runtime>, CheckWeight<Runtime>, ChargeTransactionPayment<Runtime>, CheckMetadataHash<Runtime>)>>: BlockT`
      |
      = help: the trait `BlockT` is implemented for `sp_runtime::generic::Block<Header, Extrinsic>`
      = note: required for `pallet_session::historical::Pallet<Runtime>` to implement `KeyOwnerProofSystem<(KeyTypeId, sp_consensus_babe::app::Public)>`
  note: required because it appears within the type `pallet_babe::Call<Runtime>`
     --> /Users/snow/.cargo/git/checkouts/polkadot-sdk-cff69157b985ed76/c4314f7/substrate/frame/babe/src/lib.rs:399:12
      |
  399 |     #[pallet::call]
      |               ^^^^
  note: required because it appears within the type `RuntimeCall`
     --> /Users/snow/dev/Allfeat/Allfeat/runtime/harmonie/src/lib.rs:84:1
      |
  84  | #[frame_support::runtime]
      | ^^^^^^^^^^^^^^^^^^^^^^^^^
      = note: required for `UncheckedExtrinsic<AccountId20, RuntimeCall, EthereumSignature, (..., ..., ..., ..., ..., ..., ..., ..., ...)>` to implement `Extrinsic`
      = note: the full type name has been written to '/Users/snow/dev/Allfeat/Allfeat/target/debug/wbuild/harmonie-runtime/target/wasm32-unknown-unknown/release/deps/harmonie_runtime-3a5cda8230ca0104.long-type-5157894769791864636.txt'
      = note: required for `Block<Header<u32, BlakeTwo256>, UncheckedExtrinsic<AccountId20, RuntimeCall, EthereumSignature, ...>>` to implement `BlockT`
      = note: the full type name has been written to '/Users/snow/dev/Allfeat/Allfeat/target/debug/wbuild/harmonie-runtime/target/wasm32-unknown-unknown/release/deps/harmonie_runtime-3a5cda8230ca0104.long-type-6691357689991133965.txt'
      = note: this error originates in the attribute macro `frame_support::runtime` (in Nightly builds, run with -Z macro-backtrace for more info)

  error[E0277]: the trait bound `fp_self_contained::UncheckedExtrinsic<fp_account::AccountId20, RuntimeCall, fp_account::EthereumSignature, (CheckNonZeroSender<Runtime>, CheckSpecVersion<Runtime>, CheckTxVersion<Runtime>, CheckGenesis<Runtime>, CheckEra<Runtime>, CheckNonce<Runtime>, CheckWeight<Runtime>, ChargeTransactionPayment<Runtime>, CheckMetadataHash<Runtime>)>: parity_scale_codec::Decode` is not satisfied
     --> /Users/snow/dev/Allfeat/Allfeat/runtime/harmonie/src/lib.rs:705:3
      |
  705 |         fn initialize_pending_block(header: &<Block as sp_runtime::traits::Block>::Header) {
      |         ^^^^^^^^^^^^^^^^^^^^^^^^^^^^^^^^^^^^^^^^^^^^^^^^^^^^^^^^^^^^^^^^^^^^^^^^^^^^^^^^^^ the trait `parity_scale_codec::Decode` is not implemented for `UncheckedExtrinsic<AccountId20, RuntimeCall, EthereumSignature, (..., ..., ..., ..., ..., ..., ..., ..., ...)>`, which is required by `sp_runtime::generic::Block<sp_runtime::generic::Header<u32, sp_runtime::traits::BlakeTwo256>, fp_self_contained::UncheckedExtrinsic<fp_account::AccountId20, RuntimeCall, fp_account::EthereumSignature, (CheckNonZeroSender<Runtime>, CheckSpecVersion<Runtime>, CheckTxVersion<Runtime>, CheckGenesis<Runtime>, CheckEra<Runtime>, CheckNonce<Runtime>, CheckWeight<Runtime>, ChargeTransactionPayment<Runtime>, CheckMetadataHash<Runtime>)>>: BlockT`
      |
      = help: the trait `parity_scale_codec::Decode` is implemented for `fp_self_contained::UncheckedExtrinsic<Address, Call, Signature, Extra>`
      = note: required for `UncheckedExtrinsic<AccountId20, RuntimeCall, EthereumSignature, (..., ..., ..., ..., ..., ..., ..., ..., ...)>` to implement `parity_scale_codec::Codec`
      = note: the full type name has been written to '/Users/snow/dev/Allfeat/Allfeat/target/debug/wbuild/harmonie-runtime/target/wasm32-unknown-unknown/release/deps/harmonie_runtime-3a5cda8230ca0104.long-type-5157894769791864636.txt'
      = note: required for `Block<Header<u32, BlakeTwo256>, UncheckedExtrinsic<AccountId20, RuntimeCall, EthereumSignature, ...>>` to implement `BlockT`
      = note: the full type name has been written to '/Users/snow/dev/Allfeat/Allfeat/target/debug/wbuild/harmonie-runtime/target/wasm32-unknown-unknown/release/deps/harmonie_runtime-3a5cda8230ca0104.long-type-6691357689991133965.txt'

  error[E0277]: the trait bound `fp_self_contained::UncheckedExtrinsic<fp_account::AccountId20, RuntimeCall, fp_account::EthereumSignature, (CheckNonZeroSender<Runtime>, CheckSpecVersion<Runtime>, CheckTxVersion<Runtime>, CheckGenesis<Runtime>, CheckEra<Runtime>, CheckNonce<Runtime>, CheckWeight<Runtime>, ChargeTransactionPayment<Runtime>, CheckMetadataHash<Runtime>)>: parity_scale_codec::Encode` is not satisfied
     --> /Users/snow/dev/Allfeat/Allfeat/runtime/harmonie/src/lib.rs:705:3
      |
  705 |         fn initialize_pending_block(header: &<Block as sp_runtime::traits::Block>::Header) {
      |         ^^^^^^^^^^^^^^^^^^^^^^^^^^^^^^^^^^^^^^^^^^^^^^^^^^^^^^^^^^^^^^^^^^^^^^^^^^^^^^^^^^ the trait `parity_scale_codec::Encode` is not implemented for `UncheckedExtrinsic<AccountId20, RuntimeCall, EthereumSignature, (..., ..., ..., ..., ..., ..., ..., ..., ...)>`, which is required by `sp_runtime::generic::Block<sp_runtime::generic::Header<u32, sp_runtime::traits::BlakeTwo256>, fp_self_contained::UncheckedExtrinsic<fp_account::AccountId20, RuntimeCall, fp_account::EthereumSignature, (CheckNonZeroSender<Runtime>, CheckSpecVersion<Runtime>, CheckTxVersion<Runtime>, CheckGenesis<Runtime>, CheckEra<Runtime>, CheckNonce<Runtime>, CheckWeight<Runtime>, ChargeTransactionPayment<Runtime>, CheckMetadataHash<Runtime>)>>: BlockT`
      |
      = help: the trait `parity_scale_codec::Encode` is implemented for `fp_self_contained::UncheckedExtrinsic<Address, Call, Signature, Extra>`
      = note: required for `UncheckedExtrinsic<AccountId20, RuntimeCall, EthereumSignature, (..., ..., ..., ..., ..., ..., ..., ..., ...)>` to implement `parity_scale_codec::Codec`
      = note: the full type name has been written to '/Users/snow/dev/Allfeat/Allfeat/target/debug/wbuild/harmonie-runtime/target/wasm32-unknown-unknown/release/deps/harmonie_runtime-3a5cda8230ca0104.long-type-5157894769791864636.txt'
      = note: required for `Block<Header<u32, BlakeTwo256>, UncheckedExtrinsic<AccountId20, RuntimeCall, EthereumSignature, ...>>` to implement `BlockT`
      = note: the full type name has been written to '/Users/snow/dev/Allfeat/Allfeat/target/debug/wbuild/harmonie-runtime/target/wasm32-unknown-unknown/release/deps/harmonie_runtime-3a5cda8230ca0104.long-type-6691357689991133965.txt'

  error[E0277]: the trait bound `Runtime: pallet_session::historical::Config` is not satisfied
     --> /Users/snow/dev/Allfeat/Allfeat/runtime/harmonie/src/lib.rs:705:3
      |
  705 |         fn initialize_pending_block(header: &<Block as sp_runtime::traits::Block>::Header) {
      |         ^^^^^^^^^^^^^^^^^^^^^^^^^^^^^^^^^^^^^^^^^^^^^^^^^^^^^^^^^^^^^^^^^^^^^^^^^^^^^^^^^^ the trait `pallet_session::historical::Config` is not implemented for `Runtime`, which is required by `sp_runtime::generic::Block<sp_runtime::generic::Header<u32, sp_runtime::traits::BlakeTwo256>, fp_self_contained::UncheckedExtrinsic<fp_account::AccountId20, RuntimeCall, fp_account::EthereumSignature, (CheckNonZeroSender<Runtime>, CheckSpecVersion<Runtime>, CheckTxVersion<Runtime>, CheckGenesis<Runtime>, CheckEra<Runtime>, CheckNonce<Runtime>, CheckWeight<Runtime>, ChargeTransactionPayment<Runtime>, CheckMetadataHash<Runtime>)>>: BlockT`
      |
      = help: the trait `BlockT` is implemented for `sp_runtime::generic::Block<Header, Extrinsic>`
      = note: required for `pallet_session::historical::Pallet<Runtime>` to implement `KeyOwnerProofSystem<(KeyTypeId, sp_consensus_babe::app::Public)>`
  note: required because it appears within the type `pallet_babe::Call<Runtime>`
     --> /Users/snow/.cargo/git/checkouts/polkadot-sdk-cff69157b985ed76/c4314f7/substrate/frame/babe/src/lib.rs:399:12
      |
  399 |     #[pallet::call]
      |               ^^^^
  note: required because it appears within the type `RuntimeCall`
     --> /Users/snow/dev/Allfeat/Allfeat/runtime/harmonie/src/lib.rs:84:1
      |
  84  | #[frame_support::runtime]
      | ^^^^^^^^^^^^^^^^^^^^^^^^^
      = note: required for `UncheckedExtrinsic<AccountId20, RuntimeCall, EthereumSignature, (..., ..., ..., ..., ..., ..., ..., ..., ...)>` to implement `Extrinsic`
      = note: the full type name has been written to '/Users/snow/dev/Allfeat/Allfeat/target/debug/wbuild/harmonie-runtime/target/wasm32-unknown-unknown/release/deps/harmonie_runtime-3a5cda8230ca0104.long-type-5157894769791864636.txt'
      = note: required for `Block<Header<u32, BlakeTwo256>, UncheckedExtrinsic<AccountId20, RuntimeCall, EthereumSignature, ...>>` to implement `BlockT`
      = note: the full type name has been written to '/Users/snow/dev/Allfeat/Allfeat/target/debug/wbuild/harmonie-runtime/target/wasm32-unknown-unknown/release/deps/harmonie_runtime-3a5cda8230ca0104.long-type-6691357689991133965.txt'
      = note: this error originates in the attribute macro `frame_support::runtime` (in Nightly builds, run with -Z macro-backtrace for more info)

  error[E0277]: the trait bound `sp_runtime::generic::Block<sp_runtime::generic::Header<u32, sp_runtime::traits::BlakeTwo256>, fp_self_contained::UncheckedExtrinsic<fp_account::AccountId20, RuntimeCall, fp_account::EthereumSignature, (CheckNonZeroSender<Runtime>, CheckSpecVersion<Runtime>, CheckTxVersion<Runtime>, CheckGenesis<Runtime>, CheckEra<Runtime>, CheckNonce<Runtime>, CheckWeight<Runtime>, ChargeTransactionPayment<Runtime>, CheckMetadataHash<Runtime>)>>: parity_scale_codec::Encode` is not satisfied
     --> /Users/snow/dev/Allfeat/Allfeat/runtime/harmonie/src/lib.rs:710:7
      |
  710 |     impl fp_rpc::ConvertTransactionRuntimeApi<Block> for Runtime {
      |          ^^^^^^^^^^^^^^^^^^^^^^^^^^^^^^^^^^^^^^^^^^^ the trait `parity_scale_codec::Encode` is not implemented for `Block<Header<u32, BlakeTwo256>, UncheckedExtrinsic<AccountId20, RuntimeCall, EthereumSignature, ...>>`, which is required by `sp_runtime::generic::Block<sp_runtime::generic::Header<u32, sp_runtime::traits::BlakeTwo256>, fp_self_contained::UncheckedExtrinsic<fp_account::AccountId20, RuntimeCall, fp_account::EthereumSignature, (CheckNonZeroSender<Runtime>, CheckSpecVersion<Runtime>, CheckTxVersion<Runtime>, CheckGenesis<Runtime>, CheckEra<Runtime>, CheckNonce<Runtime>, CheckWeight<Runtime>, ChargeTransactionPayment<Runtime>, CheckMetadataHash<Runtime>)>>: BlockT`
      |
      = help: the trait `parity_scale_codec::Encode` is implemented for `sp_runtime::generic::Block<Header, Extrinsic>`
      = note: required for `Block<Header<u32, BlakeTwo256>, UncheckedExtrinsic<AccountId20, RuntimeCall, EthereumSignature, ...>>` to implement `parity_scale_codec::Codec`
      = note: the full type name has been written to '/Users/snow/dev/Allfeat/Allfeat/target/debug/wbuild/harmonie-runtime/target/wasm32-unknown-unknown/release/deps/harmonie_runtime-3a5cda8230ca0104.long-type-6691357689991133965.txt'
      = note: required for `Block<Header<u32, BlakeTwo256>, UncheckedExtrinsic<AccountId20, RuntimeCall, EthereumSignature, ...>>` to implement `BlockT`
      = note: the full type name has been written to '/Users/snow/dev/Allfeat/Allfeat/target/debug/wbuild/harmonie-runtime/target/wasm32-unknown-unknown/release/deps/harmonie_runtime-3a5cda8230ca0104.long-type-6691357689991133965.txt'
  note: required by a bound in `ConvertTransactionRuntimeApi`
     --> /Users/snow/.cargo/git/checkouts/frontier-b4643f17507d3282/2e219e1/primitives/rpc/src/lib.rs:85:1
      |
  85  | / sp_api::decl_runtime_apis! {
  86  | |     /// API necessary for Ethereum-compatibility layer.
  87  | |     #[api_version(5)]
  88  | |     pub trait EthereumRuntimeRPCApi {
  ...   |
  272 | |     }
  273 | | }
      | |_^ required by this bound in `ConvertTransactionRuntimeApiV2`
      = note: this error originates in the macro `sp_api::decl_runtime_apis` (in Nightly builds, run with -Z macro-backtrace for more info)

  error[E0277]: the trait bound `sp_runtime::generic::Block<sp_runtime::generic::Header<u32, sp_runtime::traits::BlakeTwo256>, fp_self_contained::UncheckedExtrinsic<fp_account::AccountId20, RuntimeCall, fp_account::EthereumSignature, (CheckNonZeroSender<Runtime>, CheckSpecVersion<Runtime>, CheckTxVersion<Runtime>, CheckGenesis<Runtime>, CheckEra<Runtime>, CheckNonce<Runtime>, CheckWeight<Runtime>, ChargeTransactionPayment<Runtime>, CheckMetadataHash<Runtime>)>>: parity_scale_codec::Decode` is not satisfied
     --> /Users/snow/dev/Allfeat/Allfeat/runtime/harmonie/src/lib.rs:710:7
      |
  710 |     impl fp_rpc::ConvertTransactionRuntimeApi<Block> for Runtime {
      |          ^^^^^^^^^^^^^^^^^^^^^^^^^^^^^^^^^^^^^^^^^^^ the trait `parity_scale_codec::Decode` is not implemented for `Block<Header<u32, BlakeTwo256>, UncheckedExtrinsic<AccountId20, RuntimeCall, EthereumSignature, ...>>`, which is required by `sp_runtime::generic::Block<sp_runtime::generic::Header<u32, sp_runtime::traits::BlakeTwo256>, fp_self_contained::UncheckedExtrinsic<fp_account::AccountId20, RuntimeCall, fp_account::EthereumSignature, (CheckNonZeroSender<Runtime>, CheckSpecVersion<Runtime>, CheckTxVersion<Runtime>, CheckGenesis<Runtime>, CheckEra<Runtime>, CheckNonce<Runtime>, CheckWeight<Runtime>, ChargeTransactionPayment<Runtime>, CheckMetadataHash<Runtime>)>>: BlockT`
      |
      = help: the trait `parity_scale_codec::Decode` is implemented for `sp_runtime::generic::Block<Header, Extrinsic>`
      = note: required for `Block<Header<u32, BlakeTwo256>, UncheckedExtrinsic<AccountId20, RuntimeCall, EthereumSignature, ...>>` to implement `parity_scale_codec::Codec`
      = note: the full type name has been written to '/Users/snow/dev/Allfeat/Allfeat/target/debug/wbuild/harmonie-runtime/target/wasm32-unknown-unknown/release/deps/harmonie_runtime-3a5cda8230ca0104.long-type-6691357689991133965.txt'
      = note: required for `Block<Header<u32, BlakeTwo256>, UncheckedExtrinsic<AccountId20, RuntimeCall, EthereumSignature, ...>>` to implement `BlockT`
      = note: the full type name has been written to '/Users/snow/dev/Allfeat/Allfeat/target/debug/wbuild/harmonie-runtime/target/wasm32-unknown-unknown/release/deps/harmonie_runtime-3a5cda8230ca0104.long-type-6691357689991133965.txt'
  note: required by a bound in `ConvertTransactionRuntimeApi`
     --> /Users/snow/.cargo/git/checkouts/frontier-b4643f17507d3282/2e219e1/primitives/rpc/src/lib.rs:85:1
      |
  85  | / sp_api::decl_runtime_apis! {
  86  | |     /// API necessary for Ethereum-compatibility layer.
  87  | |     #[api_version(5)]
  88  | |     pub trait EthereumRuntimeRPCApi {
  ...   |
  272 | |     }
  273 | | }
      | |_^ required by this bound in `ConvertTransactionRuntimeApiV2`
      = note: this error originates in the macro `sp_api::decl_runtime_apis` (in Nightly builds, run with -Z macro-backtrace for more info)

  error[E0277]: the trait bound `fp_self_contained::UncheckedExtrinsic<fp_account::AccountId20, RuntimeCall, fp_account::EthereumSignature, (CheckNonZeroSender<Runtime>, CheckSpecVersion<Runtime>, CheckTxVersion<Runtime>, CheckGenesis<Runtime>, CheckEra<Runtime>, CheckNonce<Runtime>, CheckWeight<Runtime>, ChargeTransactionPayment<Runtime>, CheckMetadataHash<Runtime>)>: parity_scale_codec::Decode` is not satisfied
     --> /Users/snow/dev/Allfeat/Allfeat/runtime/harmonie/src/lib.rs:710:7
      |
  710 |     impl fp_rpc::ConvertTransactionRuntimeApi<Block> for Runtime {
      |          ^^^^^^^^^^^^^^^^^^^^^^^^^^^^^^^^^^^^^^^^^^^ the trait `parity_scale_codec::Decode` is not implemented for `UncheckedExtrinsic<AccountId20, RuntimeCall, EthereumSignature, (..., ..., ..., ..., ..., ..., ..., ..., ...)>`, which is required by `sp_runtime::generic::Block<sp_runtime::generic::Header<u32, sp_runtime::traits::BlakeTwo256>, fp_self_contained::UncheckedExtrinsic<fp_account::AccountId20, RuntimeCall, fp_account::EthereumSignature, (CheckNonZeroSender<Runtime>, CheckSpecVersion<Runtime>, CheckTxVersion<Runtime>, CheckGenesis<Runtime>, CheckEra<Runtime>, CheckNonce<Runtime>, CheckWeight<Runtime>, ChargeTransactionPayment<Runtime>, CheckMetadataHash<Runtime>)>>: BlockT`
      |
      = help: the trait `parity_scale_codec::Decode` is implemented for `fp_self_contained::UncheckedExtrinsic<Address, Call, Signature, Extra>`
      = note: required for `UncheckedExtrinsic<AccountId20, RuntimeCall, EthereumSignature, (..., ..., ..., ..., ..., ..., ..., ..., ...)>` to implement `parity_scale_codec::Codec`
      = note: the full type name has been written to '/Users/snow/dev/Allfeat/Allfeat/target/debug/wbuild/harmonie-runtime/target/wasm32-unknown-unknown/release/deps/harmonie_runtime-3a5cda8230ca0104.long-type-5157894769791864636.txt'
      = note: required for `Block<Header<u32, BlakeTwo256>, UncheckedExtrinsic<AccountId20, RuntimeCall, EthereumSignature, ...>>` to implement `BlockT`
      = note: the full type name has been written to '/Users/snow/dev/Allfeat/Allfeat/target/debug/wbuild/harmonie-runtime/target/wasm32-unknown-unknown/release/deps/harmonie_runtime-3a5cda8230ca0104.long-type-6691357689991133965.txt'

  error[E0277]: the trait bound `fp_self_contained::UncheckedExtrinsic<fp_account::AccountId20, RuntimeCall, fp_account::EthereumSignature, (CheckNonZeroSender<Runtime>, CheckSpecVersion<Runtime>, CheckTxVersion<Runtime>, CheckGenesis<Runtime>, CheckEra<Runtime>, CheckNonce<Runtime>, CheckWeight<Runtime>, ChargeTransactionPayment<Runtime>, CheckMetadataHash<Runtime>)>: parity_scale_codec::Encode` is not satisfied
     --> /Users/snow/dev/Allfeat/Allfeat/runtime/harmonie/src/lib.rs:710:7
      |
  710 |     impl fp_rpc::ConvertTransactionRuntimeApi<Block> for Runtime {
      |          ^^^^^^^^^^^^^^^^^^^^^^^^^^^^^^^^^^^^^^^^^^^ the trait `parity_scale_codec::Encode` is not implemented for `UncheckedExtrinsic<AccountId20, RuntimeCall, EthereumSignature, (..., ..., ..., ..., ..., ..., ..., ..., ...)>`, which is required by `sp_runtime::generic::Block<sp_runtime::generic::Header<u32, sp_runtime::traits::BlakeTwo256>, fp_self_contained::UncheckedExtrinsic<fp_account::AccountId20, RuntimeCall, fp_account::EthereumSignature, (CheckNonZeroSender<Runtime>, CheckSpecVersion<Runtime>, CheckTxVersion<Runtime>, CheckGenesis<Runtime>, CheckEra<Runtime>, CheckNonce<Runtime>, CheckWeight<Runtime>, ChargeTransactionPayment<Runtime>, CheckMetadataHash<Runtime>)>>: BlockT`
      |
      = help: the trait `parity_scale_codec::Encode` is implemented for `fp_self_contained::UncheckedExtrinsic<Address, Call, Signature, Extra>`
      = note: required for `UncheckedExtrinsic<AccountId20, RuntimeCall, EthereumSignature, (..., ..., ..., ..., ..., ..., ..., ..., ...)>` to implement `parity_scale_codec::Codec`
      = note: the full type name has been written to '/Users/snow/dev/Allfeat/Allfeat/target/debug/wbuild/harmonie-runtime/target/wasm32-unknown-unknown/release/deps/harmonie_runtime-3a5cda8230ca0104.long-type-5157894769791864636.txt'
      = note: required for `Block<Header<u32, BlakeTwo256>, UncheckedExtrinsic<AccountId20, RuntimeCall, EthereumSignature, ...>>` to implement `BlockT`
      = note: the full type name has been written to '/Users/snow/dev/Allfeat/Allfeat/target/debug/wbuild/harmonie-runtime/target/wasm32-unknown-unknown/release/deps/harmonie_runtime-3a5cda8230ca0104.long-type-6691357689991133965.txt'

  error[E0277]: the trait bound `Runtime: pallet_session::historical::Config` is not satisfied
     --> /Users/snow/dev/Allfeat/Allfeat/runtime/harmonie/src/lib.rs:710:7
      |
  710 |     impl fp_rpc::ConvertTransactionRuntimeApi<Block> for Runtime {
      |          ^^^^^^^^^^^^^^^^^^^^^^^^^^^^^^^^^^^^^^^^^^^ the trait `pallet_session::historical::Config` is not implemented for `Runtime`, which is required by `sp_runtime::generic::Block<sp_runtime::generic::Header<u32, sp_runtime::traits::BlakeTwo256>, fp_self_contained::UncheckedExtrinsic<fp_account::AccountId20, RuntimeCall, fp_account::EthereumSignature, (CheckNonZeroSender<Runtime>, CheckSpecVersion<Runtime>, CheckTxVersion<Runtime>, CheckGenesis<Runtime>, CheckEra<Runtime>, CheckNonce<Runtime>, CheckWeight<Runtime>, ChargeTransactionPayment<Runtime>, CheckMetadataHash<Runtime>)>>: BlockT`
      |
      = help: the trait `BlockT` is implemented for `sp_runtime::generic::Block<Header, Extrinsic>`
      = note: required for `pallet_session::historical::Pallet<Runtime>` to implement `KeyOwnerProofSystem<(KeyTypeId, sp_consensus_babe::app::Public)>`
  note: required because it appears within the type `pallet_babe::Call<Runtime>`
     --> /Users/snow/.cargo/git/checkouts/polkadot-sdk-cff69157b985ed76/c4314f7/substrate/frame/babe/src/lib.rs:399:12
      |
  399 |     #[pallet::call]
      |               ^^^^
  note: required because it appears within the type `RuntimeCall`
     --> /Users/snow/dev/Allfeat/Allfeat/runtime/harmonie/src/lib.rs:84:1
      |
  84  | #[frame_support::runtime]
      | ^^^^^^^^^^^^^^^^^^^^^^^^^
      = note: required for `UncheckedExtrinsic<AccountId20, RuntimeCall, EthereumSignature, (..., ..., ..., ..., ..., ..., ..., ..., ...)>` to implement `Extrinsic`
      = note: the full type name has been written to '/Users/snow/dev/Allfeat/Allfeat/target/debug/wbuild/harmonie-runtime/target/wasm32-unknown-unknown/release/deps/harmonie_runtime-3a5cda8230ca0104.long-type-5157894769791864636.txt'
      = note: required for `Block<Header<u32, BlakeTwo256>, UncheckedExtrinsic<AccountId20, RuntimeCall, EthereumSignature, ...>>` to implement `BlockT`
      = note: the full type name has been written to '/Users/snow/dev/Allfeat/Allfeat/target/debug/wbuild/harmonie-runtime/target/wasm32-unknown-unknown/release/deps/harmonie_runtime-3a5cda8230ca0104.long-type-6691357689991133965.txt'
      = note: this error originates in the attribute macro `frame_support::runtime` (in Nightly builds, run with -Z macro-backtrace for more info)

  error[E0277]: the trait bound `fp_self_contained::UncheckedExtrinsic<fp_account::AccountId20, RuntimeCall, fp_account::EthereumSignature, (CheckNonZeroSender<Runtime>, CheckSpecVersion<Runtime>, CheckTxVersion<Runtime>, CheckGenesis<Runtime>, CheckEra<Runtime>, CheckNonce<Runtime>, CheckWeight<Runtime>, ChargeTransactionPayment<Runtime>, CheckMetadataHash<Runtime>)>: parity_scale_codec::Decode` is not satisfied
     --> /Users/snow/dev/Allfeat/Allfeat/runtime/harmonie/src/lib.rs:711:3
      |
  711 |         fn convert_transaction(transaction: pallet_ethereum::Transaction) -> <Block as sp_runtime::traits::Block>::Extrinsic {
      |         ^^^^^^^^^^^^^^^^^^^^^^^^^^^^^^^^^^^^^^^^^^^^^^^^^^^^^^^^^^^^^^^^^^^^^^^^^^^^^^^^^^^^^^^^^^^^^^^^^^^^^^^^^^^^^^^^^^^^ the trait `parity_scale_codec::Decode` is not implemented for `UncheckedExtrinsic<AccountId20, RuntimeCall, EthereumSignature, (..., ..., ..., ..., ..., ..., ..., ..., ...)>`, which is required by `sp_runtime::generic::Block<sp_runtime::generic::Header<u32, sp_runtime::traits::BlakeTwo256>, fp_self_contained::UncheckedExtrinsic<fp_account::AccountId20, RuntimeCall, fp_account::EthereumSignature, (CheckNonZeroSender<Runtime>, CheckSpecVersion<Runtime>, CheckTxVersion<Runtime>, CheckGenesis<Runtime>, CheckEra<Runtime>, CheckNonce<Runtime>, CheckWeight<Runtime>, ChargeTransactionPayment<Runtime>, CheckMetadataHash<Runtime>)>>: BlockT`
      |
      = help: the trait `parity_scale_codec::Decode` is implemented for `fp_self_contained::UncheckedExtrinsic<Address, Call, Signature, Extra>`
      = note: required for `UncheckedExtrinsic<AccountId20, RuntimeCall, EthereumSignature, (..., ..., ..., ..., ..., ..., ..., ..., ...)>` to implement `parity_scale_codec::Codec`
      = note: the full type name has been written to '/Users/snow/dev/Allfeat/Allfeat/target/debug/wbuild/harmonie-runtime/target/wasm32-unknown-unknown/release/deps/harmonie_runtime-3a5cda8230ca0104.long-type-5157894769791864636.txt'
      = note: required for `Block<Header<u32, BlakeTwo256>, UncheckedExtrinsic<AccountId20, RuntimeCall, EthereumSignature, ...>>` to implement `BlockT`
      = note: the full type name has been written to '/Users/snow/dev/Allfeat/Allfeat/target/debug/wbuild/harmonie-runtime/target/wasm32-unknown-unknown/release/deps/harmonie_runtime-3a5cda8230ca0104.long-type-6691357689991133965.txt'

  error[E0277]: the trait bound `fp_self_contained::UncheckedExtrinsic<fp_account::AccountId20, RuntimeCall, fp_account::EthereumSignature, (CheckNonZeroSender<Runtime>, CheckSpecVersion<Runtime>, CheckTxVersion<Runtime>, CheckGenesis<Runtime>, CheckEra<Runtime>, CheckNonce<Runtime>, CheckWeight<Runtime>, ChargeTransactionPayment<Runtime>, CheckMetadataHash<Runtime>)>: parity_scale_codec::Encode` is not satisfied
     --> /Users/snow/dev/Allfeat/Allfeat/runtime/harmonie/src/lib.rs:711:3
      |
  711 |         fn convert_transaction(transaction: pallet_ethereum::Transaction) -> <Block as sp_runtime::traits::Block>::Extrinsic {
      |         ^^^^^^^^^^^^^^^^^^^^^^^^^^^^^^^^^^^^^^^^^^^^^^^^^^^^^^^^^^^^^^^^^^^^^^^^^^^^^^^^^^^^^^^^^^^^^^^^^^^^^^^^^^^^^^^^^^^^ the trait `parity_scale_codec::Encode` is not implemented for `UncheckedExtrinsic<AccountId20, RuntimeCall, EthereumSignature, (..., ..., ..., ..., ..., ..., ..., ..., ...)>`, which is required by `sp_runtime::generic::Block<sp_runtime::generic::Header<u32, sp_runtime::traits::BlakeTwo256>, fp_self_contained::UncheckedExtrinsic<fp_account::AccountId20, RuntimeCall, fp_account::EthereumSignature, (CheckNonZeroSender<Runtime>, CheckSpecVersion<Runtime>, CheckTxVersion<Runtime>, CheckGenesis<Runtime>, CheckEra<Runtime>, CheckNonce<Runtime>, CheckWeight<Runtime>, ChargeTransactionPayment<Runtime>, CheckMetadataHash<Runtime>)>>: BlockT`
      |
      = help: the trait `parity_scale_codec::Encode` is implemented for `fp_self_contained::UncheckedExtrinsic<Address, Call, Signature, Extra>`
      = note: required for `UncheckedExtrinsic<AccountId20, RuntimeCall, EthereumSignature, (..., ..., ..., ..., ..., ..., ..., ..., ...)>` to implement `parity_scale_codec::Codec`
      = note: the full type name has been written to '/Users/snow/dev/Allfeat/Allfeat/target/debug/wbuild/harmonie-runtime/target/wasm32-unknown-unknown/release/deps/harmonie_runtime-3a5cda8230ca0104.long-type-5157894769791864636.txt'
      = note: required for `Block<Header<u32, BlakeTwo256>, UncheckedExtrinsic<AccountId20, RuntimeCall, EthereumSignature, ...>>` to implement `BlockT`
      = note: the full type name has been written to '/Users/snow/dev/Allfeat/Allfeat/target/debug/wbuild/harmonie-runtime/target/wasm32-unknown-unknown/release/deps/harmonie_runtime-3a5cda8230ca0104.long-type-6691357689991133965.txt'

  error[E0277]: the trait bound `Runtime: pallet_session::historical::Config` is not satisfied
     --> /Users/snow/dev/Allfeat/Allfeat/runtime/harmonie/src/lib.rs:711:3
      |
  711 |         fn convert_transaction(transaction: pallet_ethereum::Transaction) -> <Block as sp_runtime::traits::Block>::Extrinsic {
      |         ^^^^^^^^^^^^^^^^^^^^^^^^^^^^^^^^^^^^^^^^^^^^^^^^^^^^^^^^^^^^^^^^^^^^^^^^^^^^^^^^^^^^^^^^^^^^^^^^^^^^^^^^^^^^^^^^^^^^ the trait `pallet_session::historical::Config` is not implemented for `Runtime`, which is required by `sp_runtime::generic::Block<sp_runtime::generic::Header<u32, sp_runtime::traits::BlakeTwo256>, fp_self_contained::UncheckedExtrinsic<fp_account::AccountId20, RuntimeCall, fp_account::EthereumSignature, (CheckNonZeroSender<Runtime>, CheckSpecVersion<Runtime>, CheckTxVersion<Runtime>, CheckGenesis<Runtime>, CheckEra<Runtime>, CheckNonce<Runtime>, CheckWeight<Runtime>, ChargeTransactionPayment<Runtime>, CheckMetadataHash<Runtime>)>>: BlockT`
      |
      = help: the trait `BlockT` is implemented for `sp_runtime::generic::Block<Header, Extrinsic>`
      = note: required for `pallet_session::historical::Pallet<Runtime>` to implement `KeyOwnerProofSystem<(KeyTypeId, sp_consensus_babe::app::Public)>`
  note: required because it appears within the type `pallet_babe::Call<Runtime>`
     --> /Users/snow/.cargo/git/checkouts/polkadot-sdk-cff69157b985ed76/c4314f7/substrate/frame/babe/src/lib.rs:399:12
      |
  399 |     #[pallet::call]
      |               ^^^^
  note: required because it appears within the type `RuntimeCall`
     --> /Users/snow/dev/Allfeat/Allfeat/runtime/harmonie/src/lib.rs:84:1
      |
  84  | #[frame_support::runtime]
      | ^^^^^^^^^^^^^^^^^^^^^^^^^
      = note: required for `UncheckedExtrinsic<AccountId20, RuntimeCall, EthereumSignature, (..., ..., ..., ..., ..., ..., ..., ..., ...)>` to implement `Extrinsic`
      = note: the full type name has been written to '/Users/snow/dev/Allfeat/Allfeat/target/debug/wbuild/harmonie-runtime/target/wasm32-unknown-unknown/release/deps/harmonie_runtime-3a5cda8230ca0104.long-type-5157894769791864636.txt'
      = note: required for `Block<Header<u32, BlakeTwo256>, UncheckedExtrinsic<AccountId20, RuntimeCall, EthereumSignature, ...>>` to implement `BlockT`
      = note: the full type name has been written to '/Users/snow/dev/Allfeat/Allfeat/target/debug/wbuild/harmonie-runtime/target/wasm32-unknown-unknown/release/deps/harmonie_runtime-3a5cda8230ca0104.long-type-6691357689991133965.txt'
      = note: this error originates in the attribute macro `frame_support::runtime` (in Nightly builds, run with -Z macro-backtrace for more info)

  error[E0277]: the trait bound `Runtime: pallet_session::historical::Config` is not satisfied
     --> /Users/snow/dev/Allfeat/Allfeat/runtime/harmonie/src/lib.rs:84:1
      |
  84  | #[frame_support::runtime]
      | ^^^^^^^^^^^^^^^^^^^^^^^^^ the trait `pallet_session::historical::Config` is not implemented for `Runtime`, which is required by `RuntimeCall: Sized`
      |
      = note: required for `pallet_session::historical::Pallet<Runtime>` to implement `KeyOwnerProofSystem<(KeyTypeId, sp_consensus_babe::app::Public)>`
  note: required because it appears within the type `pallet_babe::Call<Runtime>`
     --> /Users/snow/.cargo/git/checkouts/polkadot-sdk-cff69157b985ed76/c4314f7/substrate/frame/babe/src/lib.rs:399:12
      |
  399 |     #[pallet::call]
      |               ^^^^
  note: required because it appears within the type `RuntimeCall`
     --> /Users/snow/dev/Allfeat/Allfeat/runtime/harmonie/src/lib.rs:84:1
      |
  84  | #[frame_support::runtime]
      | ^^^^^^^^^^^^^^^^^^^^^^^^^
  note: required by a bound in `fp_self_contained::UncheckedExtrinsic`
     --> /Users/snow/.cargo/git/checkouts/frontier-b4643f17507d3282/2e219e1/primitives/self-contained/src/unchecked_extrinsic.rs:38:40
      |
  38  | pub struct UncheckedExtrinsic<Address, Call, Signature, Extra: SignedExtension>(
      |                                        ^^^^ required by this bound in `UncheckedExtrinsic`
      = note: this error originates in the attribute macro `frame_support::runtime` (in Nightly builds, run with -Z macro-backtrace for more info)

  error[E0277]: the trait bound `Runtime: pallet_session::historical::Config` is not satisfied
     --> /Users/snow/dev/Allfeat/Allfeat/runtime/harmonie/src/lib.rs:84:1
      |
  84  | #[frame_support::runtime]
      | ^^^^^^^^^^^^^^^^^^^^^^^^^ the trait `pallet_session::historical::Config` is not implemented for `Runtime`, which is required by `RuntimeCall: Sized`
      |
      = note: required for `pallet_session::historical::Pallet<Runtime>` to implement `KeyOwnerProofSystem<(KeyTypeId, sp_consensus_babe::app::Public)>`
  note: required because it appears within the type `pallet_babe::Call<Runtime>`
     --> /Users/snow/.cargo/git/checkouts/polkadot-sdk-cff69157b985ed76/c4314f7/substrate/frame/babe/src/lib.rs:399:12
      |
  399 |     #[pallet::call]
      |               ^^^^
  note: required because it appears within the type `RuntimeCall`
     --> /Users/snow/dev/Allfeat/Allfeat/runtime/harmonie/src/lib.rs:84:1
      |
  84  | #[frame_support::runtime]
      | ^^^^^^^^^^^^^^^^^^^^^^^^^
  note: required by a bound in `Result`
     --> /Users/snow/.rustup/toolchains/1.77.0-aarch64-apple-darwin/lib/rustlib/src/rust/library/core/src/result.rs:502:17
      |
  502 | pub enum Result<T, E> {
      |                 ^ required by this bound in `Result`
      = note: this error originates in the derive macro `self::sp_api_hidden_includes_construct_runtime::hidden_include::__private::codec::Decode` which comes from the expansion of the attribute macro `frame_support::runtime` (in Nightly builds, run with -Z macro-backtrace for more info)

  error[E0277]: the trait bound `Runtime: pallet_session::historical::Config` is not satisfied
     --> /Users/snow/dev/Allfeat/Allfeat/runtime/harmonie/src/lib.rs:274:27
      |
  274 |         fn execute_block(block: Block) {
      |                                 ^^^^^ the trait `pallet_session::historical::Config` is not implemented for `Runtime`, which is required by `RuntimeCall: Sized`
      |
      = note: required for `pallet_session::historical::Pallet<Runtime>` to implement `KeyOwnerProofSystem<(KeyTypeId, sp_consensus_babe::app::Public)>`
  note: required because it appears within the type `pallet_babe::Call<Runtime>`
     --> /Users/snow/.cargo/git/checkouts/polkadot-sdk-cff69157b985ed76/c4314f7/substrate/frame/babe/src/lib.rs:399:12
      |
  399 |     #[pallet::call]
      |               ^^^^
  note: required because it appears within the type `RuntimeCall`
     --> /Users/snow/dev/Allfeat/Allfeat/runtime/harmonie/src/lib.rs:84:1
      |
  84  | #[frame_support::runtime]
      | ^^^^^^^^^^^^^^^^^^^^^^^^^
  note: required by a bound in `fp_self_contained::UncheckedExtrinsic`
     --> /Users/snow/.cargo/git/checkouts/frontier-b4643f17507d3282/2e219e1/primitives/self-contained/src/unchecked_extrinsic.rs:38:40
      |
  38  | pub struct UncheckedExtrinsic<Address, Call, Signature, Extra: SignedExtension>(
      |                                        ^^^^ required by this bound in `UncheckedExtrinsic`
      = note: this error originates in the attribute macro `frame_support::runtime` (in Nightly builds, run with -Z macro-backtrace for more info)

  error[E0277]: the trait bound `fp_self_contained::UncheckedExtrinsic<fp_account::AccountId20, RuntimeCall, fp_account::EthereumSignature, (CheckNonZeroSender<Runtime>, CheckSpecVersion<Runtime>, CheckTxVersion<Runtime>, CheckGenesis<Runtime>, CheckEra<Runtime>, CheckNonce<Runtime>, CheckWeight<Runtime>, ChargeTransactionPayment<Runtime>, CheckMetadataHash<Runtime>)>: parity_scale_codec::Decode` is not satisfied
     --> /Users/snow/dev/Allfeat/Allfeat/runtime/harmonie/src/lib.rs:278:32
      |
  278 |         fn initialize_block(header: &<Block as sp_runtime::traits::Block>::Header) -> sp_runtime::ExtrinsicInclusionMode {
      |                                      ^^^^^^^^^^^^^^^^^^^^^^^^^^^^^^^^^^^^^^^^^^^^ the trait `parity_scale_codec::Decode` is not implemented for `UncheckedExtrinsic<AccountId20, RuntimeCall, EthereumSignature, (..., ..., ..., ..., ..., ..., ..., ..., ...)>`, which is required by `sp_runtime::generic::Block<sp_runtime::generic::Header<u32, sp_runtime::traits::BlakeTwo256>, fp_self_contained::UncheckedExtrinsic<fp_account::AccountId20, RuntimeCall, fp_account::EthereumSignature, (CheckNonZeroSender<Runtime>, CheckSpecVersion<Runtime>, CheckTxVersion<Runtime>, CheckGenesis<Runtime>, CheckEra<Runtime>, CheckNonce<Runtime>, CheckWeight<Runtime>, ChargeTransactionPayment<Runtime>, CheckMetadataHash<Runtime>)>>: BlockT`
      |
      = help: the trait `parity_scale_codec::Decode` is implemented for `fp_self_contained::UncheckedExtrinsic<Address, Call, Signature, Extra>`
      = note: required for `UncheckedExtrinsic<AccountId20, RuntimeCall, EthereumSignature, (..., ..., ..., ..., ..., ..., ..., ..., ...)>` to implement `parity_scale_codec::Codec`
      = note: the full type name has been written to '/Users/snow/dev/Allfeat/Allfeat/target/debug/wbuild/harmonie-runtime/target/wasm32-unknown-unknown/release/deps/harmonie_runtime-3a5cda8230ca0104.long-type-5157894769791864636.txt'
      = note: required for `Block<Header<u32, BlakeTwo256>, UncheckedExtrinsic<AccountId20, RuntimeCall, EthereumSignature, ...>>` to implement `BlockT`
      = note: the full type name has been written to '/Users/snow/dev/Allfeat/Allfeat/target/debug/wbuild/harmonie-runtime/target/wasm32-unknown-unknown/release/deps/harmonie_runtime-3a5cda8230ca0104.long-type-6691357689991133965.txt'

  error[E0277]: the trait bound `fp_self_contained::UncheckedExtrinsic<fp_account::AccountId20, RuntimeCall, fp_account::EthereumSignature, (CheckNonZeroSender<Runtime>, CheckSpecVersion<Runtime>, CheckTxVersion<Runtime>, CheckGenesis<Runtime>, CheckEra<Runtime>, CheckNonce<Runtime>, CheckWeight<Runtime>, ChargeTransactionPayment<Runtime>, CheckMetadataHash<Runtime>)>: parity_scale_codec::Encode` is not satisfied
     --> /Users/snow/dev/Allfeat/Allfeat/runtime/harmonie/src/lib.rs:278:32
      |
  278 |         fn initialize_block(header: &<Block as sp_runtime::traits::Block>::Header) -> sp_runtime::ExtrinsicInclusionMode {
      |                                      ^^^^^^^^^^^^^^^^^^^^^^^^^^^^^^^^^^^^^^^^^^^^ the trait `parity_scale_codec::Encode` is not implemented for `UncheckedExtrinsic<AccountId20, RuntimeCall, EthereumSignature, (..., ..., ..., ..., ..., ..., ..., ..., ...)>`, which is required by `sp_runtime::generic::Block<sp_runtime::generic::Header<u32, sp_runtime::traits::BlakeTwo256>, fp_self_contained::UncheckedExtrinsic<fp_account::AccountId20, RuntimeCall, fp_account::EthereumSignature, (CheckNonZeroSender<Runtime>, CheckSpecVersion<Runtime>, CheckTxVersion<Runtime>, CheckGenesis<Runtime>, CheckEra<Runtime>, CheckNonce<Runtime>, CheckWeight<Runtime>, ChargeTransactionPayment<Runtime>, CheckMetadataHash<Runtime>)>>: BlockT`
      |
      = help: the trait `parity_scale_codec::Encode` is implemented for `fp_self_contained::UncheckedExtrinsic<Address, Call, Signature, Extra>`
      = note: required for `UncheckedExtrinsic<AccountId20, RuntimeCall, EthereumSignature, (..., ..., ..., ..., ..., ..., ..., ..., ...)>` to implement `parity_scale_codec::Codec`
      = note: the full type name has been written to '/Users/snow/dev/Allfeat/Allfeat/target/debug/wbuild/harmonie-runtime/target/wasm32-unknown-unknown/release/deps/harmonie_runtime-3a5cda8230ca0104.long-type-5157894769791864636.txt'
      = note: required for `Block<Header<u32, BlakeTwo256>, UncheckedExtrinsic<AccountId20, RuntimeCall, EthereumSignature, ...>>` to implement `BlockT`
      = note: the full type name has been written to '/Users/snow/dev/Allfeat/Allfeat/target/debug/wbuild/harmonie-runtime/target/wasm32-unknown-unknown/release/deps/harmonie_runtime-3a5cda8230ca0104.long-type-6691357689991133965.txt'

  error[E0277]: the trait bound `Runtime: pallet_session::historical::Config` is not satisfied
     --> /Users/snow/dev/Allfeat/Allfeat/runtime/harmonie/src/lib.rs:278:33
      |
  278 |         fn initialize_block(header: &<Block as sp_runtime::traits::Block>::Header) -> sp_runtime::ExtrinsicInclusionMode {
      |                                       ^^^^^ the trait `pallet_session::historical::Config` is not implemented for `Runtime`, which is required by `RuntimeCall: Sized`
      |
      = note: required for `pallet_session::historical::Pallet<Runtime>` to implement `KeyOwnerProofSystem<(KeyTypeId, sp_consensus_babe::app::Public)>`
  note: required because it appears within the type `pallet_babe::Call<Runtime>`
     --> /Users/snow/.cargo/git/checkouts/polkadot-sdk-cff69157b985ed76/c4314f7/substrate/frame/babe/src/lib.rs:399:12
      |
  399 |     #[pallet::call]
      |               ^^^^
  note: required because it appears within the type `RuntimeCall`
     --> /Users/snow/dev/Allfeat/Allfeat/runtime/harmonie/src/lib.rs:84:1
      |
  84  | #[frame_support::runtime]
      | ^^^^^^^^^^^^^^^^^^^^^^^^^
  note: required by a bound in `fp_self_contained::UncheckedExtrinsic`
     --> /Users/snow/.cargo/git/checkouts/frontier-b4643f17507d3282/2e219e1/primitives/self-contained/src/unchecked_extrinsic.rs:38:40
      |
  38  | pub struct UncheckedExtrinsic<Address, Call, Signature, Extra: SignedExtension>(
      |                                        ^^^^ required by this bound in `UncheckedExtrinsic`
      = note: this error originates in the attribute macro `frame_support::runtime` (in Nightly builds, run with -Z macro-backtrace for more info)

  error[E0277]: the trait bound `fp_self_contained::UncheckedExtrinsic<fp_account::AccountId20, RuntimeCall, fp_account::EthereumSignature, (CheckNonZeroSender<Runtime>, CheckSpecVersion<Runtime>, CheckTxVersion<Runtime>, CheckGenesis<Runtime>, CheckEra<Runtime>, CheckNonce<Runtime>, CheckWeight<Runtime>, ChargeTransactionPayment<Runtime>, CheckMetadataHash<Runtime>)>: parity_scale_codec::Decode` is not satisfied
     --> /Users/snow/dev/Allfeat/Allfeat/runtime/harmonie/src/lib.rs:298:33
      |
  298 |         fn apply_extrinsic(extrinsic: <Block as sp_runtime::traits::Block>::Extrinsic) -> sp_runtime::ApplyExtrinsicResult {
      |                                       ^^^^^^^^^^^^^^^^^^^^^^^^^^^^^^^^^^^^^^^^^^^^^^^ the trait `parity_scale_codec::Decode` is not implemented for `UncheckedExtrinsic<AccountId20, RuntimeCall, EthereumSignature, (..., ..., ..., ..., ..., ..., ..., ..., ...)>`, which is required by `sp_runtime::generic::Block<sp_runtime::generic::Header<u32, sp_runtime::traits::BlakeTwo256>, fp_self_contained::UncheckedExtrinsic<fp_account::AccountId20, RuntimeCall, fp_account::EthereumSignature, (CheckNonZeroSender<Runtime>, CheckSpecVersion<Runtime>, CheckTxVersion<Runtime>, CheckGenesis<Runtime>, CheckEra<Runtime>, CheckNonce<Runtime>, CheckWeight<Runtime>, ChargeTransactionPayment<Runtime>, CheckMetadataHash<Runtime>)>>: BlockT`
      |
      = help: the trait `parity_scale_codec::Decode` is implemented for `fp_self_contained::UncheckedExtrinsic<Address, Call, Signature, Extra>`
      = note: required for `UncheckedExtrinsic<AccountId20, RuntimeCall, EthereumSignature, (..., ..., ..., ..., ..., ..., ..., ..., ...)>` to implement `parity_scale_codec::Codec`
      = note: the full type name has been written to '/Users/snow/dev/Allfeat/Allfeat/target/debug/wbuild/harmonie-runtime/target/wasm32-unknown-unknown/release/deps/harmonie_runtime-3a5cda8230ca0104.long-type-5157894769791864636.txt'
      = note: required for `Block<Header<u32, BlakeTwo256>, UncheckedExtrinsic<AccountId20, RuntimeCall, EthereumSignature, ...>>` to implement `BlockT`
      = note: the full type name has been written to '/Users/snow/dev/Allfeat/Allfeat/target/debug/wbuild/harmonie-runtime/target/wasm32-unknown-unknown/release/deps/harmonie_runtime-3a5cda8230ca0104.long-type-6691357689991133965.txt'

  error[E0277]: the trait bound `fp_self_contained::UncheckedExtrinsic<fp_account::AccountId20, RuntimeCall, fp_account::EthereumSignature, (CheckNonZeroSender<Runtime>, CheckSpecVersion<Runtime>, CheckTxVersion<Runtime>, CheckGenesis<Runtime>, CheckEra<Runtime>, CheckNonce<Runtime>, CheckWeight<Runtime>, ChargeTransactionPayment<Runtime>, CheckMetadataHash<Runtime>)>: parity_scale_codec::Encode` is not satisfied
     --> /Users/snow/dev/Allfeat/Allfeat/runtime/harmonie/src/lib.rs:298:33
      |
  298 |         fn apply_extrinsic(extrinsic: <Block as sp_runtime::traits::Block>::Extrinsic) -> sp_runtime::ApplyExtrinsicResult {
      |                                       ^^^^^^^^^^^^^^^^^^^^^^^^^^^^^^^^^^^^^^^^^^^^^^^ the trait `parity_scale_codec::Encode` is not implemented for `UncheckedExtrinsic<AccountId20, RuntimeCall, EthereumSignature, (..., ..., ..., ..., ..., ..., ..., ..., ...)>`, which is required by `sp_runtime::generic::Block<sp_runtime::generic::Header<u32, sp_runtime::traits::BlakeTwo256>, fp_self_contained::UncheckedExtrinsic<fp_account::AccountId20, RuntimeCall, fp_account::EthereumSignature, (CheckNonZeroSender<Runtime>, CheckSpecVersion<Runtime>, CheckTxVersion<Runtime>, CheckGenesis<Runtime>, CheckEra<Runtime>, CheckNonce<Runtime>, CheckWeight<Runtime>, ChargeTransactionPayment<Runtime>, CheckMetadataHash<Runtime>)>>: BlockT`
      |
      = help: the trait `parity_scale_codec::Encode` is implemented for `fp_self_contained::UncheckedExtrinsic<Address, Call, Signature, Extra>`
      = note: required for `UncheckedExtrinsic<AccountId20, RuntimeCall, EthereumSignature, (..., ..., ..., ..., ..., ..., ..., ..., ...)>` to implement `parity_scale_codec::Codec`
      = note: the full type name has been written to '/Users/snow/dev/Allfeat/Allfeat/target/debug/wbuild/harmonie-runtime/target/wasm32-unknown-unknown/release/deps/harmonie_runtime-3a5cda8230ca0104.long-type-5157894769791864636.txt'
      = note: required for `Block<Header<u32, BlakeTwo256>, UncheckedExtrinsic<AccountId20, RuntimeCall, EthereumSignature, ...>>` to implement `BlockT`
      = note: the full type name has been written to '/Users/snow/dev/Allfeat/Allfeat/target/debug/wbuild/harmonie-runtime/target/wasm32-unknown-unknown/release/deps/harmonie_runtime-3a5cda8230ca0104.long-type-6691357689991133965.txt'

  error[E0277]: the trait bound `Runtime: pallet_session::historical::Config` is not satisfied
     --> /Users/snow/dev/Allfeat/Allfeat/runtime/harmonie/src/lib.rs:298:34
      |
  298 |         fn apply_extrinsic(extrinsic: <Block as sp_runtime::traits::Block>::Extrinsic) -> sp_runtime::ApplyExtrinsicResult {
      |                                        ^^^^^ the trait `pallet_session::historical::Config` is not implemented for `Runtime`, which is required by `RuntimeCall: Sized`
      |
      = note: required for `pallet_session::historical::Pallet<Runtime>` to implement `KeyOwnerProofSystem<(KeyTypeId, sp_consensus_babe::app::Public)>`
  note: required because it appears within the type `pallet_babe::Call<Runtime>`
     --> /Users/snow/.cargo/git/checkouts/polkadot-sdk-cff69157b985ed76/c4314f7/substrate/frame/babe/src/lib.rs:399:12
      |
  399 |     #[pallet::call]
      |               ^^^^
  note: required because it appears within the type `RuntimeCall`
     --> /Users/snow/dev/Allfeat/Allfeat/runtime/harmonie/src/lib.rs:84:1
      |
  84  | #[frame_support::runtime]
      | ^^^^^^^^^^^^^^^^^^^^^^^^^
  note: required by a bound in `fp_self_contained::UncheckedExtrinsic`
     --> /Users/snow/.cargo/git/checkouts/frontier-b4643f17507d3282/2e219e1/primitives/self-contained/src/unchecked_extrinsic.rs:38:40
      |
  38  | pub struct UncheckedExtrinsic<Address, Call, Signature, Extra: SignedExtension>(
      |                                        ^^^^ required by this bound in `UncheckedExtrinsic`
      = note: this error originates in the attribute macro `frame_support::runtime` (in Nightly builds, run with -Z macro-backtrace for more info)

  error[E0277]: the trait bound `fp_self_contained::UncheckedExtrinsic<fp_account::AccountId20, RuntimeCall, fp_account::EthereumSignature, (CheckNonZeroSender<Runtime>, CheckSpecVersion<Runtime>, CheckTxVersion<Runtime>, CheckGenesis<Runtime>, CheckEra<Runtime>, CheckNonce<Runtime>, CheckWeight<Runtime>, ChargeTransactionPayment<Runtime>, CheckMetadataHash<Runtime>)>: parity_scale_codec::Decode` is not satisfied
     --> /Users/snow/dev/Allfeat/Allfeat/runtime/harmonie/src/lib.rs:302:26
      |
  302 |         fn finalize_block() -> <Block as sp_runtime::traits::Block>::Header {
      |                                ^^^^^^^^^^^^^^^^^^^^^^^^^^^^^^^^^^^^^^^^^^^^ the trait `parity_scale_codec::Decode` is not implemented for `UncheckedExtrinsic<AccountId20, RuntimeCall, EthereumSignature, (..., ..., ..., ..., ..., ..., ..., ..., ...)>`, which is required by `sp_runtime::generic::Block<sp_runtime::generic::Header<u32, sp_runtime::traits::BlakeTwo256>, fp_self_contained::UncheckedExtrinsic<fp_account::AccountId20, RuntimeCall, fp_account::EthereumSignature, (CheckNonZeroSender<Runtime>, CheckSpecVersion<Runtime>, CheckTxVersion<Runtime>, CheckGenesis<Runtime>, CheckEra<Runtime>, CheckNonce<Runtime>, CheckWeight<Runtime>, ChargeTransactionPayment<Runtime>, CheckMetadataHash<Runtime>)>>: BlockT`
      |
      = help: the trait `parity_scale_codec::Decode` is implemented for `fp_self_contained::UncheckedExtrinsic<Address, Call, Signature, Extra>`
      = note: required for `UncheckedExtrinsic<AccountId20, RuntimeCall, EthereumSignature, (..., ..., ..., ..., ..., ..., ..., ..., ...)>` to implement `parity_scale_codec::Codec`
      = note: the full type name has been written to '/Users/snow/dev/Allfeat/Allfeat/target/debug/wbuild/harmonie-runtime/target/wasm32-unknown-unknown/release/deps/harmonie_runtime-3a5cda8230ca0104.long-type-5157894769791864636.txt'
      = note: required for `Block<Header<u32, BlakeTwo256>, UncheckedExtrinsic<AccountId20, RuntimeCall, EthereumSignature, ...>>` to implement `BlockT`
      = note: the full type name has been written to '/Users/snow/dev/Allfeat/Allfeat/target/debug/wbuild/harmonie-runtime/target/wasm32-unknown-unknown/release/deps/harmonie_runtime-3a5cda8230ca0104.long-type-6691357689991133965.txt'

  error[E0277]: the trait bound `fp_self_contained::UncheckedExtrinsic<fp_account::AccountId20, RuntimeCall, fp_account::EthereumSignature, (CheckNonZeroSender<Runtime>, CheckSpecVersion<Runtime>, CheckTxVersion<Runtime>, CheckGenesis<Runtime>, CheckEra<Runtime>, CheckNonce<Runtime>, CheckWeight<Runtime>, ChargeTransactionPayment<Runtime>, CheckMetadataHash<Runtime>)>: parity_scale_codec::Encode` is not satisfied
     --> /Users/snow/dev/Allfeat/Allfeat/runtime/harmonie/src/lib.rs:302:26
      |
  302 |         fn finalize_block() -> <Block as sp_runtime::traits::Block>::Header {
      |                                ^^^^^^^^^^^^^^^^^^^^^^^^^^^^^^^^^^^^^^^^^^^^ the trait `parity_scale_codec::Encode` is not implemented for `UncheckedExtrinsic<AccountId20, RuntimeCall, EthereumSignature, (..., ..., ..., ..., ..., ..., ..., ..., ...)>`, which is required by `sp_runtime::generic::Block<sp_runtime::generic::Header<u32, sp_runtime::traits::BlakeTwo256>, fp_self_contained::UncheckedExtrinsic<fp_account::AccountId20, RuntimeCall, fp_account::EthereumSignature, (CheckNonZeroSender<Runtime>, CheckSpecVersion<Runtime>, CheckTxVersion<Runtime>, CheckGenesis<Runtime>, CheckEra<Runtime>, CheckNonce<Runtime>, CheckWeight<Runtime>, ChargeTransactionPayment<Runtime>, CheckMetadataHash<Runtime>)>>: BlockT`
      |
      = help: the trait `parity_scale_codec::Encode` is implemented for `fp_self_contained::UncheckedExtrinsic<Address, Call, Signature, Extra>`
      = note: required for `UncheckedExtrinsic<AccountId20, RuntimeCall, EthereumSignature, (..., ..., ..., ..., ..., ..., ..., ..., ...)>` to implement `parity_scale_codec::Codec`
      = note: the full type name has been written to '/Users/snow/dev/Allfeat/Allfeat/target/debug/wbuild/harmonie-runtime/target/wasm32-unknown-unknown/release/deps/harmonie_runtime-3a5cda8230ca0104.long-type-5157894769791864636.txt'
      = note: required for `Block<Header<u32, BlakeTwo256>, UncheckedExtrinsic<AccountId20, RuntimeCall, EthereumSignature, ...>>` to implement `BlockT`
      = note: the full type name has been written to '/Users/snow/dev/Allfeat/Allfeat/target/debug/wbuild/harmonie-runtime/target/wasm32-unknown-unknown/release/deps/harmonie_runtime-3a5cda8230ca0104.long-type-6691357689991133965.txt'

  error[E0277]: the trait bound `Runtime: pallet_session::historical::Config` is not satisfied
     --> /Users/snow/dev/Allfeat/Allfeat/runtime/harmonie/src/lib.rs:302:27
      |
  302 |         fn finalize_block() -> <Block as sp_runtime::traits::Block>::Header {
      |                                 ^^^^^ the trait `pallet_session::historical::Config` is not implemented for `Runtime`, which is required by `RuntimeCall: Sized`
      |
      = note: required for `pallet_session::historical::Pallet<Runtime>` to implement `KeyOwnerProofSystem<(KeyTypeId, sp_consensus_babe::app::Public)>`
  note: required because it appears within the type `pallet_babe::Call<Runtime>`
     --> /Users/snow/.cargo/git/checkouts/polkadot-sdk-cff69157b985ed76/c4314f7/substrate/frame/babe/src/lib.rs:399:12
      |
  399 |     #[pallet::call]
      |               ^^^^
  note: required because it appears within the type `RuntimeCall`
     --> /Users/snow/dev/Allfeat/Allfeat/runtime/harmonie/src/lib.rs:84:1
      |
  84  | #[frame_support::runtime]
      | ^^^^^^^^^^^^^^^^^^^^^^^^^
  note: required by a bound in `fp_self_contained::UncheckedExtrinsic`
     --> /Users/snow/.cargo/git/checkouts/frontier-b4643f17507d3282/2e219e1/primitives/self-contained/src/unchecked_extrinsic.rs:38:40
      |
  38  | pub struct UncheckedExtrinsic<Address, Call, Signature, Extra: SignedExtension>(
      |                                        ^^^^ required by this bound in `UncheckedExtrinsic`
      = note: this error originates in the attribute macro `frame_support::runtime` (in Nightly builds, run with -Z macro-backtrace for more info)

  error[E0277]: the trait bound `fp_self_contained::UncheckedExtrinsic<fp_account::AccountId20, RuntimeCall, fp_account::EthereumSignature, (CheckNonZeroSender<Runtime>, CheckSpecVersion<Runtime>, CheckTxVersion<Runtime>, CheckGenesis<Runtime>, CheckEra<Runtime>, CheckNonce<Runtime>, CheckWeight<Runtime>, ChargeTransactionPayment<Runtime>, CheckMetadataHash<Runtime>)>: parity_scale_codec::Decode` is not satisfied
     --> /Users/snow/dev/Allfeat/Allfeat/runtime/harmonie/src/lib.rs:306:53
      |
  306 |         fn inherent_extrinsics(data: InherentData) -> Vec<<Block as sp_runtime::traits::Block>::Extrinsic> {
      |                                                           ^^^^^^^^^^^^^^^^^^^^^^^^^^^^^^^^^^^^^^^^^^^^^^^ the trait `parity_scale_codec::Decode` is not implemented for `UncheckedExtrinsic<AccountId20, RuntimeCall, EthereumSignature, (..., ..., ..., ..., ..., ..., ..., ..., ...)>`, which is required by `sp_runtime::generic::Block<sp_runtime::generic::Header<u32, sp_runtime::traits::BlakeTwo256>, fp_self_contained::UncheckedExtrinsic<fp_account::AccountId20, RuntimeCall, fp_account::EthereumSignature, (CheckNonZeroSender<Runtime>, CheckSpecVersion<Runtime>, CheckTxVersion<Runtime>, CheckGenesis<Runtime>, CheckEra<Runtime>, CheckNonce<Runtime>, CheckWeight<Runtime>, ChargeTransactionPayment<Runtime>, CheckMetadataHash<Runtime>)>>: BlockT`
      |
      = help: the trait `parity_scale_codec::Decode` is implemented for `fp_self_contained::UncheckedExtrinsic<Address, Call, Signature, Extra>`
      = note: required for `UncheckedExtrinsic<AccountId20, RuntimeCall, EthereumSignature, (..., ..., ..., ..., ..., ..., ..., ..., ...)>` to implement `parity_scale_codec::Codec`
      = note: the full type name has been written to '/Users/snow/dev/Allfeat/Allfeat/target/debug/wbuild/harmonie-runtime/target/wasm32-unknown-unknown/release/deps/harmonie_runtime-3a5cda8230ca0104.long-type-5157894769791864636.txt'
      = note: required for `Block<Header<u32, BlakeTwo256>, UncheckedExtrinsic<AccountId20, RuntimeCall, EthereumSignature, ...>>` to implement `BlockT`
      = note: the full type name has been written to '/Users/snow/dev/Allfeat/Allfeat/target/debug/wbuild/harmonie-runtime/target/wasm32-unknown-unknown/release/deps/harmonie_runtime-3a5cda8230ca0104.long-type-6691357689991133965.txt'

  error[E0277]: the trait bound `fp_self_contained::UncheckedExtrinsic<fp_account::AccountId20, RuntimeCall, fp_account::EthereumSignature, (CheckNonZeroSender<Runtime>, CheckSpecVersion<Runtime>, CheckTxVersion<Runtime>, CheckGenesis<Runtime>, CheckEra<Runtime>, CheckNonce<Runtime>, CheckWeight<Runtime>, ChargeTransactionPayment<Runtime>, CheckMetadataHash<Runtime>)>: parity_scale_codec::Encode` is not satisfied
     --> /Users/snow/dev/Allfeat/Allfeat/runtime/harmonie/src/lib.rs:306:53
      |
  306 |         fn inherent_extrinsics(data: InherentData) -> Vec<<Block as sp_runtime::traits::Block>::Extrinsic> {
      |                                                           ^^^^^^^^^^^^^^^^^^^^^^^^^^^^^^^^^^^^^^^^^^^^^^^ the trait `parity_scale_codec::Encode` is not implemented for `UncheckedExtrinsic<AccountId20, RuntimeCall, EthereumSignature, (..., ..., ..., ..., ..., ..., ..., ..., ...)>`, which is required by `sp_runtime::generic::Block<sp_runtime::generic::Header<u32, sp_runtime::traits::BlakeTwo256>, fp_self_contained::UncheckedExtrinsic<fp_account::AccountId20, RuntimeCall, fp_account::EthereumSignature, (CheckNonZeroSender<Runtime>, CheckSpecVersion<Runtime>, CheckTxVersion<Runtime>, CheckGenesis<Runtime>, CheckEra<Runtime>, CheckNonce<Runtime>, CheckWeight<Runtime>, ChargeTransactionPayment<Runtime>, CheckMetadataHash<Runtime>)>>: BlockT`
      |
      = help: the trait `parity_scale_codec::Encode` is implemented for `fp_self_contained::UncheckedExtrinsic<Address, Call, Signature, Extra>`
      = note: required for `UncheckedExtrinsic<AccountId20, RuntimeCall, EthereumSignature, (..., ..., ..., ..., ..., ..., ..., ..., ...)>` to implement `parity_scale_codec::Codec`
      = note: the full type name has been written to '/Users/snow/dev/Allfeat/Allfeat/target/debug/wbuild/harmonie-runtime/target/wasm32-unknown-unknown/release/deps/harmonie_runtime-3a5cda8230ca0104.long-type-5157894769791864636.txt'
      = note: required for `Block<Header<u32, BlakeTwo256>, UncheckedExtrinsic<AccountId20, RuntimeCall, EthereumSignature, ...>>` to implement `BlockT`
      = note: the full type name has been written to '/Users/snow/dev/Allfeat/Allfeat/target/debug/wbuild/harmonie-runtime/target/wasm32-unknown-unknown/release/deps/harmonie_runtime-3a5cda8230ca0104.long-type-6691357689991133965.txt'

  error[E0277]: the trait bound `Runtime: pallet_session::historical::Config` is not satisfied
     --> /Users/snow/dev/Allfeat/Allfeat/runtime/harmonie/src/lib.rs:306:54
      |
  306 |         fn inherent_extrinsics(data: InherentData) -> Vec<<Block as sp_runtime::traits::Block>::Extrinsic> {
      |                                                            ^^^^^ the trait `pallet_session::historical::Config` is not implemented for `Runtime`, which is required by `RuntimeCall: Sized`
      |
      = note: required for `pallet_session::historical::Pallet<Runtime>` to implement `KeyOwnerProofSystem<(KeyTypeId, sp_consensus_babe::app::Public)>`
  note: required because it appears within the type `pallet_babe::Call<Runtime>`
     --> /Users/snow/.cargo/git/checkouts/polkadot-sdk-cff69157b985ed76/c4314f7/substrate/frame/babe/src/lib.rs:399:12
      |
  399 |     #[pallet::call]
      |               ^^^^
  note: required because it appears within the type `RuntimeCall`
     --> /Users/snow/dev/Allfeat/Allfeat/runtime/harmonie/src/lib.rs:84:1
      |
  84  | #[frame_support::runtime]
      | ^^^^^^^^^^^^^^^^^^^^^^^^^
  note: required by a bound in `fp_self_contained::UncheckedExtrinsic`
     --> /Users/snow/.cargo/git/checkouts/frontier-b4643f17507d3282/2e219e1/primitives/self-contained/src/unchecked_extrinsic.rs:38:40
      |
  38  | pub struct UncheckedExtrinsic<Address, Call, Signature, Extra: SignedExtension>(
      |                                        ^^^^ required by this bound in `UncheckedExtrinsic`
      = note: this error originates in the attribute macro `frame_support::runtime` (in Nightly builds, run with -Z macro-backtrace for more info)

  error[E0277]: the trait bound `Runtime: pallet_session::historical::Config` is not satisfied
     --> /Users/snow/dev/Allfeat/Allfeat/runtime/harmonie/src/lib.rs:310:29
      |
  310 |         fn check_inherents(block: Block, data: InherentData) -> sp_inherents::CheckInherentsResult {
      |                                   ^^^^^ the trait `pallet_session::historical::Config` is not implemented for `Runtime`, which is required by `RuntimeCall: Sized`
      |
      = note: required for `pallet_session::historical::Pallet<Runtime>` to implement `KeyOwnerProofSystem<(KeyTypeId, sp_consensus_babe::app::Public)>`
  note: required because it appears within the type `pallet_babe::Call<Runtime>`
     --> /Users/snow/.cargo/git/checkouts/polkadot-sdk-cff69157b985ed76/c4314f7/substrate/frame/babe/src/lib.rs:399:12
      |
  399 |     #[pallet::call]
      |               ^^^^
  note: required because it appears within the type `RuntimeCall`
     --> /Users/snow/dev/Allfeat/Allfeat/runtime/harmonie/src/lib.rs:84:1
      |
  84  | #[frame_support::runtime]
      | ^^^^^^^^^^^^^^^^^^^^^^^^^
  note: required by a bound in `fp_self_contained::UncheckedExtrinsic`
     --> /Users/snow/.cargo/git/checkouts/frontier-b4643f17507d3282/2e219e1/primitives/self-contained/src/unchecked_extrinsic.rs:38:40
      |
  38  | pub struct UncheckedExtrinsic<Address, Call, Signature, Extra: SignedExtension>(
      |                                        ^^^^ required by this bound in `UncheckedExtrinsic`
      = note: this error originates in the attribute macro `frame_support::runtime` (in Nightly builds, run with -Z macro-backtrace for more info)

  error[E0277]: the trait bound `fp_self_contained::UncheckedExtrinsic<fp_account::AccountId20, RuntimeCall, fp_account::EthereumSignature, (CheckNonZeroSender<Runtime>, CheckSpecVersion<Runtime>, CheckTxVersion<Runtime>, CheckGenesis<Runtime>, CheckEra<Runtime>, CheckNonce<Runtime>, CheckWeight<Runtime>, ChargeTransactionPayment<Runtime>, CheckMetadataHash<Runtime>)>: parity_scale_codec::Decode` is not satisfied
     --> /Users/snow/dev/Allfeat/Allfeat/runtime/harmonie/src/lib.rs:318:8
      |
  318 |             tx: <Block as sp_runtime::traits::Block>::Extrinsic,
      |                 ^^^^^^^^^^^^^^^^^^^^^^^^^^^^^^^^^^^^^^^^^^^^^^^ the trait `parity_scale_codec::Decode` is not implemented for `UncheckedExtrinsic<AccountId20, RuntimeCall, EthereumSignature, (..., ..., ..., ..., ..., ..., ..., ..., ...)>`, which is required by `sp_runtime::generic::Block<sp_runtime::generic::Header<u32, sp_runtime::traits::BlakeTwo256>, fp_self_contained::UncheckedExtrinsic<fp_account::AccountId20, RuntimeCall, fp_account::EthereumSignature, (CheckNonZeroSender<Runtime>, CheckSpecVersion<Runtime>, CheckTxVersion<Runtime>, CheckGenesis<Runtime>, CheckEra<Runtime>, CheckNonce<Runtime>, CheckWeight<Runtime>, ChargeTransactionPayment<Runtime>, CheckMetadataHash<Runtime>)>>: BlockT`
      |
      = help: the trait `parity_scale_codec::Decode` is implemented for `fp_self_contained::UncheckedExtrinsic<Address, Call, Signature, Extra>`
      = note: required for `UncheckedExtrinsic<AccountId20, RuntimeCall, EthereumSignature, (..., ..., ..., ..., ..., ..., ..., ..., ...)>` to implement `parity_scale_codec::Codec`
      = note: the full type name has been written to '/Users/snow/dev/Allfeat/Allfeat/target/debug/wbuild/harmonie-runtime/target/wasm32-unknown-unknown/release/deps/harmonie_runtime-3a5cda8230ca0104.long-type-5157894769791864636.txt'
      = note: required for `Block<Header<u32, BlakeTwo256>, UncheckedExtrinsic<AccountId20, RuntimeCall, EthereumSignature, ...>>` to implement `BlockT`
      = note: the full type name has been written to '/Users/snow/dev/Allfeat/Allfeat/target/debug/wbuild/harmonie-runtime/target/wasm32-unknown-unknown/release/deps/harmonie_runtime-3a5cda8230ca0104.long-type-6691357689991133965.txt'

  error[E0277]: the trait bound `fp_self_contained::UncheckedExtrinsic<fp_account::AccountId20, RuntimeCall, fp_account::EthereumSignature, (CheckNonZeroSender<Runtime>, CheckSpecVersion<Runtime>, CheckTxVersion<Runtime>, CheckGenesis<Runtime>, CheckEra<Runtime>, CheckNonce<Runtime>, CheckWeight<Runtime>, ChargeTransactionPayment<Runtime>, CheckMetadataHash<Runtime>)>: parity_scale_codec::Encode` is not satisfied
     --> /Users/snow/dev/Allfeat/Allfeat/runtime/harmonie/src/lib.rs:318:8
      |
  318 |             tx: <Block as sp_runtime::traits::Block>::Extrinsic,
      |                 ^^^^^^^^^^^^^^^^^^^^^^^^^^^^^^^^^^^^^^^^^^^^^^^ the trait `parity_scale_codec::Encode` is not implemented for `UncheckedExtrinsic<AccountId20, RuntimeCall, EthereumSignature, (..., ..., ..., ..., ..., ..., ..., ..., ...)>`, which is required by `sp_runtime::generic::Block<sp_runtime::generic::Header<u32, sp_runtime::traits::BlakeTwo256>, fp_self_contained::UncheckedExtrinsic<fp_account::AccountId20, RuntimeCall, fp_account::EthereumSignature, (CheckNonZeroSender<Runtime>, CheckSpecVersion<Runtime>, CheckTxVersion<Runtime>, CheckGenesis<Runtime>, CheckEra<Runtime>, CheckNonce<Runtime>, CheckWeight<Runtime>, ChargeTransactionPayment<Runtime>, CheckMetadataHash<Runtime>)>>: BlockT`
      |
      = help: the trait `parity_scale_codec::Encode` is implemented for `fp_self_contained::UncheckedExtrinsic<Address, Call, Signature, Extra>`
      = note: required for `UncheckedExtrinsic<AccountId20, RuntimeCall, EthereumSignature, (..., ..., ..., ..., ..., ..., ..., ..., ...)>` to implement `parity_scale_codec::Codec`
      = note: the full type name has been written to '/Users/snow/dev/Allfeat/Allfeat/target/debug/wbuild/harmonie-runtime/target/wasm32-unknown-unknown/release/deps/harmonie_runtime-3a5cda8230ca0104.long-type-5157894769791864636.txt'
      = note: required for `Block<Header<u32, BlakeTwo256>, UncheckedExtrinsic<AccountId20, RuntimeCall, EthereumSignature, ...>>` to implement `BlockT`
      = note: the full type name has been written to '/Users/snow/dev/Allfeat/Allfeat/target/debug/wbuild/harmonie-runtime/target/wasm32-unknown-unknown/release/deps/harmonie_runtime-3a5cda8230ca0104.long-type-6691357689991133965.txt'

  error[E0277]: the trait bound `Runtime: pallet_session::historical::Config` is not satisfied
     --> /Users/snow/dev/Allfeat/Allfeat/runtime/harmonie/src/lib.rs:318:9
      |
  318 |             tx: <Block as sp_runtime::traits::Block>::Extrinsic,
      |                  ^^^^^ the trait `pallet_session::historical::Config` is not implemented for `Runtime`, which is required by `RuntimeCall: Sized`
      |
      = note: required for `pallet_session::historical::Pallet<Runtime>` to implement `KeyOwnerProofSystem<(KeyTypeId, sp_consensus_babe::app::Public)>`
  note: required because it appears within the type `pallet_babe::Call<Runtime>`
     --> /Users/snow/.cargo/git/checkouts/polkadot-sdk-cff69157b985ed76/c4314f7/substrate/frame/babe/src/lib.rs:399:12
      |
  399 |     #[pallet::call]
      |               ^^^^
  note: required because it appears within the type `RuntimeCall`
     --> /Users/snow/dev/Allfeat/Allfeat/runtime/harmonie/src/lib.rs:84:1
      |
  84  | #[frame_support::runtime]
      | ^^^^^^^^^^^^^^^^^^^^^^^^^
  note: required by a bound in `fp_self_contained::UncheckedExtrinsic`
     --> /Users/snow/.cargo/git/checkouts/frontier-b4643f17507d3282/2e219e1/primitives/self-contained/src/unchecked_extrinsic.rs:38:40
      |
  38  | pub struct UncheckedExtrinsic<Address, Call, Signature, Extra: SignedExtension>(
      |                                        ^^^^ required by this bound in `UncheckedExtrinsic`
      = note: this error originates in the attribute macro `frame_support::runtime` (in Nightly builds, run with -Z macro-backtrace for more info)

  error[E0277]: the trait bound `fp_self_contained::UncheckedExtrinsic<fp_account::AccountId20, RuntimeCall, fp_account::EthereumSignature, (CheckNonZeroSender<Runtime>, CheckSpecVersion<Runtime>, CheckTxVersion<Runtime>, CheckGenesis<Runtime>, CheckEra<Runtime>, CheckNonce<Runtime>, CheckWeight<Runtime>, ChargeTransactionPayment<Runtime>, CheckMetadataHash<Runtime>)>: parity_scale_codec::Decode` is not satisfied
     --> /Users/snow/dev/Allfeat/Allfeat/runtime/harmonie/src/lib.rs:319:16
      |
  319 |             block_hash: <Block as sp_runtime::traits::Block>::Hash,
      |                         ^^^^^^^^^^^^^^^^^^^^^^^^^^^^^^^^^^^^^^^^^^ the trait `parity_scale_codec::Decode` is not implemented for `UncheckedExtrinsic<AccountId20, RuntimeCall, EthereumSignature, (..., ..., ..., ..., ..., ..., ..., ..., ...)>`, which is required by `sp_runtime::generic::Block<sp_runtime::generic::Header<u32, sp_runtime::traits::BlakeTwo256>, fp_self_contained::UncheckedExtrinsic<fp_account::AccountId20, RuntimeCall, fp_account::EthereumSignature, (CheckNonZeroSender<Runtime>, CheckSpecVersion<Runtime>, CheckTxVersion<Runtime>, CheckGenesis<Runtime>, CheckEra<Runtime>, CheckNonce<Runtime>, CheckWeight<Runtime>, ChargeTransactionPayment<Runtime>, CheckMetadataHash<Runtime>)>>: BlockT`
      |
      = help: the trait `parity_scale_codec::Decode` is implemented for `fp_self_contained::UncheckedExtrinsic<Address, Call, Signature, Extra>`
      = note: required for `UncheckedExtrinsic<AccountId20, RuntimeCall, EthereumSignature, (..., ..., ..., ..., ..., ..., ..., ..., ...)>` to implement `parity_scale_codec::Codec`
      = note: the full type name has been written to '/Users/snow/dev/Allfeat/Allfeat/target/debug/wbuild/harmonie-runtime/target/wasm32-unknown-unknown/release/deps/harmonie_runtime-3a5cda8230ca0104.long-type-5157894769791864636.txt'
      = note: required for `Block<Header<u32, BlakeTwo256>, UncheckedExtrinsic<AccountId20, RuntimeCall, EthereumSignature, ...>>` to implement `BlockT`
      = note: the full type name has been written to '/Users/snow/dev/Allfeat/Allfeat/target/debug/wbuild/harmonie-runtime/target/wasm32-unknown-unknown/release/deps/harmonie_runtime-3a5cda8230ca0104.long-type-6691357689991133965.txt'

  error[E0277]: the trait bound `fp_self_contained::UncheckedExtrinsic<fp_account::AccountId20, RuntimeCall, fp_account::EthereumSignature, (CheckNonZeroSender<Runtime>, CheckSpecVersion<Runtime>, CheckTxVersion<Runtime>, CheckGenesis<Runtime>, CheckEra<Runtime>, CheckNonce<Runtime>, CheckWeight<Runtime>, ChargeTransactionPayment<Runtime>, CheckMetadataHash<Runtime>)>: parity_scale_codec::Encode` is not satisfied
     --> /Users/snow/dev/Allfeat/Allfeat/runtime/harmonie/src/lib.rs:319:16
      |
  319 |             block_hash: <Block as sp_runtime::traits::Block>::Hash,
      |                         ^^^^^^^^^^^^^^^^^^^^^^^^^^^^^^^^^^^^^^^^^^ the trait `parity_scale_codec::Encode` is not implemented for `UncheckedExtrinsic<AccountId20, RuntimeCall, EthereumSignature, (..., ..., ..., ..., ..., ..., ..., ..., ...)>`, which is required by `sp_runtime::generic::Block<sp_runtime::generic::Header<u32, sp_runtime::traits::BlakeTwo256>, fp_self_contained::UncheckedExtrinsic<fp_account::AccountId20, RuntimeCall, fp_account::EthereumSignature, (CheckNonZeroSender<Runtime>, CheckSpecVersion<Runtime>, CheckTxVersion<Runtime>, CheckGenesis<Runtime>, CheckEra<Runtime>, CheckNonce<Runtime>, CheckWeight<Runtime>, ChargeTransactionPayment<Runtime>, CheckMetadataHash<Runtime>)>>: BlockT`
      |
      = help: the trait `parity_scale_codec::Encode` is implemented for `fp_self_contained::UncheckedExtrinsic<Address, Call, Signature, Extra>`
      = note: required for `UncheckedExtrinsic<AccountId20, RuntimeCall, EthereumSignature, (..., ..., ..., ..., ..., ..., ..., ..., ...)>` to implement `parity_scale_codec::Codec`
      = note: the full type name has been written to '/Users/snow/dev/Allfeat/Allfeat/target/debug/wbuild/harmonie-runtime/target/wasm32-unknown-unknown/release/deps/harmonie_runtime-3a5cda8230ca0104.long-type-5157894769791864636.txt'
      = note: required for `Block<Header<u32, BlakeTwo256>, UncheckedExtrinsic<AccountId20, RuntimeCall, EthereumSignature, ...>>` to implement `BlockT`
      = note: the full type name has been written to '/Users/snow/dev/Allfeat/Allfeat/target/debug/wbuild/harmonie-runtime/target/wasm32-unknown-unknown/release/deps/harmonie_runtime-3a5cda8230ca0104.long-type-6691357689991133965.txt'

  error[E0277]: the trait bound `fp_self_contained::UncheckedExtrinsic<fp_account::AccountId20, RuntimeCall, fp_account::EthereumSignature, (CheckNonZeroSender<Runtime>, CheckSpecVersion<Runtime>, CheckTxVersion<Runtime>, CheckGenesis<Runtime>, CheckEra<Runtime>, CheckNonce<Runtime>, CheckWeight<Runtime>, ChargeTransactionPayment<Runtime>, CheckMetadataHash<Runtime>)>: parity_scale_codec::Decode` is not satisfied
     --> /Users/snow/dev/Allfeat/Allfeat/runtime/harmonie/src/lib.rs:326:31
      |
  326 |         fn offchain_worker(header: &<Block as sp_runtime::traits::Block>::Header) {
      |                                     ^^^^^^^^^^^^^^^^^^^^^^^^^^^^^^^^^^^^^^^^^^^^ the trait `parity_scale_codec::Decode` is not implemented for `UncheckedExtrinsic<AccountId20, RuntimeCall, EthereumSignature, (..., ..., ..., ..., ..., ..., ..., ..., ...)>`, which is required by `sp_runtime::generic::Block<sp_runtime::generic::Header<u32, sp_runtime::traits::BlakeTwo256>, fp_self_contained::UncheckedExtrinsic<fp_account::AccountId20, RuntimeCall, fp_account::EthereumSignature, (CheckNonZeroSender<Runtime>, CheckSpecVersion<Runtime>, CheckTxVersion<Runtime>, CheckGenesis<Runtime>, CheckEra<Runtime>, CheckNonce<Runtime>, CheckWeight<Runtime>, ChargeTransactionPayment<Runtime>, CheckMetadataHash<Runtime>)>>: BlockT`
      |
      = help: the trait `parity_scale_codec::Decode` is implemented for `fp_self_contained::UncheckedExtrinsic<Address, Call, Signature, Extra>`
      = note: required for `UncheckedExtrinsic<AccountId20, RuntimeCall, EthereumSignature, (..., ..., ..., ..., ..., ..., ..., ..., ...)>` to implement `parity_scale_codec::Codec`
      = note: the full type name has been written to '/Users/snow/dev/Allfeat/Allfeat/target/debug/wbuild/harmonie-runtime/target/wasm32-unknown-unknown/release/deps/harmonie_runtime-3a5cda8230ca0104.long-type-5157894769791864636.txt'
      = note: required for `Block<Header<u32, BlakeTwo256>, UncheckedExtrinsic<AccountId20, RuntimeCall, EthereumSignature, ...>>` to implement `BlockT`
      = note: the full type name has been written to '/Users/snow/dev/Allfeat/Allfeat/target/debug/wbuild/harmonie-runtime/target/wasm32-unknown-unknown/release/deps/harmonie_runtime-3a5cda8230ca0104.long-type-6691357689991133965.txt'

  error[E0277]: the trait bound `fp_self_contained::UncheckedExtrinsic<fp_account::AccountId20, RuntimeCall, fp_account::EthereumSignature, (CheckNonZeroSender<Runtime>, CheckSpecVersion<Runtime>, CheckTxVersion<Runtime>, CheckGenesis<Runtime>, CheckEra<Runtime>, CheckNonce<Runtime>, CheckWeight<Runtime>, ChargeTransactionPayment<Runtime>, CheckMetadataHash<Runtime>)>: parity_scale_codec::Encode` is not satisfied
     --> /Users/snow/dev/Allfeat/Allfeat/runtime/harmonie/src/lib.rs:326:31
      |
  326 |         fn offchain_worker(header: &<Block as sp_runtime::traits::Block>::Header) {
      |                                     ^^^^^^^^^^^^^^^^^^^^^^^^^^^^^^^^^^^^^^^^^^^^ the trait `parity_scale_codec::Encode` is not implemented for `UncheckedExtrinsic<AccountId20, RuntimeCall, EthereumSignature, (..., ..., ..., ..., ..., ..., ..., ..., ...)>`, which is required by `sp_runtime::generic::Block<sp_runtime::generic::Header<u32, sp_runtime::traits::BlakeTwo256>, fp_self_contained::UncheckedExtrinsic<fp_account::AccountId20, RuntimeCall, fp_account::EthereumSignature, (CheckNonZeroSender<Runtime>, CheckSpecVersion<Runtime>, CheckTxVersion<Runtime>, CheckGenesis<Runtime>, CheckEra<Runtime>, CheckNonce<Runtime>, CheckWeight<Runtime>, ChargeTransactionPayment<Runtime>, CheckMetadataHash<Runtime>)>>: BlockT`
      |
      = help: the trait `parity_scale_codec::Encode` is implemented for `fp_self_contained::UncheckedExtrinsic<Address, Call, Signature, Extra>`
      = note: required for `UncheckedExtrinsic<AccountId20, RuntimeCall, EthereumSignature, (..., ..., ..., ..., ..., ..., ..., ..., ...)>` to implement `parity_scale_codec::Codec`
      = note: the full type name has been written to '/Users/snow/dev/Allfeat/Allfeat/target/debug/wbuild/harmonie-runtime/target/wasm32-unknown-unknown/release/deps/harmonie_runtime-3a5cda8230ca0104.long-type-5157894769791864636.txt'
      = note: required for `Block<Header<u32, BlakeTwo256>, UncheckedExtrinsic<AccountId20, RuntimeCall, EthereumSignature, ...>>` to implement `BlockT`
      = note: the full type name has been written to '/Users/snow/dev/Allfeat/Allfeat/target/debug/wbuild/harmonie-runtime/target/wasm32-unknown-unknown/release/deps/harmonie_runtime-3a5cda8230ca0104.long-type-6691357689991133965.txt'

  error[E0277]: the trait bound `Runtime: pallet_session::historical::Config` is not satisfied
     --> /Users/snow/dev/Allfeat/Allfeat/runtime/harmonie/src/lib.rs:326:32
      |
  326 |         fn offchain_worker(header: &<Block as sp_runtime::traits::Block>::Header) {
      |                                      ^^^^^ the trait `pallet_session::historical::Config` is not implemented for `Runtime`, which is required by `RuntimeCall: Sized`
      |
      = note: required for `pallet_session::historical::Pallet<Runtime>` to implement `KeyOwnerProofSystem<(KeyTypeId, sp_consensus_babe::app::Public)>`
  note: required because it appears within the type `pallet_babe::Call<Runtime>`
     --> /Users/snow/.cargo/git/checkouts/polkadot-sdk-cff69157b985ed76/c4314f7/substrate/frame/babe/src/lib.rs:399:12
      |
  399 |     #[pallet::call]
      |               ^^^^
  note: required because it appears within the type `RuntimeCall`
     --> /Users/snow/dev/Allfeat/Allfeat/runtime/harmonie/src/lib.rs:84:1
      |
  84  | #[frame_support::runtime]
      | ^^^^^^^^^^^^^^^^^^^^^^^^^
  note: required by a bound in `fp_self_contained::UncheckedExtrinsic`
     --> /Users/snow/.cargo/git/checkouts/frontier-b4643f17507d3282/2e219e1/primitives/self-contained/src/unchecked_extrinsic.rs:38:40
      |
  38  | pub struct UncheckedExtrinsic<Address, Call, Signature, Extra: SignedExtension>(
      |                                        ^^^^ required by this bound in `UncheckedExtrinsic`
      = note: this error originates in the attribute macro `frame_support::runtime` (in Nightly builds, run with -Z macro-backtrace for more info)

  error[E0277]: the trait bound `fp_self_contained::UncheckedExtrinsic<fp_account::AccountId20, RuntimeCall, fp_account::EthereumSignature, (CheckNonZeroSender<Runtime>, CheckSpecVersion<Runtime>, CheckTxVersion<Runtime>, CheckGenesis<Runtime>, CheckEra<Runtime>, CheckNonce<Runtime>, CheckWeight<Runtime>, ChargeTransactionPayment<Runtime>, CheckMetadataHash<Runtime>)>: parity_scale_codec::Decode` is not satisfied
     --> /Users/snow/dev/Allfeat/Allfeat/runtime/harmonie/src/lib.rs:343:5
      |
  343 |                 sp_runtime::traits::NumberFor<Block>,
      |                 ^^^^^^^^^^^^^^^^^^^^^^^^^^^^^^^^^^^^ the trait `parity_scale_codec::Decode` is not implemented for `UncheckedExtrinsic<AccountId20, RuntimeCall, EthereumSignature, (..., ..., ..., ..., ..., ..., ..., ..., ...)>`, which is required by `sp_runtime::generic::Block<sp_runtime::generic::Header<u32, sp_runtime::traits::BlakeTwo256>, fp_self_contained::UncheckedExtrinsic<fp_account::AccountId20, RuntimeCall, fp_account::EthereumSignature, (CheckNonZeroSender<Runtime>, CheckSpecVersion<Runtime>, CheckTxVersion<Runtime>, CheckGenesis<Runtime>, CheckEra<Runtime>, CheckNonce<Runtime>, CheckWeight<Runtime>, ChargeTransactionPayment<Runtime>, CheckMetadataHash<Runtime>)>>: BlockT`
      |
      = help: the trait `parity_scale_codec::Decode` is implemented for `fp_self_contained::UncheckedExtrinsic<Address, Call, Signature, Extra>`
      = note: required for `UncheckedExtrinsic<AccountId20, RuntimeCall, EthereumSignature, (..., ..., ..., ..., ..., ..., ..., ..., ...)>` to implement `parity_scale_codec::Codec`
      = note: the full type name has been written to '/Users/snow/dev/Allfeat/Allfeat/target/debug/wbuild/harmonie-runtime/target/wasm32-unknown-unknown/release/deps/harmonie_runtime-3a5cda8230ca0104.long-type-5157894769791864636.txt'
      = note: required for `Block<Header<u32, BlakeTwo256>, UncheckedExtrinsic<AccountId20, RuntimeCall, EthereumSignature, ...>>` to implement `BlockT`
      = note: the full type name has been written to '/Users/snow/dev/Allfeat/Allfeat/target/debug/wbuild/harmonie-runtime/target/wasm32-unknown-unknown/release/deps/harmonie_runtime-3a5cda8230ca0104.long-type-6691357689991133965.txt'

  error[E0277]: the trait bound `fp_self_contained::UncheckedExtrinsic<fp_account::AccountId20, RuntimeCall, fp_account::EthereumSignature, (CheckNonZeroSender<Runtime>, CheckSpecVersion<Runtime>, CheckTxVersion<Runtime>, CheckGenesis<Runtime>, CheckEra<Runtime>, CheckNonce<Runtime>, CheckWeight<Runtime>, ChargeTransactionPayment<Runtime>, CheckMetadataHash<Runtime>)>: parity_scale_codec::Encode` is not satisfied
     --> /Users/snow/dev/Allfeat/Allfeat/runtime/harmonie/src/lib.rs:343:5
      |
  343 |                 sp_runtime::traits::NumberFor<Block>,
      |                 ^^^^^^^^^^^^^^^^^^^^^^^^^^^^^^^^^^^^ the trait `parity_scale_codec::Encode` is not implemented for `UncheckedExtrinsic<AccountId20, RuntimeCall, EthereumSignature, (..., ..., ..., ..., ..., ..., ..., ..., ...)>`, which is required by `sp_runtime::generic::Block<sp_runtime::generic::Header<u32, sp_runtime::traits::BlakeTwo256>, fp_self_contained::UncheckedExtrinsic<fp_account::AccountId20, RuntimeCall, fp_account::EthereumSignature, (CheckNonZeroSender<Runtime>, CheckSpecVersion<Runtime>, CheckTxVersion<Runtime>, CheckGenesis<Runtime>, CheckEra<Runtime>, CheckNonce<Runtime>, CheckWeight<Runtime>, ChargeTransactionPayment<Runtime>, CheckMetadataHash<Runtime>)>>: BlockT`
      |
      = help: the trait `parity_scale_codec::Encode` is implemented for `fp_self_contained::UncheckedExtrinsic<Address, Call, Signature, Extra>`
      = note: required for `UncheckedExtrinsic<AccountId20, RuntimeCall, EthereumSignature, (..., ..., ..., ..., ..., ..., ..., ..., ...)>` to implement `parity_scale_codec::Codec`
      = note: the full type name has been written to '/Users/snow/dev/Allfeat/Allfeat/target/debug/wbuild/harmonie-runtime/target/wasm32-unknown-unknown/release/deps/harmonie_runtime-3a5cda8230ca0104.long-type-5157894769791864636.txt'
      = note: required for `Block<Header<u32, BlakeTwo256>, UncheckedExtrinsic<AccountId20, RuntimeCall, EthereumSignature, ...>>` to implement `BlockT`
      = note: the full type name has been written to '/Users/snow/dev/Allfeat/Allfeat/target/debug/wbuild/harmonie-runtime/target/wasm32-unknown-unknown/release/deps/harmonie_runtime-3a5cda8230ca0104.long-type-6691357689991133965.txt'

  error[E0277]: the trait bound `Runtime: pallet_session::historical::Config` is not satisfied
     --> /Users/snow/dev/Allfeat/Allfeat/runtime/harmonie/src/lib.rs:343:35
      |
  343 |                 sp_runtime::traits::NumberFor<Block>,
      |                                               ^^^^^ the trait `pallet_session::historical::Config` is not implemented for `Runtime`, which is required by `RuntimeCall: Sized`
      |
      = note: required for `pallet_session::historical::Pallet<Runtime>` to implement `KeyOwnerProofSystem<(KeyTypeId, sp_consensus_babe::app::Public)>`
  note: required because it appears within the type `pallet_babe::Call<Runtime>`
     --> /Users/snow/.cargo/git/checkouts/polkadot-sdk-cff69157b985ed76/c4314f7/substrate/frame/babe/src/lib.rs:399:12
      |
  399 |     #[pallet::call]
      |               ^^^^
  note: required because it appears within the type `RuntimeCall`
     --> /Users/snow/dev/Allfeat/Allfeat/runtime/harmonie/src/lib.rs:84:1
      |
  84  | #[frame_support::runtime]
      | ^^^^^^^^^^^^^^^^^^^^^^^^^
  note: required by a bound in `fp_self_contained::UncheckedExtrinsic`
     --> /Users/snow/.cargo/git/checkouts/frontier-b4643f17507d3282/2e219e1/primitives/self-contained/src/unchecked_extrinsic.rs:38:40
      |
  38  | pub struct UncheckedExtrinsic<Address, Call, Signature, Extra: SignedExtension>(
      |                                        ^^^^ required by this bound in `UncheckedExtrinsic`
      = note: this error originates in the attribute macro `frame_support::runtime` (in Nightly builds, run with -Z macro-backtrace for more info)

  error[E0277]: the trait bound `fp_self_contained::UncheckedExtrinsic<fp_account::AccountId20, RuntimeCall, fp_account::EthereumSignature, (CheckNonZeroSender<Runtime>, CheckSpecVersion<Runtime>, CheckTxVersion<Runtime>, CheckGenesis<Runtime>, CheckEra<Runtime>, CheckNonce<Runtime>, CheckWeight<Runtime>, ChargeTransactionPayment<Runtime>, CheckMetadataHash<Runtime>)>: parity_scale_codec::Decode` is not satisfied
     --> /Users/snow/dev/Allfeat/Allfeat/runtime/harmonie/src/lib.rs:409:61
      |
  409 |             equivocation_proof: sp_consensus_babe::EquivocationProof<<Block as sp_runtime::traits::Block>::Header>,
      |                                                                      ^^^^^^^^^^^^^^^^^^^^^^^^^^^^^^^^^^^^^^^^^^^^ the trait `parity_scale_codec::Decode` is not implemented for `UncheckedExtrinsic<AccountId20, RuntimeCall, EthereumSignature, (..., ..., ..., ..., ..., ..., ..., ..., ...)>`, which is required by `sp_runtime::generic::Block<sp_runtime::generic::Header<u32, sp_runtime::traits::BlakeTwo256>, fp_self_contained::UncheckedExtrinsic<fp_account::AccountId20, RuntimeCall, fp_account::EthereumSignature, (CheckNonZeroSender<Runtime>, CheckSpecVersion<Runtime>, CheckTxVersion<Runtime>, CheckGenesis<Runtime>, CheckEra<Runtime>, CheckNonce<Runtime>, CheckWeight<Runtime>, ChargeTransactionPayment<Runtime>, CheckMetadataHash<Runtime>)>>: BlockT`
      |
      = help: the trait `parity_scale_codec::Decode` is implemented for `fp_self_contained::UncheckedExtrinsic<Address, Call, Signature, Extra>`
      = note: required for `UncheckedExtrinsic<AccountId20, RuntimeCall, EthereumSignature, (..., ..., ..., ..., ..., ..., ..., ..., ...)>` to implement `parity_scale_codec::Codec`
      = note: the full type name has been written to '/Users/snow/dev/Allfeat/Allfeat/target/debug/wbuild/harmonie-runtime/target/wasm32-unknown-unknown/release/deps/harmonie_runtime-3a5cda8230ca0104.long-type-5157894769791864636.txt'
      = note: required for `Block<Header<u32, BlakeTwo256>, UncheckedExtrinsic<AccountId20, RuntimeCall, EthereumSignature, ...>>` to implement `BlockT`
      = note: the full type name has been written to '/Users/snow/dev/Allfeat/Allfeat/target/debug/wbuild/harmonie-runtime/target/wasm32-unknown-unknown/release/deps/harmonie_runtime-3a5cda8230ca0104.long-type-6691357689991133965.txt'

  error[E0277]: the trait bound `fp_self_contained::UncheckedExtrinsic<fp_account::AccountId20, RuntimeCall, fp_account::EthereumSignature, (CheckNonZeroSender<Runtime>, CheckSpecVersion<Runtime>, CheckTxVersion<Runtime>, CheckGenesis<Runtime>, CheckEra<Runtime>, CheckNonce<Runtime>, CheckWeight<Runtime>, ChargeTransactionPayment<Runtime>, CheckMetadataHash<Runtime>)>: parity_scale_codec::Encode` is not satisfied
     --> /Users/snow/dev/Allfeat/Allfeat/runtime/harmonie/src/lib.rs:409:61
      |
  409 |             equivocation_proof: sp_consensus_babe::EquivocationProof<<Block as sp_runtime::traits::Block>::Header>,
      |                                                                      ^^^^^^^^^^^^^^^^^^^^^^^^^^^^^^^^^^^^^^^^^^^^ the trait `parity_scale_codec::Encode` is not implemented for `UncheckedExtrinsic<AccountId20, RuntimeCall, EthereumSignature, (..., ..., ..., ..., ..., ..., ..., ..., ...)>`, which is required by `sp_runtime::generic::Block<sp_runtime::generic::Header<u32, sp_runtime::traits::BlakeTwo256>, fp_self_contained::UncheckedExtrinsic<fp_account::AccountId20, RuntimeCall, fp_account::EthereumSignature, (CheckNonZeroSender<Runtime>, CheckSpecVersion<Runtime>, CheckTxVersion<Runtime>, CheckGenesis<Runtime>, CheckEra<Runtime>, CheckNonce<Runtime>, CheckWeight<Runtime>, ChargeTransactionPayment<Runtime>, CheckMetadataHash<Runtime>)>>: BlockT`
      |
      = help: the trait `parity_scale_codec::Encode` is implemented for `fp_self_contained::UncheckedExtrinsic<Address, Call, Signature, Extra>`
      = note: required for `UncheckedExtrinsic<AccountId20, RuntimeCall, EthereumSignature, (..., ..., ..., ..., ..., ..., ..., ..., ...)>` to implement `parity_scale_codec::Codec`
      = note: the full type name has been written to '/Users/snow/dev/Allfeat/Allfeat/target/debug/wbuild/harmonie-runtime/target/wasm32-unknown-unknown/release/deps/harmonie_runtime-3a5cda8230ca0104.long-type-5157894769791864636.txt'
      = note: required for `Block<Header<u32, BlakeTwo256>, UncheckedExtrinsic<AccountId20, RuntimeCall, EthereumSignature, ...>>` to implement `BlockT`
      = note: the full type name has been written to '/Users/snow/dev/Allfeat/Allfeat/target/debug/wbuild/harmonie-runtime/target/wasm32-unknown-unknown/release/deps/harmonie_runtime-3a5cda8230ca0104.long-type-6691357689991133965.txt'

  error[E0277]: the trait bound `Runtime: pallet_session::historical::Config` is not satisfied
     --> /Users/snow/dev/Allfeat/Allfeat/runtime/harmonie/src/lib.rs:409:62
      |
  409 |             equivocation_proof: sp_consensus_babe::EquivocationProof<<Block as sp_runtime::traits::Block>::Header>,
      |                                                                       ^^^^^ the trait `pallet_session::historical::Config` is not implemented for `Runtime`, which is required by `RuntimeCall: Sized`
      |
      = note: required for `pallet_session::historical::Pallet<Runtime>` to implement `KeyOwnerProofSystem<(KeyTypeId, sp_consensus_babe::app::Public)>`
  note: required because it appears within the type `pallet_babe::Call<Runtime>`
     --> /Users/snow/.cargo/git/checkouts/polkadot-sdk-cff69157b985ed76/c4314f7/substrate/frame/babe/src/lib.rs:399:12
      |
  399 |     #[pallet::call]
      |               ^^^^
  note: required because it appears within the type `RuntimeCall`
     --> /Users/snow/dev/Allfeat/Allfeat/runtime/harmonie/src/lib.rs:84:1
      |
  84  | #[frame_support::runtime]
      | ^^^^^^^^^^^^^^^^^^^^^^^^^
  note: required by a bound in `fp_self_contained::UncheckedExtrinsic`
     --> /Users/snow/.cargo/git/checkouts/frontier-b4643f17507d3282/2e219e1/primitives/self-contained/src/unchecked_extrinsic.rs:38:40
      |
  38  | pub struct UncheckedExtrinsic<Address, Call, Signature, Extra: SignedExtension>(
      |                                        ^^^^ required by this bound in `UncheckedExtrinsic`
      = note: this error originates in the attribute macro `frame_support::runtime` (in Nightly builds, run with -Z macro-backtrace for more info)

  error[E0277]: the trait bound `fp_self_contained::UncheckedExtrinsic<fp_account::AccountId20, RuntimeCall, fp_account::EthereumSignature, (CheckNonZeroSender<Runtime>, CheckSpecVersion<Runtime>, CheckTxVersion<Runtime>, CheckGenesis<Runtime>, CheckEra<Runtime>, CheckNonce<Runtime>, CheckWeight<Runtime>, ChargeTransactionPayment<Runtime>, CheckMetadataHash<Runtime>)>: parity_scale_codec::Decode` is not satisfied
     --> /Users/snow/dev/Allfeat/Allfeat/runtime/harmonie/src/lib.rs:437:22
      |
  437 |         fn query_info(uxt: <Block as sp_runtime::traits::Block>::Extrinsic, len: u32) -> pallet_transaction_payment::RuntimeDispatchInfo<...
      |                            ^^^^^^^^^^^^^^^^^^^^^^^^^^^^^^^^^^^^^^^^^^^^^^^ the trait `parity_scale_codec::Decode` is not implemented for `UncheckedExtrinsic<AccountId20, RuntimeCall, EthereumSignature, (..., ..., ..., ..., ..., ..., ..., ..., ...)>`, which is required by `sp_runtime::generic::Block<sp_runtime::generic::Header<u32, sp_runtime::traits::BlakeTwo256>, fp_self_contained::UncheckedExtrinsic<fp_account::AccountId20, RuntimeCall, fp_account::EthereumSignature, (CheckNonZeroSender<Runtime>, CheckSpecVersion<Runtime>, CheckTxVersion<Runtime>, CheckGenesis<Runtime>, CheckEra<Runtime>, CheckNonce<Runtime>, CheckWeight<Runtime>, ChargeTransactionPayment<Runtime>, CheckMetadataHash<Runtime>)>>: BlockT`
      |
      = help: the trait `parity_scale_codec::Decode` is implemented for `fp_self_contained::UncheckedExtrinsic<Address, Call, Signature, Extra>`
      = note: required for `UncheckedExtrinsic<AccountId20, RuntimeCall, EthereumSignature, (..., ..., ..., ..., ..., ..., ..., ..., ...)>` to implement `parity_scale_codec::Codec`
      = note: the full type name has been written to '/Users/snow/dev/Allfeat/Allfeat/target/debug/wbuild/harmonie-runtime/target/wasm32-unknown-unknown/release/deps/harmonie_runtime-3a5cda8230ca0104.long-type-5157894769791864636.txt'
      = note: required for `Block<Header<u32, BlakeTwo256>, UncheckedExtrinsic<AccountId20, RuntimeCall, EthereumSignature, ...>>` to implement `BlockT`
      = note: the full type name has been written to '/Users/snow/dev/Allfeat/Allfeat/target/debug/wbuild/harmonie-runtime/target/wasm32-unknown-unknown/release/deps/harmonie_runtime-3a5cda8230ca0104.long-type-6691357689991133965.txt'

  error[E0277]: the trait bound `fp_self_contained::UncheckedExtrinsic<fp_account::AccountId20, RuntimeCall, fp_account::EthereumSignature, (CheckNonZeroSender<Runtime>, CheckSpecVersion<Runtime>, CheckTxVersion<Runtime>, CheckGenesis<Runtime>, CheckEra<Runtime>, CheckNonce<Runtime>, CheckWeight<Runtime>, ChargeTransactionPayment<Runtime>, CheckMetadataHash<Runtime>)>: parity_scale_codec::Encode` is not satisfied
     --> /Users/snow/dev/Allfeat/Allfeat/runtime/harmonie/src/lib.rs:437:22
      |
  437 |         fn query_info(uxt: <Block as sp_runtime::traits::Block>::Extrinsic, len: u32) -> pallet_transaction_payment::RuntimeDispatchInfo<...
      |                            ^^^^^^^^^^^^^^^^^^^^^^^^^^^^^^^^^^^^^^^^^^^^^^^ the trait `parity_scale_codec::Encode` is not implemented for `UncheckedExtrinsic<AccountId20, RuntimeCall, EthereumSignature, (..., ..., ..., ..., ..., ..., ..., ..., ...)>`, which is required by `sp_runtime::generic::Block<sp_runtime::generic::Header<u32, sp_runtime::traits::BlakeTwo256>, fp_self_contained::UncheckedExtrinsic<fp_account::AccountId20, RuntimeCall, fp_account::EthereumSignature, (CheckNonZeroSender<Runtime>, CheckSpecVersion<Runtime>, CheckTxVersion<Runtime>, CheckGenesis<Runtime>, CheckEra<Runtime>, CheckNonce<Runtime>, CheckWeight<Runtime>, ChargeTransactionPayment<Runtime>, CheckMetadataHash<Runtime>)>>: BlockT`
      |
      = help: the trait `parity_scale_codec::Encode` is implemented for `fp_self_contained::UncheckedExtrinsic<Address, Call, Signature, Extra>`
      = note: required for `UncheckedExtrinsic<AccountId20, RuntimeCall, EthereumSignature, (..., ..., ..., ..., ..., ..., ..., ..., ...)>` to implement `parity_scale_codec::Codec`
      = note: the full type name has been written to '/Users/snow/dev/Allfeat/Allfeat/target/debug/wbuild/harmonie-runtime/target/wasm32-unknown-unknown/release/deps/harmonie_runtime-3a5cda8230ca0104.long-type-5157894769791864636.txt'
      = note: required for `Block<Header<u32, BlakeTwo256>, UncheckedExtrinsic<AccountId20, RuntimeCall, EthereumSignature, ...>>` to implement `BlockT`
      = note: the full type name has been written to '/Users/snow/dev/Allfeat/Allfeat/target/debug/wbuild/harmonie-runtime/target/wasm32-unknown-unknown/release/deps/harmonie_runtime-3a5cda8230ca0104.long-type-6691357689991133965.txt'

  error[E0277]: the trait bound `Runtime: pallet_session::historical::Config` is not satisfied
     --> /Users/snow/dev/Allfeat/Allfeat/runtime/harmonie/src/lib.rs:437:23
      |
  437 | ...: <Block as sp_runtime::traits::Block>::Extrinsic, len: u32) -> pallet_transaction_payment::RuntimeDispatchInfo<Balance> {
      |       ^^^^^ the trait `pallet_session::historical::Config` is not implemented for `Runtime`, which is required by `RuntimeCall: Sized`
      |
      = note: required for `pallet_session::historical::Pallet<Runtime>` to implement `KeyOwnerProofSystem<(KeyTypeId, sp_consensus_babe::app::Public)>`
  note: required because it appears within the type `pallet_babe::Call<Runtime>`
     --> /Users/snow/.cargo/git/checkouts/polkadot-sdk-cff69157b985ed76/c4314f7/substrate/frame/babe/src/lib.rs:399:12
      |
  399 |     #[pallet::call]
      |               ^^^^
  note: required because it appears within the type `RuntimeCall`
     --> /Users/snow/dev/Allfeat/Allfeat/runtime/harmonie/src/lib.rs:84:1
      |
  84  | #[frame_support::runtime]
      | ^^^^^^^^^^^^^^^^^^^^^^^^^
  note: required by a bound in `fp_self_contained::UncheckedExtrinsic`
     --> /Users/snow/.cargo/git/checkouts/frontier-b4643f17507d3282/2e219e1/primitives/self-contained/src/unchecked_extrinsic.rs:38:40
      |
  38  | pub struct UncheckedExtrinsic<Address, Call, Signature, Extra: SignedExtension>(
      |                                        ^^^^ required by this bound in `UncheckedExtrinsic`
      = note: this error originates in the attribute macro `frame_support::runtime` (in Nightly builds, run with -Z macro-backtrace for more info)

  error[E0277]: the trait bound `fp_self_contained::UncheckedExtrinsic<fp_account::AccountId20, RuntimeCall, fp_account::EthereumSignature, (CheckNonZeroSender<Runtime>, CheckSpecVersion<Runtime>, CheckTxVersion<Runtime>, CheckGenesis<Runtime>, CheckEra<Runtime>, CheckNonce<Runtime>, CheckWeight<Runtime>, ChargeTransactionPayment<Runtime>, CheckMetadataHash<Runtime>)>: parity_scale_codec::Decode` is not satisfied
     --> /Users/snow/dev/Allfeat/Allfeat/runtime/harmonie/src/lib.rs:440:29
      |
  440 |         fn query_fee_details(uxt: <Block as sp_runtime::traits::Block>::Extrinsic, len: u32) -> pallet_transaction_payment::FeeDetails<B...
      |                                   ^^^^^^^^^^^^^^^^^^^^^^^^^^^^^^^^^^^^^^^^^^^^^^^ the trait `parity_scale_codec::Decode` is not implemented for `UncheckedExtrinsic<AccountId20, RuntimeCall, EthereumSignature, (..., ..., ..., ..., ..., ..., ..., ..., ...)>`, which is required by `sp_runtime::generic::Block<sp_runtime::generic::Header<u32, sp_runtime::traits::BlakeTwo256>, fp_self_contained::UncheckedExtrinsic<fp_account::AccountId20, RuntimeCall, fp_account::EthereumSignature, (CheckNonZeroSender<Runtime>, CheckSpecVersion<Runtime>, CheckTxVersion<Runtime>, CheckGenesis<Runtime>, CheckEra<Runtime>, CheckNonce<Runtime>, CheckWeight<Runtime>, ChargeTransactionPayment<Runtime>, CheckMetadataHash<Runtime>)>>: BlockT`
      |
      = help: the trait `parity_scale_codec::Decode` is implemented for `fp_self_contained::UncheckedExtrinsic<Address, Call, Signature, Extra>`
      = note: required for `UncheckedExtrinsic<AccountId20, RuntimeCall, EthereumSignature, (..., ..., ..., ..., ..., ..., ..., ..., ...)>` to implement `parity_scale_codec::Codec`
      = note: the full type name has been written to '/Users/snow/dev/Allfeat/Allfeat/target/debug/wbuild/harmonie-runtime/target/wasm32-unknown-unknown/release/deps/harmonie_runtime-3a5cda8230ca0104.long-type-5157894769791864636.txt'
      = note: required for `Block<Header<u32, BlakeTwo256>, UncheckedExtrinsic<AccountId20, RuntimeCall, EthereumSignature, ...>>` to implement `BlockT`
      = note: the full type name has been written to '/Users/snow/dev/Allfeat/Allfeat/target/debug/wbuild/harmonie-runtime/target/wasm32-unknown-unknown/release/deps/harmonie_runtime-3a5cda8230ca0104.long-type-6691357689991133965.txt'

  error[E0277]: the trait bound `fp_self_contained::UncheckedExtrinsic<fp_account::AccountId20, RuntimeCall, fp_account::EthereumSignature, (CheckNonZeroSender<Runtime>, CheckSpecVersion<Runtime>, CheckTxVersion<Runtime>, CheckGenesis<Runtime>, CheckEra<Runtime>, CheckNonce<Runtime>, CheckWeight<Runtime>, ChargeTransactionPayment<Runtime>, CheckMetadataHash<Runtime>)>: parity_scale_codec::Encode` is not satisfied
     --> /Users/snow/dev/Allfeat/Allfeat/runtime/harmonie/src/lib.rs:440:29
      |
  440 |         fn query_fee_details(uxt: <Block as sp_runtime::traits::Block>::Extrinsic, len: u32) -> pallet_transaction_payment::FeeDetails<B...
      |                                   ^^^^^^^^^^^^^^^^^^^^^^^^^^^^^^^^^^^^^^^^^^^^^^^ the trait `parity_scale_codec::Encode` is not implemented for `UncheckedExtrinsic<AccountId20, RuntimeCall, EthereumSignature, (..., ..., ..., ..., ..., ..., ..., ..., ...)>`, which is required by `sp_runtime::generic::Block<sp_runtime::generic::Header<u32, sp_runtime::traits::BlakeTwo256>, fp_self_contained::UncheckedExtrinsic<fp_account::AccountId20, RuntimeCall, fp_account::EthereumSignature, (CheckNonZeroSender<Runtime>, CheckSpecVersion<Runtime>, CheckTxVersion<Runtime>, CheckGenesis<Runtime>, CheckEra<Runtime>, CheckNonce<Runtime>, CheckWeight<Runtime>, ChargeTransactionPayment<Runtime>, CheckMetadataHash<Runtime>)>>: BlockT`
      |
      = help: the trait `parity_scale_codec::Encode` is implemented for `fp_self_contained::UncheckedExtrinsic<Address, Call, Signature, Extra>`
      = note: required for `UncheckedExtrinsic<AccountId20, RuntimeCall, EthereumSignature, (..., ..., ..., ..., ..., ..., ..., ..., ...)>` to implement `parity_scale_codec::Codec`
      = note: the full type name has been written to '/Users/snow/dev/Allfeat/Allfeat/target/debug/wbuild/harmonie-runtime/target/wasm32-unknown-unknown/release/deps/harmonie_runtime-3a5cda8230ca0104.long-type-5157894769791864636.txt'
      = note: required for `Block<Header<u32, BlakeTwo256>, UncheckedExtrinsic<AccountId20, RuntimeCall, EthereumSignature, ...>>` to implement `BlockT`
      = note: the full type name has been written to '/Users/snow/dev/Allfeat/Allfeat/target/debug/wbuild/harmonie-runtime/target/wasm32-unknown-unknown/release/deps/harmonie_runtime-3a5cda8230ca0104.long-type-6691357689991133965.txt'

  error[E0277]: the trait bound `Runtime: pallet_session::historical::Config` is not satisfied
     --> /Users/snow/dev/Allfeat/Allfeat/runtime/harmonie/src/lib.rs:440:30
      |
  440 |         fn query_fee_details(uxt: <Block as sp_runtime::traits::Block>::Extrinsic, len: u32) -> pallet_transaction_payment::FeeDetails<B...
      |                                    ^^^^^ the trait `pallet_session::historical::Config` is not implemented for `Runtime`, which is required by `RuntimeCall: Sized`
      |
      = note: required for `pallet_session::historical::Pallet<Runtime>` to implement `KeyOwnerProofSystem<(KeyTypeId, sp_consensus_babe::app::Public)>`
  note: required because it appears within the type `pallet_babe::Call<Runtime>`
     --> /Users/snow/.cargo/git/checkouts/polkadot-sdk-cff69157b985ed76/c4314f7/substrate/frame/babe/src/lib.rs:399:12
      |
  399 |     #[pallet::call]
      |               ^^^^
  note: required because it appears within the type `RuntimeCall`
     --> /Users/snow/dev/Allfeat/Allfeat/runtime/harmonie/src/lib.rs:84:1
      |
  84  | #[frame_support::runtime]
      | ^^^^^^^^^^^^^^^^^^^^^^^^^
  note: required by a bound in `fp_self_contained::UncheckedExtrinsic`
     --> /Users/snow/.cargo/git/checkouts/frontier-b4643f17507d3282/2e219e1/primitives/self-contained/src/unchecked_extrinsic.rs:38:40
      |
  38  | pub struct UncheckedExtrinsic<Address, Call, Signature, Extra: SignedExtension>(
      |                                        ^^^^ required by this bound in `UncheckedExtrinsic`
      = note: this error originates in the attribute macro `frame_support::runtime` (in Nightly builds, run with -Z macro-backtrace for more info)

  error[E0277]: the trait bound `fp_self_contained::UncheckedExtrinsic<fp_account::AccountId20, RuntimeCall, fp_account::EthereumSignature, (CheckNonZeroSender<Runtime>, CheckSpecVersion<Runtime>, CheckTxVersion<Runtime>, CheckGenesis<Runtime>, CheckEra<Runtime>, CheckNonce<Runtime>, CheckWeight<Runtime>, ChargeTransactionPayment<Runtime>, CheckMetadataHash<Runtime>)>: parity_scale_codec::Decode` is not satisfied
     --> /Users/snow/dev/Allfeat/Allfeat/runtime/harmonie/src/lib.rs:676:13
      |
  676 |             xts: Vec<<Block as sp_runtime::traits::Block>::Extrinsic>,
      |                      ^^^^^^^^^^^^^^^^^^^^^^^^^^^^^^^^^^^^^^^^^^^^^^^ the trait `parity_scale_codec::Decode` is not implemented for `UncheckedExtrinsic<AccountId20, RuntimeCall, EthereumSignature, (..., ..., ..., ..., ..., ..., ..., ..., ...)>`, which is required by `sp_runtime::generic::Block<sp_runtime::generic::Header<u32, sp_runtime::traits::BlakeTwo256>, fp_self_contained::UncheckedExtrinsic<fp_account::AccountId20, RuntimeCall, fp_account::EthereumSignature, (CheckNonZeroSender<Runtime>, CheckSpecVersion<Runtime>, CheckTxVersion<Runtime>, CheckGenesis<Runtime>, CheckEra<Runtime>, CheckNonce<Runtime>, CheckWeight<Runtime>, ChargeTransactionPayment<Runtime>, CheckMetadataHash<Runtime>)>>: BlockT`
      |
      = help: the trait `parity_scale_codec::Decode` is implemented for `fp_self_contained::UncheckedExtrinsic<Address, Call, Signature, Extra>`
      = note: required for `UncheckedExtrinsic<AccountId20, RuntimeCall, EthereumSignature, (..., ..., ..., ..., ..., ..., ..., ..., ...)>` to implement `parity_scale_codec::Codec`
      = note: the full type name has been written to '/Users/snow/dev/Allfeat/Allfeat/target/debug/wbuild/harmonie-runtime/target/wasm32-unknown-unknown/release/deps/harmonie_runtime-3a5cda8230ca0104.long-type-5157894769791864636.txt'
      = note: required for `Block<Header<u32, BlakeTwo256>, UncheckedExtrinsic<AccountId20, RuntimeCall, EthereumSignature, ...>>` to implement `BlockT`
      = note: the full type name has been written to '/Users/snow/dev/Allfeat/Allfeat/target/debug/wbuild/harmonie-runtime/target/wasm32-unknown-unknown/release/deps/harmonie_runtime-3a5cda8230ca0104.long-type-6691357689991133965.txt'

  error[E0277]: the trait bound `fp_self_contained::UncheckedExtrinsic<fp_account::AccountId20, RuntimeCall, fp_account::EthereumSignature, (CheckNonZeroSender<Runtime>, CheckSpecVersion<Runtime>, CheckTxVersion<Runtime>, CheckGenesis<Runtime>, CheckEra<Runtime>, CheckNonce<Runtime>, CheckWeight<Runtime>, ChargeTransactionPayment<Runtime>, CheckMetadataHash<Runtime>)>: parity_scale_codec::Encode` is not satisfied
     --> /Users/snow/dev/Allfeat/Allfeat/runtime/harmonie/src/lib.rs:676:13
      |
  676 |             xts: Vec<<Block as sp_runtime::traits::Block>::Extrinsic>,
      |                      ^^^^^^^^^^^^^^^^^^^^^^^^^^^^^^^^^^^^^^^^^^^^^^^ the trait `parity_scale_codec::Encode` is not implemented for `UncheckedExtrinsic<AccountId20, RuntimeCall, EthereumSignature, (..., ..., ..., ..., ..., ..., ..., ..., ...)>`, which is required by `sp_runtime::generic::Block<sp_runtime::generic::Header<u32, sp_runtime::traits::BlakeTwo256>, fp_self_contained::UncheckedExtrinsic<fp_account::AccountId20, RuntimeCall, fp_account::EthereumSignature, (CheckNonZeroSender<Runtime>, CheckSpecVersion<Runtime>, CheckTxVersion<Runtime>, CheckGenesis<Runtime>, CheckEra<Runtime>, CheckNonce<Runtime>, CheckWeight<Runtime>, ChargeTransactionPayment<Runtime>, CheckMetadataHash<Runtime>)>>: BlockT`
      |
      = help: the trait `parity_scale_codec::Encode` is implemented for `fp_self_contained::UncheckedExtrinsic<Address, Call, Signature, Extra>`
      = note: required for `UncheckedExtrinsic<AccountId20, RuntimeCall, EthereumSignature, (..., ..., ..., ..., ..., ..., ..., ..., ...)>` to implement `parity_scale_codec::Codec`
      = note: the full type name has been written to '/Users/snow/dev/Allfeat/Allfeat/target/debug/wbuild/harmonie-runtime/target/wasm32-unknown-unknown/release/deps/harmonie_runtime-3a5cda8230ca0104.long-type-5157894769791864636.txt'
      = note: required for `Block<Header<u32, BlakeTwo256>, UncheckedExtrinsic<AccountId20, RuntimeCall, EthereumSignature, ...>>` to implement `BlockT`
      = note: the full type name has been written to '/Users/snow/dev/Allfeat/Allfeat/target/debug/wbuild/harmonie-runtime/target/wasm32-unknown-unknown/release/deps/harmonie_runtime-3a5cda8230ca0104.long-type-6691357689991133965.txt'

  error[E0277]: the trait bound `Runtime: pallet_session::historical::Config` is not satisfied
     --> /Users/snow/dev/Allfeat/Allfeat/runtime/harmonie/src/lib.rs:676:14
      |
  676 |             xts: Vec<<Block as sp_runtime::traits::Block>::Extrinsic>,
      |                       ^^^^^ the trait `pallet_session::historical::Config` is not implemented for `Runtime`, which is required by `RuntimeCall: Sized`
      |
      = note: required for `pallet_session::historical::Pallet<Runtime>` to implement `KeyOwnerProofSystem<(KeyTypeId, sp_consensus_babe::app::Public)>`
  note: required because it appears within the type `pallet_babe::Call<Runtime>`
     --> /Users/snow/.cargo/git/checkouts/polkadot-sdk-cff69157b985ed76/c4314f7/substrate/frame/babe/src/lib.rs:399:12
      |
  399 |     #[pallet::call]
      |               ^^^^
  note: required because it appears within the type `RuntimeCall`
     --> /Users/snow/dev/Allfeat/Allfeat/runtime/harmonie/src/lib.rs:84:1
      |
  84  | #[frame_support::runtime]
      | ^^^^^^^^^^^^^^^^^^^^^^^^^
  note: required by a bound in `fp_self_contained::UncheckedExtrinsic`
     --> /Users/snow/.cargo/git/checkouts/frontier-b4643f17507d3282/2e219e1/primitives/self-contained/src/unchecked_extrinsic.rs:38:40
      |
  38  | pub struct UncheckedExtrinsic<Address, Call, Signature, Extra: SignedExtension>(
      |                                        ^^^^ required by this bound in `UncheckedExtrinsic`
      = note: this error originates in the attribute macro `frame_support::runtime` (in Nightly builds, run with -Z macro-backtrace for more info)

  error[E0277]: the trait bound `fp_self_contained::UncheckedExtrinsic<fp_account::AccountId20, RuntimeCall, fp_account::EthereumSignature, (CheckNonZeroSender<Runtime>, CheckSpecVersion<Runtime>, CheckTxVersion<Runtime>, CheckGenesis<Runtime>, CheckEra<Runtime>, CheckNonce<Runtime>, CheckWeight<Runtime>, ChargeTransactionPayment<Runtime>, CheckMetadataHash<Runtime>)>: parity_scale_codec::Decode` is not satisfied
     --> /Users/snow/dev/Allfeat/Allfeat/runtime/harmonie/src/lib.rs:691:13
      |
  691 |             xts: Vec<<Block as sp_runtime::traits::Block>::Extrinsic>,
      |                      ^^^^^^^^^^^^^^^^^^^^^^^^^^^^^^^^^^^^^^^^^^^^^^^ the trait `parity_scale_codec::Decode` is not implemented for `UncheckedExtrinsic<AccountId20, RuntimeCall, EthereumSignature, (..., ..., ..., ..., ..., ..., ..., ..., ...)>`, which is required by `sp_runtime::generic::Block<sp_runtime::generic::Header<u32, sp_runtime::traits::BlakeTwo256>, fp_self_contained::UncheckedExtrinsic<fp_account::AccountId20, RuntimeCall, fp_account::EthereumSignature, (CheckNonZeroSender<Runtime>, CheckSpecVersion<Runtime>, CheckTxVersion<Runtime>, CheckGenesis<Runtime>, CheckEra<Runtime>, CheckNonce<Runtime>, CheckWeight<Runtime>, ChargeTransactionPayment<Runtime>, CheckMetadataHash<Runtime>)>>: BlockT`
      |
      = help: the trait `parity_scale_codec::Decode` is implemented for `fp_self_contained::UncheckedExtrinsic<Address, Call, Signature, Extra>`
      = note: required for `UncheckedExtrinsic<AccountId20, RuntimeCall, EthereumSignature, (..., ..., ..., ..., ..., ..., ..., ..., ...)>` to implement `parity_scale_codec::Codec`
      = note: the full type name has been written to '/Users/snow/dev/Allfeat/Allfeat/target/debug/wbuild/harmonie-runtime/target/wasm32-unknown-unknown/release/deps/harmonie_runtime-3a5cda8230ca0104.long-type-5157894769791864636.txt'
      = note: required for `Block<Header<u32, BlakeTwo256>, UncheckedExtrinsic<AccountId20, RuntimeCall, EthereumSignature, ...>>` to implement `BlockT`
      = note: the full type name has been written to '/Users/snow/dev/Allfeat/Allfeat/target/debug/wbuild/harmonie-runtime/target/wasm32-unknown-unknown/release/deps/harmonie_runtime-3a5cda8230ca0104.long-type-6691357689991133965.txt'

  error[E0277]: the trait bound `fp_self_contained::UncheckedExtrinsic<fp_account::AccountId20, RuntimeCall, fp_account::EthereumSignature, (CheckNonZeroSender<Runtime>, CheckSpecVersion<Runtime>, CheckTxVersion<Runtime>, CheckGenesis<Runtime>, CheckEra<Runtime>, CheckNonce<Runtime>, CheckWeight<Runtime>, ChargeTransactionPayment<Runtime>, CheckMetadataHash<Runtime>)>: parity_scale_codec::Encode` is not satisfied
     --> /Users/snow/dev/Allfeat/Allfeat/runtime/harmonie/src/lib.rs:691:13
      |
  691 |             xts: Vec<<Block as sp_runtime::traits::Block>::Extrinsic>,
      |                      ^^^^^^^^^^^^^^^^^^^^^^^^^^^^^^^^^^^^^^^^^^^^^^^ the trait `parity_scale_codec::Encode` is not implemented for `UncheckedExtrinsic<AccountId20, RuntimeCall, EthereumSignature, (..., ..., ..., ..., ..., ..., ..., ..., ...)>`, which is required by `sp_runtime::generic::Block<sp_runtime::generic::Header<u32, sp_runtime::traits::BlakeTwo256>, fp_self_contained::UncheckedExtrinsic<fp_account::AccountId20, RuntimeCall, fp_account::EthereumSignature, (CheckNonZeroSender<Runtime>, CheckSpecVersion<Runtime>, CheckTxVersion<Runtime>, CheckGenesis<Runtime>, CheckEra<Runtime>, CheckNonce<Runtime>, CheckWeight<Runtime>, ChargeTransactionPayment<Runtime>, CheckMetadataHash<Runtime>)>>: BlockT`
      |
      = help: the trait `parity_scale_codec::Encode` is implemented for `fp_self_contained::UncheckedExtrinsic<Address, Call, Signature, Extra>`
      = note: required for `UncheckedExtrinsic<AccountId20, RuntimeCall, EthereumSignature, (..., ..., ..., ..., ..., ..., ..., ..., ...)>` to implement `parity_scale_codec::Codec`
      = note: the full type name has been written to '/Users/snow/dev/Allfeat/Allfeat/target/debug/wbuild/harmonie-runtime/target/wasm32-unknown-unknown/release/deps/harmonie_runtime-3a5cda8230ca0104.long-type-5157894769791864636.txt'
      = note: required for `Block<Header<u32, BlakeTwo256>, UncheckedExtrinsic<AccountId20, RuntimeCall, EthereumSignature, ...>>` to implement `BlockT`
      = note: the full type name has been written to '/Users/snow/dev/Allfeat/Allfeat/target/debug/wbuild/harmonie-runtime/target/wasm32-unknown-unknown/release/deps/harmonie_runtime-3a5cda8230ca0104.long-type-6691357689991133965.txt'

  error[E0277]: the trait bound `Runtime: pallet_session::historical::Config` is not satisfied
     --> /Users/snow/dev/Allfeat/Allfeat/runtime/harmonie/src/lib.rs:691:14
      |
  691 |             xts: Vec<<Block as sp_runtime::traits::Block>::Extrinsic>,
      |                       ^^^^^ the trait `pallet_session::historical::Config` is not implemented for `Runtime`, which is required by `RuntimeCall: Sized`
      |
      = note: required for `pallet_session::historical::Pallet<Runtime>` to implement `KeyOwnerProofSystem<(KeyTypeId, sp_consensus_babe::app::Public)>`
  note: required because it appears within the type `pallet_babe::Call<Runtime>`
     --> /Users/snow/.cargo/git/checkouts/polkadot-sdk-cff69157b985ed76/c4314f7/substrate/frame/babe/src/lib.rs:399:12
      |
  399 |     #[pallet::call]
      |               ^^^^
  note: required because it appears within the type `RuntimeCall`
     --> /Users/snow/dev/Allfeat/Allfeat/runtime/harmonie/src/lib.rs:84:1
      |
  84  | #[frame_support::runtime]
      | ^^^^^^^^^^^^^^^^^^^^^^^^^
  note: required by a bound in `fp_self_contained::UncheckedExtrinsic`
     --> /Users/snow/.cargo/git/checkouts/frontier-b4643f17507d3282/2e219e1/primitives/self-contained/src/unchecked_extrinsic.rs:38:40
      |
  38  | pub struct UncheckedExtrinsic<Address, Call, Signature, Extra: SignedExtension>(
      |                                        ^^^^ required by this bound in `UncheckedExtrinsic`
      = note: this error originates in the attribute macro `frame_support::runtime` (in Nightly builds, run with -Z macro-backtrace for more info)

  error[E0277]: the trait bound `fp_self_contained::UncheckedExtrinsic<fp_account::AccountId20, RuntimeCall, fp_account::EthereumSignature, (CheckNonZeroSender<Runtime>, CheckSpecVersion<Runtime>, CheckTxVersion<Runtime>, CheckGenesis<Runtime>, CheckEra<Runtime>, CheckNonce<Runtime>, CheckWeight<Runtime>, ChargeTransactionPayment<Runtime>, CheckMetadataHash<Runtime>)>: parity_scale_codec::Decode` is not satisfied
     --> /Users/snow/dev/Allfeat/Allfeat/runtime/harmonie/src/lib.rs:705:40
      |
  705 |         fn initialize_pending_block(header: &<Block as sp_runtime::traits::Block>::Header) {
      |                                              ^^^^^^^^^^^^^^^^^^^^^^^^^^^^^^^^^^^^^^^^^^^^ the trait `parity_scale_codec::Decode` is not implemented for `UncheckedExtrinsic<AccountId20, RuntimeCall, EthereumSignature, (..., ..., ..., ..., ..., ..., ..., ..., ...)>`, which is required by `sp_runtime::generic::Block<sp_runtime::generic::Header<u32, sp_runtime::traits::BlakeTwo256>, fp_self_contained::UncheckedExtrinsic<fp_account::AccountId20, RuntimeCall, fp_account::EthereumSignature, (CheckNonZeroSender<Runtime>, CheckSpecVersion<Runtime>, CheckTxVersion<Runtime>, CheckGenesis<Runtime>, CheckEra<Runtime>, CheckNonce<Runtime>, CheckWeight<Runtime>, ChargeTransactionPayment<Runtime>, CheckMetadataHash<Runtime>)>>: BlockT`
      |
      = help: the trait `parity_scale_codec::Decode` is implemented for `fp_self_contained::UncheckedExtrinsic<Address, Call, Signature, Extra>`
      = note: required for `UncheckedExtrinsic<AccountId20, RuntimeCall, EthereumSignature, (..., ..., ..., ..., ..., ..., ..., ..., ...)>` to implement `parity_scale_codec::Codec`
      = note: the full type name has been written to '/Users/snow/dev/Allfeat/Allfeat/target/debug/wbuild/harmonie-runtime/target/wasm32-unknown-unknown/release/deps/harmonie_runtime-3a5cda8230ca0104.long-type-5157894769791864636.txt'
      = note: required for `Block<Header<u32, BlakeTwo256>, UncheckedExtrinsic<AccountId20, RuntimeCall, EthereumSignature, ...>>` to implement `BlockT`
      = note: the full type name has been written to '/Users/snow/dev/Allfeat/Allfeat/target/debug/wbuild/harmonie-runtime/target/wasm32-unknown-unknown/release/deps/harmonie_runtime-3a5cda8230ca0104.long-type-6691357689991133965.txt'

  error[E0277]: the trait bound `fp_self_contained::UncheckedExtrinsic<fp_account::AccountId20, RuntimeCall, fp_account::EthereumSignature, (CheckNonZeroSender<Runtime>, CheckSpecVersion<Runtime>, CheckTxVersion<Runtime>, CheckGenesis<Runtime>, CheckEra<Runtime>, CheckNonce<Runtime>, CheckWeight<Runtime>, ChargeTransactionPayment<Runtime>, CheckMetadataHash<Runtime>)>: parity_scale_codec::Encode` is not satisfied
     --> /Users/snow/dev/Allfeat/Allfeat/runtime/harmonie/src/lib.rs:705:40
      |
  705 |         fn initialize_pending_block(header: &<Block as sp_runtime::traits::Block>::Header) {
      |                                              ^^^^^^^^^^^^^^^^^^^^^^^^^^^^^^^^^^^^^^^^^^^^ the trait `parity_scale_codec::Encode` is not implemented for `UncheckedExtrinsic<AccountId20, RuntimeCall, EthereumSignature, (..., ..., ..., ..., ..., ..., ..., ..., ...)>`, which is required by `sp_runtime::generic::Block<sp_runtime::generic::Header<u32, sp_runtime::traits::BlakeTwo256>, fp_self_contained::UncheckedExtrinsic<fp_account::AccountId20, RuntimeCall, fp_account::EthereumSignature, (CheckNonZeroSender<Runtime>, CheckSpecVersion<Runtime>, CheckTxVersion<Runtime>, CheckGenesis<Runtime>, CheckEra<Runtime>, CheckNonce<Runtime>, CheckWeight<Runtime>, ChargeTransactionPayment<Runtime>, CheckMetadataHash<Runtime>)>>: BlockT`
      |
      = help: the trait `parity_scale_codec::Encode` is implemented for `fp_self_contained::UncheckedExtrinsic<Address, Call, Signature, Extra>`
      = note: required for `UncheckedExtrinsic<AccountId20, RuntimeCall, EthereumSignature, (..., ..., ..., ..., ..., ..., ..., ..., ...)>` to implement `parity_scale_codec::Codec`
      = note: the full type name has been written to '/Users/snow/dev/Allfeat/Allfeat/target/debug/wbuild/harmonie-runtime/target/wasm32-unknown-unknown/release/deps/harmonie_runtime-3a5cda8230ca0104.long-type-5157894769791864636.txt'
      = note: required for `Block<Header<u32, BlakeTwo256>, UncheckedExtrinsic<AccountId20, RuntimeCall, EthereumSignature, ...>>` to implement `BlockT`
      = note: the full type name has been written to '/Users/snow/dev/Allfeat/Allfeat/target/debug/wbuild/harmonie-runtime/target/wasm32-unknown-unknown/release/deps/harmonie_runtime-3a5cda8230ca0104.long-type-6691357689991133965.txt'

  error[E0277]: the trait bound `Runtime: pallet_session::historical::Config` is not satisfied
     --> /Users/snow/dev/Allfeat/Allfeat/runtime/harmonie/src/lib.rs:705:41
      |
  705 |         fn initialize_pending_block(header: &<Block as sp_runtime::traits::Block>::Header) {
      |                                               ^^^^^ the trait `pallet_session::historical::Config` is not implemented for `Runtime`, which is required by `RuntimeCall: Sized`
      |
      = note: required for `pallet_session::historical::Pallet<Runtime>` to implement `KeyOwnerProofSystem<(KeyTypeId, sp_consensus_babe::app::Public)>`
  note: required because it appears within the type `pallet_babe::Call<Runtime>`
     --> /Users/snow/.cargo/git/checkouts/polkadot-sdk-cff69157b985ed76/c4314f7/substrate/frame/babe/src/lib.rs:399:12
      |
  399 |     #[pallet::call]
      |               ^^^^
  note: required because it appears within the type `RuntimeCall`
     --> /Users/snow/dev/Allfeat/Allfeat/runtime/harmonie/src/lib.rs:84:1
      |
  84  | #[frame_support::runtime]
      | ^^^^^^^^^^^^^^^^^^^^^^^^^
  note: required by a bound in `fp_self_contained::UncheckedExtrinsic`
     --> /Users/snow/.cargo/git/checkouts/frontier-b4643f17507d3282/2e219e1/primitives/self-contained/src/unchecked_extrinsic.rs:38:40
      |
  38  | pub struct UncheckedExtrinsic<Address, Call, Signature, Extra: SignedExtension>(
      |                                        ^^^^ required by this bound in `UncheckedExtrinsic`
      = note: this error originates in the attribute macro `frame_support::runtime` (in Nightly builds, run with -Z macro-backtrace for more info)

  error[E0277]: the trait bound `fp_self_contained::UncheckedExtrinsic<fp_account::AccountId20, RuntimeCall, fp_account::EthereumSignature, (CheckNonZeroSender<Runtime>, CheckSpecVersion<Runtime>, CheckTxVersion<Runtime>, CheckGenesis<Runtime>, CheckEra<Runtime>, CheckNonce<Runtime>, CheckWeight<Runtime>, ChargeTransactionPayment<Runtime>, CheckMetadataHash<Runtime>)>: parity_scale_codec::Decode` is not satisfied
     --> /Users/snow/dev/Allfeat/Allfeat/runtime/harmonie/src/lib.rs:711:72
      |
  711 |         fn convert_transaction(transaction: pallet_ethereum::Transaction) -> <Block as sp_runtime::traits::Block>::Extrinsic {
      |                                                                              ^^^^^^^^^^^^^^^^^^^^^^^^^^^^^^^^^^^^^^^^^^^^^^^ the trait `parity_scale_codec::Decode` is not implemented for `UncheckedExtrinsic<AccountId20, RuntimeCall, EthereumSignature, (..., ..., ..., ..., ..., ..., ..., ..., ...)>`, which is required by `sp_runtime::generic::Block<sp_runtime::generic::Header<u32, sp_runtime::traits::BlakeTwo256>, fp_self_contained::UncheckedExtrinsic<fp_account::AccountId20, RuntimeCall, fp_account::EthereumSignature, (CheckNonZeroSender<Runtime>, CheckSpecVersion<Runtime>, CheckTxVersion<Runtime>, CheckGenesis<Runtime>, CheckEra<Runtime>, CheckNonce<Runtime>, CheckWeight<Runtime>, ChargeTransactionPayment<Runtime>, CheckMetadataHash<Runtime>)>>: BlockT`
      |
      = help: the trait `parity_scale_codec::Decode` is implemented for `fp_self_contained::UncheckedExtrinsic<Address, Call, Signature, Extra>`
      = note: required for `UncheckedExtrinsic<AccountId20, RuntimeCall, EthereumSignature, (..., ..., ..., ..., ..., ..., ..., ..., ...)>` to implement `parity_scale_codec::Codec`
      = note: the full type name has been written to '/Users/snow/dev/Allfeat/Allfeat/target/debug/wbuild/harmonie-runtime/target/wasm32-unknown-unknown/release/deps/harmonie_runtime-3a5cda8230ca0104.long-type-5157894769791864636.txt'
      = note: required for `Block<Header<u32, BlakeTwo256>, UncheckedExtrinsic<AccountId20, RuntimeCall, EthereumSignature, ...>>` to implement `BlockT`
      = note: the full type name has been written to '/Users/snow/dev/Allfeat/Allfeat/target/debug/wbuild/harmonie-runtime/target/wasm32-unknown-unknown/release/deps/harmonie_runtime-3a5cda8230ca0104.long-type-6691357689991133965.txt'

  error[E0277]: the trait bound `fp_self_contained::UncheckedExtrinsic<fp_account::AccountId20, RuntimeCall, fp_account::EthereumSignature, (CheckNonZeroSender<Runtime>, CheckSpecVersion<Runtime>, CheckTxVersion<Runtime>, CheckGenesis<Runtime>, CheckEra<Runtime>, CheckNonce<Runtime>, CheckWeight<Runtime>, ChargeTransactionPayment<Runtime>, CheckMetadataHash<Runtime>)>: parity_scale_codec::Encode` is not satisfied
     --> /Users/snow/dev/Allfeat/Allfeat/runtime/harmonie/src/lib.rs:711:72
      |
  711 |         fn convert_transaction(transaction: pallet_ethereum::Transaction) -> <Block as sp_runtime::traits::Block>::Extrinsic {
      |                                                                              ^^^^^^^^^^^^^^^^^^^^^^^^^^^^^^^^^^^^^^^^^^^^^^^ the trait `parity_scale_codec::Encode` is not implemented for `UncheckedExtrinsic<AccountId20, RuntimeCall, EthereumSignature, (..., ..., ..., ..., ..., ..., ..., ..., ...)>`, which is required by `sp_runtime::generic::Block<sp_runtime::generic::Header<u32, sp_runtime::traits::BlakeTwo256>, fp_self_contained::UncheckedExtrinsic<fp_account::AccountId20, RuntimeCall, fp_account::EthereumSignature, (CheckNonZeroSender<Runtime>, CheckSpecVersion<Runtime>, CheckTxVersion<Runtime>, CheckGenesis<Runtime>, CheckEra<Runtime>, CheckNonce<Runtime>, CheckWeight<Runtime>, ChargeTransactionPayment<Runtime>, CheckMetadataHash<Runtime>)>>: BlockT`
      |
      = help: the trait `parity_scale_codec::Encode` is implemented for `fp_self_contained::UncheckedExtrinsic<Address, Call, Signature, Extra>`
      = note: required for `UncheckedExtrinsic<AccountId20, RuntimeCall, EthereumSignature, (..., ..., ..., ..., ..., ..., ..., ..., ...)>` to implement `parity_scale_codec::Codec`
      = note: the full type name has been written to '/Users/snow/dev/Allfeat/Allfeat/target/debug/wbuild/harmonie-runtime/target/wasm32-unknown-unknown/release/deps/harmonie_runtime-3a5cda8230ca0104.long-type-5157894769791864636.txt'
      = note: required for `Block<Header<u32, BlakeTwo256>, UncheckedExtrinsic<AccountId20, RuntimeCall, EthereumSignature, ...>>` to implement `BlockT`
      = note: the full type name has been written to '/Users/snow/dev/Allfeat/Allfeat/target/debug/wbuild/harmonie-runtime/target/wasm32-unknown-unknown/release/deps/harmonie_runtime-3a5cda8230ca0104.long-type-6691357689991133965.txt'

  error[E0277]: the trait bound `Runtime: pallet_session::historical::Config` is not satisfied
     --> /Users/snow/dev/Allfeat/Allfeat/runtime/harmonie/src/lib.rs:711:73
      |
  711 |         fn convert_transaction(transaction: pallet_ethereum::Transaction) -> <Block as sp_runtime::traits::Block>::Extrinsic {
      |                                                                               ^^^^^ the trait `pallet_session::historical::Config` is not implemented for `Runtime`, which is required by `RuntimeCall: Sized`
      |
      = note: required for `pallet_session::historical::Pallet<Runtime>` to implement `KeyOwnerProofSystem<(KeyTypeId, sp_consensus_babe::app::Public)>`
  note: required because it appears within the type `pallet_babe::Call<Runtime>`
     --> /Users/snow/.cargo/git/checkouts/polkadot-sdk-cff69157b985ed76/c4314f7/substrate/frame/babe/src/lib.rs:399:12
      |
  399 |     #[pallet::call]
      |               ^^^^
  note: required because it appears within the type `RuntimeCall`
     --> /Users/snow/dev/Allfeat/Allfeat/runtime/harmonie/src/lib.rs:84:1
      |
  84  | #[frame_support::runtime]
      | ^^^^^^^^^^^^^^^^^^^^^^^^^
  note: required by a bound in `fp_self_contained::UncheckedExtrinsic`
     --> /Users/snow/.cargo/git/checkouts/frontier-b4643f17507d3282/2e219e1/primitives/self-contained/src/unchecked_extrinsic.rs:38:40
      |
  38  | pub struct UncheckedExtrinsic<Address, Call, Signature, Extra: SignedExtension>(
      |                                        ^^^^ required by this bound in `UncheckedExtrinsic`
      = note: this error originates in the attribute macro `frame_support::runtime` (in Nightly builds, run with -Z macro-backtrace for more info)

  error[E0277]: the trait bound `Runtime: pallet_session::historical::Config` is not satisfied
     --> /Users/snow/dev/Allfeat/Allfeat/runtime/harmonie/src/pallets/multisig.rs:32:21
      |
  32  |     type RuntimeCall = RuntimeCall;
      |                        ^^^^^^^^^^^ the trait `pallet_session::historical::Config` is not implemented for `Runtime`, which is required by `RuntimeCall: Sized`
      |
      = note: required for `pallet_session::historical::Pallet<Runtime>` to implement `KeyOwnerProofSystem<(KeyTypeId, sp_consensus_babe::app::Public)>`
  note: required because it appears within the type `pallet_babe::Call<Runtime>`
     --> /Users/snow/.cargo/git/checkouts/polkadot-sdk-cff69157b985ed76/c4314f7/substrate/frame/babe/src/lib.rs:399:12
      |
  399 |     #[pallet::call]
      |               ^^^^
  note: required because it appears within the type `RuntimeCall`
     --> /Users/snow/dev/Allfeat/Allfeat/runtime/harmonie/src/lib.rs:84:1
      |
  84  | #[frame_support::runtime]
      | ^^^^^^^^^^^^^^^^^^^^^^^^^
  note: required by a bound in `pallet_multisig::Config::RuntimeCall`
     --> /Users/snow/.cargo/git/checkouts/polkadot-sdk-cff69157b985ed76/c4314f7/substrate/frame/multisig/src/lib.rs:142:3
      |
  142 | /         type RuntimeCall: Parameter
  143 | |             + Dispatchable<RuntimeOrigin = Self::RuntimeOrigin, PostInfo = PostDispatchInfo>
  144 | |             + GetDispatchInfo
  145 | |             + From<frame_system::Call<Self>>;
      | |_____________________________________________^ required by this bound in `Config::RuntimeCall`
      = note: this error originates in the attribute macro `frame_support::runtime` (in Nightly builds, run with -Z macro-backtrace for more info)

  error[E0277]: the trait bound `Runtime: pallet_session::historical::Config` is not satisfied
     --> /Users/snow/dev/Allfeat/Allfeat/runtime/harmonie/src/pallets/proxy.rs:60:6
      |
  60  | impl InstanceFilter<RuntimeCall> for ProxyType {
      |      ^^^^^^^^^^^^^^^^^^^^^^^^^^^ the trait `pallet_session::historical::Config` is not implemented for `Runtime`, which is required by `RuntimeCall: Sized`
      |
      = note: required for `pallet_session::historical::Pallet<Runtime>` to implement `KeyOwnerProofSystem<(KeyTypeId, sp_consensus_babe::app::Public)>`
  note: required because it appears within the type `pallet_babe::Call<Runtime>`
     --> /Users/snow/.cargo/git/checkouts/polkadot-sdk-cff69157b985ed76/c4314f7/substrate/frame/babe/src/lib.rs:399:12
      |
  399 |     #[pallet::call]
      |               ^^^^
  note: required because it appears within the type `RuntimeCall`
     --> /Users/snow/dev/Allfeat/Allfeat/runtime/harmonie/src/lib.rs:84:1
      |
  84  | #[frame_support::runtime]
      | ^^^^^^^^^^^^^^^^^^^^^^^^^
  note: required by a bound in `InstanceFilter`
     --> /Users/snow/.cargo/git/checkouts/polkadot-sdk-cff69157b985ed76/c4314f7/substrate/frame/support/src/traits/filter.rs:80:26
      |
  80  | pub trait InstanceFilter<T>: Sized + Send + Sync {
      |                          ^ required by this bound in `InstanceFilter`
      = note: this error originates in the attribute macro `frame_support::runtime` (in Nightly builds, run with -Z macro-backtrace for more info)

  error[E0277]: the trait bound `Runtime: pallet_session::historical::Config` is not satisfied
     --> /Users/snow/dev/Allfeat/Allfeat/runtime/harmonie/src/pallets/proxy.rs:83:21
      |
  83  |     type RuntimeCall = RuntimeCall;
      |                        ^^^^^^^^^^^ the trait `pallet_session::historical::Config` is not implemented for `Runtime`, which is required by `RuntimeCall: Sized`
      |
      = note: required for `pallet_session::historical::Pallet<Runtime>` to implement `KeyOwnerProofSystem<(KeyTypeId, sp_consensus_babe::app::Public)>`
  note: required because it appears within the type `pallet_babe::Call<Runtime>`
     --> /Users/snow/.cargo/git/checkouts/polkadot-sdk-cff69157b985ed76/c4314f7/substrate/frame/babe/src/lib.rs:399:12
      |
  399 |     #[pallet::call]
      |               ^^^^
  note: required because it appears within the type `RuntimeCall`
     --> /Users/snow/dev/Allfeat/Allfeat/runtime/harmonie/src/lib.rs:84:1
      |
  84  | #[frame_support::runtime]
      | ^^^^^^^^^^^^^^^^^^^^^^^^^
  note: required by a bound in `pallet_proxy::Config::RuntimeCall`
     --> /Users/snow/.cargo/git/checkouts/polkadot-sdk-cff69157b985ed76/c4314f7/substrate/frame/proxy/src/lib.rs:114:3
      |
  114 | /         type RuntimeCall: Parameter
  115 | |             + Dispatchable<RuntimeOrigin = Self::RuntimeOrigin>
  116 | |             + GetDispatchInfo
  117 | |             + From<frame_system::Call<Self>>
  118 | |             + IsSubType<Call<Self>>
  119 | |             + IsType<<Self as frame_system::Config>::RuntimeCall>;
      | |__________________________________________________________________^ required by this bound in `Config::RuntimeCall`
      = note: this error originates in the attribute macro `frame_support::runtime` (in Nightly builds, run with -Z macro-backtrace for more info)

  error[E0277]: the trait bound `Runtime: pallet_session::historical::Config` is not satisfied
     --> /Users/snow/dev/Allfeat/Allfeat/runtime/harmonie/src/pallets/scheduler.rs:32:21
      |
  32  |     type RuntimeCall = RuntimeCall;
      |                        ^^^^^^^^^^^ the trait `pallet_session::historical::Config` is not implemented for `Runtime`, which is required by `RuntimeCall: Sized`
      |
      = note: required for `pallet_session::historical::Pallet<Runtime>` to implement `KeyOwnerProofSystem<(KeyTypeId, sp_consensus_babe::app::Public)>`
  note: required because it appears within the type `pallet_babe::Call<Runtime>`
     --> /Users/snow/.cargo/git/checkouts/polkadot-sdk-cff69157b985ed76/c4314f7/substrate/frame/babe/src/lib.rs:399:12
      |
  399 |     #[pallet::call]
      |               ^^^^
  note: required because it appears within the type `RuntimeCall`
     --> /Users/snow/dev/Allfeat/Allfeat/runtime/harmonie/src/lib.rs:84:1
      |
  84  | #[frame_support::runtime]
      | ^^^^^^^^^^^^^^^^^^^^^^^^^
  note: required by a bound in `pallet_scheduler::Config::RuntimeCall`
     --> /Users/snow/.cargo/git/checkouts/polkadot-sdk-cff69157b985ed76/c4314f7/substrate/frame/scheduler/src/lib.rs:259:3
      |
  259 | /         type RuntimeCall: Parameter
  260 | |             + Dispatchable<
  261 | |                 RuntimeOrigin = <Self as Config>::RuntimeOrigin,
  262 | |                 PostInfo = PostDispatchInfo,
  263 | |             > + GetDispatchInfo
  264 | |             + From<system::Call<Self>>;
      | |_______________________________________^ required by this bound in `Config::RuntimeCall`
      = note: this error originates in the attribute macro `frame_support::runtime` (in Nightly builds, run with -Z macro-backtrace for more info)

  error[E0277]: the trait bound `Runtime: pallet_session::historical::Config` is not satisfied
    --> /Users/snow/dev/Allfeat/Allfeat/runtime/harmonie/src/pallets/babe.rs:49:23
     |
  49 |       type KeyOwnerProof = <Historical as frame_support::traits::KeyOwnerProofSystem<(
     |  __________________________^
  50 | |         sp_runtime::KeyTypeId,
  51 | |         pallet_babe::AuthorityId,
  52 | |     )>>::Proof;
     | |______________^ the trait `pallet_session::historical::Config` is not implemented for `Runtime`, which is required by `pallet_session::historical::Pallet<Runtime>: KeyOwnerProofSystem<(KeyTypeId, sp_consensus_babe::app::Public)>`
     |
     = help: the trait `KeyOwnerProofSystem<(KeyTypeId, D)>` is implemented for `pallet_session::historical::Pallet<T>`
     = note: required for `pallet_session::historical::Pallet<Runtime>` to implement `KeyOwnerProofSystem<(KeyTypeId, sp_consensus_babe::app::Public)>`

  error[E0277]: the trait bound `Runtime: pallet_session::historical::Config` is not satisfied
    --> /Users/snow/dev/Allfeat/Allfeat/runtime/harmonie/src/pallets/babe.rs:54:34
     |
  54 |     type EquivocationReportSystem = ();
     |                                     ^^ the trait `pallet_session::historical::Config` is not implemented for `Runtime`, which is required by `pallet_session::historical::Pallet<Runtime>: KeyOwnerProofSystem<(KeyTypeId, sp_consensus_babe::app::Public)>`
     |
     = help: the trait `KeyOwnerProofSystem<(KeyTypeId, D)>` is implemented for `pallet_session::historical::Pallet<T>`
     = note: required for `pallet_session::historical::Pallet<Runtime>` to implement `KeyOwnerProofSystem<(KeyTypeId, sp_consensus_babe::app::Public)>`

  error[E0277]: the trait bound `Runtime: pallet_session::historical::Config` is not satisfied
    --> /Users/snow/dev/Allfeat/Allfeat/runtime/harmonie/src/pallets/grandpa.rs:35:3
     |
  35 |         <Historical as KeyOwnerProofSystem<(sp_runtime::KeyTypeId, GrandpaId)>>::Proof;
     |         ^^^^^^^^^^^^^^^^^^^^^^^^^^^^^^^^^^^^^^^^^^^^^^^^^^^^^^^^^^^^^^^^^^^^^^^^^^^^^^ the trait `pallet_session::historical::Config` is not implemented for `Runtime`, which is required by `pallet_session::historical::Pallet<Runtime>: KeyOwnerProofSystem<(KeyTypeId, fg_primitives::app::Public)>`
     |
     = help: the trait `KeyOwnerProofSystem<(KeyTypeId, D)>` is implemented for `pallet_session::historical::Pallet<T>`
     = note: required for `pallet_session::historical::Pallet<Runtime>` to implement `KeyOwnerProofSystem<(KeyTypeId, fg_primitives::app::Public)>`

  error[E0277]: the trait bound `Runtime: pallet_session::historical::Config` is not satisfied
    --> /Users/snow/dev/Allfeat/Allfeat/runtime/harmonie/src/pallets/grandpa.rs:37:34
     |
  37 |     type EquivocationReportSystem = ();
     |                                     ^^ the trait `pallet_session::historical::Config` is not implemented for `Runtime`, which is required by `pallet_session::historical::Pallet<Runtime>: KeyOwnerProofSystem<(KeyTypeId, fg_primitives::app::Public)>`
     |
     = help: the trait `KeyOwnerProofSystem<(KeyTypeId, D)>` is implemented for `pallet_session::historical::Pallet<T>`
     = note: required for `pallet_session::historical::Pallet<Runtime>` to implement `KeyOwnerProofSystem<(KeyTypeId, fg_primitives::app::Public)>`

  error[E0277]: the trait bound `Runtime: pallet_session::historical::Config` is not satisfied
     --> /Users/snow/dev/Allfeat/Allfeat/runtime/harmonie/src/pallets/sudo.rs:23:21
      |
  23  |     type RuntimeCall = RuntimeCall;
      |                        ^^^^^^^^^^^ the trait `pallet_session::historical::Config` is not implemented for `Runtime`, which is required by `RuntimeCall: Sized`
      |
      = note: required for `pallet_session::historical::Pallet<Runtime>` to implement `KeyOwnerProofSystem<(KeyTypeId, sp_consensus_babe::app::Public)>`
  note: required because it appears within the type `pallet_babe::Call<Runtime>`
     --> /Users/snow/.cargo/git/checkouts/polkadot-sdk-cff69157b985ed76/c4314f7/substrate/frame/babe/src/lib.rs:399:12
      |
  399 |     #[pallet::call]
      |               ^^^^
  note: required because it appears within the type `RuntimeCall`
     --> /Users/snow/dev/Allfeat/Allfeat/runtime/harmonie/src/lib.rs:84:1
      |
  84  | #[frame_support::runtime]
      | ^^^^^^^^^^^^^^^^^^^^^^^^^
  note: required by a bound in `pallet_sudo::Config::RuntimeCall`
     --> /Users/snow/.cargo/git/checkouts/polkadot-sdk-cff69157b985ed76/c4314f7/substrate/frame/sudo/src/lib.rs:182:3
      |
  182 | /         type RuntimeCall: Parameter
  183 | |             + UnfilteredDispatchable<RuntimeOrigin = Self::RuntimeOrigin>
  184 | |             + GetDispatchInfo;
      | |______________________________^ required by this bound in `Config::RuntimeCall`
      = note: this error originates in the attribute macro `frame_support::runtime` (in Nightly builds, run with -Z macro-backtrace for more info)

  error[E0277]: the trait bound `Runtime: pallet_session::historical::Config` is not satisfied
     --> /Users/snow/dev/Allfeat/Allfeat/runtime/harmonie/src/pallets/system.rs:62:24
      |
  62  |     type BaseCallFilter = Everything;
      |                           ^^^^^^^^^^ the trait `pallet_session::historical::Config` is not implemented for `Runtime`, which is required by `Everything: Contains<RuntimeCall>`
      |
      = help: the trait `Contains<T>` is implemented for `Everything`
      = note: required for `pallet_session::historical::Pallet<Runtime>` to implement `KeyOwnerProofSystem<(KeyTypeId, sp_consensus_babe::app::Public)>`
  note: required because it appears within the type `pallet_babe::Call<Runtime>`
     --> /Users/snow/.cargo/git/checkouts/polkadot-sdk-cff69157b985ed76/c4314f7/substrate/frame/babe/src/lib.rs:399:12
      |
  399 |     #[pallet::call]
      |               ^^^^
  note: required because it appears within the type `RuntimeCall`
     --> /Users/snow/dev/Allfeat/Allfeat/runtime/harmonie/src/lib.rs:84:1
      |
  84  | #[frame_support::runtime]
      | ^^^^^^^^^^^^^^^^^^^^^^^^^
      = note: required for `Everything` to implement `Contains<RuntimeCall>`
  note: required by a bound in `frame_system::Config::BaseCallFilter`
     --> /Users/snow/.cargo/git/checkouts/polkadot-sdk-cff69157b985ed76/c4314f7/substrate/frame/system/src/lib.rs:466:24
      |
  466 |         type BaseCallFilter: Contains<Self::RuntimeCall>;
      |                              ^^^^^^^^^^^^^^^^^^^^^^^^^^^ required by this bound in `Config::BaseCallFilter`
      = note: this error originates in the attribute macro `frame_support::runtime` (in Nightly builds, run with -Z macro-backtrace for more info)

  error[E0277]: the trait bound `Runtime: pallet_session::historical::Config` is not satisfied
     --> /Users/snow/dev/Allfeat/Allfeat/runtime/harmonie/src/pallets/system.rs:66:21
      |
  66  |     type RuntimeCall = RuntimeCall;
      |                        ^^^^^^^^^^^ the trait `pallet_session::historical::Config` is not implemented for `Runtime`, which is required by `RuntimeCall: Sized`
      |
      = note: required for `pallet_session::historical::Pallet<Runtime>` to implement `KeyOwnerProofSystem<(KeyTypeId, sp_consensus_babe::app::Public)>`
  note: required because it appears within the type `pallet_babe::Call<Runtime>`
     --> /Users/snow/.cargo/git/checkouts/polkadot-sdk-cff69157b985ed76/c4314f7/substrate/frame/babe/src/lib.rs:399:12
      |
  399 |     #[pallet::call]
      |               ^^^^
  note: required because it appears within the type `RuntimeCall`
     --> /Users/snow/dev/Allfeat/Allfeat/runtime/harmonie/src/lib.rs:84:1
      |
  84  | #[frame_support::runtime]
      | ^^^^^^^^^^^^^^^^^^^^^^^^^
  note: required by a bound in `frame_system::Config::RuntimeCall`
     --> /Users/snow/.cargo/git/checkouts/polkadot-sdk-cff69157b985ed76/c4314f7/substrate/frame/system/src/lib.rs:486:3
      |
  486 | /         type RuntimeCall: Parameter
  487 | |             + Dispatchable<RuntimeOrigin = Self::RuntimeOrigin>
  488 | |             + Debug
  489 | |             + From<Call<Self>>;
      | |_______________________________^ required by this bound in `Config::RuntimeCall`
      = note: this error originates in the attribute macro `frame_support::runtime` (in Nightly builds, run with -Z macro-backtrace for more info)

  error[E0277]: the trait bound `sp_runtime::generic::Block<sp_runtime::generic::Header<u32, sp_runtime::traits::BlakeTwo256>, fp_self_contained::UncheckedExtrinsic<fp_account::AccountId20, RuntimeCall, fp_account::EthereumSignature, (CheckNonZeroSender<Runtime>, CheckSpecVersion<Runtime>, CheckTxVersion<Runtime>, CheckGenesis<Runtime>, CheckEra<Runtime>, CheckNonce<Runtime>, CheckWeight<Runtime>, ChargeTransactionPayment<Runtime>, CheckMetadataHash<Runtime>)>>: parity_scale_codec::Encode` is not satisfied
     --> /Users/snow/dev/Allfeat/Allfeat/runtime/harmonie/src/pallets/system.rs:68:15
      |
  68  |     type Block = Block;
      |                  ^^^^^ the trait `parity_scale_codec::Encode` is not implemented for `Block<Header<u32, BlakeTwo256>, UncheckedExtrinsic<AccountId20, RuntimeCall, EthereumSignature, ...>>`, which is required by `<Runtime as frame_system::Config>::Block: BlockT`
      |
      = help: the trait `parity_scale_codec::Encode` is implemented for `sp_runtime::generic::Block<Header, Extrinsic>`
      = note: required for `<Runtime as frame_system::Config>::Block` to implement `parity_scale_codec::Codec`
      = note: required for `<Runtime as frame_system::Config>::Block` to implement `BlockT`
  note: required by a bound in `frame_system::Config::Block`
     --> /Users/snow/.cargo/git/checkouts/polkadot-sdk-cff69157b985ed76/c4314f7/substrate/frame/system/src/lib.rs:545:36
      |
  545 |         type Block: Parameter + Member + traits::Block<Hash = Self::Hash>;
      |                                          ^^^^^^^^^^^^^^^^^^^^^^^^^^^^^^^^ required by this bound in `Config::Block`

  error[E0277]: the trait bound `sp_runtime::generic::Block<sp_runtime::generic::Header<u32, sp_runtime::traits::BlakeTwo256>, fp_self_contained::UncheckedExtrinsic<fp_account::AccountId20, RuntimeCall, fp_account::EthereumSignature, (CheckNonZeroSender<Runtime>, CheckSpecVersion<Runtime>, CheckTxVersion<Runtime>, CheckGenesis<Runtime>, CheckEra<Runtime>, CheckNonce<Runtime>, CheckWeight<Runtime>, ChargeTransactionPayment<Runtime>, CheckMetadataHash<Runtime>)>>: parity_scale_codec::Decode` is not satisfied
     --> /Users/snow/dev/Allfeat/Allfeat/runtime/harmonie/src/pallets/system.rs:68:15
      |
  68  |     type Block = Block;
      |                  ^^^^^ the trait `parity_scale_codec::Decode` is not implemented for `Block<Header<u32, BlakeTwo256>, UncheckedExtrinsic<AccountId20, RuntimeCall, EthereumSignature, ...>>`, which is required by `<Runtime as frame_system::Config>::Block: BlockT`
      |
      = help: the trait `parity_scale_codec::Decode` is implemented for `sp_runtime::generic::Block<Header, Extrinsic>`
      = note: required for `<Runtime as frame_system::Config>::Block` to implement `parity_scale_codec::Codec`
      = note: required for `<Runtime as frame_system::Config>::Block` to implement `BlockT`
  note: required by a bound in `frame_system::Config::Block`
     --> /Users/snow/.cargo/git/checkouts/polkadot-sdk-cff69157b985ed76/c4314f7/substrate/frame/system/src/lib.rs:545:36
      |
  545 |         type Block: Parameter + Member + traits::Block<Hash = Self::Hash>;
      |                                          ^^^^^^^^^^^^^^^^^^^^^^^^^^^^^^^^ required by this bound in `Config::Block`

  error[E0277]: the trait bound `fp_self_contained::UncheckedExtrinsic<fp_account::AccountId20, RuntimeCall, fp_account::EthereumSignature, (CheckNonZeroSender<Runtime>, CheckSpecVersion<Runtime>, CheckTxVersion<Runtime>, CheckGenesis<Runtime>, CheckEra<Runtime>, CheckNonce<Runtime>, CheckWeight<Runtime>, ChargeTransactionPayment<Runtime>, CheckMetadataHash<Runtime>)>: parity_scale_codec::Decode` is not satisfied
    --> /Users/snow/dev/Allfeat/Allfeat/runtime/harmonie/src/pallets/system.rs:68:15
     |
  68 |     type Block = Block;
     |                  ^^^^^ the trait `parity_scale_codec::Decode` is not implemented for `UncheckedExtrinsic<AccountId20, RuntimeCall, EthereumSignature, (..., ..., ..., ..., ..., ..., ..., ..., ...)>`, which is required by `sp_runtime::generic::Block<sp_runtime::generic::Header<u32, sp_runtime::traits::BlakeTwo256>, fp_self_contained::UncheckedExtrinsic<fp_account::AccountId20, RuntimeCall, fp_account::EthereumSignature, (CheckNonZeroSender<Runtime>, CheckSpecVersion<Runtime>, CheckTxVersion<Runtime>, CheckGenesis<Runtime>, CheckEra<Runtime>, CheckNonce<Runtime>, CheckWeight<Runtime>, ChargeTransactionPayment<Runtime>, CheckMetadataHash<Runtime>)>>: BlockT`
     |
     = help: the trait `parity_scale_codec::Decode` is implemented for `fp_self_contained::UncheckedExtrinsic<Address, Call, Signature, Extra>`
     = note: required for `UncheckedExtrinsic<AccountId20, RuntimeCall, EthereumSignature, (..., ..., ..., ..., ..., ..., ..., ..., ...)>` to implement `parity_scale_codec::Codec`
     = note: the full type name has been written to '/Users/snow/dev/Allfeat/Allfeat/target/debug/wbuild/harmonie-runtime/target/wasm32-unknown-unknown/release/deps/harmonie_runtime-3a5cda8230ca0104.long-type-5157894769791864636.txt'
     = note: required for `Block<Header<u32, BlakeTwo256>, UncheckedExtrinsic<AccountId20, RuntimeCall, EthereumSignature, ...>>` to implement `BlockT`
     = note: the full type name has been written to '/Users/snow/dev/Allfeat/Allfeat/target/debug/wbuild/harmonie-runtime/target/wasm32-unknown-unknown/release/deps/harmonie_runtime-3a5cda8230ca0104.long-type-6691357689991133965.txt'

  error[E0277]: the trait bound `fp_self_contained::UncheckedExtrinsic<fp_account::AccountId20, RuntimeCall, fp_account::EthereumSignature, (CheckNonZeroSender<Runtime>, CheckSpecVersion<Runtime>, CheckTxVersion<Runtime>, CheckGenesis<Runtime>, CheckEra<Runtime>, CheckNonce<Runtime>, CheckWeight<Runtime>, ChargeTransactionPayment<Runtime>, CheckMetadataHash<Runtime>)>: parity_scale_codec::Encode` is not satisfied
    --> /Users/snow/dev/Allfeat/Allfeat/runtime/harmonie/src/pallets/system.rs:68:15
     |
  68 |     type Block = Block;
     |                  ^^^^^ the trait `parity_scale_codec::Encode` is not implemented for `UncheckedExtrinsic<AccountId20, RuntimeCall, EthereumSignature, (..., ..., ..., ..., ..., ..., ..., ..., ...)>`, which is required by `sp_runtime::generic::Block<sp_runtime::generic::Header<u32, sp_runtime::traits::BlakeTwo256>, fp_self_contained::UncheckedExtrinsic<fp_account::AccountId20, RuntimeCall, fp_account::EthereumSignature, (CheckNonZeroSender<Runtime>, CheckSpecVersion<Runtime>, CheckTxVersion<Runtime>, CheckGenesis<Runtime>, CheckEra<Runtime>, CheckNonce<Runtime>, CheckWeight<Runtime>, ChargeTransactionPayment<Runtime>, CheckMetadataHash<Runtime>)>>: BlockT`
     |
     = help: the trait `parity_scale_codec::Encode` is implemented for `fp_self_contained::UncheckedExtrinsic<Address, Call, Signature, Extra>`
     = note: required for `UncheckedExtrinsic<AccountId20, RuntimeCall, EthereumSignature, (..., ..., ..., ..., ..., ..., ..., ..., ...)>` to implement `parity_scale_codec::Codec`
     = note: the full type name has been written to '/Users/snow/dev/Allfeat/Allfeat/target/debug/wbuild/harmonie-runtime/target/wasm32-unknown-unknown/release/deps/harmonie_runtime-3a5cda8230ca0104.long-type-5157894769791864636.txt'
     = note: required for `Block<Header<u32, BlakeTwo256>, UncheckedExtrinsic<AccountId20, RuntimeCall, EthereumSignature, ...>>` to implement `BlockT`
     = note: the full type name has been written to '/Users/snow/dev/Allfeat/Allfeat/target/debug/wbuild/harmonie-runtime/target/wasm32-unknown-unknown/release/deps/harmonie_runtime-3a5cda8230ca0104.long-type-6691357689991133965.txt'

  error[E0277]: the trait bound `[fp_self_contained::UncheckedExtrinsic<fp_account::AccountId20, RuntimeCall, fp_account::EthereumSignature, (CheckNonZeroSender<Runtime>, CheckSpecVersion<Runtime>, CheckTxVersion<Runtime>, CheckGenesis<Runtime>, CheckEra<Runtime>, CheckNonce<Runtime>, CheckWeight<Runtime>, ChargeTransactionPayment<Runtime>, CheckMetadataHash<Runtime>)>]: parity_scale_codec::Encode` is not satisfied
     --> /Users/snow/dev/Allfeat/Allfeat/runtime/harmonie/src/pallets/system.rs:68:15
      |
  68  |     type Block = Block;
      |                  ^^^^^ the trait `parity_scale_codec::Encode` is not implemented for `[UncheckedExtrinsic<AccountId20, RuntimeCall, EthereumSignature, ...>]`, which is required by `<Runtime as frame_system::Config>::Block: frame_support::Parameter`
      |
      = help: the following other types implement trait `parity_scale_codec::Encode`:
                [T; N]
                [T]
      = note: required for `Vec<UncheckedExtrinsic<AccountId20, RuntimeCall, EthereumSignature, ...>>` to implement `parity_scale_codec::Encode`
      = note: the full type name has been written to '/Users/snow/dev/Allfeat/Allfeat/target/debug/wbuild/harmonie-runtime/target/wasm32-unknown-unknown/release/deps/harmonie_runtime-3a5cda8230ca0104.long-type-866558661967143686.txt'
      = note: required for `Block<Header<u32, BlakeTwo256>, UncheckedExtrinsic<AccountId20, RuntimeCall, EthereumSignature, ...>>` to implement `EncodeLike`
      = note: the full type name has been written to '/Users/snow/dev/Allfeat/Allfeat/target/debug/wbuild/harmonie-runtime/target/wasm32-unknown-unknown/release/deps/harmonie_runtime-3a5cda8230ca0104.long-type-6691357689991133965.txt'
      = note: required for `<Runtime as frame_system::Config>::Block` to implement `frame_support::Parameter`
  note: required by a bound in `frame_system::Config::Block`
     --> /Users/snow/.cargo/git/checkouts/polkadot-sdk-cff69157b985ed76/c4314f7/substrate/frame/system/src/lib.rs:545:15
      |
  545 |         type Block: Parameter + Member + traits::Block<Hash = Self::Hash>;
      |                     ^^^^^^^^^ required by this bound in `Config::Block`

  error[E0277]: the trait bound `Runtime: pallet_session::historical::Config` is not satisfied
     --> /Users/snow/dev/Allfeat/Allfeat/runtime/harmonie/src/pallets/system.rs:68:15
      |
  68  |     type Block = Block;
      |                  ^^^^^ the trait `pallet_session::historical::Config` is not implemented for `Runtime`, which is required by `sp_runtime::generic::Block<sp_runtime::generic::Header<u32, sp_runtime::traits::BlakeTwo256>, fp_self_contained::UncheckedExtrinsic<fp_account::AccountId20, RuntimeCall, fp_account::EthereumSignature, (CheckNonZeroSender<Runtime>, CheckSpecVersion<Runtime>, CheckTxVersion<Runtime>, CheckGenesis<Runtime>, CheckEra<Runtime>, CheckNonce<Runtime>, CheckWeight<Runtime>, ChargeTransactionPayment<Runtime>, CheckMetadataHash<Runtime>)>>: BlockT`
      |
      = help: the trait `BlockT` is implemented for `sp_runtime::generic::Block<Header, Extrinsic>`
      = note: required for `pallet_session::historical::Pallet<Runtime>` to implement `KeyOwnerProofSystem<(KeyTypeId, sp_consensus_babe::app::Public)>`
  note: required because it appears within the type `pallet_babe::Call<Runtime>`
     --> /Users/snow/.cargo/git/checkouts/polkadot-sdk-cff69157b985ed76/c4314f7/substrate/frame/babe/src/lib.rs:399:12
      |
  399 |     #[pallet::call]
      |               ^^^^
  note: required because it appears within the type `RuntimeCall`
     --> /Users/snow/dev/Allfeat/Allfeat/runtime/harmonie/src/lib.rs:84:1
      |
  84  | #[frame_support::runtime]
      | ^^^^^^^^^^^^^^^^^^^^^^^^^
      = note: required for `UncheckedExtrinsic<AccountId20, RuntimeCall, EthereumSignature, (..., ..., ..., ..., ..., ..., ..., ..., ...)>` to implement `Extrinsic`
      = note: the full type name has been written to '/Users/snow/dev/Allfeat/Allfeat/target/debug/wbuild/harmonie-runtime/target/wasm32-unknown-unknown/release/deps/harmonie_runtime-3a5cda8230ca0104.long-type-5157894769791864636.txt'
      = note: required for `Block<Header<u32, BlakeTwo256>, UncheckedExtrinsic<AccountId20, RuntimeCall, EthereumSignature, ...>>` to implement `BlockT`
      = note: the full type name has been written to '/Users/snow/dev/Allfeat/Allfeat/target/debug/wbuild/harmonie-runtime/target/wasm32-unknown-unknown/release/deps/harmonie_runtime-3a5cda8230ca0104.long-type-6691357689991133965.txt'
      = note: this error originates in the attribute macro `frame_support::runtime` (in Nightly builds, run with -Z macro-backtrace for more info)

  error[E0277]: the trait bound `Runtime: pallet_session::historical::Config` is not satisfied
     --> /Users/snow/dev/Allfeat/Allfeat/runtime/harmonie/src/pallets/system.rs:68:15
      |
  68  |     type Block = Block;
      |                  ^^^^^ the trait `pallet_session::historical::Config` is not implemented for `Runtime`, which is required by `RuntimeCall: Sized`
      |
      = note: required for `pallet_session::historical::Pallet<Runtime>` to implement `KeyOwnerProofSystem<(KeyTypeId, sp_consensus_babe::app::Public)>`
  note: required because it appears within the type `pallet_babe::Call<Runtime>`
     --> /Users/snow/.cargo/git/checkouts/polkadot-sdk-cff69157b985ed76/c4314f7/substrate/frame/babe/src/lib.rs:399:12
      |
  399 |     #[pallet::call]
      |               ^^^^
  note: required because it appears within the type `RuntimeCall`
     --> /Users/snow/dev/Allfeat/Allfeat/runtime/harmonie/src/lib.rs:84:1
      |
  84  | #[frame_support::runtime]
      | ^^^^^^^^^^^^^^^^^^^^^^^^^
  note: required by a bound in `fp_self_contained::UncheckedExtrinsic`
     --> /Users/snow/.cargo/git/checkouts/frontier-b4643f17507d3282/2e219e1/primitives/self-contained/src/unchecked_extrinsic.rs:38:40
      |
  38  | pub struct UncheckedExtrinsic<Address, Call, Signature, Extra: SignedExtension>(
      |                                        ^^^^ required by this bound in `UncheckedExtrinsic`
      = note: this error originates in the attribute macro `frame_support::runtime` (in Nightly builds, run with -Z macro-backtrace for more info)

  error[E0277]: the trait bound `Runtime: pallet_session::historical::Config` is not satisfied
     --> /Users/snow/dev/Allfeat/Allfeat/runtime/harmonie/src/pallets/utility.rs:23:21
      |
  23  |     type RuntimeCall = RuntimeCall;
      |                        ^^^^^^^^^^^ the trait `pallet_session::historical::Config` is not implemented for `Runtime`, which is required by `RuntimeCall: Sized`
      |
      = note: required for `pallet_session::historical::Pallet<Runtime>` to implement `KeyOwnerProofSystem<(KeyTypeId, sp_consensus_babe::app::Public)>`
  note: required because it appears within the type `pallet_babe::Call<Runtime>`
     --> /Users/snow/.cargo/git/checkouts/polkadot-sdk-cff69157b985ed76/c4314f7/substrate/frame/babe/src/lib.rs:399:12
      |
  399 |     #[pallet::call]
      |               ^^^^
  note: required because it appears within the type `RuntimeCall`
     --> /Users/snow/dev/Allfeat/Allfeat/runtime/harmonie/src/lib.rs:84:1
      |
  84  | #[frame_support::runtime]
      | ^^^^^^^^^^^^^^^^^^^^^^^^^
  note: required by a bound in `pallet_utility::Config::RuntimeCall`
     --> /Users/snow/.cargo/git/checkouts/polkadot-sdk-cff69157b985ed76/c4314f7/substrate/frame/utility/src/lib.rs:90:3
      |
  90  | /         type RuntimeCall: Parameter
  91  | |             + Dispatchable<RuntimeOrigin = Self::RuntimeOrigin, PostInfo = PostDispatchInfo>
  92  | |             + GetDispatchInfo
  93  | |             + From<frame_system::Call<Self>>
  94  | |             + UnfilteredDispatchable<RuntimeOrigin = Self::RuntimeOrigin>
  95  | |             + IsSubType<Call<Self>>
  96  | |             + IsType<<Self as frame_system::Config>::RuntimeCall>;
      | |__________________________________________________________________^ required by this bound in `Config::RuntimeCall`
      = note: this error originates in the attribute macro `frame_support::runtime` (in Nightly builds, run with -Z macro-backtrace for more info)

  error[E0433]: failed to resolve: use of undeclared type `BondingDuration`
    --> /Users/snow/dev/Allfeat/Allfeat/runtime/harmonie/src/pallets/babe.rs:40:3
     |
  40 |         BondingDuration::get() as u64 * SessionsPerEra::get() as u64 * EpochDuration::get();
     |         ^^^^^^^^^^^^^^^ use of undeclared type `BondingDuration`

  error[E0433]: failed to resolve: use of undeclared type `SessionsPerEra`
    --> /Users/snow/dev/Allfeat/Allfeat/runtime/harmonie/src/pallets/babe.rs:40:35
     |
  40 |         BondingDuration::get() as u64 * SessionsPerEra::get() as u64 * EpochDuration::get();
     |                                         ^^^^^^^^^^^^^^ use of undeclared type `SessionsPerEra`

  error[E0433]: failed to resolve: use of undeclared type `BondingDuration`
    --> /Users/snow/dev/Allfeat/Allfeat/runtime/harmonie/src/pallets/grandpa.rs:28:36
     |
  28 |     pub MaxSetIdSessionEntries: u32 = BondingDuration::get() * SessionsPerEra::get();
     |                                       ^^^^^^^^^^^^^^^ use of undeclared type `BondingDuration`

  error[E0433]: failed to resolve: use of undeclared type `SessionsPerEra`
    --> /Users/snow/dev/Allfeat/Allfeat/runtime/harmonie/src/pallets/grandpa.rs:28:61
     |
  28 |     pub MaxSetIdSessionEntries: u32 = BondingDuration::get() * SessionsPerEra::get();
     |                                                                ^^^^^^^^^^^^^^ use of undeclared type `SessionsPerEra`

  error[E0433]: failed to resolve: use of undeclared crate or module `pallet_staking`
    --> /Users/snow/dev/Allfeat/Allfeat/runtime/harmonie/src/pallets/session.rs:34:23
     |
  34 |     type ValidatorIdOf = pallet_staking::StashOf<Self>;
     |                          ^^^^^^^^^^^^^^ use of undeclared crate or module `pallet_staking`

  Some errors have detailed explanations: E0277, E0433.
  For more information about an error, try `rustc --explain E0277`.
  error: could not compile `harmonie-runtime` (lib) due to 210 previous errors
